-- The CXX compiler identification is GNU 13.3.0
-- Detecting CXX compiler ABI info
-- Detecting CXX compiler ABI info - done
-- Check for working CXX compiler: /usr/bin/c++ - skipped
-- Detecting CXX compile features
-- Detecting CXX compile features - done
-- Found Boost: /usr/lib/x86_64-linux-gnu/cmake/Boost-1.83.0/BoostConfig.cmake (found version "1.83.0") found components: serialization 
-- Found Boost: /usr/lib/x86_64-linux-gnu/cmake/Boost-1.83.0/BoostConfig.cmake (found suitable version "1.83.0", minimum required is "1.65") found components: serialization system filesystem thread program_options date_time timer chrono regex 
-- GTSAM include directory:  /usr/lib/cmake/GTSAM/../../../include
-- GTSAM include directory:  /usr/lib/cmake/GTSAM/../../../include
-- GTSAM include directory:  /usr/lib/cmake/GTSAM/../../../include
-- Found OpenMP_CXX: -fopenmp (found version "4.5") 
-- Found OpenMP: TRUE (found version "4.5")  
-- Found Boost: /usr/lib/x86_64-linux-gnu/cmake/Boost-1.83.0/BoostConfig.cmake (found version "1.83.0") found components: filesystem graph 
-- Found CUDAToolkit: /usr/local/cuda/targets/x86_64-linux/include (found version "12.5.82") 
-- Found Threads: TRUE  
-- Found OpenMP_CXX: -fopenmp (found version "4.5") 
-- Found OpenGL: /usr/lib/x86_64-linux-gnu/libOpenGL.so   
-- Found ZLIB: /usr/lib/x86_64-linux-gnu/libz.so (found version "1.3")  
-- Found PNG: /usr/lib/x86_64-linux-gnu/libpng.so (found version "1.6.43") 
-- Found JPEG: /usr/lib/x86_64-linux-gnu/libjpeg.so (found version "80") 
-- Found OpenCV: /usr (found version "4.6.0") found components: core 
-- Found ament_cmake: 2.5.5 (/opt/ros/jazzy/share/ament_cmake/cmake)
-- Found Python3: /usr/bin/python3 (found version "3.12.3") found components: Interpreter 
-- Configuring done (0.6s)
-- Generating done (0.0s)
-- Build files have been written to: /home/dev/code/ws_iap/src/iap/build/iap
[  5%] Building CXX object CMakeFiles/iap.dir/src/iap/util/config.cpp.o
[  5%] Building CXX object CMakeFiles/iap.dir/src/iap/util/logging.cpp.o
[  5%] Building CXX object CMakeFiles/iap.dir/src/iap/util/export_factors.cpp.o
[  5%] Building CXX object CMakeFiles/iap.dir/src/iap/util/time_keeper.cpp.o
[  7%] Building CXX object CMakeFiles/iap.dir/src/iap/util/trajectory_manager.cpp.o
[  8%] Building CXX object CMakeFiles/iap.dir/src/iap/util/extension_module.cpp.o
[ 10%] Building CXX object CMakeFiles/iap.dir/src/iap/util/load_module.cpp.o
[ 11%] Building CXX object CMakeFiles/iap.dir/src/iap/util/data_validator.cpp.o
[ 13%] Building CXX object CMakeFiles/iap.dir/src/iap/preprocess/callbacks.cpp.o
[ 14%] Building CXX object CMakeFiles/iap.dir/src/iap/util/serialization.cpp.o
[ 16%] Building CXX object CMakeFiles/iap.dir/src/iap/preprocess/cloud_preprocessor.cpp.o
[ 17%] Building CXX object CMakeFiles/iap.dir/src/iap/common/imu_integration.cpp.o
[ 20%] Building CXX object CMakeFiles/iap.dir/src/iap/common/cloud_deskewing.cpp.o
[ 20%] Building CXX object CMakeFiles/iap.dir/src/iap/odometry/callbacks.cpp.o
[ 22%] Building CXX object CMakeFiles/iap.dir/src/iap/util/debug.cpp.o
[ 23%] Building CXX object CMakeFiles/iap.dir/src/iap/odometry/initial_state_estimation.cpp.o
[ 25%] Building CXX object CMakeFiles/iap.dir/src/iap/common/cloud_covariance_estimation.cpp.o
[ 28%] Building CXX object CMakeFiles/iap.dir/src/iap/odometry/estimation_frame.cpp.o
[ 26%] Building CXX object CMakeFiles/iap.dir/src/iap/common/imu_validation.cpp.o
[ 29%] Building CXX object CMakeFiles/iap.dir/src/iap/odometry/loose_initial_state_estimation.cpp.o
