[0.004s] Invoking command in '/home/dev/code/ws_iap/src/iap/build/iap': CMAKE_PREFIX_PATH=${CMAKE_PREFIX_PATH}:/opt/ros/jazzy /usr/bin/cmake /home/dev/code/ws_iap/src/iap -DCMAKE_BUILD_TYPE=RelWithDebInfo -DCMAKE_EXPORT_COMPILE_COMMANDS=ON -DCMAKE_INSTALL_PREFIX=/home/dev/code/ws_iap/src/iap/install/iap
[0.041s] -- The CXX compiler identification is GNU 13.3.0
[0.050s] -- Detecting CXX compiler ABI info
[0.103s] -- Detecting CXX compiler ABI info - done
[0.109s] -- Check for working CXX compiler: /usr/bin/c++ - skipped
[0.109s] -- Detecting CXX compile features
[0.109s] -- Detecting CXX compile features - done
[0.115s] -- Found Boost: /usr/lib/x86_64-linux-gnu/cmake/Boost-1.83.0/BoostConfig.cmake (found version "1.83.0") found components: serialization 
[0.192s] -- Found Boost: /usr/lib/x86_64-linux-gnu/cmake/Boost-1.83.0/BoostConfig.cmake (found suitable version "1.83.0", minimum required is "1.65") found components: serialization system filesystem thread program_options date_time timer chrono regex 
[0.193s] -- GTSAM include directory:  /usr/lib/cmake/GTSAM/../../../include
[0.195s] -- GTSAM include directory:  /usr/lib/cmake/GTSAM/../../../include
[0.196s] -- GTSAM include directory:  /usr/lib/cmake/GTSAM/../../../include
[0.314s] -- Found OpenMP_CXX: -fopenmp (found version "4.5") 
[0.314s] -- Found OpenMP: TRUE (found version "4.5")  
[0.318s] -- Found Boost: /usr/lib/x86_64-linux-gnu/cmake/Boost-1.83.0/BoostConfig.cmake (found version "1.83.0") found components: filesystem graph 
[0.328s] -- Found CUDAToolkit: /usr/local/cuda/targets/x86_64-linux/include (found version "12.5.82") 
[0.334s] -- Found Threads: TRUE  
[0.361s] -- Found OpenMP_CXX: -fopenmp (found version "4.5") 
[0.371s] -- Found OpenGL: /usr/lib/x86_64-linux-gnu/libOpenGL.so   
[0.379s] -- Found ZLIB: /usr/lib/x86_64-linux-gnu/libz.so (found version "1.3")  
[0.385s] -- Found PNG: /usr/lib/x86_64-linux-gnu/libpng.so (found version "1.6.43") 
[0.389s] -- Found JPEG: /usr/lib/x86_64-linux-gnu/libjpeg.so (found version "80") 
[0.392s] -- Found OpenCV: /usr (found version "4.6.0") found components: core 
[0.394s] -- Found ament_cmake: 2.5.5 (/opt/ros/jazzy/share/ament_cmake/cmake)
[0.460s] -- Found Python3: /usr/bin/python3 (found version "3.12.3") found components: Interpreter 
[0.566s] -- Configuring done (0.6s)
[0.597s] -- Generating done (0.0s)
[0.603s] -- Build files have been written to: /home/dev/code/ws_iap/src/iap/build/iap
[0.608s] Invoked command in '/home/dev/code/ws_iap/src/iap/build/iap' returned '0': CMAKE_PREFIX_PATH=${CMAKE_PREFIX_PATH}:/opt/ros/jazzy /usr/bin/cmake /home/dev/code/ws_iap/src/iap -DCMAKE_BUILD_TYPE=RelWithDebInfo -DCMAKE_EXPORT_COMPILE_COMMANDS=ON -DCMAKE_INSTALL_PREFIX=/home/dev/code/ws_iap/src/iap/install/iap
[0.608s] Invoking command in '/home/dev/code/ws_iap/src/iap/build/iap': CMAKE_PREFIX_PATH=${CMAKE_PREFIX_PATH}:/opt/ros/jazzy /usr/bin/cmake --build /home/dev/code/ws_iap/src/iap/build/iap -- -j20 -l20
[0.638s] [  5%] Building CXX object CMakeFiles/iap.dir/src/iap/util/config.cpp.o
[0.638s] [  5%] Building CXX object CMakeFiles/iap.dir/src/iap/util/logging.cpp.o
[0.638s] [  5%] Building CXX object CMakeFiles/iap.dir/src/iap/util/export_factors.cpp.o
[0.638s] [  5%] Building CXX object CMakeFiles/iap.dir/src/iap/util/time_keeper.cpp.o
[0.638s] [  7%] Building CXX object CMakeFiles/iap.dir/src/iap/util/trajectory_manager.cpp.o
[0.638s] [  8%] Building CXX object CMakeFiles/iap.dir/src/iap/util/extension_module.cpp.o
[0.638s] [ 10%] Building CXX object CMakeFiles/iap.dir/src/iap/util/load_module.cpp.o
[0.638s] [ 11%] Building CXX object CMakeFiles/iap.dir/src/iap/util/data_validator.cpp.o
[0.638s] [ 13%] Building CXX object CMakeFiles/iap.dir/src/iap/preprocess/callbacks.cpp.o
[0.638s] [ 14%] Building CXX object CMakeFiles/iap.dir/src/iap/util/serialization.cpp.o
[0.639s] [ 16%] Building CXX object CMakeFiles/iap.dir/src/iap/preprocess/cloud_preprocessor.cpp.o
[0.639s] [ 17%] Building CXX object CMakeFiles/iap.dir/src/iap/common/imu_integration.cpp.o
[0.639s] [ 20%] Building CXX object CMakeFiles/iap.dir/src/iap/common/cloud_deskewing.cpp.o
[0.639s] [ 20%] Building CXX object CMakeFiles/iap.dir/src/iap/odometry/callbacks.cpp.o
[0.639s] [ 22%] Building CXX object CMakeFiles/iap.dir/src/iap/util/debug.cpp.o
[0.640s] [ 23%] Building CXX object CMakeFiles/iap.dir/src/iap/odometry/initial_state_estimation.cpp.o
[0.640s] [ 25%] Building CXX object CMakeFiles/iap.dir/src/iap/common/cloud_covariance_estimation.cpp.o
[0.641s] [ 28%] Building CXX object CMakeFiles/iap.dir/src/iap/odometry/estimation_frame.cpp.o
[0.641s] [ 26%] Building CXX object CMakeFiles/iap.dir/src/iap/common/imu_validation.cpp.o
[0.641s] [ 29%] Building CXX object CMakeFiles/iap.dir/src/iap/odometry/loose_initial_state_estimation.cpp.o
[0.643s] /home/dev/code/ws_iap/src/iap/src/iap/util/config.cpp:1:10: fatal error: iap/util/config.hpp: No such file or directory
[0.643s]     1 | #include <iap/util/config.hpp>
[0.643s]       |          ^~~~~~~~~~~~~~~~~~~~~
[0.643s] /home/dev/code/ws_iap/src/iap/src/iap/util/time_keeper.cpp:1:10: fatal error: iap/util/time_keeper.hpp: No such file or directory
[0.643s]     1 | #include <iap/util/time_keeper.hpp>
[0.643s]       |          ^~~~~~~~~~~~~~~~~~~~~~~~~~
[0.643s] compilation terminated.
[0.643s] compilation terminated.
[0.643s] /home/dev/code/ws_iap/src/iap/src/iap/util/data_validator.cpp:1:10: fatal error: iap/util/data_validator.hpp: No such file or directory
[0.643s]     1 | #include <iap/util/data_validator.hpp>
[0.643s]       |          ^~~~~~~~~~~~~~~~~~~~~~~~~~~~~
[0.643s] compilation terminated.
[0.643s] /home/dev/code/ws_iap/src/iap/src/iap/preprocess/callbacks.cpp:1:10: fatal error: iap/preprocess/callbacks.hpp: No such file or directory
[0.643s]     1 | #include <iap/preprocess/callbacks.hpp>
[0.643s]       |          ^~~~~~~~~~~~~~~~~~~~~~~~~~~~~~
[0.643s] compilation terminated.
[0.643s] /home/dev/code/ws_iap/src/iap/src/iap/util/trajectory_manager.cpp:1:10: fatal error: iap/util/trajectory_manager.hpp: No such file or directory
[0.643s]     1 | #include <iap/util/trajectory_manager.hpp>
[0.643s]       |          ^~~~~~~~~~~~~~~~~~~~~~~~~~~~~~~~~
[0.643s] /home/dev/code/ws_iap/src/iap/src/iap/util/load_module.cpp:1:10: fatal error: iap/util/load_module.hpp: No such file or directory
[0.643s]     1 | #include <iap/util/load_module.hpp>
[0.643s]       |          ^~~~~~~~~~~~~~~~~~~~~~~~~~
[0.644s] compilation terminated.
[0.644s] compilation terminated.
[0.644s] /home/dev/code/ws_iap/src/iap/src/iap/util/extension_module.cpp:1:10: fatal error: iap/util/extension_module.hpp: No such file or directory
[0.644s]     1 | #include <iap/util/extension_module.hpp>
[0.644s]       |          ^~~~~~~~~~~~~~~~~~~~~~~~~~~~~~~
[0.644s] compilation terminated.
[0.644s] /home/dev/code/ws_iap/src/iap/src/iap/util/serialization.cpp:1:10: fatal error: iap/util/serialization.hpp: No such file or directory
[0.644s]     1 | #include <iap/util/serialization.hpp>
[0.644s]       |          ^~~~~~~~~~~~~~~~~~~~~~~~~~~~
[0.644s] compilation terminated.
[0.644s] gmake[2]: *** [CMakeFiles/iap.dir/build.make:76: CMakeFiles/iap.dir/src/iap/util/config.cpp.o] Error 1
[0.644s] gmake[2]: *** Waiting for unfinished jobs....
[0.644s] gmake[2]: *** [CMakeFiles/iap.dir/build.make:160: CMakeFiles/iap.dir/src/iap/util/load_module.cpp.o] Error 1
[0.644s] gmake[2]: *** [CMakeFiles/iap.dir/build.make:174: CMakeFiles/iap.dir/src/iap/util/data_validator.cpp.o] Error 1
[0.644s] gmake[2]: *** [CMakeFiles/iap.dir/build.make:132: CMakeFiles/iap.dir/src/iap/util/trajectory_manager.cpp.o] Error 1
[0.644s] gmake[2]: *** [CMakeFiles/iap.dir/build.make:146: CMakeFiles/iap.dir/src/iap/util/extension_module.cpp.o] Error 1
[0.644s] /home/dev/code/ws_iap/src/iap/src/iap/odometry/initial_state_estimation.cpp:1:10: fatal error: iap/odometry/initial_state_estimation.hpp: No such file or directory
[0.644s]     1 | #include <iap/odometry/initial_state_estimation.hpp>
[0.644s]       |          ^~~~~~~~~~~~~~~~~~~~~~~~~~~~~~~~~~~~~~~~~~~
[0.644s] compilation terminated.
[0.644s] gmake[2]: *** [CMakeFiles/iap.dir/build.make:118: CMakeFiles/iap.dir/src/iap/util/time_keeper.cpp.o] Error 1
[0.644s] gmake[2]: *** [CMakeFiles/iap.dir/build.make:216: CMakeFiles/iap.dir/src/iap/preprocess/callbacks.cpp.o] Error 1
[0.644s] gmake[2]: *** [CMakeFiles/iap.dir/build.make:188: CMakeFiles/iap.dir/src/iap/util/serialization.cpp.o] Error 1
[0.644s] /home/dev/code/ws_iap/src/iap/src/iap/preprocess/cloud_preprocessor.cpp:1:10: fatal error: iap/preprocess/cloud_preprocessor.hpp: No such file or directory
[0.644s]     1 | #include <iap/preprocess/cloud_preprocessor.hpp>
[0.644s]       |          ^~~~~~~~~~~~~~~~~~~~~~~~~~~~~~~~~~~~~~~
[0.644s] compilation terminated.
[0.644s] gmake[2]: *** [CMakeFiles/iap.dir/build.make:328: CMakeFiles/iap.dir/src/iap/odometry/initial_state_estimation.cpp.o] Error 1
[0.644s] /home/dev/code/ws_iap/src/iap/src/iap/common/cloud_deskewing.cpp:1:10: fatal error: iap/common/cloud_deskewing.hpp: No such file or directory
[0.644s]     1 | #include <iap/common/cloud_deskewing.hpp>
[0.644s]       |          ^~~~~~~~~~~~~~~~~~~~~~~~~~~~~~~~
[0.644s] compilation terminated.
[0.644s] /home/dev/code/ws_iap/src/iap/src/iap/common/imu_integration.cpp:1:10: fatal error: iap/common/imu_integration.hpp: No such file or directory
[0.644s]     1 | #include <iap/common/imu_integration.hpp>
[0.644s]       |          ^~~~~~~~~~~~~~~~~~~~~~~~~~~~~~~~
[0.644s] compilation terminated.
[0.644s] /home/dev/code/ws_iap/src/iap/src/iap/odometry/callbacks.cpp:1:10: fatal error: iap/odometry/callbacks.hpp: No such file or directory
[0.644s]     1 | #include <iap/odometry/callbacks.hpp>
[0.644s]       |          ^~~~~~~~~~~~~~~~~~~~~~~~~~~~
[0.644s] compilation terminated.
[0.644s] gmake[2]: *** [CMakeFiles/iap.dir/build.make:230: CMakeFiles/iap.dir/src/iap/preprocess/cloud_preprocessor.cpp.o] Error 1
[0.644s] /home/dev/code/ws_iap/src/iap/src/iap/odometry/estimation_frame.cpp:1:10: fatal error: iap/odometry/estimation_frame.hpp: No such file or directory
[0.645s]     1 | #include <iap/odometry/estimation_frame.hpp>
[0.645s]       |          ^~~~~~~~~~~~~~~~~~~~~~~~~~~~~~~~~~~
[0.645s] compilation terminated.
[0.645s] gmake[2]: *** [CMakeFiles/iap.dir/build.make:272: CMakeFiles/iap.dir/src/iap/common/cloud_deskewing.cpp.o] Error 1
[0.645s] gmake[2]: *** [CMakeFiles/iap.dir/build.make:244: CMakeFiles/iap.dir/src/iap/common/imu_integration.cpp.o] Error 1
[0.645s] gmake[2]: *** [CMakeFiles/iap.dir/build.make:314: CMakeFiles/iap.dir/src/iap/odometry/estimation_frame.cpp.o] Error 1
[0.645s] gmake[2]: *** [CMakeFiles/iap.dir/build.make:300: CMakeFiles/iap.dir/src/iap/odometry/callbacks.cpp.o] Error 1
[0.645s] /home/dev/code/ws_iap/src/iap/src/iap/common/imu_validation.cpp:1:10: fatal error: iap/common/imu_validation.hpp: No such file or directory
[0.645s]     1 | #include <iap/common/imu_validation.hpp>
[0.645s]       |          ^~~~~~~~~~~~~~~~~~~~~~~~~~~~~~~
[0.645s] compilation terminated.
[0.645s] /home/dev/code/ws_iap/src/iap/src/iap/common/cloud_covariance_estimation.cpp:1:10: fatal error: iap/common/cloud_covariance_estimation.hpp: No such file or directory
[0.645s]     1 | #include <iap/common/cloud_covariance_estimation.hpp>
[0.645s]       |          ^~~~~~~~~~~~~~~~~~~~~~~~~~~~~~~~~~~~~~~~~~~~
[0.645s] compilation terminated.
[0.645s] /home/dev/code/ws_iap/src/iap/src/iap/odometry/loose_initial_state_estimation.cpp:1:10: fatal error: iap/odometry/loose_initial_state_estimation.hpp: No such file or directory
[0.645s]     1 | #include <iap/odometry/loose_initial_state_estimation.hpp>
[0.645s]       |          ^~~~~~~~~~~~~~~~~~~~~~~~~~~~~~~~~~~~~~~~~~~~~~~~~
[0.645s] compilation terminated.
[0.646s] gmake[2]: *** [CMakeFiles/iap.dir/build.make:286: CMakeFiles/iap.dir/src/iap/common/cloud_covariance_estimation.cpp.o] Error 1
[0.646s] gmake[2]: *** [CMakeFiles/iap.dir/build.make:258: CMakeFiles/iap.dir/src/iap/common/imu_validation.cpp.o] Error 1
[0.646s] gmake[2]: *** [CMakeFiles/iap.dir/build.make:342: CMakeFiles/iap.dir/src/iap/odometry/loose_initial_state_estimation.cpp.o] Error 1
[0.673s] /home/dev/code/ws_iap/src/iap/src/iap/util/logging.cpp:2:10: fatal error: iap/util/config.hpp: No such file or directory
[0.673s]     2 | #include <iap/util/config.hpp>
[0.673s]       |          ^~~~~~~~~~~~~~~~~~~~~
[0.674s] compilation terminated.
[0.675s] gmake[2]: *** [CMakeFiles/iap.dir/build.make:90: CMakeFiles/iap.dir/src/iap/util/logging.cpp.o] Error 1
[21.604s] gmake[1]: *** [CMakeFiles/Makefile2:107: CMakeFiles/iap.dir/all] Error 2
[21.605s] gmake: *** [Makefile:146: all] Error 2
[21.606s] Invoked command in '/home/dev/code/ws_iap/src/iap/build/iap' returned '2': CMAKE_PREFIX_PATH=${CMAKE_PREFIX_PATH}:/opt/ros/jazzy /usr/bin/cmake --build /home/dev/code/ws_iap/src/iap/build/iap -- -j20 -l20
