BINARY=/home/dev/ws_iap/src/iap/results/icra27/icra031/build_iap/test_rolling_spatial_advisory_window
	linux-vdso.so.1 (0x000076cf8d0e5000)
	libiap.so => /home/dev/ws_iap/src/iap/results/icra27/icra031/install/lib/libiap.so (0x000076cf8c800000)
	libstdc++.so.6 => /usr/lib/x86_64-linux-gnu/libstdc++.so.6 (0x000076cf8c564000)
	libm.so.6 => /usr/lib/x86_64-linux-gnu/libm.so.6 (0x000076cf8c47b000)
	libgcc_s.so.1 => /usr/lib/x86_64-linux-gnu/libgcc_s.so.1 (0x000076cf8c44d000)
	libc.so.6 => /usr/lib/x86_64-linux-gnu/libc.so.6 (0x000076cf8c23b000)
	libgtsam_points.so.1 => /usr/local/lib/libgtsam_points.so.1 (0x000076cf8bf48000)
	libspdlog.so.1.12 => /usr/lib/x86_64-linux-gnu/libspdlog.so.1.12 (0x000076cf8bec1000)
	libopencv_core.so.406 => /usr/lib/x86_64-linux-gnu/libopencv_core.so.406 (0x000076cf8bb4d000)
	libgnss_comm_lib.so => /home/dev/ws_iap/install/gnss_comm/lib/libgnss_comm_lib.so (0x000076cf8b800000)
	libgtsam_points_cuda.so.1 => /usr/local/lib/libgtsam_points_cuda.so.1 (0x000076cf8b4e9000)
	libgomp.so.1 => /usr/lib/x86_64-linux-gnu/libgomp.so.1 (0x000076cf8b493000)
	libgtsam.so.4 => /usr/lib/x86_64-linux-gnu/libgtsam.so.4 (0x000076cf8af96000)
	libboost_serialization.so.1.83.0 => /usr/lib/x86_64-linux-gnu/libboost_serialization.so.1.83.0 (0x000076cf8af53000)
	libboost_filesystem.so.1.83.0 => /usr/lib/x86_64-linux-gnu/libboost_filesystem.so.1.83.0 (0x000076cf8bb2a000)
	libcephes-gtsam.so.1 => /usr/lib/x86_64-linux-gnu/libcephes-gtsam.so.1 (0x000076cf8af21000)
	libfmt.so.9 => /usr/lib/x86_64-linux-gnu/libfmt.so.9 (0x000076cf8af00000)
	/lib64/ld-linux-x86-64.so.2 (0x000076cf8d0e7000)
	libboost_timer.so.1.83.0 => /usr/lib/x86_64-linux-gnu/libboost_timer.so.1.83.0 (0x000076cf8d01b000)
	libz.so.1 => /usr/lib/x86_64-linux-gnu/libz.so.1 (0x000076cf8aee4000)
	libGLX.so.0 => /usr/lib/x86_64-linux-gnu/libGLX.so.0 (0x000076cf8aeb1000)
	liblapack.so.3 => /usr/lib/x86_64-linux-gnu/liblapack.so.3 (0x000076cf8a7c1000)
	libblas.so.3 => /usr/lib/x86_64-linux-gnu/libblas.so.3 (0x000076cf8a71a000)
	libtbb.so.12 => /usr/lib/x86_64-linux-gnu/libtbb.so.12 (0x000076cf8a6c6000)
	libglog.so.1 => /usr/lib/x86_64-linux-gnu/libglog.so.1 (0x000076cf8a690000)
	libcudart.so.12 => /usr/local/cuda/targets/x86_64-linux/lib/libcudart.so.12 (0x000076cf8a200000)
	libmetis.so.5 => /usr/lib/x86_64-linux-gnu/libmetis.so.5 (0x000076cf8a626000)
	libGLdispatch.so.0 => /usr/lib/x86_64-linux-gnu/libGLdispatch.so.0 (0x000076cf8a56e000)
	libX11.so.6 => /usr/lib/x86_64-linux-gnu/libX11.so.6 (0x000076cf8a0c3000)
	libgfortran.so.5 => /usr/lib/x86_64-linux-gnu/libgfortran.so.5 (0x000076cf89da5000)
	libgflags.so.2.2 => /usr/lib/x86_64-linux-gnu/libgflags.so.2.2 (0x000076cf8a54d000)
	libunwind.so.8 => /usr/lib/x86_64-linux-gnu/libunwind.so.8 (0x000076cf8a530000)
	libdl.so.2 => /usr/lib/x86_64-linux-gnu/libdl.so.2 (0x000076cf8a52b000)
	libpthread.so.0 => /usr/lib/x86_64-linux-gnu/libpthread.so.0 (0x000076cf8a526000)
	librt.so.1 => /usr/lib/x86_64-linux-gnu/librt.so.1 (0x000076cf8a521000)
	libxcb.so.1 => /usr/lib/x86_64-linux-gnu/libxcb.so.1 (0x000076cf8a4f8000)
	liblzma.so.5 => /usr/lib/x86_64-linux-gnu/liblzma.so.5 (0x000076cf8a4c4000)
	libXau.so.6 => /usr/lib/x86_64-linux-gnu/libXau.so.6 (0x000076cf8a4be000)
	libXdmcp.so.6 => /usr/lib/x86_64-linux-gnu/libXdmcp.so.6 (0x000076cf8a4b6000)
	libbsd.so.0 => /usr/lib/x86_64-linux-gnu/libbsd.so.0 (0x000076cf89d8f000)
	libmd.so.0 => /usr/lib/x86_64-linux-gnu/libmd.so.0 (0x000076cf89d80000)
BINARY=/home/dev/ws_iap/src/iap/results/icra27/icra026/build_plan_env/test_grid_map_occupancy_epoch
	linux-vdso.so.1 (0x00007488a8cab000)
	libplan_env.so => /home/dev/ws_iap/src/iap/results/icra27/icra026/install_plan_env/lib/libplan_env.so (0x00007488a8800000)
	libcv_bridge.so => /opt/ros/jazzy/lib/libcv_bridge.so (0x00007488a8bc4000)
	librclcpp.so => /opt/ros/jazzy/lib/librclcpp.so (0x00007488a85a2000)
	libopencv_core.so.406 => /usr/lib/x86_64-linux-gnu/libopencv_core.so.406 (0x00007488a822e000)
	libstdc++.so.6 => /usr/lib/x86_64-linux-gnu/libstdc++.so.6 (0x00007488a7fb0000)
	libm.so.6 => /usr/lib/x86_64-linux-gnu/libm.so.6 (0x00007488a8abb000)
	libgcc_s.so.1 => /usr/lib/x86_64-linux-gnu/libgcc_s.so.1 (0x00007488a8a8d000)
	libc.so.6 => /usr/lib/x86_64-linux-gnu/libc.so.6 (0x00007488a7d9e000)
	libvisualization_msgs__rosidl_typesupport_cpp.so => /opt/ros/jazzy/lib/libvisualization_msgs__rosidl_typesupport_cpp.so (0x00007488a7d92000)
	libnav_msgs__rosidl_typesupport_cpp.so => /opt/ros/jazzy/lib/libnav_msgs__rosidl_typesupport_cpp.so (0x00007488a7d85000)
	libmessage_filters.so => /opt/ros/jazzy/lib/libmessage_filters.so (0x00007488a8a86000)
	libpcl_common.so.1.14 => /usr/lib/x86_64-linux-gnu/libpcl_common.so.1.14 (0x00007488a7ceb000)
	librmw.so => /opt/ros/jazzy/lib/librmw.so (0x00007488a7ce0000)
	librcutils.so => /opt/ros/jazzy/lib/librcutils.so (0x00007488a7cc0000)
	liblibstatistics_collector.so => /opt/ros/jazzy/lib/liblibstatistics_collector.so (0x00007488a7cb8000)
	librcl.so => /opt/ros/jazzy/lib/librcl.so (0x00007488a7c71000)
	libstatistics_msgs__rosidl_typesupport_cpp.so => /opt/ros/jazzy/lib/libstatistics_msgs__rosidl_typesupport_cpp.so (0x00007488a7c6b000)
	libtracetools.so => /opt/ros/jazzy/lib/libtracetools.so (0x00007488a7c51000)
	libsensor_msgs__rosidl_typesupport_cpp.so => /opt/ros/jazzy/lib/libsensor_msgs__rosidl_typesupport_cpp.so (0x00007488a7c42000)
	libgeometry_msgs__rosidl_typesupport_cpp.so => /opt/ros/jazzy/lib/libgeometry_msgs__rosidl_typesupport_cpp.so (0x00007488a7c34000)
	libopencv_imgcodecs.so.406 => /usr/lib/x86_64-linux-gnu/libopencv_imgcodecs.so.406 (0x00007488a7bdb000)
	libopencv_imgproc.so.406 => /usr/lib/x86_64-linux-gnu/libopencv_imgproc.so.406 (0x00007488a7681000)
	librcl_interfaces__rosidl_typesupport_cpp.so => /opt/ros/jazzy/lib/librcl_interfaces__rosidl_typesupport_cpp.so (0x00007488a7666000)
	librcl_yaml_param_parser.so => /opt/ros/jazzy/lib/librcl_yaml_param_parser.so (0x00007488a765a000)
	librosgraph_msgs__rosidl_typesupport_cpp.so => /opt/ros/jazzy/lib/librosgraph_msgs__rosidl_typesupport_cpp.so (0x00007488a7655000)
	librcl_logging_interface.so => /opt/ros/jazzy/lib/librcl_logging_interface.so (0x00007488a7650000)
	librmw_implementation.so => /opt/ros/jazzy/lib/librmw_implementation.so (0x00007488a7643000)
	libament_index_cpp.so => /opt/ros/jazzy/lib/libament_index_cpp.so (0x00007488a7637000)
	libtype_description_interfaces__rosidl_typesupport_c.so => /opt/ros/jazzy/lib/libtype_description_interfaces__rosidl_typesupport_c.so (0x00007488a7630000)
	librosidl_dynamic_typesupport.so => /opt/ros/jazzy/lib/librosidl_dynamic_typesupport.so (0x00007488a7615000)
	librosidl_typesupport_introspection_cpp.so => /opt/ros/jazzy/lib/librosidl_typesupport_introspection_cpp.so (0x00007488a7610000)
	librcpputils.so => /opt/ros/jazzy/lib/librcpputils.so (0x00007488a7601000)
	librosidl_runtime_c.so => /opt/ros/jazzy/lib/librosidl_runtime_c.so (0x00007488a75e2000)
	/lib64/ld-linux-x86-64.so.2 (0x00007488a8cad000)
	libz.so.1 => /usr/lib/x86_64-linux-gnu/libz.so.1 (0x00007488a75c6000)
	libGLX.so.0 => /usr/lib/x86_64-linux-gnu/libGLX.so.0 (0x00007488a7591000)
	liblapack.so.3 => /usr/lib/x86_64-linux-gnu/liblapack.so.3 (0x00007488a6ea1000)
	libblas.so.3 => /usr/lib/x86_64-linux-gnu/libblas.so.3 (0x00007488a6dfa000)
	libtbb.so.12 => /usr/lib/x86_64-linux-gnu/libtbb.so.12 (0x00007488a6da6000)
	libvisualization_msgs__rosidl_generator_c.so => /opt/ros/jazzy/lib/libvisualization_msgs__rosidl_generator_c.so (0x00007488a6d72000)
	librosidl_typesupport_cpp.so => /opt/ros/jazzy/lib/librosidl_typesupport_cpp.so (0x00007488a6d6a000)
	libnav_msgs__rosidl_generator_c.so => /opt/ros/jazzy/lib/libnav_msgs__rosidl_generator_c.so (0x00007488a6d37000)
	libgomp.so.1 => /usr/lib/x86_64-linux-gnu/libgomp.so.1 (0x00007488a6ce1000)
	librcl_logging_spdlog.so => /opt/ros/jazzy/lib/librcl_logging_spdlog.so (0x00007488a6cd7000)
	librcl_interfaces__rosidl_typesupport_c.so => /opt/ros/jazzy/lib/librcl_interfaces__rosidl_typesupport_c.so (0x00007488a6cc7000)
	libtype_description_interfaces__rosidl_generator_c.so => /opt/ros/jazzy/lib/libtype_description_interfaces__rosidl_generator_c.so (0x00007488a6cad000)
	libyaml-0.so.2 => /usr/lib/x86_64-linux-gnu/libyaml-0.so.2 (0x00007488a6c8c000)
	libstatistics_msgs__rosidl_generator_c.so => /opt/ros/jazzy/lib/libstatistics_msgs__rosidl_generator_c.so (0x00007488a6c83000)
	liblttng-ust.so.1 => /usr/lib/x86_64-linux-gnu/liblttng-ust.so.1 (0x00007488a6c00000)
	libsensor_msgs__rosidl_generator_c.so => /opt/ros/jazzy/lib/libsensor_msgs__rosidl_generator_c.so (0x00007488a6bbc000)
	libgeometry_msgs__rosidl_generator_c.so => /opt/ros/jazzy/lib/libgeometry_msgs__rosidl_generator_c.so (0x00007488a6b7c000)
	libjpeg.so.8 => /usr/lib/x86_64-linux-gnu/libjpeg.so.8 (0x00007488a6af9000)
	libwebp.so.7 => /usr/lib/x86_64-linux-gnu/libwebp.so.7 (0x00007488a6a7e000)
	libpng16.so.16 => /usr/lib/x86_64-linux-gnu/libpng16.so.16 (0x00007488a6a46000)
	libgdcmMSFF.so.3.0 => /usr/lib/x86_64-linux-gnu/libgdcmMSFF.so.3.0 (0x00007488a681a000)
	libtiff.so.6 => /usr/lib/x86_64-linux-gnu/libtiff.so.6 (0x00007488a678b000)
	libopenjp2.so.7 => /usr/lib/x86_64-linux-gnu/libopenjp2.so.7 (0x00007488a672a000)
	libOpenEXR-3_1.so.30 => /usr/lib/x86_64-linux-gnu/libOpenEXR-3_1.so.30 (0x00007488a6425000)
	libgdal.so.34 => /usr/lib/x86_64-linux-gnu/libgdal.so.34 (0x00007488a4c4e000)
	libgdcmDSED.so.3.0 => /usr/lib/x86_64-linux-gnu/libgdcmDSED.so.3.0 (0x00007488a4b56000)
	librcl_interfaces__rosidl_generator_c.so => /opt/ros/jazzy/lib/librcl_interfaces__rosidl_generator_c.so (0x00007488a4b08000)
	librosgraph_msgs__rosidl_generator_c.so => /opt/ros/jazzy/lib/librosgraph_msgs__rosidl_generator_c.so (0x00007488a4b01000)
	librosidl_typesupport_c.so => /opt/ros/jazzy/lib/librosidl_typesupport_c.so (0x00007488a4afb000)
	libGLdispatch.so.0 => /usr/lib/x86_64-linux-gnu/libGLdispatch.so.0 (0x00007488a4a43000)
	libX11.so.6 => /usr/lib/x86_64-linux-gnu/libX11.so.6 (0x00007488a4906000)
	libgfortran.so.5 => /usr/lib/x86_64-linux-gnu/libgfortran.so.5 (0x00007488a45e8000)
	libservice_msgs__rosidl_generator_c.so => /opt/ros/jazzy/lib/libservice_msgs__rosidl_generator_c.so (0x00007488a45e1000)
	libstd_msgs__rosidl_generator_c.so => /opt/ros/jazzy/lib/libstd_msgs__rosidl_generator_c.so (0x00007488a45b0000)
	libbuiltin_interfaces__rosidl_generator_c.so => /opt/ros/jazzy/lib/libbuiltin_interfaces__rosidl_generator_c.so (0x00007488a45a9000)
	libspdlog.so.1.12 => /usr/lib/x86_64-linux-gnu/libspdlog.so.1.12 (0x00007488a4522000)
	libnuma.so.1 => /usr/lib/x86_64-linux-gnu/libnuma.so.1 (0x00007488a4514000)
	liblttng-ust-common.so.1 => /usr/lib/x86_64-linux-gnu/liblttng-ust-common.so.1 (0x00007488a4505000)
	liblttng-ust-tracepoint.so.1 => /usr/lib/x86_64-linux-gnu/liblttng-ust-tracepoint.so.1 (0x00007488a44e8000)
	libsharpyuv.so.0 => /usr/lib/x86_64-linux-gnu/libsharpyuv.so.0 (0x00007488a44e0000)
	libgdcmDICT.so.3.0 => /usr/lib/x86_64-linux-gnu/libgdcmDICT.so.3.0 (0x00007488a4208000)
	libgdcmjpeg8.so.3.0 => /usr/lib/x86_64-linux-gnu/libgdcmjpeg8.so.3.0 (0x00007488a41dd000)
	libgdcmjpeg12.so.3.0 => /usr/lib/x86_64-linux-gnu/libgdcmjpeg12.so.3.0 (0x00007488a41b0000)
	libgdcmjpeg16.so.3.0 => /usr/lib/x86_64-linux-gnu/libgdcmjpeg16.so.3.0 (0x00007488a4185000)
	libcharls.so.2 => /usr/lib/x86_64-linux-gnu/libcharls.so.2 (0x00007488a4131000)
	libuuid.so.1 => /usr/lib/x86_64-linux-gnu/libuuid.so.1 (0x00007488a4127000)
	libjson-c.so.5 => /usr/lib/x86_64-linux-gnu/libjson-c.so.5 (0x00007488a4113000)
	libgdcmIOD.so.3.0 => /usr/lib/x86_64-linux-gnu/libgdcmIOD.so.3.0 (0x00007488a40fd000)
	libgdcmCommon.so.3.0 => /usr/lib/x86_64-linux-gnu/libgdcmCommon.so.3.0 (0x00007488a40d6000)
	libzstd.so.1 => /usr/lib/x86_64-linux-gnu/libzstd.so.1 (0x00007488a401c000)
	liblzma.so.5 => /usr/lib/x86_64-linux-gnu/liblzma.so.5 (0x00007488a3fea000)
	libLerc.so.4 => /usr/lib/x86_64-linux-gnu/libLerc.so.4 (0x00007488a3f63000)
	libjbig.so.0 => /usr/lib/x86_64-linux-gnu/libjbig.so.0 (0x00007488a3f53000)
	libdeflate.so.0 => /usr/lib/x86_64-linux-gnu/libdeflate.so.0 (0x00007488a3f3e000)
	libImath-3_1.so.29 => /usr/lib/x86_64-linux-gnu/libImath-3_1.so.29 (0x00007488a3ef0000)
	libIlmThread-3_1.so.30 => /usr/lib/x86_64-linux-gnu/libIlmThread-3_1.so.30 (0x00007488a3ee6000)
	libIex-3_1.so.30 => /usr/lib/x86_64-linux-gnu/libIex-3_1.so.30 (0x00007488a3e63000)
	libcurl.so.4 => /usr/lib/x86_64-linux-gnu/libcurl.so.4 (0x00007488a3da2000)
	libodbc.so.2 => /usr/lib/x86_64-linux-gnu/libodbc.so.2 (0x00007488a3d30000)
	libodbcinst.so.2 => /usr/lib/x86_64-linux-gnu/libodbcinst.so.2 (0x00007488a3d1c000)
	libxml2.so.2 => /usr/lib/x86_64-linux-gnu/libxml2.so.2 (0x00007488a3b3a000)
	libcrypto.so.3 => /usr/lib/x86_64-linux-gnu/libcrypto.so.3 (0x00007488a3626000)
	liblz4.so.1 => /usr/lib/x86_64-linux-gnu/liblz4.so.1 (0x00007488a3604000)
	libblosc.so.1 => /usr/lib/x86_64-linux-gnu/libblosc.so.1 (0x00007488a35f4000)
	libarmadillo.so.12 => /lib/libarmadillo.so.12 (0x00007488a35df000)
	libqhull_r.so.8.0 => /usr/lib/x86_64-linux-gnu/libqhull_r.so.8.0 (0x00007488a356f000)
	libxerces-c-3.2.so => /usr/lib/x86_64-linux-gnu/libxerces-c-3.2.so (0x00007488a321a000)
	libgeotiff.so.5 => /usr/lib/x86_64-linux-gnu/libgeotiff.so.5 (0x00007488a31e4000)
	libheif.so.1 => /usr/lib/x86_64-linux-gnu/libheif.so.1 (0x00007488a3124000)
	libaec.so.0 => /usr/lib/x86_64-linux-gnu/libaec.so.0 (0x00007488a311b000)
	libpoppler.so.134 => /usr/lib/x86_64-linux-gnu/libpoppler.so.134 (0x00007488a2da5000)
	libgif.so.7 => /usr/lib/x86_64-linux-gnu/libgif.so.7 (0x00007488a2d9a000)
	libnetcdf.so.19 => /usr/lib/x86_64-linux-gnu/libnetcdf.so.19 (0x00007488a2baf000)
	libcfitsio.so.10 => /usr/lib/x86_64-linux-gnu/libcfitsio.so.10 (0x00007488a28a7000)
	libhdf5_serial.so.103 => /usr/lib/x86_64-linux-gnu/libhdf5_serial.so.103 (0x00007488a2533000)
	libsqlite3.so.0 => /usr/lib/x86_64-linux-gnu/libsqlite3.so.0 (0x00007488a23cb000)
	libpq.so.5 => /usr/lib/x86_64-linux-gnu/libpq.so.5 (0x00007488a2372000)
	libkmlbase.so.1 => /usr/lib/x86_64-linux-gnu/libkmlbase.so.1 (0x00007488a2355000)
	libkmldom.so.1 => /usr/lib/x86_64-linux-gnu/libkmldom.so.1 (0x00007488a22c3000)
	libkmlengine.so.1 => /usr/lib/x86_64-linux-gnu/libkmlengine.so.1 (0x00007488a2295000)
	libfyba.so.0 => /usr/lib/x86_64-linux-gnu/libfyba.so.0 (0x00007488a223f000)
	libpcre2-8.so.0 => /usr/lib/x86_64-linux-gnu/libpcre2-8.so.0 (0x00007488a21a5000)
	libspatialite.so.8 => /usr/lib/x86_64-linux-gnu/libspatialite.so.8 (0x00007488a1a38000)
	libmysqlclient.so.21 => /usr/lib/x86_64-linux-gnu/libmysqlclient.so.21 (0x00007488a13b9000)
	libfreexl.so.1 => /usr/lib/x86_64-linux-gnu/libfreexl.so.1 (0x00007488a13a8000)
	libogdi.so.4.1 => /usr/lib/x86_64-linux-gnu/libogdi.so.4.1 (0x00007488a138d000)
	libexpat.so.1 => /usr/lib/x86_64-linux-gnu/libexpat.so.1 (0x00007488a1361000)
	libgeos_c.so.1 => /usr/lib/x86_64-linux-gnu/libgeos_c.so.1 (0x00007488a1318000)
	libproj.so.25 => /usr/lib/x86_64-linux-gnu/libproj.so.25 (0x00007488a0f54000)
	libdfalt.so.0 => /usr/lib/x86_64-linux-gnu/libdfalt.so.0 (0x00007488a0eb0000)
	libmfhdfalt.so.0 => /usr/lib/x86_64-linux-gnu/libmfhdfalt.so.0 (0x00007488a0e87000)
	libxcb.so.1 => /usr/lib/x86_64-linux-gnu/libxcb.so.1 (0x00007488a0e5e000)
	libfmt.so.9 => /usr/lib/x86_64-linux-gnu/libfmt.so.9 (0x00007488a0e3b000)
	libnghttp2.so.14 => /usr/lib/x86_64-linux-gnu/libnghttp2.so.14 (0x00007488a0e10000)
	libidn2.so.0 => /usr/lib/x86_64-linux-gnu/libidn2.so.0 (0x00007488a0dee000)
	librtmp.so.1 => /usr/lib/x86_64-linux-gnu/librtmp.so.1 (0x00007488a0dd0000)
	libssh.so.4 => /usr/lib/x86_64-linux-gnu/libssh.so.4 (0x00007488a0d5c000)
	libpsl.so.5 => /usr/lib/x86_64-linux-gnu/libpsl.so.5 (0x00007488a0d48000)
	libssl.so.3 => /usr/lib/x86_64-linux-gnu/libssl.so.3 (0x00007488a0c9e000)
	libgssapi_krb5.so.2 => /usr/lib/x86_64-linux-gnu/libgssapi_krb5.so.2 (0x00007488a0c4a000)
	libldap.so.2 => /usr/lib/x86_64-linux-gnu/libldap.so.2 (0x00007488a0bed000)
	liblber.so.2 => /usr/lib/x86_64-linux-gnu/liblber.so.2 (0x00007488a0bdd000)
	libbrotlidec.so.1 => /usr/lib/x86_64-linux-gnu/libbrotlidec.so.1 (0x00007488a0bcd000)
	libltdl.so.7 => /usr/lib/x86_64-linux-gnu/libltdl.so.7 (0x00007488a0bc2000)
	libicuuc.so.74 => /usr/lib/x86_64-linux-gnu/libicuuc.so.74 (0x00007488a09b5000)
	libsnappy.so.1 => /usr/lib/x86_64-linux-gnu/libsnappy.so.1 (0x00007488a09aa000)
	libarpack.so.2 => /usr/lib/x86_64-linux-gnu/libarpack.so.2 (0x00007488a0960000)
	libsuperlu.so.6 => /usr/lib/x86_64-linux-gnu/libsuperlu.so.6 (0x00007488a08ee000)
	libcurl-gnutls.so.4 => /usr/lib/x86_64-linux-gnu/libcurl-gnutls.so.4 (0x00007488a0833000)
	libfreetype.so.6 => /usr/lib/x86_64-linux-gnu/libfreetype.so.6 (0x00007488a0767000)
	libfontconfig.so.1 => /usr/lib/x86_64-linux-gnu/libfontconfig.so.1 (0x00007488a0716000)
	liblcms2.so.2 => /usr/lib/x86_64-linux-gnu/liblcms2.so.2 (0x00007488a06b4000)
	libnss3.so => /usr/lib/x86_64-linux-gnu/libnss3.so (0x00007488a0583000)
	libsmime3.so => /usr/lib/x86_64-linux-gnu/libsmime3.so (0x00007488a055a000)
	libplc4.so => /usr/lib/x86_64-linux-gnu/libplc4.so (0x00007488a0553000)
	libnspr4.so => /usr/lib/x86_64-linux-gnu/libnspr4.so (0x00007488a0514000)
	libhdf5_serial_hl.so.100 => /usr/lib/x86_64-linux-gnu/libhdf5_serial_hl.so.100 (0x00007488a04ef000)
	libbz2.so.1.0 => /usr/lib/x86_64-linux-gnu/libbz2.so.1.0 (0x00007488a04d9000)
	libsz.so.2 => /usr/lib/x86_64-linux-gnu/libsz.so.2 (0x00007488a04d4000)
	libminizip.so.1 => /usr/lib/x86_64-linux-gnu/libminizip.so.1 (0x00007488a04c7000)
	liburiparser.so.1 => /usr/lib/x86_64-linux-gnu/liburiparser.so.1 (0x00007488a04b0000)
	libfyut.so.0 => /usr/lib/x86_64-linux-gnu/libfyut.so.0 (0x00007488a04a5000)
	libfygm.so.0 => /usr/lib/x86_64-linux-gnu/libfygm.so.0 (0x00007488a049a000)
	librttopo.so.1 => /usr/lib/x86_64-linux-gnu/librttopo.so.1 (0x00007488a042a000)
	libresolv.so.2 => /usr/lib/x86_64-linux-gnu/libresolv.so.2 (0x00007488a0417000)
	libtirpc.so.3 => /usr/lib/x86_64-linux-gnu/libtirpc.so.3 (0x00007488a03ea000)
	libgeos.so.3.12.1 => /usr/lib/x86_64-linux-gnu/libgeos.so.3.12.1 (0x00007488a0182000)
	libXau.so.6 => /usr/lib/x86_64-linux-gnu/libXau.so.6 (0x00007488a017a000)
	libXdmcp.so.6 => /usr/lib/x86_64-linux-gnu/libXdmcp.so.6 (0x00007488a0172000)
	libunistring.so.5 => /usr/lib/x86_64-linux-gnu/libunistring.so.5 (0x000074889ffc5000)
	libgnutls.so.30 => /usr/lib/x86_64-linux-gnu/libgnutls.so.30 (0x000074889fdcb000)
	libhogweed.so.6 => /usr/lib/x86_64-linux-gnu/libhogweed.so.6 (0x000074889fd83000)
	libnettle.so.8 => /usr/lib/x86_64-linux-gnu/libnettle.so.8 (0x000074889fd2c000)
	libgmp.so.10 => /usr/lib/x86_64-linux-gnu/libgmp.so.10 (0x000074889fca8000)
	libkrb5.so.3 => /usr/lib/x86_64-linux-gnu/libkrb5.so.3 (0x000074889fbdf000)
	libk5crypto.so.3 => /usr/lib/x86_64-linux-gnu/libk5crypto.so.3 (0x000074889fbb3000)
	libcom_err.so.2 => /usr/lib/x86_64-linux-gnu/libcom_err.so.2 (0x000074889fbad000)
	libkrb5support.so.0 => /usr/lib/x86_64-linux-gnu/libkrb5support.so.0 (0x000074889fb9e000)
	libsasl2.so.2 => /usr/lib/x86_64-linux-gnu/libsasl2.so.2 (0x000074889fb84000)
	libbrotlicommon.so.1 => /usr/lib/x86_64-linux-gnu/libbrotlicommon.so.1 (0x000074889fb61000)
	libicudata.so.74 => /usr/lib/x86_64-linux-gnu/libicudata.so.74 (0x000074889de01000)
	libnssutil3.so => /usr/lib/x86_64-linux-gnu/libnssutil3.so (0x000074889ddcf000)
	libplds4.so => /usr/lib/x86_64-linux-gnu/libplds4.so (0x000074889ddc8000)
	libbsd.so.0 => /usr/lib/x86_64-linux-gnu/libbsd.so.0 (0x000074889ddb2000)
	libp11-kit.so.0 => /usr/lib/x86_64-linux-gnu/libp11-kit.so.0 (0x000074889dc0e000)
	libtasn1.so.6 => /usr/lib/x86_64-linux-gnu/libtasn1.so.6 (0x000074889dbf8000)
	libkeyutils.so.1 => /usr/lib/x86_64-linux-gnu/libkeyutils.so.1 (0x000074889dbef000)
	libmd.so.0 => /usr/lib/x86_64-linux-gnu/libmd.so.0 (0x000074889dbe0000)
	libffi.so.8 => /usr/lib/x86_64-linux-gnu/libffi.so.8 (0x000074889dbd4000)
BINARY=/home/dev/ws_iap/src/iap/results/icra27/icra026/build_ego/test_p0_risk_grid_runtime
	linux-vdso.so.1 (0x00007bea35198000)
	librclcpp.so => /opt/ros/jazzy/lib/librclcpp.so (0x00007bea349a2000)
	libnav_msgs__rosidl_typesupport_cpp.so => /opt/ros/jazzy/lib/libnav_msgs__rosidl_typesupport_cpp.so (0x00007bea35183000)
	libvisualization_msgs__rosidl_typesupport_cpp.so => /opt/ros/jazzy/lib/libvisualization_msgs__rosidl_typesupport_cpp.so (0x00007bea35175000)
	libiap.so => /home/dev/ws_iap/src/iap/results/icra27/icra031/install/lib/libiap.so (0x00007bea34000000)
	libiap__rosidl_typesupport_cpp.so => /home/dev/ws_iap/src/iap/results/icra27/icra031/install/lib/libiap__rosidl_typesupport_cpp.so (0x00007bea3516f000)
	liblibstatistics_collector.so => /opt/ros/jazzy/lib/liblibstatistics_collector.so (0x00007bea35167000)
	librcl.so => /opt/ros/jazzy/lib/librcl.so (0x00007bea35120000)
	libstatistics_msgs__rosidl_typesupport_cpp.so => /opt/ros/jazzy/lib/libstatistics_msgs__rosidl_typesupport_cpp.so (0x00007bea35118000)
	libtracetools.so => /opt/ros/jazzy/lib/libtracetools.so (0x00007bea350fe000)
	libsensor_msgs__rosidl_typesupport_cpp.so => /opt/ros/jazzy/lib/libsensor_msgs__rosidl_typesupport_cpp.so (0x00007bea350ef000)
	librmw.so => /opt/ros/jazzy/lib/librmw.so (0x00007bea350e4000)
	libgnss_comm_lib.so => /home/dev/ws_iap/install/gnss_comm/lib/libgnss_comm_lib.so (0x00007bea33c00000)
	libgnss_comm__rosidl_typesupport_cpp.so => /home/dev/ws_iap/install/gnss_comm/lib/libgnss_comm__rosidl_typesupport_cpp.so (0x00007bea350d6000)
	libstd_msgs__rosidl_typesupport_cpp.so => /opt/ros/jazzy/lib/libstd_msgs__rosidl_typesupport_cpp.so (0x00007bea350ca000)
	librcutils.so => /opt/ros/jazzy/lib/librcutils.so (0x00007bea350aa000)
	libstdc++.so.6 => /usr/lib/x86_64-linux-gnu/libstdc++.so.6 (0x00007bea33982000)
	libm.so.6 => /usr/lib/x86_64-linux-gnu/libm.so.6 (0x00007bea3489b000)
	libgcc_s.so.1 => /usr/lib/x86_64-linux-gnu/libgcc_s.so.1 (0x00007bea3486d000)
	libc.so.6 => /usr/lib/x86_64-linux-gnu/libc.so.6 (0x00007bea33770000)
	librcl_interfaces__rosidl_typesupport_cpp.so => /opt/ros/jazzy/lib/librcl_interfaces__rosidl_typesupport_cpp.so (0x00007bea3508d000)
	librcl_yaml_param_parser.so => /opt/ros/jazzy/lib/librcl_yaml_param_parser.so (0x00007bea34861000)
	librosgraph_msgs__rosidl_typesupport_cpp.so => /opt/ros/jazzy/lib/librosgraph_msgs__rosidl_typesupport_cpp.so (0x00007bea3485c000)
	librcl_logging_interface.so => /opt/ros/jazzy/lib/librcl_logging_interface.so (0x00007bea34857000)
	librmw_implementation.so => /opt/ros/jazzy/lib/librmw_implementation.so (0x00007bea34848000)
	libament_index_cpp.so => /opt/ros/jazzy/lib/libament_index_cpp.so (0x00007bea3483c000)
	libtype_description_interfaces__rosidl_typesupport_c.so => /opt/ros/jazzy/lib/libtype_description_interfaces__rosidl_typesupport_c.so (0x00007bea34835000)
	librosidl_dynamic_typesupport.so => /opt/ros/jazzy/lib/librosidl_dynamic_typesupport.so (0x00007bea3481c000)
	librosidl_typesupport_introspection_cpp.so => /opt/ros/jazzy/lib/librosidl_typesupport_introspection_cpp.so (0x00007bea33ffb000)
	librcpputils.so => /opt/ros/jazzy/lib/librcpputils.so (0x00007bea33fea000)
	librosidl_runtime_c.so => /opt/ros/jazzy/lib/librosidl_runtime_c.so (0x00007bea33fcb000)
	/lib64/ld-linux-x86-64.so.2 (0x00007bea3519a000)
	libnav_msgs__rosidl_generator_c.so => /opt/ros/jazzy/lib/libnav_msgs__rosidl_generator_c.so (0x00007bea33f98000)
	librosidl_typesupport_cpp.so => /opt/ros/jazzy/lib/librosidl_typesupport_cpp.so (0x00007bea33f92000)
	libvisualization_msgs__rosidl_generator_c.so => /opt/ros/jazzy/lib/libvisualization_msgs__rosidl_generator_c.so (0x00007bea33f5e000)
	libgtsam_points.so.1 => /usr/local/lib/libgtsam_points.so.1 (0x00007bea3347d000)
	libspdlog.so.1.12 => /usr/lib/x86_64-linux-gnu/libspdlog.so.1.12 (0x00007bea333f6000)
	libopencv_core.so.406 => /usr/lib/x86_64-linux-gnu/libopencv_core.so.406 (0x00007bea33082000)
	libgtsam_points_cuda.so.1 => /usr/local/lib/libgtsam_points_cuda.so.1 (0x00007bea32d6b000)
	libgomp.so.1 => /usr/lib/x86_64-linux-gnu/libgomp.so.1 (0x00007bea32d15000)
	libgtsam.so.4 => /usr/lib/x86_64-linux-gnu/libgtsam.so.4 (0x00007bea32818000)
	libboost_serialization.so.1.83.0 => /usr/lib/x86_64-linux-gnu/libboost_serialization.so.1.83.0 (0x00007bea327d5000)
	libboost_filesystem.so.1.83.0 => /usr/lib/x86_64-linux-gnu/libboost_filesystem.so.1.83.0 (0x00007bea33f37000)
	libcephes-gtsam.so.1 => /usr/lib/x86_64-linux-gnu/libcephes-gtsam.so.1 (0x00007bea327a3000)
	libfmt.so.9 => /usr/lib/x86_64-linux-gnu/libfmt.so.9 (0x00007bea32782000)
	libiap__rosidl_generator_c.so => /home/dev/ws_iap/src/iap/results/icra27/icra031/install/lib/libiap__rosidl_generator_c.so (0x00007bea33f29000)
	librcl_logging_spdlog.so => /opt/ros/jazzy/lib/librcl_logging_spdlog.so (0x00007bea32778000)
	librcl_interfaces__rosidl_typesupport_c.so => /opt/ros/jazzy/lib/librcl_interfaces__rosidl_typesupport_c.so (0x00007bea32768000)
	libtype_description_interfaces__rosidl_generator_c.so => /opt/ros/jazzy/lib/libtype_description_interfaces__rosidl_generator_c.so (0x00007bea32750000)
	libyaml-0.so.2 => /usr/lib/x86_64-linux-gnu/libyaml-0.so.2 (0x00007bea3272f000)
	libstatistics_msgs__rosidl_generator_c.so => /opt/ros/jazzy/lib/libstatistics_msgs__rosidl_generator_c.so (0x00007bea32726000)
	liblttng-ust.so.1 => /usr/lib/x86_64-linux-gnu/liblttng-ust.so.1 (0x00007bea326a1000)
	libsensor_msgs__rosidl_generator_c.so => /opt/ros/jazzy/lib/libsensor_msgs__rosidl_generator_c.so (0x00007bea3265d000)
	libglog.so.1 => /usr/lib/x86_64-linux-gnu/libglog.so.1 (0x00007bea32627000)
	libgnss_comm__rosidl_generator_c.so => /home/dev/ws_iap/install/gnss_comm/lib/libgnss_comm__rosidl_generator_c.so (0x00007bea325ee000)
	libstd_msgs__rosidl_generator_c.so => /opt/ros/jazzy/lib/libstd_msgs__rosidl_generator_c.so (0x00007bea325bd000)
	librcl_interfaces__rosidl_generator_c.so => /opt/ros/jazzy/lib/librcl_interfaces__rosidl_generator_c.so (0x00007bea3256d000)
	librosgraph_msgs__rosidl_generator_c.so => /opt/ros/jazzy/lib/librosgraph_msgs__rosidl_generator_c.so (0x00007bea32568000)
	librosidl_typesupport_c.so => /opt/ros/jazzy/lib/librosidl_typesupport_c.so (0x00007bea32562000)
	libgeometry_msgs__rosidl_generator_c.so => /opt/ros/jazzy/lib/libgeometry_msgs__rosidl_generator_c.so (0x00007bea32524000)
	libservice_msgs__rosidl_generator_c.so => /opt/ros/jazzy/lib/libservice_msgs__rosidl_generator_c.so (0x00007bea3251f000)
	libbuiltin_interfaces__rosidl_generator_c.so => /opt/ros/jazzy/lib/libbuiltin_interfaces__rosidl_generator_c.so (0x00007bea32516000)
	libboost_timer.so.1.83.0 => /usr/lib/x86_64-linux-gnu/libboost_timer.so.1.83.0 (0x00007bea3250f000)
	libz.so.1 => /usr/lib/x86_64-linux-gnu/libz.so.1 (0x00007bea324f3000)
	libGLX.so.0 => /usr/lib/x86_64-linux-gnu/libGLX.so.0 (0x00007bea324c0000)
	liblapack.so.3 => /usr/lib/x86_64-linux-gnu/liblapack.so.3 (0x00007bea31dd0000)
	libblas.so.3 => /usr/lib/x86_64-linux-gnu/libblas.so.3 (0x00007bea31d27000)
	libtbb.so.12 => /usr/lib/x86_64-linux-gnu/libtbb.so.12 (0x00007bea31cd3000)
	libcudart.so.12 => /usr/local/cuda/targets/x86_64-linux/lib/libcudart.so.12 (0x00007bea31a00000)
	libmetis.so.5 => /usr/lib/x86_64-linux-gnu/libmetis.so.5 (0x00007bea31996000)
	libnuma.so.1 => /usr/lib/x86_64-linux-gnu/libnuma.so.1 (0x00007bea31cc5000)
	liblttng-ust-common.so.1 => /usr/lib/x86_64-linux-gnu/liblttng-ust-common.so.1 (0x00007bea31cb6000)
	liblttng-ust-tracepoint.so.1 => /usr/lib/x86_64-linux-gnu/liblttng-ust-tracepoint.so.1 (0x00007bea31979000)
	libgflags.so.2.2 => /usr/lib/x86_64-linux-gnu/libgflags.so.2.2 (0x00007bea31958000)
	libunwind.so.8 => /usr/lib/x86_64-linux-gnu/libunwind.so.8 (0x00007bea3193d000)
	libGLdispatch.so.0 => /usr/lib/x86_64-linux-gnu/libGLdispatch.so.0 (0x00007bea31885000)
	libX11.so.6 => /usr/lib/x86_64-linux-gnu/libX11.so.6 (0x00007bea31748000)
	libgfortran.so.5 => /usr/lib/x86_64-linux-gnu/libgfortran.so.5 (0x00007bea3142a000)
	libdl.so.2 => /usr/lib/x86_64-linux-gnu/libdl.so.2 (0x00007bea31425000)
	libpthread.so.0 => /usr/lib/x86_64-linux-gnu/libpthread.so.0 (0x00007bea31420000)
	librt.so.1 => /usr/lib/x86_64-linux-gnu/librt.so.1 (0x00007bea3141b000)
	liblzma.so.5 => /usr/lib/x86_64-linux-gnu/liblzma.so.5 (0x00007bea313e9000)
	libxcb.so.1 => /usr/lib/x86_64-linux-gnu/libxcb.so.1 (0x00007bea313c0000)
	libXau.so.6 => /usr/lib/x86_64-linux-gnu/libXau.so.6 (0x00007bea313ba000)
	libXdmcp.so.6 => /usr/lib/x86_64-linux-gnu/libXdmcp.so.6 (0x00007bea313b2000)
	libbsd.so.0 => /usr/lib/x86_64-linux-gnu/libbsd.so.0 (0x00007bea3139c000)
	libmd.so.0 => /usr/lib/x86_64-linux-gnu/libmd.so.0 (0x00007bea3138d000)
BINARY=/home/dev/ws_iap/src/iap/results/icra27/icra026/build_ego/test_p0_occupancy_epoch_adapter
	linux-vdso.so.1 (0x00007ec2327ef000)
	libiap.so => /home/dev/ws_iap/src/iap/results/icra27/icra031/install/lib/libiap.so (0x00007ec231e00000)
	libstdc++.so.6 => /usr/lib/x86_64-linux-gnu/libstdc++.so.6 (0x00007ec231b82000)
	libm.so.6 => /usr/lib/x86_64-linux-gnu/libm.so.6 (0x00007ec23265d000)
	libgcc_s.so.1 => /usr/lib/x86_64-linux-gnu/libgcc_s.so.1 (0x00007ec23262f000)
	libc.so.6 => /usr/lib/x86_64-linux-gnu/libc.so.6 (0x00007ec231970000)
	libgtsam_points.so.1 => /usr/local/lib/libgtsam_points.so.1 (0x00007ec23167d000)
	libspdlog.so.1.12 => /usr/lib/x86_64-linux-gnu/libspdlog.so.1.12 (0x00007ec2315f6000)
	libopencv_core.so.406 => /usr/lib/x86_64-linux-gnu/libopencv_core.so.406 (0x00007ec231282000)
	libgnss_comm_lib.so => /home/dev/ws_iap/install/gnss_comm/lib/libgnss_comm_lib.so (0x00007ec230e00000)
	libgtsam_points_cuda.so.1 => /usr/local/lib/libgtsam_points_cuda.so.1 (0x00007ec230ae9000)
	libgomp.so.1 => /usr/lib/x86_64-linux-gnu/libgomp.so.1 (0x00007ec23122c000)
	libgtsam.so.4 => /usr/lib/x86_64-linux-gnu/libgtsam.so.4 (0x00007ec2305ec000)
	libboost_serialization.so.1.83.0 => /usr/lib/x86_64-linux-gnu/libboost_serialization.so.1.83.0 (0x00007ec2311e9000)
	libboost_filesystem.so.1.83.0 => /usr/lib/x86_64-linux-gnu/libboost_filesystem.so.1.83.0 (0x00007ec2311c6000)
	libcephes-gtsam.so.1 => /usr/lib/x86_64-linux-gnu/libcephes-gtsam.so.1 (0x00007ec231194000)
	libfmt.so.9 => /usr/lib/x86_64-linux-gnu/libfmt.so.9 (0x00007ec231173000)
	/lib64/ld-linux-x86-64.so.2 (0x00007ec2327f1000)
	libboost_timer.so.1.83.0 => /usr/lib/x86_64-linux-gnu/libboost_timer.so.1.83.0 (0x00007ec232624000)
	libz.so.1 => /usr/lib/x86_64-linux-gnu/libz.so.1 (0x00007ec231157000)
	libGLX.so.0 => /usr/lib/x86_64-linux-gnu/libGLX.so.0 (0x00007ec2305b9000)
	liblapack.so.3 => /usr/lib/x86_64-linux-gnu/liblapack.so.3 (0x00007ec22fec9000)
	libblas.so.3 => /usr/lib/x86_64-linux-gnu/libblas.so.3 (0x00007ec22fe22000)
	libtbb.so.12 => /usr/lib/x86_64-linux-gnu/libtbb.so.12 (0x00007ec22fdce000)
	libglog.so.1 => /usr/lib/x86_64-linux-gnu/libglog.so.1 (0x00007ec22fd98000)
	libcudart.so.12 => /usr/local/cuda/targets/x86_64-linux/lib/libcudart.so.12 (0x00007ec22fa00000)
	libmetis.so.5 => /usr/lib/x86_64-linux-gnu/libmetis.so.5 (0x00007ec22fd2e000)
	libGLdispatch.so.0 => /usr/lib/x86_64-linux-gnu/libGLdispatch.so.0 (0x00007ec22f948000)
	libX11.so.6 => /usr/lib/x86_64-linux-gnu/libX11.so.6 (0x00007ec22f80b000)
	libgfortran.so.5 => /usr/lib/x86_64-linux-gnu/libgfortran.so.5 (0x00007ec22f4ed000)
	libgflags.so.2.2 => /usr/lib/x86_64-linux-gnu/libgflags.so.2.2 (0x00007ec231136000)
	libunwind.so.8 => /usr/lib/x86_64-linux-gnu/libunwind.so.8 (0x00007ec22fd13000)
	libdl.so.2 => /usr/lib/x86_64-linux-gnu/libdl.so.2 (0x00007ec231131000)
	libpthread.so.0 => /usr/lib/x86_64-linux-gnu/libpthread.so.0 (0x00007ec23112c000)
	librt.so.1 => /usr/lib/x86_64-linux-gnu/librt.so.1 (0x00007ec231127000)
	libxcb.so.1 => /usr/lib/x86_64-linux-gnu/libxcb.so.1 (0x00007ec22fcea000)
	liblzma.so.5 => /usr/lib/x86_64-linux-gnu/liblzma.so.5 (0x00007ec22fcb8000)
	libXau.so.6 => /usr/lib/x86_64-linux-gnu/libXau.so.6 (0x00007ec22fcb2000)
	libXdmcp.so.6 => /usr/lib/x86_64-linux-gnu/libXdmcp.so.6 (0x00007ec22f4e5000)
	libbsd.so.0 => /usr/lib/x86_64-linux-gnu/libbsd.so.0 (0x00007ec22f4cf000)
	libmd.so.0 => /usr/lib/x86_64-linux-gnu/libmd.so.0 (0x00007ec22f4c0000)
BINARY=/home/dev/ws_iap/src/iap/results/icra27/icra026/build_path_searching/test_p4_risk_astar
	linux-vdso.so.1 (0x00007686e4894000)
	libpath_searching.so => /home/dev/ws_iap/src/iap/results/icra27/icra026/install_path_searching/lib/libpath_searching.so (0x00007686e47c2000)
	libiap.so => /home/dev/ws_iap/src/iap/results/icra27/icra031/install/lib/libiap.so (0x00007686e3e00000)
	libstdc++.so.6 => /usr/lib/x86_64-linux-gnu/libstdc++.so.6 (0x00007686e3b82000)
	libm.so.6 => /usr/lib/x86_64-linux-gnu/libm.so.6 (0x00007686e46b9000)
	libgcc_s.so.1 => /usr/lib/x86_64-linux-gnu/libgcc_s.so.1 (0x00007686e468b000)
	libc.so.6 => /usr/lib/x86_64-linux-gnu/libc.so.6 (0x00007686e3970000)
	librclcpp.so => /opt/ros/jazzy/lib/librclcpp.so (0x00007686e3712000)
	librcutils.so => /opt/ros/jazzy/lib/librcutils.so (0x00007686e466b000)
	libgtsam_points.so.1 => /usr/local/lib/libgtsam_points.so.1 (0x00007686e341f000)
	libspdlog.so.1.12 => /usr/lib/x86_64-linux-gnu/libspdlog.so.1.12 (0x00007686e3398000)
	libopencv_core.so.406 => /usr/lib/x86_64-linux-gnu/libopencv_core.so.406 (0x00007686e3024000)
	libgnss_comm_lib.so => /home/dev/ws_iap/install/gnss_comm/lib/libgnss_comm_lib.so (0x00007686e2c00000)
	libgtsam_points_cuda.so.1 => /usr/local/lib/libgtsam_points_cuda.so.1 (0x00007686e28e9000)
	libgomp.so.1 => /usr/lib/x86_64-linux-gnu/libgomp.so.1 (0x00007686e2fce000)
	libgtsam.so.4 => /usr/lib/x86_64-linux-gnu/libgtsam.so.4 (0x00007686e23ec000)
	libboost_serialization.so.1.83.0 => /usr/lib/x86_64-linux-gnu/libboost_serialization.so.1.83.0 (0x00007686e4624000)
	libboost_filesystem.so.1.83.0 => /usr/lib/x86_64-linux-gnu/libboost_filesystem.so.1.83.0 (0x00007686e2fab000)
	libcephes-gtsam.so.1 => /usr/lib/x86_64-linux-gnu/libcephes-gtsam.so.1 (0x00007686e2f79000)
	libfmt.so.9 => /usr/lib/x86_64-linux-gnu/libfmt.so.9 (0x00007686e2f58000)
	/lib64/ld-linux-x86-64.so.2 (0x00007686e4896000)
	liblibstatistics_collector.so => /opt/ros/jazzy/lib/liblibstatistics_collector.so (0x00007686e2f50000)
	librcl.so => /opt/ros/jazzy/lib/librcl.so (0x00007686e23a5000)
	librcl_interfaces__rosidl_typesupport_cpp.so => /opt/ros/jazzy/lib/librcl_interfaces__rosidl_typesupport_cpp.so (0x00007686e2f35000)
	librcl_yaml_param_parser.so => /opt/ros/jazzy/lib/librcl_yaml_param_parser.so (0x00007686e2f29000)
	librosgraph_msgs__rosidl_typesupport_cpp.so => /opt/ros/jazzy/lib/librosgraph_msgs__rosidl_typesupport_cpp.so (0x00007686e461d000)
	libstatistics_msgs__rosidl_typesupport_cpp.so => /opt/ros/jazzy/lib/libstatistics_msgs__rosidl_typesupport_cpp.so (0x00007686e239f000)
	libtracetools.so => /opt/ros/jazzy/lib/libtracetools.so (0x00007686e2385000)
	librcl_logging_interface.so => /opt/ros/jazzy/lib/librcl_logging_interface.so (0x00007686e2380000)
	librmw_implementation.so => /opt/ros/jazzy/lib/librmw_implementation.so (0x00007686e2373000)
	libament_index_cpp.so => /opt/ros/jazzy/lib/libament_index_cpp.so (0x00007686e2367000)
	libtype_description_interfaces__rosidl_typesupport_c.so => /opt/ros/jazzy/lib/libtype_description_interfaces__rosidl_typesupport_c.so (0x00007686e2360000)
	librmw.so => /opt/ros/jazzy/lib/librmw.so (0x00007686e2355000)
	librosidl_dynamic_typesupport.so => /opt/ros/jazzy/lib/librosidl_dynamic_typesupport.so (0x00007686e233c000)
	librosidl_typesupport_introspection_cpp.so => /opt/ros/jazzy/lib/librosidl_typesupport_introspection_cpp.so (0x00007686e2337000)
	librcpputils.so => /opt/ros/jazzy/lib/librcpputils.so (0x00007686e2328000)
	librosidl_runtime_c.so => /opt/ros/jazzy/lib/librosidl_runtime_c.so (0x00007686e2307000)
	libboost_timer.so.1.83.0 => /usr/lib/x86_64-linux-gnu/libboost_timer.so.1.83.0 (0x00007686e2300000)
	libz.so.1 => /usr/lib/x86_64-linux-gnu/libz.so.1 (0x00007686e22e4000)
	libGLX.so.0 => /usr/lib/x86_64-linux-gnu/libGLX.so.0 (0x00007686e22b1000)
	liblapack.so.3 => /usr/lib/x86_64-linux-gnu/liblapack.so.3 (0x00007686e1bc1000)
	libblas.so.3 => /usr/lib/x86_64-linux-gnu/libblas.so.3 (0x00007686e1b18000)
	libtbb.so.12 => /usr/lib/x86_64-linux-gnu/libtbb.so.12 (0x00007686e1ac4000)
	libglog.so.1 => /usr/lib/x86_64-linux-gnu/libglog.so.1 (0x00007686e1a8e000)
	libcudart.so.12 => /usr/local/cuda/targets/x86_64-linux/lib/libcudart.so.12 (0x00007686e1600000)
	libmetis.so.5 => /usr/lib/x86_64-linux-gnu/libmetis.so.5 (0x00007686e1a24000)
	librcl_logging_spdlog.so => /opt/ros/jazzy/lib/librcl_logging_spdlog.so (0x00007686e1a18000)
	librcl_interfaces__rosidl_typesupport_c.so => /opt/ros/jazzy/lib/librcl_interfaces__rosidl_typesupport_c.so (0x00007686e1a08000)
	libtype_description_interfaces__rosidl_generator_c.so => /opt/ros/jazzy/lib/libtype_description_interfaces__rosidl_generator_c.so (0x00007686e19f0000)
	libyaml-0.so.2 => /usr/lib/x86_64-linux-gnu/libyaml-0.so.2 (0x00007686e19cf000)
	librcl_interfaces__rosidl_generator_c.so => /opt/ros/jazzy/lib/librcl_interfaces__rosidl_generator_c.so (0x00007686e1981000)
	librosidl_typesupport_cpp.so => /opt/ros/jazzy/lib/librosidl_typesupport_cpp.so (0x00007686e1979000)
	librosgraph_msgs__rosidl_generator_c.so => /opt/ros/jazzy/lib/librosgraph_msgs__rosidl_generator_c.so (0x00007686e1974000)
	libstatistics_msgs__rosidl_generator_c.so => /opt/ros/jazzy/lib/libstatistics_msgs__rosidl_generator_c.so (0x00007686e196b000)
	liblttng-ust.so.1 => /usr/lib/x86_64-linux-gnu/liblttng-ust.so.1 (0x00007686e18e8000)
	librosidl_typesupport_c.so => /opt/ros/jazzy/lib/librosidl_typesupport_c.so (0x00007686e18e2000)
	libGLdispatch.so.0 => /usr/lib/x86_64-linux-gnu/libGLdispatch.so.0 (0x00007686e1548000)
	libX11.so.6 => /usr/lib/x86_64-linux-gnu/libX11.so.6 (0x00007686e140b000)
	libgfortran.so.5 => /usr/lib/x86_64-linux-gnu/libgfortran.so.5 (0x00007686e10ed000)
	libgflags.so.2.2 => /usr/lib/x86_64-linux-gnu/libgflags.so.2.2 (0x00007686e18bf000)
	libunwind.so.8 => /usr/lib/x86_64-linux-gnu/libunwind.so.8 (0x00007686e10d2000)
	libdl.so.2 => /usr/lib/x86_64-linux-gnu/libdl.so.2 (0x00007686e18b8000)
	libpthread.so.0 => /usr/lib/x86_64-linux-gnu/libpthread.so.0 (0x00007686e18b3000)
	librt.so.1 => /usr/lib/x86_64-linux-gnu/librt.so.1 (0x00007686e10cd000)
	libservice_msgs__rosidl_generator_c.so => /opt/ros/jazzy/lib/libservice_msgs__rosidl_generator_c.so (0x00007686e10c8000)
	libbuiltin_interfaces__rosidl_generator_c.so => /opt/ros/jazzy/lib/libbuiltin_interfaces__rosidl_generator_c.so (0x00007686e10c1000)
	libnuma.so.1 => /usr/lib/x86_64-linux-gnu/libnuma.so.1 (0x00007686e10b3000)
	liblttng-ust-common.so.1 => /usr/lib/x86_64-linux-gnu/liblttng-ust-common.so.1 (0x00007686e10a6000)
	liblttng-ust-tracepoint.so.1 => /usr/lib/x86_64-linux-gnu/liblttng-ust-tracepoint.so.1 (0x00007686e1089000)
	libxcb.so.1 => /usr/lib/x86_64-linux-gnu/libxcb.so.1 (0x00007686e1060000)
	liblzma.so.5 => /usr/lib/x86_64-linux-gnu/liblzma.so.5 (0x00007686e102e000)
	libXau.so.6 => /usr/lib/x86_64-linux-gnu/libXau.so.6 (0x00007686e1026000)
	libXdmcp.so.6 => /usr/lib/x86_64-linux-gnu/libXdmcp.so.6 (0x00007686e101e000)
	libbsd.so.0 => /usr/lib/x86_64-linux-gnu/libbsd.so.0 (0x00007686e1008000)
	libmd.so.0 => /usr/lib/x86_64-linux-gnu/libmd.so.0 (0x00007686e0ff9000)
BINARY=/home/dev/ws_iap/src/iap/results/icra27/icra026/build_bspline_opt/test_p1_integrity_cost
	linux-vdso.so.1 (0x000076b080789000)
	libiap.so => /home/dev/ws_iap/src/iap/results/icra27/icra031/install/lib/libiap.so (0x000076b07fc00000)
	libcephes-gtsam.so.1 => /usr/lib/x86_64-linux-gnu/libcephes-gtsam.so.1 (0x000076b0805bf000)
	librclcpp.so => /opt/ros/jazzy/lib/librclcpp.so (0x000076b07f9a2000)
	libplan_env.so => /home/dev/ws_iap/src/iap/results/icra27/icra026/install_plan_env/lib/libplan_env.so (0x000076b07f600000)
	libpath_searching.so => /home/dev/ws_iap/src/iap/results/icra27/icra026/install_path_searching/lib/libpath_searching.so (0x000076b080593000)
	librcutils.so => /opt/ros/jazzy/lib/librcutils.so (0x000076b080573000)
	libstdc++.so.6 => /usr/lib/x86_64-linux-gnu/libstdc++.so.6 (0x000076b07f382000)
	libm.so.6 => /usr/lib/x86_64-linux-gnu/libm.so.6 (0x000076b080488000)
	libgcc_s.so.1 => /usr/lib/x86_64-linux-gnu/libgcc_s.so.1 (0x000076b08045a000)
	libc.so.6 => /usr/lib/x86_64-linux-gnu/libc.so.6 (0x000076b07f170000)
	libgtsam_points.so.1 => /usr/local/lib/libgtsam_points.so.1 (0x000076b07ee7d000)
	libspdlog.so.1.12 => /usr/lib/x86_64-linux-gnu/libspdlog.so.1.12 (0x000076b07f91b000)
	libopencv_core.so.406 => /usr/lib/x86_64-linux-gnu/libopencv_core.so.406 (0x000076b07eb09000)
	libgnss_comm_lib.so => /home/dev/ws_iap/install/gnss_comm/lib/libgnss_comm_lib.so (0x000076b07e600000)
	libgtsam_points_cuda.so.1 => /usr/local/lib/libgtsam_points_cuda.so.1 (0x000076b07e2e9000)
	libgomp.so.1 => /usr/lib/x86_64-linux-gnu/libgomp.so.1 (0x000076b07f8c5000)
	libgtsam.so.4 => /usr/lib/x86_64-linux-gnu/libgtsam.so.4 (0x000076b07ddec000)
	libboost_serialization.so.1.83.0 => /usr/lib/x86_64-linux-gnu/libboost_serialization.so.1.83.0 (0x000076b07f882000)
	libboost_filesystem.so.1.83.0 => /usr/lib/x86_64-linux-gnu/libboost_filesystem.so.1.83.0 (0x000076b080433000)
	libfmt.so.9 => /usr/lib/x86_64-linux-gnu/libfmt.so.9 (0x000076b07eae8000)
	/lib64/ld-linux-x86-64.so.2 (0x000076b08078b000)
	liblibstatistics_collector.so => /opt/ros/jazzy/lib/liblibstatistics_collector.so (0x000076b08042b000)
	librcl.so => /opt/ros/jazzy/lib/librcl.so (0x000076b07eaa1000)
	librcl_interfaces__rosidl_typesupport_cpp.so => /opt/ros/jazzy/lib/librcl_interfaces__rosidl_typesupport_cpp.so (0x000076b07ea86000)
	librcl_yaml_param_parser.so => /opt/ros/jazzy/lib/librcl_yaml_param_parser.so (0x000076b08041f000)
	librosgraph_msgs__rosidl_typesupport_cpp.so => /opt/ros/jazzy/lib/librosgraph_msgs__rosidl_typesupport_cpp.so (0x000076b07ea81000)
	libstatistics_msgs__rosidl_typesupport_cpp.so => /opt/ros/jazzy/lib/libstatistics_msgs__rosidl_typesupport_cpp.so (0x000076b07ea7b000)
	libtracetools.so => /opt/ros/jazzy/lib/libtracetools.so (0x000076b07ea61000)
	librcl_logging_interface.so => /opt/ros/jazzy/lib/librcl_logging_interface.so (0x000076b07ea5c000)
	librmw_implementation.so => /opt/ros/jazzy/lib/librmw_implementation.so (0x000076b07ea4f000)
	libament_index_cpp.so => /opt/ros/jazzy/lib/libament_index_cpp.so (0x000076b07ea43000)
	libtype_description_interfaces__rosidl_typesupport_c.so => /opt/ros/jazzy/lib/libtype_description_interfaces__rosidl_typesupport_c.so (0x000076b07ea3c000)
	librmw.so => /opt/ros/jazzy/lib/librmw.so (0x000076b07ea31000)
	librosidl_dynamic_typesupport.so => /opt/ros/jazzy/lib/librosidl_dynamic_typesupport.so (0x000076b07ea18000)
	librosidl_typesupport_introspection_cpp.so => /opt/ros/jazzy/lib/librosidl_typesupport_introspection_cpp.so (0x000076b07ea13000)
	librcpputils.so => /opt/ros/jazzy/lib/librcpputils.so (0x000076b07ea04000)
	librosidl_runtime_c.so => /opt/ros/jazzy/lib/librosidl_runtime_c.so (0x000076b07e9e5000)
	libvisualization_msgs__rosidl_typesupport_cpp.so => /opt/ros/jazzy/lib/libvisualization_msgs__rosidl_typesupport_cpp.so (0x000076b07e9d9000)
	libnav_msgs__rosidl_typesupport_cpp.so => /opt/ros/jazzy/lib/libnav_msgs__rosidl_typesupport_cpp.so (0x000076b07e9cc000)
	libcv_bridge.so => /opt/ros/jazzy/lib/libcv_bridge.so (0x000076b07e99b000)
	libmessage_filters.so => /opt/ros/jazzy/lib/libmessage_filters.so (0x000076b07e994000)
	libpcl_common.so.1.14 => /usr/lib/x86_64-linux-gnu/libpcl_common.so.1.14 (0x000076b07dd52000)
	libsensor_msgs__rosidl_typesupport_cpp.so => /opt/ros/jazzy/lib/libsensor_msgs__rosidl_typesupport_cpp.so (0x000076b07e985000)
	libgeometry_msgs__rosidl_typesupport_cpp.so => /opt/ros/jazzy/lib/libgeometry_msgs__rosidl_typesupport_cpp.so (0x000076b07e977000)
	libboost_timer.so.1.83.0 => /usr/lib/x86_64-linux-gnu/libboost_timer.so.1.83.0 (0x000076b07e970000)
	libz.so.1 => /usr/lib/x86_64-linux-gnu/libz.so.1 (0x000076b07e952000)
	libGLX.so.0 => /usr/lib/x86_64-linux-gnu/libGLX.so.0 (0x000076b07dd1f000)
	liblapack.so.3 => /usr/lib/x86_64-linux-gnu/liblapack.so.3 (0x000076b07d62f000)
	libblas.so.3 => /usr/lib/x86_64-linux-gnu/libblas.so.3 (0x000076b07d588000)
	libtbb.so.12 => /usr/lib/x86_64-linux-gnu/libtbb.so.12 (0x000076b07d534000)
	libglog.so.1 => /usr/lib/x86_64-linux-gnu/libglog.so.1 (0x000076b07d4fe000)
	libcudart.so.12 => /usr/local/cuda/targets/x86_64-linux/lib/libcudart.so.12 (0x000076b07d200000)
	libmetis.so.5 => /usr/lib/x86_64-linux-gnu/libmetis.so.5 (0x000076b07d196000)
	librcl_logging_spdlog.so => /opt/ros/jazzy/lib/librcl_logging_spdlog.so (0x000076b07e946000)
	librcl_interfaces__rosidl_typesupport_c.so => /opt/ros/jazzy/lib/librcl_interfaces__rosidl_typesupport_c.so (0x000076b07e936000)
	libtype_description_interfaces__rosidl_generator_c.so => /opt/ros/jazzy/lib/libtype_description_interfaces__rosidl_generator_c.so (0x000076b07d4e6000)
	libyaml-0.so.2 => /usr/lib/x86_64-linux-gnu/libyaml-0.so.2 (0x000076b07d4c5000)
	librcl_interfaces__rosidl_generator_c.so => /opt/ros/jazzy/lib/librcl_interfaces__rosidl_generator_c.so (0x000076b07d148000)
	librosidl_typesupport_cpp.so => /opt/ros/jazzy/lib/librosidl_typesupport_cpp.so (0x000076b07e92e000)
	librosgraph_msgs__rosidl_generator_c.so => /opt/ros/jazzy/lib/librosgraph_msgs__rosidl_generator_c.so (0x000076b07e929000)
	libstatistics_msgs__rosidl_generator_c.so => /opt/ros/jazzy/lib/libstatistics_msgs__rosidl_generator_c.so (0x000076b07d4bc000)
	liblttng-ust.so.1 => /usr/lib/x86_64-linux-gnu/liblttng-ust.so.1 (0x000076b07d0c5000)
	librosidl_typesupport_c.so => /opt/ros/jazzy/lib/librosidl_typesupport_c.so (0x000076b07d4b6000)
	libvisualization_msgs__rosidl_generator_c.so => /opt/ros/jazzy/lib/libvisualization_msgs__rosidl_generator_c.so (0x000076b07d091000)
	libnav_msgs__rosidl_generator_c.so => /opt/ros/jazzy/lib/libnav_msgs__rosidl_generator_c.so (0x000076b07d05e000)
	libopencv_imgcodecs.so.406 => /usr/lib/x86_64-linux-gnu/libopencv_imgcodecs.so.406 (0x000076b07d005000)
	libopencv_imgproc.so.406 => /usr/lib/x86_64-linux-gnu/libopencv_imgproc.so.406 (0x000076b07caab000)
	libsensor_msgs__rosidl_generator_c.so => /opt/ros/jazzy/lib/libsensor_msgs__rosidl_generator_c.so (0x000076b07ca67000)
	libgeometry_msgs__rosidl_generator_c.so => /opt/ros/jazzy/lib/libgeometry_msgs__rosidl_generator_c.so (0x000076b07ca29000)
	libGLdispatch.so.0 => /usr/lib/x86_64-linux-gnu/libGLdispatch.so.0 (0x000076b07c971000)
	libX11.so.6 => /usr/lib/x86_64-linux-gnu/libX11.so.6 (0x000076b07c834000)
	libgfortran.so.5 => /usr/lib/x86_64-linux-gnu/libgfortran.so.5 (0x000076b07c516000)
	libgflags.so.2.2 => /usr/lib/x86_64-linux-gnu/libgflags.so.2.2 (0x000076b07c4f5000)
	libunwind.so.8 => /usr/lib/x86_64-linux-gnu/libunwind.so.8 (0x000076b07c4da000)
	libdl.so.2 => /usr/lib/x86_64-linux-gnu/libdl.so.2 (0x000076b07c4d5000)
	libpthread.so.0 => /usr/lib/x86_64-linux-gnu/libpthread.so.0 (0x000076b07c4d0000)
	librt.so.1 => /usr/lib/x86_64-linux-gnu/librt.so.1 (0x000076b07c4cb000)
	libservice_msgs__rosidl_generator_c.so => /opt/ros/jazzy/lib/libservice_msgs__rosidl_generator_c.so (0x000076b07c4c6000)
	libbuiltin_interfaces__rosidl_generator_c.so => /opt/ros/jazzy/lib/libbuiltin_interfaces__rosidl_generator_c.so (0x000076b07c4bf000)
	libnuma.so.1 => /usr/lib/x86_64-linux-gnu/libnuma.so.1 (0x000076b07c4b1000)
	liblttng-ust-common.so.1 => /usr/lib/x86_64-linux-gnu/liblttng-ust-common.so.1 (0x000076b07c4a2000)
	liblttng-ust-tracepoint.so.1 => /usr/lib/x86_64-linux-gnu/liblttng-ust-tracepoint.so.1 (0x000076b07c485000)
	libstd_msgs__rosidl_generator_c.so => /opt/ros/jazzy/lib/libstd_msgs__rosidl_generator_c.so (0x000076b07c454000)
	libjpeg.so.8 => /usr/lib/x86_64-linux-gnu/libjpeg.so.8 (0x000076b07c3d1000)
	libwebp.so.7 => /usr/lib/x86_64-linux-gnu/libwebp.so.7 (0x000076b07c356000)
	libpng16.so.16 => /usr/lib/x86_64-linux-gnu/libpng16.so.16 (0x000076b07c31c000)
	libgdcmMSFF.so.3.0 => /usr/lib/x86_64-linux-gnu/libgdcmMSFF.so.3.0 (0x000076b07c0f0000)
	libtiff.so.6 => /usr/lib/x86_64-linux-gnu/libtiff.so.6 (0x000076b07c063000)
	libopenjp2.so.7 => /usr/lib/x86_64-linux-gnu/libopenjp2.so.7 (0x000076b07c002000)
	libOpenEXR-3_1.so.30 => /usr/lib/x86_64-linux-gnu/libOpenEXR-3_1.so.30 (0x000076b07bcfd000)
	libgdal.so.34 => /usr/lib/x86_64-linux-gnu/libgdal.so.34 (0x000076b07a526000)
	libgdcmDSED.so.3.0 => /usr/lib/x86_64-linux-gnu/libgdcmDSED.so.3.0 (0x000076b07a42c000)
	libxcb.so.1 => /usr/lib/x86_64-linux-gnu/libxcb.so.1 (0x000076b07a403000)
	liblzma.so.5 => /usr/lib/x86_64-linux-gnu/liblzma.so.5 (0x000076b07a3d1000)
	libsharpyuv.so.0 => /usr/lib/x86_64-linux-gnu/libsharpyuv.so.0 (0x000076b07a3c9000)
	libgdcmDICT.so.3.0 => /usr/lib/x86_64-linux-gnu/libgdcmDICT.so.3.0 (0x000076b07a0ef000)
	libgdcmjpeg8.so.3.0 => /usr/lib/x86_64-linux-gnu/libgdcmjpeg8.so.3.0 (0x000076b07a0c4000)
	libgdcmjpeg12.so.3.0 => /usr/lib/x86_64-linux-gnu/libgdcmjpeg12.so.3.0 (0x000076b07a099000)
	libgdcmjpeg16.so.3.0 => /usr/lib/x86_64-linux-gnu/libgdcmjpeg16.so.3.0 (0x000076b07a06e000)
	libcharls.so.2 => /usr/lib/x86_64-linux-gnu/libcharls.so.2 (0x000076b07a01a000)
	libuuid.so.1 => /usr/lib/x86_64-linux-gnu/libuuid.so.1 (0x000076b07a010000)
	libjson-c.so.5 => /usr/lib/x86_64-linux-gnu/libjson-c.so.5 (0x000076b079ffa000)
	libgdcmIOD.so.3.0 => /usr/lib/x86_64-linux-gnu/libgdcmIOD.so.3.0 (0x000076b079fe4000)
	libgdcmCommon.so.3.0 => /usr/lib/x86_64-linux-gnu/libgdcmCommon.so.3.0 (0x000076b079fbf000)
	libzstd.so.1 => /usr/lib/x86_64-linux-gnu/libzstd.so.1 (0x000076b079f05000)
	libLerc.so.4 => /usr/lib/x86_64-linux-gnu/libLerc.so.4 (0x000076b079e7e000)
	libjbig.so.0 => /usr/lib/x86_64-linux-gnu/libjbig.so.0 (0x000076b079e6c000)
	libdeflate.so.0 => /usr/lib/x86_64-linux-gnu/libdeflate.so.0 (0x000076b079e59000)
	libImath-3_1.so.29 => /usr/lib/x86_64-linux-gnu/libImath-3_1.so.29 (0x000076b079e0b000)
	libIlmThread-3_1.so.30 => /usr/lib/x86_64-linux-gnu/libIlmThread-3_1.so.30 (0x000076b079e01000)
	libIex-3_1.so.30 => /usr/lib/x86_64-linux-gnu/libIex-3_1.so.30 (0x000076b079d7e000)
	libcurl.so.4 => /usr/lib/x86_64-linux-gnu/libcurl.so.4 (0x000076b079cbb000)
	libodbc.so.2 => /usr/lib/x86_64-linux-gnu/libodbc.so.2 (0x000076b079c4b000)
	libodbcinst.so.2 => /usr/lib/x86_64-linux-gnu/libodbcinst.so.2 (0x000076b079c37000)
	libxml2.so.2 => /usr/lib/x86_64-linux-gnu/libxml2.so.2 (0x000076b079a55000)
	libcrypto.so.3 => /usr/lib/x86_64-linux-gnu/libcrypto.so.3 (0x000076b079541000)
	liblz4.so.1 => /usr/lib/x86_64-linux-gnu/liblz4.so.1 (0x000076b07951f000)
	libblosc.so.1 => /usr/lib/x86_64-linux-gnu/libblosc.so.1 (0x000076b07950d000)
	libarmadillo.so.12 => /lib/libarmadillo.so.12 (0x000076b0794fa000)
	libqhull_r.so.8.0 => /usr/lib/x86_64-linux-gnu/libqhull_r.so.8.0 (0x000076b07948a000)
	libxerces-c-3.2.so => /usr/lib/x86_64-linux-gnu/libxerces-c-3.2.so (0x000076b079135000)
	libgeotiff.so.5 => /usr/lib/x86_64-linux-gnu/libgeotiff.so.5 (0x000076b0790ff000)
	libheif.so.1 => /usr/lib/x86_64-linux-gnu/libheif.so.1 (0x000076b07903f000)
	libaec.so.0 => /usr/lib/x86_64-linux-gnu/libaec.so.0 (0x000076b079034000)
	libpoppler.so.134 => /usr/lib/x86_64-linux-gnu/libpoppler.so.134 (0x000076b078cc0000)
	libgif.so.7 => /usr/lib/x86_64-linux-gnu/libgif.so.7 (0x000076b078cb5000)
	libnetcdf.so.19 => /usr/lib/x86_64-linux-gnu/libnetcdf.so.19 (0x000076b078aca000)
	libcfitsio.so.10 => /usr/lib/x86_64-linux-gnu/libcfitsio.so.10 (0x000076b0787c2000)
	libhdf5_serial.so.103 => /usr/lib/x86_64-linux-gnu/libhdf5_serial.so.103 (0x000076b07844e000)
	libsqlite3.so.0 => /usr/lib/x86_64-linux-gnu/libsqlite3.so.0 (0x000076b0782e4000)
	libpq.so.5 => /usr/lib/x86_64-linux-gnu/libpq.so.5 (0x000076b07828d000)
	libkmlbase.so.1 => /usr/lib/x86_64-linux-gnu/libkmlbase.so.1 (0x000076b078270000)
	libkmldom.so.1 => /usr/lib/x86_64-linux-gnu/libkmldom.so.1 (0x000076b0781de000)
	libkmlengine.so.1 => /usr/lib/x86_64-linux-gnu/libkmlengine.so.1 (0x000076b0781b0000)
	libfyba.so.0 => /usr/lib/x86_64-linux-gnu/libfyba.so.0 (0x000076b07815a000)
	libpcre2-8.so.0 => /usr/lib/x86_64-linux-gnu/libpcre2-8.so.0 (0x000076b0780be000)
	libspatialite.so.8 => /usr/lib/x86_64-linux-gnu/libspatialite.so.8 (0x000076b077953000)
	libmysqlclient.so.21 => /usr/lib/x86_64-linux-gnu/libmysqlclient.so.21 (0x000076b0772d4000)
	libfreexl.so.1 => /usr/lib/x86_64-linux-gnu/libfreexl.so.1 (0x000076b0772c3000)
	libogdi.so.4.1 => /usr/lib/x86_64-linux-gnu/libogdi.so.4.1 (0x000076b0772a8000)
	libexpat.so.1 => /usr/lib/x86_64-linux-gnu/libexpat.so.1 (0x000076b07727c000)
	libgeos_c.so.1 => /usr/lib/x86_64-linux-gnu/libgeos_c.so.1 (0x000076b077231000)
	libproj.so.25 => /usr/lib/x86_64-linux-gnu/libproj.so.25 (0x000076b076e6f000)
	libdfalt.so.0 => /usr/lib/x86_64-linux-gnu/libdfalt.so.0 (0x000076b076dcb000)
	libmfhdfalt.so.0 => /usr/lib/x86_64-linux-gnu/libmfhdfalt.so.0 (0x000076b076da2000)
	libXau.so.6 => /usr/lib/x86_64-linux-gnu/libXau.so.6 (0x000076b076d9c000)
	libXdmcp.so.6 => /usr/lib/x86_64-linux-gnu/libXdmcp.so.6 (0x000076b076d92000)
	libnghttp2.so.14 => /usr/lib/x86_64-linux-gnu/libnghttp2.so.14 (0x000076b076d67000)
	libidn2.so.0 => /usr/lib/x86_64-linux-gnu/libidn2.so.0 (0x000076b076d45000)
	librtmp.so.1 => /usr/lib/x86_64-linux-gnu/librtmp.so.1 (0x000076b076d27000)
	libssh.so.4 => /usr/lib/x86_64-linux-gnu/libssh.so.4 (0x000076b076cb5000)
	libpsl.so.5 => /usr/lib/x86_64-linux-gnu/libpsl.so.5 (0x000076b076c9f000)
	libssl.so.3 => /usr/lib/x86_64-linux-gnu/libssl.so.3 (0x000076b076bf5000)
	libgssapi_krb5.so.2 => /usr/lib/x86_64-linux-gnu/libgssapi_krb5.so.2 (0x000076b076ba1000)
	libldap.so.2 => /usr/lib/x86_64-linux-gnu/libldap.so.2 (0x000076b076b44000)
	liblber.so.2 => /usr/lib/x86_64-linux-gnu/liblber.so.2 (0x000076b076b34000)
	libbrotlidec.so.1 => /usr/lib/x86_64-linux-gnu/libbrotlidec.so.1 (0x000076b076b26000)
	libltdl.so.7 => /usr/lib/x86_64-linux-gnu/libltdl.so.7 (0x000076b076b19000)
	libicuuc.so.74 => /usr/lib/x86_64-linux-gnu/libicuuc.so.74 (0x000076b07690c000)
	libsnappy.so.1 => /usr/lib/x86_64-linux-gnu/libsnappy.so.1 (0x000076b076901000)
	libarpack.so.2 => /usr/lib/x86_64-linux-gnu/libarpack.so.2 (0x000076b0768b7000)
	libsuperlu.so.6 => /usr/lib/x86_64-linux-gnu/libsuperlu.so.6 (0x000076b076847000)
	libcurl-gnutls.so.4 => /usr/lib/x86_64-linux-gnu/libcurl-gnutls.so.4 (0x000076b07678a000)
	libfreetype.so.6 => /usr/lib/x86_64-linux-gnu/libfreetype.so.6 (0x000076b0766be000)
	libfontconfig.so.1 => /usr/lib/x86_64-linux-gnu/libfontconfig.so.1 (0x000076b07666d000)
	liblcms2.so.2 => /usr/lib/x86_64-linux-gnu/liblcms2.so.2 (0x000076b07660b000)
	libnss3.so => /usr/lib/x86_64-linux-gnu/libnss3.so (0x000076b0764dc000)
	libsmime3.so => /usr/lib/x86_64-linux-gnu/libsmime3.so (0x000076b0764b1000)
	libplc4.so => /usr/lib/x86_64-linux-gnu/libplc4.so (0x000076b0764aa000)
	libnspr4.so => /usr/lib/x86_64-linux-gnu/libnspr4.so (0x000076b07646b000)
	libhdf5_serial_hl.so.100 => /usr/lib/x86_64-linux-gnu/libhdf5_serial_hl.so.100 (0x000076b076446000)
	libbz2.so.1.0 => /usr/lib/x86_64-linux-gnu/libbz2.so.1.0 (0x000076b076432000)
	libsz.so.2 => /usr/lib/x86_64-linux-gnu/libsz.so.2 (0x000076b07642b000)
	libminizip.so.1 => /usr/lib/x86_64-linux-gnu/libminizip.so.1 (0x000076b07641e000)
	liburiparser.so.1 => /usr/lib/x86_64-linux-gnu/liburiparser.so.1 (0x000076b076407000)
	libfyut.so.0 => /usr/lib/x86_64-linux-gnu/libfyut.so.0 (0x000076b0763fc000)
	libfygm.so.0 => /usr/lib/x86_64-linux-gnu/libfygm.so.0 (0x000076b0763f3000)
	librttopo.so.1 => /usr/lib/x86_64-linux-gnu/librttopo.so.1 (0x000076b076381000)
	libresolv.so.2 => /usr/lib/x86_64-linux-gnu/libresolv.so.2 (0x000076b07636e000)
	libtirpc.so.3 => /usr/lib/x86_64-linux-gnu/libtirpc.so.3 (0x000076b076341000)
	libgeos.so.3.12.1 => /usr/lib/x86_64-linux-gnu/libgeos.so.3.12.1 (0x000076b0760d9000)
	libbsd.so.0 => /usr/lib/x86_64-linux-gnu/libbsd.so.0 (0x000076b0760c3000)
	libunistring.so.5 => /usr/lib/x86_64-linux-gnu/libunistring.so.5 (0x000076b075f14000)
	libgnutls.so.30 => /usr/lib/x86_64-linux-gnu/libgnutls.so.30 (0x000076b075d1a000)
	libhogweed.so.6 => /usr/lib/x86_64-linux-gnu/libhogweed.so.6 (0x000076b075cd2000)
	libnettle.so.8 => /usr/lib/x86_64-linux-gnu/libnettle.so.8 (0x000076b075c7d000)
	libgmp.so.10 => /usr/lib/x86_64-linux-gnu/libgmp.so.10 (0x000076b075bf9000)
	libkrb5.so.3 => /usr/lib/x86_64-linux-gnu/libkrb5.so.3 (0x000076b075b2e000)
	libk5crypto.so.3 => /usr/lib/x86_64-linux-gnu/libk5crypto.so.3 (0x000076b075b02000)
	libcom_err.so.2 => /usr/lib/x86_64-linux-gnu/libcom_err.so.2 (0x000076b075afc000)
	libkrb5support.so.0 => /usr/lib/x86_64-linux-gnu/libkrb5support.so.0 (0x000076b075aef000)
	libsasl2.so.2 => /usr/lib/x86_64-linux-gnu/libsasl2.so.2 (0x000076b075ad5000)
	libbrotlicommon.so.1 => /usr/lib/x86_64-linux-gnu/libbrotlicommon.so.1 (0x000076b075ab0000)
	libicudata.so.74 => /usr/lib/x86_64-linux-gnu/libicudata.so.74 (0x000076b073d50000)
	libnssutil3.so => /usr/lib/x86_64-linux-gnu/libnssutil3.so (0x000076b073d1e000)
	libplds4.so => /usr/lib/x86_64-linux-gnu/libplds4.so (0x000076b073d19000)
	libmd.so.0 => /usr/lib/x86_64-linux-gnu/libmd.so.0 (0x000076b073d08000)
	libp11-kit.so.0 => /usr/lib/x86_64-linux-gnu/libp11-kit.so.0 (0x000076b073b64000)
	libtasn1.so.6 => /usr/lib/x86_64-linux-gnu/libtasn1.so.6 (0x000076b073b4e000)
	libkeyutils.so.1 => /usr/lib/x86_64-linux-gnu/libkeyutils.so.1 (0x000076b073b47000)
	libffi.so.8 => /usr/lib/x86_64-linux-gnu/libffi.so.8 (0x000076b073b3b000)
BINARY=/home/dev/ws_iap/src/iap/results/icra27/icra026/build_ego/test_planning_risk_context
	linux-vdso.so.1 (0x00007cd193b00000)
	libvisualization_msgs__rosidl_typesupport_cpp.so => /opt/ros/jazzy/lib/libvisualization_msgs__rosidl_typesupport_cpp.so (0x00007cd193aec000)
	libtraj_utils__rosidl_typesupport_cpp.so => /home/dev/ws_iap/install/traj_utils/lib/libtraj_utils__rosidl_typesupport_cpp.so (0x00007cd193ae6000)
	libplan_env.so => /home/dev/ws_iap/src/iap/results/icra27/icra026/install_plan_env/lib/libplan_env.so (0x00007cd193200000)
	libpath_searching.so => /home/dev/ws_iap/src/iap/results/icra27/icra026/install_path_searching/lib/libpath_searching.so (0x00007cd193aba000)
	libgnss_comm__rosidl_typesupport_cpp.so => /home/dev/ws_iap/install/gnss_comm/lib/libgnss_comm__rosidl_typesupport_cpp.so (0x00007cd193aae000)
	libgnss_comm_lib.so => /home/dev/ws_iap/install/gnss_comm/lib/libgnss_comm_lib.so (0x00007cd192e00000)
	librclcpp.so => /opt/ros/jazzy/lib/librclcpp.so (0x00007cd192ba2000)
	librmw.so => /opt/ros/jazzy/lib/librmw.so (0x00007cd1935f5000)
	librcutils.so => /opt/ros/jazzy/lib/librcutils.so (0x00007cd1935d5000)
	liblibstatistics_collector.so => /opt/ros/jazzy/lib/liblibstatistics_collector.so (0x00007cd193aa4000)
	librcl.so => /opt/ros/jazzy/lib/librcl.so (0x00007cd19358e000)
	libstatistics_msgs__rosidl_typesupport_cpp.so => /opt/ros/jazzy/lib/libstatistics_msgs__rosidl_typesupport_cpp.so (0x00007cd193588000)
	libtracetools.so => /opt/ros/jazzy/lib/libtracetools.so (0x00007cd19356c000)
	libsensor_msgs__rosidl_typesupport_cpp.so => /opt/ros/jazzy/lib/libsensor_msgs__rosidl_typesupport_cpp.so (0x00007cd19355d000)
	libstd_msgs__rosidl_typesupport_cpp.so => /opt/ros/jazzy/lib/libstd_msgs__rosidl_typesupport_cpp.so (0x00007cd193551000)
	libtraj_utils_lib.so => /home/dev/ws_iap/install/traj_utils/lib/libtraj_utils_lib.so (0x00007cd19350c000)
	libiap.so => /home/dev/ws_iap/src/iap/results/icra27/icra031/install/lib/libiap.so (0x00007cd192200000)
	libiap__rosidl_typesupport_cpp.so => /home/dev/ws_iap/src/iap/results/icra27/icra031/install/lib/libiap__rosidl_typesupport_cpp.so (0x00007cd193506000)
	libnav_msgs__rosidl_typesupport_cpp.so => /opt/ros/jazzy/lib/libnav_msgs__rosidl_typesupport_cpp.so (0x00007cd1934f7000)
	libopencv_core.so.406 => /usr/lib/x86_64-linux-gnu/libopencv_core.so.406 (0x00007cd191e8c000)
	libcephes-gtsam.so.1 => /usr/lib/x86_64-linux-gnu/libcephes-gtsam.so.1 (0x00007cd1934a7000)
	libGL.so.1 => /usr/lib/x86_64-linux-gnu/libGL.so.1 (0x00007cd193179000)
	libstdc++.so.6 => /usr/lib/x86_64-linux-gnu/libstdc++.so.6 (0x00007cd191c0e000)
	libm.so.6 => /usr/lib/x86_64-linux-gnu/libm.so.6 (0x00007cd192ab9000)
	libgcc_s.so.1 => /usr/lib/x86_64-linux-gnu/libgcc_s.so.1 (0x00007cd19314b000)
	libc.so.6 => /usr/lib/x86_64-linux-gnu/libc.so.6 (0x00007cd1919fc000)
	/lib64/ld-linux-x86-64.so.2 (0x00007cd193b02000)
	libvisualization_msgs__rosidl_generator_c.so => /opt/ros/jazzy/lib/libvisualization_msgs__rosidl_generator_c.so (0x00007cd192a85000)
	librosidl_typesupport_cpp.so => /opt/ros/jazzy/lib/librosidl_typesupport_cpp.so (0x00007cd19349f000)
	libtraj_utils__rosidl_generator_c.so => /home/dev/ws_iap/install/traj_utils/lib/libtraj_utils__rosidl_generator_c.so (0x00007cd193496000)
	libcv_bridge.so => /opt/ros/jazzy/lib/libcv_bridge.so (0x00007cd192a54000)
	libmessage_filters.so => /opt/ros/jazzy/lib/libmessage_filters.so (0x00007cd19348f000)
	libpcl_common.so.1.14 => /usr/lib/x86_64-linux-gnu/libpcl_common.so.1.14 (0x00007cd191962000)
	libgeometry_msgs__rosidl_typesupport_cpp.so => /opt/ros/jazzy/lib/libgeometry_msgs__rosidl_typesupport_cpp.so (0x00007cd193481000)
	libgnss_comm__rosidl_generator_c.so => /home/dev/ws_iap/install/gnss_comm/lib/libgnss_comm__rosidl_generator_c.so (0x00007cd192a1b000)
	libglog.so.1 => /usr/lib/x86_64-linux-gnu/libglog.so.1 (0x00007cd19192c000)
	librcl_interfaces__rosidl_typesupport_cpp.so => /opt/ros/jazzy/lib/librcl_interfaces__rosidl_typesupport_cpp.so (0x00007cd19312e000)
	librcl_yaml_param_parser.so => /opt/ros/jazzy/lib/librcl_yaml_param_parser.so (0x00007cd191920000)
	librosgraph_msgs__rosidl_typesupport_cpp.so => /opt/ros/jazzy/lib/librosgraph_msgs__rosidl_typesupport_cpp.so (0x00007cd193129000)
	librcl_logging_interface.so => /opt/ros/jazzy/lib/librcl_logging_interface.so (0x00007cd19191b000)
	librmw_implementation.so => /opt/ros/jazzy/lib/librmw_implementation.so (0x00007cd19190e000)
	libament_index_cpp.so => /opt/ros/jazzy/lib/libament_index_cpp.so (0x00007cd191902000)
	libtype_description_interfaces__rosidl_typesupport_c.so => /opt/ros/jazzy/lib/libtype_description_interfaces__rosidl_typesupport_c.so (0x00007cd1918fb000)
	librosidl_dynamic_typesupport.so => /opt/ros/jazzy/lib/librosidl_dynamic_typesupport.so (0x00007cd1918e2000)
	librosidl_typesupport_introspection_cpp.so => /opt/ros/jazzy/lib/librosidl_typesupport_introspection_cpp.so (0x00007cd1918dd000)
	librcpputils.so => /opt/ros/jazzy/lib/librcpputils.so (0x00007cd1918cc000)
	librosidl_runtime_c.so => /opt/ros/jazzy/lib/librosidl_runtime_c.so (0x00007cd1918ad000)
	librcl_logging_spdlog.so => /opt/ros/jazzy/lib/librcl_logging_spdlog.so (0x00007cd1918a3000)
	librcl_interfaces__rosidl_typesupport_c.so => /opt/ros/jazzy/lib/librcl_interfaces__rosidl_typesupport_c.so (0x00007cd191893000)
	libtype_description_interfaces__rosidl_generator_c.so => /opt/ros/jazzy/lib/libtype_description_interfaces__rosidl_generator_c.so (0x00007cd19187b000)
	libyaml-0.so.2 => /usr/lib/x86_64-linux-gnu/libyaml-0.so.2 (0x00007cd191858000)
	libstatistics_msgs__rosidl_generator_c.so => /opt/ros/jazzy/lib/libstatistics_msgs__rosidl_generator_c.so (0x00007cd19184f000)
	liblttng-ust.so.1 => /usr/lib/x86_64-linux-gnu/liblttng-ust.so.1 (0x00007cd1917cc000)
	libsensor_msgs__rosidl_generator_c.so => /opt/ros/jazzy/lib/libsensor_msgs__rosidl_generator_c.so (0x00007cd191788000)
	libstd_msgs__rosidl_generator_c.so => /opt/ros/jazzy/lib/libstd_msgs__rosidl_generator_c.so (0x00007cd191757000)
	libgtsam_points.so.1 => /usr/local/lib/libgtsam_points.so.1 (0x00007cd191462000)
	libspdlog.so.1.12 => /usr/lib/x86_64-linux-gnu/libspdlog.so.1.12 (0x00007cd1913db000)
	libgtsam_points_cuda.so.1 => /usr/local/lib/libgtsam_points_cuda.so.1 (0x00007cd1910c4000)
	libgomp.so.1 => /usr/lib/x86_64-linux-gnu/libgomp.so.1 (0x00007cd19106e000)
	libgtsam.so.4 => /usr/lib/x86_64-linux-gnu/libgtsam.so.4 (0x00007cd190b71000)
	libboost_serialization.so.1.83.0 => /usr/lib/x86_64-linux-gnu/libboost_serialization.so.1.83.0 (0x00007cd190b2e000)
	libboost_filesystem.so.1.83.0 => /usr/lib/x86_64-linux-gnu/libboost_filesystem.so.1.83.0 (0x00007cd190b09000)
	libfmt.so.9 => /usr/lib/x86_64-linux-gnu/libfmt.so.9 (0x00007cd190ae8000)
	libiap__rosidl_generator_c.so => /home/dev/ws_iap/src/iap/results/icra27/icra031/install/lib/libiap__rosidl_generator_c.so (0x00007cd190ada000)
	libnav_msgs__rosidl_generator_c.so => /opt/ros/jazzy/lib/libnav_msgs__rosidl_generator_c.so (0x00007cd190aa7000)
	libz.so.1 => /usr/lib/x86_64-linux-gnu/libz.so.1 (0x00007cd190a8b000)
	libGLX.so.0 => /usr/lib/x86_64-linux-gnu/libGLX.so.0 (0x00007cd190a56000)
	liblapack.so.3 => /usr/lib/x86_64-linux-gnu/liblapack.so.3 (0x00007cd190366000)
	libblas.so.3 => /usr/lib/x86_64-linux-gnu/libblas.so.3 (0x00007cd1902bf000)
	libtbb.so.12 => /usr/lib/x86_64-linux-gnu/libtbb.so.12 (0x00007cd19026b000)
	libGLdispatch.so.0 => /usr/lib/x86_64-linux-gnu/libGLdispatch.so.0 (0x00007cd1901b3000)
	libservice_msgs__rosidl_generator_c.so => /opt/ros/jazzy/lib/libservice_msgs__rosidl_generator_c.so (0x00007cd1901ac000)
	libgeometry_msgs__rosidl_generator_c.so => /opt/ros/jazzy/lib/libgeometry_msgs__rosidl_generator_c.so (0x00007cd19016e000)
	libbuiltin_interfaces__rosidl_generator_c.so => /opt/ros/jazzy/lib/libbuiltin_interfaces__rosidl_generator_c.so (0x00007cd190167000)
	libopencv_imgcodecs.so.406 => /usr/lib/x86_64-linux-gnu/libopencv_imgcodecs.so.406 (0x00007cd19010e000)
	libopencv_imgproc.so.406 => /usr/lib/x86_64-linux-gnu/libopencv_imgproc.so.406 (0x00007cd18fbb4000)
	libgflags.so.2.2 => /usr/lib/x86_64-linux-gnu/libgflags.so.2.2 (0x00007cd18fb91000)
	libunwind.so.8 => /usr/lib/x86_64-linux-gnu/libunwind.so.8 (0x00007cd18fb76000)
	librcl_interfaces__rosidl_generator_c.so => /opt/ros/jazzy/lib/librcl_interfaces__rosidl_generator_c.so (0x00007cd18fb28000)
	librosgraph_msgs__rosidl_generator_c.so => /opt/ros/jazzy/lib/librosgraph_msgs__rosidl_generator_c.so (0x00007cd18fb23000)
	librosidl_typesupport_c.so => /opt/ros/jazzy/lib/librosidl_typesupport_c.so (0x00007cd18fb1d000)
	libnuma.so.1 => /usr/lib/x86_64-linux-gnu/libnuma.so.1 (0x00007cd18fb0d000)
	liblttng-ust-common.so.1 => /usr/lib/x86_64-linux-gnu/liblttng-ust-common.so.1 (0x00007cd18fb00000)
	liblttng-ust-tracepoint.so.1 => /usr/lib/x86_64-linux-gnu/liblttng-ust-tracepoint.so.1 (0x00007cd18fae3000)
	libboost_timer.so.1.83.0 => /usr/lib/x86_64-linux-gnu/libboost_timer.so.1.83.0 (0x00007cd18fadc000)
	libcudart.so.12 => /usr/local/cuda/targets/x86_64-linux/lib/libcudart.so.12 (0x00007cd18f800000)
	libmetis.so.5 => /usr/lib/x86_64-linux-gnu/libmetis.so.5 (0x00007cd18f796000)
	libX11.so.6 => /usr/lib/x86_64-linux-gnu/libX11.so.6 (0x00007cd18f659000)
	libgfortran.so.5 => /usr/lib/x86_64-linux-gnu/libgfortran.so.5 (0x00007cd18f33b000)
	libjpeg.so.8 => /usr/lib/x86_64-linux-gnu/libjpeg.so.8 (0x00007cd18f2b8000)
	libwebp.so.7 => /usr/lib/x86_64-linux-gnu/libwebp.so.7 (0x00007cd18f23d000)
	libpng16.so.16 => /usr/lib/x86_64-linux-gnu/libpng16.so.16 (0x00007cd18f205000)
	libgdcmMSFF.so.3.0 => /usr/lib/x86_64-linux-gnu/libgdcmMSFF.so.3.0 (0x00007cd18efd9000)
	libtiff.so.6 => /usr/lib/x86_64-linux-gnu/libtiff.so.6 (0x00007cd18ef4c000)
	libopenjp2.so.7 => /usr/lib/x86_64-linux-gnu/libopenjp2.so.7 (0x00007cd18eeeb000)
	libOpenEXR-3_1.so.30 => /usr/lib/x86_64-linux-gnu/libOpenEXR-3_1.so.30 (0x00007cd18ebe6000)
	libgdal.so.34 => /usr/lib/x86_64-linux-gnu/libgdal.so.34 (0x00007cd18d40f000)
	libgdcmDSED.so.3.0 => /usr/lib/x86_64-linux-gnu/libgdcmDSED.so.3.0 (0x00007cd18d317000)
	liblzma.so.5 => /usr/lib/x86_64-linux-gnu/liblzma.so.5 (0x00007cd18d2e5000)
	libdl.so.2 => /usr/lib/x86_64-linux-gnu/libdl.so.2 (0x00007cd18fad1000)
	libpthread.so.0 => /usr/lib/x86_64-linux-gnu/libpthread.so.0 (0x00007cd18facc000)
	librt.so.1 => /usr/lib/x86_64-linux-gnu/librt.so.1 (0x00007cd18fac7000)
	libxcb.so.1 => /usr/lib/x86_64-linux-gnu/libxcb.so.1 (0x00007cd18d2bc000)
	libsharpyuv.so.0 => /usr/lib/x86_64-linux-gnu/libsharpyuv.so.0 (0x00007cd18fabd000)
	libgdcmDICT.so.3.0 => /usr/lib/x86_64-linux-gnu/libgdcmDICT.so.3.0 (0x00007cd18cfe4000)
	libgdcmjpeg8.so.3.0 => /usr/lib/x86_64-linux-gnu/libgdcmjpeg8.so.3.0 (0x00007cd18cfb9000)
	libgdcmjpeg12.so.3.0 => /usr/lib/x86_64-linux-gnu/libgdcmjpeg12.so.3.0 (0x00007cd18cf8e000)
	libgdcmjpeg16.so.3.0 => /usr/lib/x86_64-linux-gnu/libgdcmjpeg16.so.3.0 (0x00007cd18cf63000)
	libcharls.so.2 => /usr/lib/x86_64-linux-gnu/libcharls.so.2 (0x00007cd18cf0f000)
	libuuid.so.1 => /usr/lib/x86_64-linux-gnu/libuuid.so.1 (0x00007cd18fab1000)
	libjson-c.so.5 => /usr/lib/x86_64-linux-gnu/libjson-c.so.5 (0x00007cd18cefb000)
	libgdcmIOD.so.3.0 => /usr/lib/x86_64-linux-gnu/libgdcmIOD.so.3.0 (0x00007cd18cee5000)
	libgdcmCommon.so.3.0 => /usr/lib/x86_64-linux-gnu/libgdcmCommon.so.3.0 (0x00007cd18cec0000)
	libzstd.so.1 => /usr/lib/x86_64-linux-gnu/libzstd.so.1 (0x00007cd18ce04000)
	libLerc.so.4 => /usr/lib/x86_64-linux-gnu/libLerc.so.4 (0x00007cd18cd7d000)
	libjbig.so.0 => /usr/lib/x86_64-linux-gnu/libjbig.so.0 (0x00007cd18cd6d000)
	libdeflate.so.0 => /usr/lib/x86_64-linux-gnu/libdeflate.so.0 (0x00007cd18cd5a000)
	libImath-3_1.so.29 => /usr/lib/x86_64-linux-gnu/libImath-3_1.so.29 (0x00007cd18cd0c000)
	libIlmThread-3_1.so.30 => /usr/lib/x86_64-linux-gnu/libIlmThread-3_1.so.30 (0x00007cd18cd00000)
	libIex-3_1.so.30 => /usr/lib/x86_64-linux-gnu/libIex-3_1.so.30 (0x00007cd18cc7d000)
	libcurl.so.4 => /usr/lib/x86_64-linux-gnu/libcurl.so.4 (0x00007cd18cbbc000)
	libodbc.so.2 => /usr/lib/x86_64-linux-gnu/libodbc.so.2 (0x00007cd18cb4c000)
	libodbcinst.so.2 => /usr/lib/x86_64-linux-gnu/libodbcinst.so.2 (0x00007cd18cb38000)
	libxml2.so.2 => /usr/lib/x86_64-linux-gnu/libxml2.so.2 (0x00007cd18c954000)
	libcrypto.so.3 => /usr/lib/x86_64-linux-gnu/libcrypto.so.3 (0x00007cd18c440000)
	liblz4.so.1 => /usr/lib/x86_64-linux-gnu/liblz4.so.1 (0x00007cd18c41e000)
	libblosc.so.1 => /usr/lib/x86_64-linux-gnu/libblosc.so.1 (0x00007cd18c40e000)
	libarmadillo.so.12 => /lib/libarmadillo.so.12 (0x00007cd18c3fb000)
	libqhull_r.so.8.0 => /usr/lib/x86_64-linux-gnu/libqhull_r.so.8.0 (0x00007cd18c38b000)
	libxerces-c-3.2.so => /usr/lib/x86_64-linux-gnu/libxerces-c-3.2.so (0x00007cd18c034000)
	libgeotiff.so.5 => /usr/lib/x86_64-linux-gnu/libgeotiff.so.5 (0x00007cd18bffe000)
	libheif.so.1 => /usr/lib/x86_64-linux-gnu/libheif.so.1 (0x00007cd18bf3e000)
	libaec.so.0 => /usr/lib/x86_64-linux-gnu/libaec.so.0 (0x00007cd18bf35000)
	libpoppler.so.134 => /usr/lib/x86_64-linux-gnu/libpoppler.so.134 (0x00007cd18bbc1000)
	libgif.so.7 => /usr/lib/x86_64-linux-gnu/libgif.so.7 (0x00007cd18bbb6000)
	libnetcdf.so.19 => /usr/lib/x86_64-linux-gnu/libnetcdf.so.19 (0x00007cd18b9c9000)
	libcfitsio.so.10 => /usr/lib/x86_64-linux-gnu/libcfitsio.so.10 (0x00007cd18b6c1000)
	libhdf5_serial.so.103 => /usr/lib/x86_64-linux-gnu/libhdf5_serial.so.103 (0x00007cd18b34d000)
	libsqlite3.so.0 => /usr/lib/x86_64-linux-gnu/libsqlite3.so.0 (0x00007cd18b1e5000)
	libpq.so.5 => /usr/lib/x86_64-linux-gnu/libpq.so.5 (0x00007cd18b18e000)
	libkmlbase.so.1 => /usr/lib/x86_64-linux-gnu/libkmlbase.so.1 (0x00007cd18b171000)
	libkmldom.so.1 => /usr/lib/x86_64-linux-gnu/libkmldom.so.1 (0x00007cd18b0dd000)
	libkmlengine.so.1 => /usr/lib/x86_64-linux-gnu/libkmlengine.so.1 (0x00007cd18b0af000)
	libfyba.so.0 => /usr/lib/x86_64-linux-gnu/libfyba.so.0 (0x00007cd18b059000)
	libpcre2-8.so.0 => /usr/lib/x86_64-linux-gnu/libpcre2-8.so.0 (0x00007cd18afbf000)
	libspatialite.so.8 => /usr/lib/x86_64-linux-gnu/libspatialite.so.8 (0x00007cd18a854000)
	libmysqlclient.so.21 => /usr/lib/x86_64-linux-gnu/libmysqlclient.so.21 (0x00007cd18a1d5000)
	libfreexl.so.1 => /usr/lib/x86_64-linux-gnu/libfreexl.so.1 (0x00007cd18a1c2000)
	libogdi.so.4.1 => /usr/lib/x86_64-linux-gnu/libogdi.so.4.1 (0x00007cd18a1a7000)
	libexpat.so.1 => /usr/lib/x86_64-linux-gnu/libexpat.so.1 (0x00007cd18a17b000)
	libgeos_c.so.1 => /usr/lib/x86_64-linux-gnu/libgeos_c.so.1 (0x00007cd18a132000)
	libproj.so.25 => /usr/lib/x86_64-linux-gnu/libproj.so.25 (0x00007cd189d70000)
	libdfalt.so.0 => /usr/lib/x86_64-linux-gnu/libdfalt.so.0 (0x00007cd189ccc000)
	libmfhdfalt.so.0 => /usr/lib/x86_64-linux-gnu/libmfhdfalt.so.0 (0x00007cd189ca1000)
	libXau.so.6 => /usr/lib/x86_64-linux-gnu/libXau.so.6 (0x00007cd189c9b000)
	libXdmcp.so.6 => /usr/lib/x86_64-linux-gnu/libXdmcp.so.6 (0x00007cd189c93000)
	libnghttp2.so.14 => /usr/lib/x86_64-linux-gnu/libnghttp2.so.14 (0x00007cd189c68000)
	libidn2.so.0 => /usr/lib/x86_64-linux-gnu/libidn2.so.0 (0x00007cd189c44000)
	librtmp.so.1 => /usr/lib/x86_64-linux-gnu/librtmp.so.1 (0x00007cd189c26000)
	libssh.so.4 => /usr/lib/x86_64-linux-gnu/libssh.so.4 (0x00007cd189bb4000)
	libpsl.so.5 => /usr/lib/x86_64-linux-gnu/libpsl.so.5 (0x00007cd189ba0000)
	libssl.so.3 => /usr/lib/x86_64-linux-gnu/libssl.so.3 (0x00007cd189af6000)
	libgssapi_krb5.so.2 => /usr/lib/x86_64-linux-gnu/libgssapi_krb5.so.2 (0x00007cd189aa2000)
	libldap.so.2 => /usr/lib/x86_64-linux-gnu/libldap.so.2 (0x00007cd189a43000)
	liblber.so.2 => /usr/lib/x86_64-linux-gnu/liblber.so.2 (0x00007cd189a33000)
	libbrotlidec.so.1 => /usr/lib/x86_64-linux-gnu/libbrotlidec.so.1 (0x00007cd189a25000)
	libltdl.so.7 => /usr/lib/x86_64-linux-gnu/libltdl.so.7 (0x00007cd189a1a000)
	libicuuc.so.74 => /usr/lib/x86_64-linux-gnu/libicuuc.so.74 (0x00007cd18980d000)
	libsnappy.so.1 => /usr/lib/x86_64-linux-gnu/libsnappy.so.1 (0x00007cd189800000)
	libarpack.so.2 => /usr/lib/x86_64-linux-gnu/libarpack.so.2 (0x00007cd1897b6000)
	libsuperlu.so.6 => /usr/lib/x86_64-linux-gnu/libsuperlu.so.6 (0x00007cd189746000)
	libcurl-gnutls.so.4 => /usr/lib/x86_64-linux-gnu/libcurl-gnutls.so.4 (0x00007cd18968b000)
	libfreetype.so.6 => /usr/lib/x86_64-linux-gnu/libfreetype.so.6 (0x00007cd1895bf000)
	libfontconfig.so.1 => /usr/lib/x86_64-linux-gnu/libfontconfig.so.1 (0x00007cd18956c000)
	liblcms2.so.2 => /usr/lib/x86_64-linux-gnu/liblcms2.so.2 (0x00007cd18950a000)
	libnss3.so => /usr/lib/x86_64-linux-gnu/libnss3.so (0x00007cd1893db000)
	libsmime3.so => /usr/lib/x86_64-linux-gnu/libsmime3.so (0x00007cd1893b2000)
	libplc4.so => /usr/lib/x86_64-linux-gnu/libplc4.so (0x00007cd1893ab000)
	libnspr4.so => /usr/lib/x86_64-linux-gnu/libnspr4.so (0x00007cd18936c000)
	libhdf5_serial_hl.so.100 => /usr/lib/x86_64-linux-gnu/libhdf5_serial_hl.so.100 (0x00007cd189345000)
	libbz2.so.1.0 => /usr/lib/x86_64-linux-gnu/libbz2.so.1.0 (0x00007cd189331000)
	libsz.so.2 => /usr/lib/x86_64-linux-gnu/libsz.so.2 (0x00007cd18932c000)
	libminizip.so.1 => /usr/lib/x86_64-linux-gnu/libminizip.so.1 (0x00007cd18931f000)
	liburiparser.so.1 => /usr/lib/x86_64-linux-gnu/liburiparser.so.1 (0x00007cd189308000)
	libfyut.so.0 => /usr/lib/x86_64-linux-gnu/libfyut.so.0 (0x00007cd1892fb000)
	libfygm.so.0 => /usr/lib/x86_64-linux-gnu/libfygm.so.0 (0x00007cd1892f2000)
	librttopo.so.1 => /usr/lib/x86_64-linux-gnu/librttopo.so.1 (0x00007cd189282000)
	libresolv.so.2 => /usr/lib/x86_64-linux-gnu/libresolv.so.2 (0x00007cd18926f000)
	libtirpc.so.3 => /usr/lib/x86_64-linux-gnu/libtirpc.so.3 (0x00007cd189242000)
	libgeos.so.3.12.1 => /usr/lib/x86_64-linux-gnu/libgeos.so.3.12.1 (0x00007cd188fd8000)
	libbsd.so.0 => /usr/lib/x86_64-linux-gnu/libbsd.so.0 (0x00007cd188fc2000)
	libunistring.so.5 => /usr/lib/x86_64-linux-gnu/libunistring.so.5 (0x00007cd188e15000)
	libgnutls.so.30 => /usr/lib/x86_64-linux-gnu/libgnutls.so.30 (0x00007cd188c1b000)
	libhogweed.so.6 => /usr/lib/x86_64-linux-gnu/libhogweed.so.6 (0x00007cd188bd3000)
	libnettle.so.8 => /usr/lib/x86_64-linux-gnu/libnettle.so.8 (0x00007cd188b7c000)
	libgmp.so.10 => /usr/lib/x86_64-linux-gnu/libgmp.so.10 (0x00007cd188af8000)
	libkrb5.so.3 => /usr/lib/x86_64-linux-gnu/libkrb5.so.3 (0x00007cd188a2f000)
	libk5crypto.so.3 => /usr/lib/x86_64-linux-gnu/libk5crypto.so.3 (0x00007cd188a03000)
	libcom_err.so.2 => /usr/lib/x86_64-linux-gnu/libcom_err.so.2 (0x00007cd1889fd000)
	libkrb5support.so.0 => /usr/lib/x86_64-linux-gnu/libkrb5support.so.0 (0x00007cd1889ee000)
	libsasl2.so.2 => /usr/lib/x86_64-linux-gnu/libsasl2.so.2 (0x00007cd1889d4000)
	libbrotlicommon.so.1 => /usr/lib/x86_64-linux-gnu/libbrotlicommon.so.1 (0x00007cd1889b1000)
	libicudata.so.74 => /usr/lib/x86_64-linux-gnu/libicudata.so.74 (0x00007cd186c51000)
	libnssutil3.so => /usr/lib/x86_64-linux-gnu/libnssutil3.so (0x00007cd186c1f000)
	libplds4.so => /usr/lib/x86_64-linux-gnu/libplds4.so (0x00007cd186c18000)
	libmd.so.0 => /usr/lib/x86_64-linux-gnu/libmd.so.0 (0x00007cd186c09000)
	libp11-kit.so.0 => /usr/lib/x86_64-linux-gnu/libp11-kit.so.0 (0x00007cd186a65000)
	libtasn1.so.6 => /usr/lib/x86_64-linux-gnu/libtasn1.so.6 (0x00007cd186a4f000)
	libkeyutils.so.1 => /usr/lib/x86_64-linux-gnu/libkeyutils.so.1 (0x00007cd186a46000)
	libffi.so.8 => /usr/lib/x86_64-linux-gnu/libffi.so.8 (0x00007cd186a3a000)
