[0.044s] DEBUG:colcon:Command line arguments: ['/usr/bin/colcon', 'build', '--packages-select', 'iap', '--cmake-args', '-DCMAKE_BUILD_TYPE=RelWithDebInfo', '-DCMAKE_EXPORT_COMPILE_COMMANDS=ON']
[0.044s] DEBUG:colcon:Parsed command line arguments: Namespace(log_base=None, log_level=None, verb_name='build', build_base='build', install_base='install', merge_install=False, symlink_install=False, test_result_base=None, continue_on_error=False, executor='parallel', parallel_workers=20, event_handlers=None, ignore_user_meta=False, metas=['./colcon.meta'], base_paths=['.'], packages_ignore=None, packages_ignore_regex=None, paths=None, packages_up_to=None, packages_up_to_regex=None, packages_above=None, packages_above_and_dependencies=None, packages_above_depth=None, packages_select_by_dep=None, packages_skip_by_dep=None, packages_skip_up_to=None, packages_select_build_failed=False, packages_skip_build_finished=False, packages_select_test_failures=False, packages_skip_test_passed=False, packages_select=['iap'], packages_skip=None, packages_select_regex=None, packages_skip_regex=None, packages_start=None, packages_end=None, cmake_args=['-DCMAKE_BUILD_TYPE=RelWithDebInfo', '-DCMAKE_EXPORT_COMPILE_COMMANDS=ON'], cmake_target=None, cmake_target_skip_unavailable=False, cmake_clean_cache=False, cmake_clean_first=False, cmake_force_configure=False, ament_cmake_args=None, catkin_cmake_args=None, catkin_skip_building_tests=False, verb_parser=<colcon_defaults.argument_parser.defaults.DefaultArgumentsDecorator object at 0x72a788b84740>, verb_extension=<colcon_core.verb.build.BuildVerb object at 0x72a788b843e0>, main=<bound method BuildVerb.main of <colcon_core.verb.build.BuildVerb object at 0x72a788b843e0>>)
[0.062s] Level 1:colcon.colcon_core.package_discovery:discover_packages(colcon_meta) check parameters
[0.062s] Level 1:colcon.colcon_core.package_discovery:discover_packages(recursive) check parameters
[0.062s] Level 1:colcon.colcon_core.package_discovery:discover_packages(ignore) check parameters
[0.062s] Level 1:colcon.colcon_core.package_discovery:discover_packages(path) check parameters
[0.062s] Level 1:colcon.colcon_core.package_discovery:discover_packages(colcon_meta) discover
[0.062s] Level 1:colcon.colcon_core.package_discovery:discover_packages(recursive) discover
[0.062s] INFO:colcon.colcon_core.package_discovery:Crawling recursively for packages in '/home/dev/code/ws_iap/src/iap'
[0.062s] Level 1:colcon.colcon_core.package_identification:_identify(.) by extensions ['ignore', 'ignore_ament_install']
[0.062s] Level 1:colcon.colcon_core.package_identification:_identify(.) by extension 'ignore'
[0.062s] Level 1:colcon.colcon_core.package_identification:_identify(.) by extension 'ignore_ament_install'
[0.062s] Level 1:colcon.colcon_core.package_identification:_identify(.) by extensions ['colcon_pkg']
[0.062s] Level 1:colcon.colcon_core.package_identification:_identify(.) by extension 'colcon_pkg'
[0.062s] Level 1:colcon.colcon_core.package_identification:_identify(.) by extensions ['colcon_meta']
[0.062s] Level 1:colcon.colcon_core.package_identification:_identify(.) by extension 'colcon_meta'
[0.062s] Level 1:colcon.colcon_core.package_identification:_identify(.) by extensions ['ros']
[0.062s] Level 1:colcon.colcon_core.package_identification:_identify(.) by extension 'ros'
[0.076s] DEBUG:colcon.colcon_core.package_identification:Package '.' with type 'ros.ament_cmake' and name 'iap'
[0.076s] Level 1:colcon.colcon_core.package_discovery:discover_packages(recursive) using defaults
[0.076s] Level 1:colcon.colcon_core.package_discovery:discover_packages(ignore) discover
[0.077s] Level 1:colcon.colcon_core.package_discovery:discover_packages(ignore) using defaults
[0.077s] Level 1:colcon.colcon_core.package_discovery:discover_packages(path) discover
[0.077s] Level 1:colcon.colcon_core.package_discovery:discover_packages(path) using defaults
[0.085s] Level 5:colcon.colcon_core.verb:set package 'iap' build argument 'cmake_args' from command line to '['-DCMAKE_BUILD_TYPE=RelWithDebInfo', '-DCMAKE_EXPORT_COMPILE_COMMANDS=ON']'
[0.085s] Level 5:colcon.colcon_core.verb:set package 'iap' build argument 'cmake_target' from command line to 'None'
[0.085s] Level 5:colcon.colcon_core.verb:set package 'iap' build argument 'cmake_target_skip_unavailable' from command line to 'False'
[0.085s] Level 5:colcon.colcon_core.verb:set package 'iap' build argument 'cmake_clean_cache' from command line to 'False'
[0.085s] Level 5:colcon.colcon_core.verb:set package 'iap' build argument 'cmake_clean_first' from command line to 'False'
[0.085s] Level 5:colcon.colcon_core.verb:set package 'iap' build argument 'cmake_force_configure' from command line to 'False'
[0.085s] Level 5:colcon.colcon_core.verb:set package 'iap' build argument 'ament_cmake_args' from command line to 'None'
[0.085s] Level 5:colcon.colcon_core.verb:set package 'iap' build argument 'catkin_cmake_args' from command line to 'None'
[0.085s] Level 5:colcon.colcon_core.verb:set package 'iap' build argument 'catkin_skip_building_tests' from command line to 'False'
[0.085s] DEBUG:colcon.colcon_core.verb:Building package 'iap' with the following arguments: {'ament_cmake_args': None, 'build_base': '/home/dev/code/ws_iap/src/iap/build/iap', 'catkin_cmake_args': None, 'catkin_skip_building_tests': False, 'cmake_args': ['-DCMAKE_BUILD_TYPE=RelWithDebInfo', '-DCMAKE_EXPORT_COMPILE_COMMANDS=ON'], 'cmake_clean_cache': False, 'cmake_clean_first': False, 'cmake_force_configure': False, 'cmake_target': None, 'cmake_target_skip_unavailable': False, 'install_base': '/home/dev/code/ws_iap/src/iap/install/iap', 'merge_install': False, 'path': '/home/dev/code/ws_iap/src/iap', 'symlink_install': False, 'test_result_base': None}
[0.085s] INFO:colcon.colcon_core.executor:Executing jobs using 'parallel' executor
[0.085s] DEBUG:colcon.colcon_parallel_executor.executor.parallel:run_until_complete
[0.086s] INFO:colcon.colcon_ros.task.ament_cmake.build:Building ROS package in '/home/dev/code/ws_iap/src/iap' with build type 'ament_cmake'
[0.086s] INFO:colcon.colcon_cmake.task.cmake.build:Building CMake package in '/home/dev/code/ws_iap/src/iap'
[0.086s] INFO:colcon.colcon_core.plugin_system:Skipping extension 'colcon_core.shell.bat': Not used on non-Windows systems
[0.086s] INFO:colcon.colcon_core.shell:Skip shell extension 'powershell' for command environment: Not usable outside of PowerShell
[0.086s] DEBUG:colcon.colcon_core.shell:Skip shell extension 'dsv' for command environment
[0.090s] DEBUG:colcon.colcon_core.event_handler.log_command:Invoking command in '/home/dev/code/ws_iap/src/iap/build/iap': CMAKE_PREFIX_PATH=${CMAKE_PREFIX_PATH}:/opt/ros/jazzy /usr/bin/cmake /home/dev/code/ws_iap/src/iap -DCMAKE_BUILD_TYPE=RelWithDebInfo -DCMAKE_EXPORT_COMPILE_COMMANDS=ON -DCMAKE_INSTALL_PREFIX=/home/dev/code/ws_iap/src/iap/install/iap
[0.694s] DEBUG:colcon.colcon_core.event_handler.log_command:Invoked command in '/home/dev/code/ws_iap/src/iap/build/iap' returned '0': CMAKE_PREFIX_PATH=${CMAKE_PREFIX_PATH}:/opt/ros/jazzy /usr/bin/cmake /home/dev/code/ws_iap/src/iap -DCMAKE_BUILD_TYPE=RelWithDebInfo -DCMAKE_EXPORT_COMPILE_COMMANDS=ON -DCMAKE_INSTALL_PREFIX=/home/dev/code/ws_iap/src/iap/install/iap
[0.694s] DEBUG:colcon.colcon_core.event_handler.log_command:Invoking command in '/home/dev/code/ws_iap/src/iap/build/iap': CMAKE_PREFIX_PATH=${CMAKE_PREFIX_PATH}:/opt/ros/jazzy /usr/bin/cmake --build /home/dev/code/ws_iap/src/iap/build/iap -- -j20 -l20
[21.692s] DEBUG:colcon.colcon_core.event_handler.log_command:Invoked command in '/home/dev/code/ws_iap/src/iap/build/iap' returned '2': CMAKE_PREFIX_PATH=${CMAKE_PREFIX_PATH}:/opt/ros/jazzy /usr/bin/cmake --build /home/dev/code/ws_iap/src/iap/build/iap -- -j20 -l20
[21.692s] Level 1:colcon.colcon_core.environment:create_environment_scripts_only(iap)
[21.693s] Level 1:colcon.colcon_core.environment:checking '/home/dev/code/ws_iap/src/iap/install/iap' for CMake module files
[21.694s] Level 1:colcon.colcon_core.environment:checking '/home/dev/code/ws_iap/src/iap/install/iap' for CMake config files
[21.694s] Level 1:colcon.colcon_core.environment:checking '/home/dev/code/ws_iap/src/iap/install/iap/bin'
[21.694s] Level 1:colcon.colcon_core.environment:checking '/home/dev/code/ws_iap/src/iap/install/iap/lib/pkgconfig/iap.pc'
[21.695s] Level 1:colcon.colcon_core.environment:checking '/home/dev/code/ws_iap/src/iap/install/iap/lib/python3.12/site-packages'
[21.695s] Level 1:colcon.colcon_core.environment:checking '/home/dev/code/ws_iap/src/iap/install/iap/bin'
[21.695s] INFO:colcon.colcon_core.shell:Creating package script '/home/dev/code/ws_iap/src/iap/install/iap/share/iap/package.ps1'
[21.695s] INFO:colcon.colcon_core.shell:Creating package descriptor '/home/dev/code/ws_iap/src/iap/install/iap/share/iap/package.dsv'
[21.696s] INFO:colcon.colcon_core.shell:Creating package script '/home/dev/code/ws_iap/src/iap/install/iap/share/iap/package.sh'
[21.696s] INFO:colcon.colcon_core.shell:Creating package script '/home/dev/code/ws_iap/src/iap/install/iap/share/iap/package.bash'
[21.696s] INFO:colcon.colcon_core.shell:Creating package script '/home/dev/code/ws_iap/src/iap/install/iap/share/iap/package.zsh'
[21.696s] Level 1:colcon.colcon_core.environment:create_file_with_runtime_dependencies(/home/dev/code/ws_iap/src/iap/install/iap/share/colcon-core/packages/iap)
[21.707s] DEBUG:colcon.colcon_parallel_executor.executor.parallel:closing loop
[21.707s] DEBUG:colcon.colcon_parallel_executor.executor.parallel:loop closed
[21.707s] DEBUG:colcon.colcon_parallel_executor.executor.parallel:run_until_complete finished with '2'
[21.707s] DEBUG:colcon.colcon_core.event_reactor:joining thread
[21.710s] INFO:colcon.colcon_core.plugin_system:Skipping extension 'colcon_notification.desktop_notification.notify_send': Could not find 'notify-send'
[21.710s] INFO:colcon.colcon_core.plugin_system:Skipping extension 'colcon_notification.desktop_notification.terminal_notifier': Not used on non-Darwin systems
[21.710s] INFO:colcon.colcon_core.plugin_system:Skipping extension 'colcon_notification.desktop_notification.win32': Not used on non-Windows systems
[21.710s] INFO:colcon.colcon_notification.desktop_notification:Sending desktop notification using 'notify2'
[21.712s] DEBUG:colcon.colcon_notification.desktop_notification.notify2:Failed to initialize notify2: org.freedesktop.DBus.Error.Spawn.ExecFailed: /usr/bin/dbus-launch terminated abnormally without any error message
[21.712s] DEBUG:colcon.colcon_core.event_reactor:joined thread
[21.712s] INFO:colcon.colcon_core.shell:Creating prefix script '/home/dev/code/ws_iap/src/iap/install/local_setup.ps1'
[21.713s] INFO:colcon.colcon_core.shell:Creating prefix util module '/home/dev/code/ws_iap/src/iap/install/_local_setup_util_ps1.py'
[21.713s] INFO:colcon.colcon_core.shell:Creating prefix chain script '/home/dev/code/ws_iap/src/iap/install/setup.ps1'
[21.714s] INFO:colcon.colcon_core.shell:Creating prefix script '/home/dev/code/ws_iap/src/iap/install/local_setup.sh'
[21.714s] INFO:colcon.colcon_core.shell:Creating prefix util module '/home/dev/code/ws_iap/src/iap/install/_local_setup_util_sh.py'
[21.714s] INFO:colcon.colcon_core.shell:Creating prefix chain script '/home/dev/code/ws_iap/src/iap/install/setup.sh'
[21.715s] INFO:colcon.colcon_core.shell:Creating prefix script '/home/dev/code/ws_iap/src/iap/install/local_setup.bash'
[21.715s] INFO:colcon.colcon_core.shell:Creating prefix chain script '/home/dev/code/ws_iap/src/iap/install/setup.bash'
[21.715s] INFO:colcon.colcon_core.shell:Creating prefix script '/home/dev/code/ws_iap/src/iap/install/local_setup.zsh'
[21.715s] INFO:colcon.colcon_core.shell:Creating prefix chain script '/home/dev/code/ws_iap/src/iap/install/setup.zsh'
