FFEE
======================================================================
ERROR: test_p0_incomplete_refresh_claim_without_end_identity_is_malformed (__main__.Gate0AnalyzerTest.test_p0_incomplete_refresh_claim_without_end_identity_is_malformed)
----------------------------------------------------------------------
Traceback (most recent call last):
  File "/home/dev/ws_iap/src/iap/test/test_gate0_analyzer.py", line 1158, in test_p0_incomplete_refresh_claim_without_end_identity_is_malformed
    self.assertEqual(summary["pre_refresh_observation_count"], 0)
                     ~~~~~~~^^^^^^^^^^^^^^^^^^^^^^^^^^^^^^^^^
KeyError: 'pre_refresh_observation_count'

======================================================================
ERROR: test_icra031_health_replay_only_reclassifies_startup_observation (__main__.Gate0AnalyzerTest.test_icra031_health_replay_only_reclassifies_startup_observation)
----------------------------------------------------------------------
Traceback (most recent call last):
  File "/home/dev/ws_iap/src/iap/test/test_gate0_analyzer.py", line 1181, in test_icra031_health_replay_only_reclassifies_startup_observation
    self.assertEqual(summary["pre_refresh_observation_count"], 1)
                     ~~~~~~~^^^^^^^^^^^^^^^^^^^^^^^^^^^^^^^^^
KeyError: 'pre_refresh_observation_count'

======================================================================
FAIL: test_p0_zero_generation_not_ready_without_refresh_identity_is_startup (__main__.Gate0AnalyzerTest.test_p0_zero_generation_not_ready_without_refresh_identity_is_startup)
----------------------------------------------------------------------
Traceback (most recent call last):
  File "/home/dev/ws_iap/src/iap/test/test_gate0_analyzer.py", line 1109, in test_p0_zero_generation_not_ready_without_refresh_identity_is_startup
    self.assertEqual(rows, [])
AssertionError: Lists differ: [{'generation_id': 0, 'refresh_callback_en[1957 chars]309}] != []

First list contains 1 additional elements.
First extra element 0:
{'generation_id': 0, 'refresh_callback_end_steady_s': None, 'refresh_query_count': 0, 'provider_query_count': 0, 'occupied_skip_count': 0, 'predictor_unique_positions': 0, 'predictor_requested_worker_count': 4, 'predictor_effective_worker_count': 4, 'predictor_spatial_advisory_recompute_count': 12800, 'predictor_spatial_advisory_reuse_count': 64000, 'predictor_gnss_advisory_invocation_count': 12800, 'predictor_lidar_advisory_invocation_count': 12800, 'predictor_horizon_fusion_count': 76800, 'predictor_spatial_retained_position_count': 0, 'predictor_spatial_entered_position_count': 12800, 'predictor_spatial_evicted_position_count': 0, 'predictor_spatial_full_invalidation_count': 0, 'predictor_spatial_exact_retained_position_count': 0, 'predictor_spatial_ttl_retained_position_count': 0, 'predictor_spatial_gnss_ttl_expired_position_count': 0, 'predictor_spatial_legacy_current_ttl_expired_position_count': 0, 'predictor_spatial_watchdog_forced_full_rebuild_count': 0, 'predictor_spatial_invalid_source_provenance_count': 0, 'predictor_spatial_invalidation_reason': 'uninitialized', 'refresh_elapsed_ms': 100.0, 'provider_batch_duration_ms': 80.0, 'generation_interval_ms': 500.0, 'predictor_lidar_evaluations': '', 'predictor_lidar_cache_hits': '', 'ready': False, 'stale': False, 'valid_ratio': 1.0, 'unknown_ratio': 0.0, 'reason': 'not_ready', 'refresh_stamp_s': 1.0, 'failed_refresh': 1, 'snapshot_available': True, 'snapshot_failure_reason': 'none', 'odom_seen': True, 'odom_valid': True, 'odom_fresh': True, 'odom_stamp_s': 1.0, 'current_integrity_seen': True, 'current_integrity_valid': True, 'current_integrity_fresh': True, 'current_integrity_stamp_s': 1.0, 'gnss_epoch_seen': True, 'gnss_epoch_valid': True, 'gnss_epoch_fresh': True, 'gnss_epoch_stamp_s': 1.0, 'gnss_epoch_satellite_count': 31, 'origin_seen': True, 'origin_valid': True, 'origin_fresh': True, 'origin_stamp_s': 1.0, 'map_seen': True, 'map_valid': True, 'map_fresh': True, 'map_stamp_s': 1.0, 'map_point_count': 23309}

Diff is 2248 characters long. Set self.maxDiff to None to see it.

======================================================================
FAIL: test_p0_startup_observation_does_not_contaminate_valid_generation (__main__.Gate0AnalyzerTest.test_p0_startup_observation_does_not_contaminate_valid_generation)
----------------------------------------------------------------------
Traceback (most recent call last):
  File "/home/dev/ws_iap/src/iap/test/test_gate0_analyzer.py", line 1135, in test_p0_startup_observation_does_not_contaminate_valid_generation
    self.assertEqual([row["generation_id"] for row in rows], [1])
AssertionError: Lists differ: [0, 1] != [1]

First differing element 0:
0
1

First list contains 1 additional elements.
First extra element 1:
1

- [0, 1]
+ [1]

----------------------------------------------------------------------
Ran 4 tests in 0.002s

FAILED (failures=2, errors=2)
