In file included from /home/dev/code/ws_iap/src/iap/src/iap/odometry/callbacks.cpp:3:
/usr/include/gtsam_unstable/nonlinear/FixedLagSmoother.h:17:2: warning: #warning "FixedLagSmoother was moved to the gtsam/nonlinear directory" [-Wcpp]
   17 | #warning "FixedLagSmoother was moved to the gtsam/nonlinear directory"
      |  ^~~~~~~
In file included from /home/dev/code/ws_iap/src/iap/include/iap/common/imu_validation.hpp:6,
                 from /home/dev/code/ws_iap/src/iap/src/iap/common/imu_validation.cpp:1:
/usr/local/include/gtsam_points/util/runnning_statistics.hpp:7:149: note: ‘#pragma message: Including gtsam_points/util/running_statistics.hpp is deprecated. Please include gtsam_points/util/running_statistics.hpp instead.’
    7 | #pragma message("Including gtsam_points/util/running_statistics.hpp is deprecated. Please include gtsam_points/util/running_statistics.hpp instead.")
      |                                                                                                                                                     ^
In file included from /home/dev/code/ws_iap/src/iap/include/iap/common/imu_validation.hpp:6,
                 from /home/dev/code/ws_iap/src/iap/src/iap/odometry/odometry_estimation_imu.cpp:16:
/usr/local/include/gtsam_points/util/runnning_statistics.hpp:7:149: note: ‘#pragma message: Including gtsam_points/util/running_statistics.hpp is deprecated. Please include gtsam_points/util/running_statistics.hpp instead.’
    7 | #pragma message("Including gtsam_points/util/running_statistics.hpp is deprecated. Please include gtsam_points/util/running_statistics.hpp instead.")
      |                                                                                                                                                     ^
In file included from /usr/local/include/gtsam_points/ann/incremental_covariance_voxelmap.hpp:6,
                 from /usr/local/include/gtsam_points/ann/ivox_covariance_estimation.hpp:7,
                 from /home/dev/code/ws_iap/src/iap/src/iap/odometry/odometry_estimation_ct.cpp:12:
/usr/local/include/gtsam_points/util/runnning_statistics.hpp:7:149: note: ‘#pragma message: Including gtsam_points/util/running_statistics.hpp is deprecated. Please include gtsam_points/util/running_statistics.hpp instead.’
    7 | #pragma message("Including gtsam_points/util/running_statistics.hpp is deprecated. Please include gtsam_points/util/running_statistics.hpp instead.")
      |                                                                                                                                                     ^
In file included from /home/dev/code/ws_iap/src/iap/include/iap/viewer/standard_viewer.hpp:17,
                 from /home/dev/code/ws_iap/src/iap/src/iap/viewer/standard_viewer_callbacks.cpp:1:
/usr/local/include/gtsam_points/util/runnning_statistics.hpp:7:149: note: ‘#pragma message: Including gtsam_points/util/running_statistics.hpp is deprecated. Please include gtsam_points/util/running_statistics.hpp instead.’
    7 | #pragma message("Including gtsam_points/util/running_statistics.hpp is deprecated. Please include gtsam_points/util/running_statistics.hpp instead.")
      |                                                                                                                                                     ^
In file included from /home/dev/code/ws_iap/src/iap/include/iap/viewer/standard_viewer.hpp:17,
                 from /home/dev/code/ws_iap/src/iap/src/iap/viewer/standard_viewer_ui.cpp:1:
/usr/local/include/gtsam_points/util/runnning_statistics.hpp:7:149: note: ‘#pragma message: Including gtsam_points/util/running_statistics.hpp is deprecated. Please include gtsam_points/util/running_statistics.hpp instead.’
    7 | #pragma message("Including gtsam_points/util/running_statistics.hpp is deprecated. Please include gtsam_points/util/running_statistics.hpp instead.")
      |                                                                                                                                                     ^
In file included from /home/dev/code/ws_iap/src/iap/include/iap/viewer/standard_viewer.hpp:17,
                 from /home/dev/code/ws_iap/src/iap/src/iap/viewer/standard_viewer.cpp:1:
/usr/local/include/gtsam_points/util/runnning_statistics.hpp:7:149: note: ‘#pragma message: Including gtsam_points/util/running_statistics.hpp is deprecated. Please include gtsam_points/util/running_statistics.hpp instead.’
    7 | #pragma message("Including gtsam_points/util/running_statistics.hpp is deprecated. Please include gtsam_points/util/running_statistics.hpp instead.")
      |                                                                                                                                                     ^
