-- The CXX compiler identification is GNU 13.3.0
-- Detecting CXX compiler ABI info
-- Detecting CXX compiler ABI info - done
-- Check for working CXX compiler: /usr/bin/c++ - skipped
-- Detecting CXX compile features
-- Detecting CXX compile features - done
-- Found Boost: /usr/lib/x86_64-linux-gnu/cmake/Boost-1.83.0/BoostConfig.cmake (found version "1.83.0") found components: serialization 
-- Found Boost: /usr/lib/x86_64-linux-gnu/cmake/Boost-1.83.0/BoostConfig.cmake (found suitable version "1.83.0", minimum required is "1.65") found components: serialization system filesystem thread program_options date_time timer chrono regex 
-- GTSAM include directory:  /usr/lib/cmake/GTSAM/../../../include
-- GTSAM include directory:  /usr/lib/cmake/GTSAM/../../../include
-- GTSAM include directory:  /usr/lib/cmake/GTSAM/../../../include
-- Found OpenMP_CXX: -fopenmp (found version "4.5") 
-- Found OpenMP: TRUE (found version "4.5")  
-- Found Boost: /usr/lib/x86_64-linux-gnu/cmake/Boost-1.83.0/BoostConfig.cmake (found version "1.83.0") found components: filesystem graph 
-- Found CUDAToolkit: /usr/local/cuda/targets/x86_64-linux/include (found version "12.5.82") 
-- Found Threads: TRUE  
-- Found OpenMP_CXX: -fopenmp (found version "4.5") 
-- Found OpenGL: /usr/lib/x86_64-linux-gnu/libOpenGL.so   
-- Found ZLIB: /usr/lib/x86_64-linux-gnu/libz.so (found version "1.3")  
-- Found PNG: /usr/lib/x86_64-linux-gnu/libpng.so (found version "1.6.43") 
-- Found JPEG: /usr/lib/x86_64-linux-gnu/libjpeg.so (found version "80") 
-- Found OpenCV: /usr (found version "4.6.0") found components: core 
-- Found ament_cmake: 2.5.5 (/opt/ros/jazzy/share/ament_cmake/cmake)
-- Found Python3: /usr/bin/python3 (found version "3.12.3") found components: Interpreter 
-- Configuring done (0.6s)
-- Generating done (0.0s)
-- Build files have been written to: /home/dev/code/ws_iap/src/iap/build/iap
[  7%] Building CXX object CMakeFiles/iap.dir/src/iap/util/debug.cpp.o
[  5%] Building CXX object CMakeFiles/iap.dir/src/iap/util/time_keeper.cpp.o
[  5%] Building CXX object CMakeFiles/iap.dir/src/iap/util/logging.cpp.o
[  5%] Building CXX object CMakeFiles/iap.dir/src/iap/util/export_factors.cpp.o
[  5%] Building CXX object CMakeFiles/iap.dir/src/iap/util/config.cpp.o
[  8%] Building CXX object CMakeFiles/iap.dir/src/iap/util/extension_module.cpp.o
[ 13%] Building CXX object CMakeFiles/iap.dir/src/iap/preprocess/callbacks.cpp.o
[ 13%] Building CXX object CMakeFiles/iap.dir/src/iap/util/serialization.cpp.o
[ 13%] Building CXX object CMakeFiles/iap.dir/src/iap/util/trajectory_manager.cpp.o
[ 17%] Building CXX object CMakeFiles/iap.dir/src/iap/preprocess/cloud_preprocessor.cpp.o
[ 17%] Building CXX object CMakeFiles/iap.dir/src/iap/util/data_validator.cpp.o
[ 17%] Building CXX object CMakeFiles/iap.dir/src/iap/util/load_module.cpp.o
[ 19%] Building CXX object CMakeFiles/iap.dir/src/iap/common/imu_integration.cpp.o
[ 22%] Building CXX object CMakeFiles/iap.dir/src/iap/odometry/callbacks.cpp.o
[ 22%] Building CXX object CMakeFiles/iap.dir/src/iap/common/cloud_covariance_estimation.cpp.o
[ 23%] Building CXX object CMakeFiles/iap.dir/src/iap/odometry/estimation_frame.cpp.o
[ 25%] Building CXX object CMakeFiles/iap.dir/src/iap/common/cloud_deskewing.cpp.o
[ 26%] Building CXX object CMakeFiles/iap.dir/src/iap/common/imu_validation.cpp.o
[ 28%] Building CXX object CMakeFiles/iap.dir/src/iap/odometry/initial_state_estimation.cpp.o
[ 29%] Building CXX object CMakeFiles/iap.dir/src/iap/odometry/loose_initial_state_estimation.cpp.o
In file included from /home/dev/code/ws_iap/src/iap/src/iap/odometry/callbacks.cpp:3:
/usr/include/gtsam_unstable/nonlinear/FixedLagSmoother.h:17:2: warning: #warning "FixedLagSmoother was moved to the gtsam/nonlinear directory" [-Wcpp]
   17 | #warning "FixedLagSmoother was moved to the gtsam/nonlinear directory"
      |  ^~~~~~~
[ 31%] Building CXX object CMakeFiles/iap.dir/src/iap/odometry/odometry_estimation_base.cpp.o
In file included from /home/dev/code/ws_iap/src/iap/include/iap/common/imu_validation.hpp:6,
                 from /home/dev/code/ws_iap/src/iap/src/iap/common/imu_validation.cpp:1:
/usr/local/include/gtsam_points/util/runnning_statistics.hpp:7:149: note: ‘#pragma message: Including gtsam_points/util/running_statistics.hpp is deprecated. Please include gtsam_points/util/running_statistics.hpp instead.’
    7 | #pragma message("Including gtsam_points/util/running_statistics.hpp is deprecated. Please include gtsam_points/util/running_statistics.hpp instead.")
      |                                                                                                                                                     ^
[ 32%] Building CXX object CMakeFiles/iap.dir/src/iap/odometry/async_odometry_estimation.cpp.o
[ 34%] Building CXX object CMakeFiles/iap.dir/src/iap/odometry/odometry_estimation_imu.cpp.o
[ 35%] Building CXX object CMakeFiles/iap.dir/src/iap/odometry/odometry_estimation_ct.cpp.o
[ 37%] Building CXX object CMakeFiles/iap.dir/src/iap/odometry/odometry_estimation_cpu.cpp.o
[ 38%] Building CXX object CMakeFiles/iap.dir/src/iap/mapping/callbacks.cpp.o
[ 40%] Building CXX object CMakeFiles/iap.dir/src/iap/mapping/sub_map.cpp.o
[ 41%] Building CXX object CMakeFiles/iap.dir/src/iap/mapping/sub_mapping_base.cpp.o
[ 43%] Building CXX object CMakeFiles/iap.dir/src/iap/mapping/global_mapping_base.cpp.o
[ 44%] Building CXX object CMakeFiles/iap.dir/src/iap/mapping/async_sub_mapping.cpp.o
[ 46%] Building CXX object CMakeFiles/iap.dir/src/iap/mapping/async_global_mapping.cpp.o
[ 47%] Building CXX object CMakeFiles/iap.dir/src/iap/mapping/sub_mapping.cpp.o
[ 49%] Building CXX object CMakeFiles/iap.dir/src/iap/mapping/sub_mapping_passthrough.cpp.o
[ 50%] Building CXX object CMakeFiles/iap.dir/src/iap/mapping/global_mapping.cpp.o
[ 52%] Building CXX object CMakeFiles/iap.dir/src/iap/mapping/global_mapping_pose_graph.cpp.o
[ 53%] Building CXX object CMakeFiles/iap.dir/src/iap/odometry/odometry_estimation_gpu.cpp.o
In file included from /home/dev/code/ws_iap/src/iap/include/iap/common/imu_validation.hpp:6,
                 from /home/dev/code/ws_iap/src/iap/src/iap/odometry/odometry_estimation_imu.cpp:16:
/usr/local/include/gtsam_points/util/runnning_statistics.hpp:7:149: note: ‘#pragma message: Including gtsam_points/util/running_statistics.hpp is deprecated. Please include gtsam_points/util/running_statistics.hpp instead.’
    7 | #pragma message("Including gtsam_points/util/running_statistics.hpp is deprecated. Please include gtsam_points/util/running_statistics.hpp instead.")
      |                                                                                                                                                     ^
In file included from /usr/local/include/gtsam_points/ann/incremental_covariance_voxelmap.hpp:6,
                 from /usr/local/include/gtsam_points/ann/ivox_covariance_estimation.hpp:7,
                 from /home/dev/code/ws_iap/src/iap/src/iap/odometry/odometry_estimation_ct.cpp:12:
/usr/local/include/gtsam_points/util/runnning_statistics.hpp:7:149: note: ‘#pragma message: Including gtsam_points/util/running_statistics.hpp is deprecated. Please include gtsam_points/util/running_statistics.hpp instead.’
    7 | #pragma message("Including gtsam_points/util/running_statistics.hpp is deprecated. Please include gtsam_points/util/running_statistics.hpp instead.")
      |                                                                                                                                                     ^
[ 55%] Linking CXX shared library libiap.so
[ 55%] Built target iap
[ 59%] Building CXX object CMakeFiles/map_editor.dir/src/iap/viewer/editor/points_selector.cpp.o
[ 59%] Building CXX object CMakeFiles/sub_mapping.dir/src/iap/mapping/sub_mapping_create.cpp.o
[ 59%] Building CXX object CMakeFiles/standard_viewer.dir/src/iap/viewer/standard_viewer_callbacks.cpp.o
[ 68%] Building CXX object CMakeFiles/interactive_viewer.dir/src/iap/viewer/interactive/manual_loop_close_modal.cpp.o
[ 70%] Building CXX object CMakeFiles/standard_viewer.dir/src/iap/viewer/standard_viewer.cpp.o
[ 70%] Building CXX object CMakeFiles/odometry_estimation_ct.dir/src/iap/odometry/odometry_estimation_ct_create.cpp.o
[ 70%] Building CXX object CMakeFiles/odometry_estimation_cpu.dir/src/iap/odometry/odometry_estimation_cpu_create.cpp.o
[ 70%] Building CXX object CMakeFiles/map_editor.dir/src/iap/viewer/map_editor.cpp.o
[ 70%] Building CXX object CMakeFiles/map_editor.dir/src/iap/viewer/editor/map_cell.cpp.o
[ 70%] Building CXX object CMakeFiles/standard_viewer.dir/src/iap/viewer/standard_viewer_mem.cpp.o
[ 73%] Building CXX object CMakeFiles/global_mapping_pose_graph.dir/src/iap/mapping/global_mapping_pose_graph_create.cpp.o
[ 73%] Building CXX object CMakeFiles/standard_viewer.dir/src/iap/viewer/standard_viewer_ui.cpp.o
[ 74%] Building CXX object CMakeFiles/interactive_viewer.dir/src/iap/viewer/interactive_viewer.cpp.o
[ 77%] Building CXX object CMakeFiles/interactive_viewer.dir/src/iap/viewer/offline_viewer.cpp.o
[ 80%] Building CXX object CMakeFiles/memory_monitor.dir/src/iap/viewer/memory_monitor.cpp.o
[ 82%] Building CXX object CMakeFiles/odometry_estimation_gpu.dir/src/iap/odometry/odometry_estimation_gpu_create.cpp.o
[ 83%] Building CXX object CMakeFiles/global_mapping.dir/src/iap/mapping/global_mapping_create.cpp.o
[ 79%] Building CXX object CMakeFiles/interactive_viewer.dir/src/iap/viewer/interactive/bundle_adjustment_modal.cpp.o
[ 83%] Building CXX object CMakeFiles/sub_mapping_passthrough.dir/src/iap/mapping/sub_mapping_passthrough_create.cpp.o
[ 85%] Linking CXX shared library libodometry_estimation_ct.so
[ 86%] Linking CXX shared library libglobal_mapping.so
[ 88%] Linking CXX shared library libsub_mapping.so
[ 89%] Linking CXX shared library libsub_mapping_passthrough.so
[ 89%] Built target global_mapping
[ 89%] Built target odometry_estimation_ct
[ 89%] Built target sub_mapping
[ 89%] Built target sub_mapping_passthrough
In file included from /home/dev/code/ws_iap/src/iap/include/iap/viewer/standard_viewer.hpp:17,
                 from /home/dev/code/ws_iap/src/iap/src/iap/viewer/standard_viewer_callbacks.cpp:1:
/usr/local/include/gtsam_points/util/runnning_statistics.hpp:7:149: note: ‘#pragma message: Including gtsam_points/util/running_statistics.hpp is deprecated. Please include gtsam_points/util/running_statistics.hpp instead.’
    7 | #pragma message("Including gtsam_points/util/running_statistics.hpp is deprecated. Please include gtsam_points/util/running_statistics.hpp instead.")
      |                                                                                                                                                     ^
[ 91%] Linking CXX shared library libodometry_estimation_gpu.so
[ 92%] Linking CXX shared library libodometry_estimation_cpu.so
In file included from /home/dev/code/ws_iap/src/iap/include/iap/viewer/standard_viewer.hpp:17,
                 from /home/dev/code/ws_iap/src/iap/src/iap/viewer/standard_viewer_ui.cpp:1:
/usr/local/include/gtsam_points/util/runnning_statistics.hpp:7:149: note: ‘#pragma message: Including gtsam_points/util/running_statistics.hpp is deprecated. Please include gtsam_points/util/running_statistics.hpp instead.’
    7 | #pragma message("Including gtsam_points/util/running_statistics.hpp is deprecated. Please include gtsam_points/util/running_statistics.hpp instead.")
      |                                                                                                                                                     ^
[ 92%] Built target odometry_estimation_gpu
In file included from /home/dev/code/ws_iap/src/iap/include/iap/viewer/standard_viewer.hpp:17,
                 from /home/dev/code/ws_iap/src/iap/src/iap/viewer/standard_viewer.cpp:1:
/usr/local/include/gtsam_points/util/runnning_statistics.hpp:7:149: note: ‘#pragma message: Including gtsam_points/util/running_statistics.hpp is deprecated. Please include gtsam_points/util/running_statistics.hpp instead.’
    7 | #pragma message("Including gtsam_points/util/running_statistics.hpp is deprecated. Please include gtsam_points/util/running_statistics.hpp instead.")
      |                                                                                                                                                     ^
[ 92%] Built target odometry_estimation_cpu
[ 94%] Linking CXX shared library libglobal_mapping_pose_graph.so
[ 94%] Built target global_mapping_pose_graph
[ 95%] Linking CXX shared library libmemory_monitor.so
[ 95%] Built target memory_monitor
[ 97%] Linking CXX shared library libmap_editor.so
[ 97%] Built target map_editor
[ 98%] Linking CXX shared library libinteractive_viewer.so
[ 98%] Built target interactive_viewer
[100%] Linking CXX shared library libstandard_viewer.so
[100%] Built target standard_viewer
-- Install configuration: "RelWithDebInfo"
-- Installing: /home/dev/code/ws_iap/src/iap/install/iap/include/iap
-- Installing: /home/dev/code/ws_iap/src/iap/install/iap/include/iap/iap
-- Installing: /home/dev/code/ws_iap/src/iap/install/iap/include/iap/iap/util
-- Installing: /home/dev/code/ws_iap/src/iap/install/iap/include/iap/iap/util/load_module.hpp
-- Installing: /home/dev/code/ws_iap/src/iap/install/iap/include/iap/iap/util/callback_slot.hpp
-- Installing: /home/dev/code/ws_iap/src/iap/install/iap/include/iap/iap/util/logging.hpp
-- Installing: /home/dev/code/ws_iap/src/iap/install/iap/include/iap/iap/util/config_impl.hpp
-- Installing: /home/dev/code/ws_iap/src/iap/install/iap/include/iap/iap/util/extension_module_ros.hpp
-- Installing: /home/dev/code/ws_iap/src/iap/install/iap/include/iap/iap/util/raw_points.hpp
-- Installing: /home/dev/code/ws_iap/src/iap/install/iap/include/iap/iap/util/ros_cloud_converter.hpp
-- Installing: /home/dev/code/ws_iap/src/iap/install/iap/include/iap/iap/util/time_keeper.hpp
-- Installing: /home/dev/code/ws_iap/src/iap/install/iap/include/iap/iap/util/interpolation_helper.hpp
-- Installing: /home/dev/code/ws_iap/src/iap/install/iap/include/iap/iap/util/extension_module.hpp
-- Installing: /home/dev/code/ws_iap/src/iap/install/iap/include/iap/iap/util/data_validator.hpp
-- Installing: /home/dev/code/ws_iap/src/iap/install/iap/include/iap/iap/util/debug.hpp
-- Installing: /home/dev/code/ws_iap/src/iap/install/iap/include/iap/iap/util/concurrent_vector.hpp
-- Installing: /home/dev/code/ws_iap/src/iap/install/iap/include/iap/iap/util/config.hpp
-- Installing: /home/dev/code/ws_iap/src/iap/install/iap/include/iap/iap/util/extension_module_ros2.hpp
-- Installing: /home/dev/code/ws_iap/src/iap/install/iap/include/iap/iap/util/trajectory_manager.hpp
-- Installing: /home/dev/code/ws_iap/src/iap/install/iap/include/iap/iap/util/serialization.hpp
-- Installing: /home/dev/code/ws_iap/src/iap/install/iap/include/iap/iap/util/convert_to_string.hpp
-- Installing: /home/dev/code/ws_iap/src/iap/install/iap/include/iap/iap/odometry
-- Installing: /home/dev/code/ws_iap/src/iap/install/iap/include/iap/iap/odometry/odometry_estimation_gpu.hpp
-- Installing: /home/dev/code/ws_iap/src/iap/install/iap/include/iap/iap/odometry/initial_state_estimation.hpp
-- Installing: /home/dev/code/ws_iap/src/iap/install/iap/include/iap/iap/odometry/async_odometry_estimation.hpp
-- Installing: /home/dev/code/ws_iap/src/iap/install/iap/include/iap/iap/odometry/odometry_estimation_cpu.hpp
-- Installing: /home/dev/code/ws_iap/src/iap/install/iap/include/iap/iap/odometry/odometry_estimation_base.hpp
-- Installing: /home/dev/code/ws_iap/src/iap/install/iap/include/iap/iap/odometry/callbacks.hpp
-- Installing: /home/dev/code/ws_iap/src/iap/install/iap/include/iap/iap/odometry/estimation_frame.hpp
-- Installing: /home/dev/code/ws_iap/src/iap/install/iap/include/iap/iap/odometry/loose_initial_state_estimation.hpp
-- Installing: /home/dev/code/ws_iap/src/iap/install/iap/include/iap/iap/odometry/odometry_estimation_ct.hpp
-- Installing: /home/dev/code/ws_iap/src/iap/install/iap/include/iap/iap/odometry/odometry_estimation_imu.hpp
-- Installing: /home/dev/code/ws_iap/src/iap/install/iap/include/iap/iap/viewer
-- Installing: /home/dev/code/ws_iap/src/iap/install/iap/include/iap/iap/viewer/editor
-- Installing: /home/dev/code/ws_iap/src/iap/install/iap/include/iap/iap/viewer/editor/map_cell.hpp
-- Installing: /home/dev/code/ws_iap/src/iap/install/iap/include/iap/iap/viewer/editor/points_selector.hpp
-- Installing: /home/dev/code/ws_iap/src/iap/install/iap/include/iap/iap/viewer/standard_viewer.hpp
-- Installing: /home/dev/code/ws_iap/src/iap/install/iap/include/iap/iap/viewer/interactive
-- Installing: /home/dev/code/ws_iap/src/iap/install/iap/include/iap/iap/viewer/interactive/bundle_adjustment_modal.hpp
-- Installing: /home/dev/code/ws_iap/src/iap/install/iap/include/iap/iap/viewer/interactive/manual_loop_close_modal.hpp
-- Installing: /home/dev/code/ws_iap/src/iap/install/iap/include/iap/iap/viewer/standard_viewer_mem.hpp
-- Installing: /home/dev/code/ws_iap/src/iap/install/iap/include/iap/iap/viewer/interactive_viewer.hpp
-- Installing: /home/dev/code/ws_iap/src/iap/install/iap/include/iap/iap/viewer/offline_viewer.hpp
-- Installing: /home/dev/code/ws_iap/src/iap/install/iap/include/iap/iap/viewer/map_editor.hpp
-- Installing: /home/dev/code/ws_iap/src/iap/install/iap/include/iap/iap/mapping
-- Installing: /home/dev/code/ws_iap/src/iap/install/iap/include/iap/iap/mapping/global_mapping_base.hpp
-- Installing: /home/dev/code/ws_iap/src/iap/install/iap/include/iap/iap/mapping/async_sub_mapping.hpp
-- Installing: /home/dev/code/ws_iap/src/iap/install/iap/include/iap/iap/mapping/global_mapping_pose_graph.hpp
-- Installing: /home/dev/code/ws_iap/src/iap/install/iap/include/iap/iap/mapping/callbacks.hpp
-- Installing: /home/dev/code/ws_iap/src/iap/install/iap/include/iap/iap/mapping/sub_mapping.hpp
-- Installing: /home/dev/code/ws_iap/src/iap/install/iap/include/iap/iap/mapping/async_global_mapping.hpp
-- Installing: /home/dev/code/ws_iap/src/iap/install/iap/include/iap/iap/mapping/sub_map.hpp
-- Installing: /home/dev/code/ws_iap/src/iap/install/iap/include/iap/iap/mapping/global_mapping.hpp
-- Installing: /home/dev/code/ws_iap/src/iap/install/iap/include/iap/iap/mapping/sub_mapping_passthrough.hpp
-- Installing: /home/dev/code/ws_iap/src/iap/install/iap/include/iap/iap/mapping/sub_mapping_base.hpp
-- Installing: /home/dev/code/ws_iap/src/iap/install/iap/include/iap/iap/common
-- Installing: /home/dev/code/ws_iap/src/iap/install/iap/include/iap/iap/common/imu_integration.hpp
-- Installing: /home/dev/code/ws_iap/src/iap/install/iap/include/iap/iap/common/imu_validation.hpp
-- Installing: /home/dev/code/ws_iap/src/iap/install/iap/include/iap/iap/common/cloud_deskewing.hpp
-- Installing: /home/dev/code/ws_iap/src/iap/install/iap/include/iap/iap/common/cloud_covariance_estimation.hpp
-- Installing: /home/dev/code/ws_iap/src/iap/install/iap/include/iap/iap/preprocess
-- Installing: /home/dev/code/ws_iap/src/iap/install/iap/include/iap/iap/preprocess/cloud_preprocessor.hpp
-- Installing: /home/dev/code/ws_iap/src/iap/install/iap/include/iap/iap/preprocess/callbacks.hpp
-- Installing: /home/dev/code/ws_iap/src/iap/install/iap/include/iap/iap/preprocess/preprocessed_frame.hpp
-- Installing: /home/dev/code/ws_iap/src/iap/install/iap/lib/libiap.so
-- Set non-toolchain portion of runtime path of "/home/dev/code/ws_iap/src/iap/install/iap/lib/libiap.so" to ""
-- Installing: /home/dev/code/ws_iap/src/iap/install/iap/lib/libodometry_estimation_ct.so
-- Set non-toolchain portion of runtime path of "/home/dev/code/ws_iap/src/iap/install/iap/lib/libodometry_estimation_ct.so" to ""
-- Installing: /home/dev/code/ws_iap/src/iap/install/iap/lib/libodometry_estimation_cpu.so
-- Set non-toolchain portion of runtime path of "/home/dev/code/ws_iap/src/iap/install/iap/lib/libodometry_estimation_cpu.so" to ""
-- Installing: /home/dev/code/ws_iap/src/iap/install/iap/lib/libsub_mapping.so
-- Set non-toolchain portion of runtime path of "/home/dev/code/ws_iap/src/iap/install/iap/lib/libsub_mapping.so" to ""
-- Installing: /home/dev/code/ws_iap/src/iap/install/iap/lib/libsub_mapping_passthrough.so
-- Set non-toolchain portion of runtime path of "/home/dev/code/ws_iap/src/iap/install/iap/lib/libsub_mapping_passthrough.so" to ""
-- Installing: /home/dev/code/ws_iap/src/iap/install/iap/lib/libglobal_mapping.so
-- Set non-toolchain portion of runtime path of "/home/dev/code/ws_iap/src/iap/install/iap/lib/libglobal_mapping.so" to ""
-- Installing: /home/dev/code/ws_iap/src/iap/install/iap/lib/libglobal_mapping_pose_graph.so
-- Set non-toolchain portion of runtime path of "/home/dev/code/ws_iap/src/iap/install/iap/lib/libglobal_mapping_pose_graph.so" to ""
-- Installing: /home/dev/code/ws_iap/src/iap/install/iap/lib/libodometry_estimation_gpu.so
-- Set non-toolchain portion of runtime path of "/home/dev/code/ws_iap/src/iap/install/iap/lib/libodometry_estimation_gpu.so" to ""
-- Installing: /home/dev/code/ws_iap/src/iap/install/iap/lib/libstandard_viewer.so
-- Set non-toolchain portion of runtime path of "/home/dev/code/ws_iap/src/iap/install/iap/lib/libstandard_viewer.so" to ""
-- Installing: /home/dev/code/ws_iap/src/iap/install/iap/lib/libinteractive_viewer.so
-- Set non-toolchain portion of runtime path of "/home/dev/code/ws_iap/src/iap/install/iap/lib/libinteractive_viewer.so" to ""
-- Installing: /home/dev/code/ws_iap/src/iap/install/iap/lib/libmemory_monitor.so
-- Set non-toolchain portion of runtime path of "/home/dev/code/ws_iap/src/iap/install/iap/lib/libmemory_monitor.so" to ""
-- Installing: /home/dev/code/ws_iap/src/iap/install/iap/lib/libmap_editor.so
-- Set non-toolchain portion of runtime path of "/home/dev/code/ws_iap/src/iap/install/iap/lib/libmap_editor.so" to ""
-- Installing: /home/dev/code/ws_iap/src/iap/install/iap/share/iap/iap-targets.cmake
-- Installing: /home/dev/code/ws_iap/src/iap/install/iap/share/iap/iap-targets-relwithdebinfo.cmake
-- Installing: /home/dev/code/ws_iap/src/iap/install/iap/share/iap/iap-config.cmake
-- Installing: /home/dev/code/ws_iap/src/iap/install/iap/share/iap/iap-config-version.cmake
-- Installing: /home/dev/code/ws_iap/src/iap/install/iap/share/iap/config
-- Installing: /home/dev/code/ws_iap/src/iap/install/iap/share/iap/config/config_sub_mapping_gpu.json
-- Installing: /home/dev/code/ws_iap/src/iap/install/iap/share/iap/config/config_logging.json
-- Installing: /home/dev/code/ws_iap/src/iap/install/iap/share/iap/config/config_ros.json
-- Installing: /home/dev/code/ws_iap/src/iap/install/iap/share/iap/config/config_odometry_cpu.json
-- Installing: /home/dev/code/ws_iap/src/iap/install/iap/share/iap/config/config_global_mapping_gpu.json
-- Installing: /home/dev/code/ws_iap/src/iap/install/iap/share/iap/config/config_viewer.json
-- Installing: /home/dev/code/ws_iap/src/iap/install/iap/share/iap/config/config_preprocess.json
-- Installing: /home/dev/code/ws_iap/src/iap/install/iap/share/iap/config/config_global_mapping_cpu.json
-- Installing: /home/dev/code/ws_iap/src/iap/install/iap/share/iap/config/config.json
-- Installing: /home/dev/code/ws_iap/src/iap/install/iap/share/iap/config/config_sub_mapping_passthrough.json
-- Installing: /home/dev/code/ws_iap/src/iap/install/iap/share/iap/config/config_sub_mapping_cpu.json
-- Installing: /home/dev/code/ws_iap/src/iap/install/iap/share/iap/config/config_sensors.json
-- Installing: /home/dev/code/ws_iap/src/iap/install/iap/share/iap/config/config_odometry_gpu.json
-- Installing: /home/dev/code/ws_iap/src/iap/install/iap/share/iap/config/config_odometry_ct.json
-- Installing: /home/dev/code/ws_iap/src/iap/install/iap/share/iap/config/config_global_mapping_pose_graph.json
-- Installing: /home/dev/code/ws_iap/src/iap/install/iap/share/iap/environment/library_path.sh
-- Installing: /home/dev/code/ws_iap/src/iap/install/iap/share/iap/environment/library_path.dsv
-- Installing: /home/dev/code/ws_iap/src/iap/install/iap/share/ament_index/resource_index/package_run_dependencies/iap
-- Installing: /home/dev/code/ws_iap/src/iap/install/iap/share/ament_index/resource_index/parent_prefix_path/iap
-- Installing: /home/dev/code/ws_iap/src/iap/install/iap/share/iap/environment/ament_prefix_path.sh
-- Installing: /home/dev/code/ws_iap/src/iap/install/iap/share/iap/environment/ament_prefix_path.dsv
-- Installing: /home/dev/code/ws_iap/src/iap/install/iap/share/iap/environment/path.sh
-- Installing: /home/dev/code/ws_iap/src/iap/install/iap/share/iap/environment/path.dsv
-- Installing: /home/dev/code/ws_iap/src/iap/install/iap/share/iap/local_setup.bash
-- Installing: /home/dev/code/ws_iap/src/iap/install/iap/share/iap/local_setup.sh
-- Installing: /home/dev/code/ws_iap/src/iap/install/iap/share/iap/local_setup.zsh
-- Installing: /home/dev/code/ws_iap/src/iap/install/iap/share/iap/local_setup.dsv
-- Installing: /home/dev/code/ws_iap/src/iap/install/iap/share/iap/package.dsv
-- Installing: /home/dev/code/ws_iap/src/iap/install/iap/share/ament_index/resource_index/packages/iap
-- Installing: /home/dev/code/ws_iap/src/iap/install/iap/share/iap/cmake/iap-targetsExport.cmake
-- Installing: /home/dev/code/ws_iap/src/iap/install/iap/share/iap/cmake/iap-targetsExport-relwithdebinfo.cmake
-- Installing: /home/dev/code/ws_iap/src/iap/install/iap/share/iap/cmake/iap-config.cmake
-- Installing: /home/dev/code/ws_iap/src/iap/install/iap/share/iap/cmake/ament_cmake_export_include_directories-extras.cmake
-- Installing: /home/dev/code/ws_iap/src/iap/install/iap/share/iap/cmake/ament_cmake_export_libraries-extras.cmake
-- Installing: /home/dev/code/ws_iap/src/iap/install/iap/share/iap/cmake/ament_cmake_export_targets-extras.cmake
-- Installing: /home/dev/code/ws_iap/src/iap/install/iap/share/iap/cmake/iapConfig.cmake
-- Installing: /home/dev/code/ws_iap/src/iap/install/iap/share/iap/cmake/iapConfig-version.cmake
-- Installing: /home/dev/code/ws_iap/src/iap/install/iap/share/iap/package.xml
