[0.004s] Invoking command in '/home/dev/code/ws_iap/src/iap/build/iap': CMAKE_PREFIX_PATH=${CMAKE_PREFIX_PATH}:/opt/ros/jazzy /usr/bin/cmake /home/dev/code/ws_iap/src/iap -DCMAKE_BUILD_TYPE=RelWithDebInfo -DCMAKE_EXPORT_COMPILE_COMMANDS=ON -DCMAKE_INSTALL_PREFIX=/home/dev/code/ws_iap/src/iap/install/iap
[0.042s] -- The CXX compiler identification is GNU 13.3.0
[0.051s] -- Detecting CXX compiler ABI info
[0.106s] -- Detecting CXX compiler ABI info - done
[0.111s] -- Check for working CXX compiler: /usr/bin/c++ - skipped
[0.111s] -- Detecting CXX compile features
[0.112s] -- Detecting CXX compile features - done
[0.117s] -- Found Boost: /usr/lib/x86_64-linux-gnu/cmake/Boost-1.83.0/BoostConfig.cmake (found version "1.83.0") found components: serialization 
[0.193s] -- Found Boost: /usr/lib/x86_64-linux-gnu/cmake/Boost-1.83.0/BoostConfig.cmake (found suitable version "1.83.0", minimum required is "1.65") found components: serialization system filesystem thread program_options date_time timer chrono regex 
[0.195s] -- GTSAM include directory:  /usr/lib/cmake/GTSAM/../../../include
[0.196s] -- GTSAM include directory:  /usr/lib/cmake/GTSAM/../../../include
[0.198s] -- GTSAM include directory:  /usr/lib/cmake/GTSAM/../../../include
[0.313s] -- Found OpenMP_CXX: -fopenmp (found version "4.5") 
[0.313s] -- Found OpenMP: TRUE (found version "4.5")  
[0.318s] -- Found Boost: /usr/lib/x86_64-linux-gnu/cmake/Boost-1.83.0/BoostConfig.cmake (found version "1.83.0") found components: filesystem graph 
[0.328s] -- Found CUDAToolkit: /usr/local/cuda/targets/x86_64-linux/include (found version "12.5.82") 
[0.334s] -- Found Threads: TRUE  
[0.360s] -- Found OpenMP_CXX: -fopenmp (found version "4.5") 
[0.370s] -- Found OpenGL: /usr/lib/x86_64-linux-gnu/libOpenGL.so   
[0.377s] -- Found ZLIB: /usr/lib/x86_64-linux-gnu/libz.so (found version "1.3")  
[0.383s] -- Found PNG: /usr/lib/x86_64-linux-gnu/libpng.so (found version "1.6.43") 
[0.387s] -- Found JPEG: /usr/lib/x86_64-linux-gnu/libjpeg.so (found version "80") 
[0.390s] -- Found OpenCV: /usr (found version "4.6.0") found components: core 
[0.391s] -- Found ament_cmake: 2.5.5 (/opt/ros/jazzy/share/ament_cmake/cmake)
[0.455s] -- Found Python3: /usr/bin/python3 (found version "3.12.3") found components: Interpreter 
[0.561s] -- Configuring done (0.6s)
[0.592s] -- Generating done (0.0s)
[0.598s] -- Build files have been written to: /home/dev/code/ws_iap/src/iap/build/iap
[0.603s] Invoked command in '/home/dev/code/ws_iap/src/iap/build/iap' returned '0': CMAKE_PREFIX_PATH=${CMAKE_PREFIX_PATH}:/opt/ros/jazzy /usr/bin/cmake /home/dev/code/ws_iap/src/iap -DCMAKE_BUILD_TYPE=RelWithDebInfo -DCMAKE_EXPORT_COMPILE_COMMANDS=ON -DCMAKE_INSTALL_PREFIX=/home/dev/code/ws_iap/src/iap/install/iap
[0.603s] Invoking command in '/home/dev/code/ws_iap/src/iap/build/iap': CMAKE_PREFIX_PATH=${CMAKE_PREFIX_PATH}:/opt/ros/jazzy /usr/bin/cmake --build /home/dev/code/ws_iap/src/iap/build/iap -- -j20 -l20
[0.634s] [  7%] Building CXX object CMakeFiles/iap.dir/src/iap/util/debug.cpp.o
[0.634s] [  5%] Building CXX object CMakeFiles/iap.dir/src/iap/util/time_keeper.cpp.o
[0.634s] [  5%] Building CXX object CMakeFiles/iap.dir/src/iap/util/logging.cpp.o
[0.634s] [  5%] Building CXX object CMakeFiles/iap.dir/src/iap/util/export_factors.cpp.o
[0.634s] [  5%] Building CXX object CMakeFiles/iap.dir/src/iap/util/config.cpp.o
[0.634s] [  8%] Building CXX object CMakeFiles/iap.dir/src/iap/util/extension_module.cpp.o
[0.634s] [ 13%] Building CXX object CMakeFiles/iap.dir/src/iap/preprocess/callbacks.cpp.o
[0.634s] [ 13%] Building CXX object CMakeFiles/iap.dir/src/iap/util/serialization.cpp.o
[0.634s] [ 13%] Building CXX object CMakeFiles/iap.dir/src/iap/util/trajectory_manager.cpp.o
[0.634s] [ 17%] Building CXX object CMakeFiles/iap.dir/src/iap/preprocess/cloud_preprocessor.cpp.o
[0.634s] [ 17%] Building CXX object CMakeFiles/iap.dir/src/iap/util/data_validator.cpp.o
[0.634s] [ 17%] Building CXX object CMakeFiles/iap.dir/src/iap/util/load_module.cpp.o
[0.635s] [ 19%] Building CXX object CMakeFiles/iap.dir/src/iap/common/imu_integration.cpp.o
[0.635s] [ 22%] Building CXX object CMakeFiles/iap.dir/src/iap/odometry/callbacks.cpp.o
[0.635s] [ 22%] Building CXX object CMakeFiles/iap.dir/src/iap/common/cloud_covariance_estimation.cpp.o
[0.635s] [ 23%] Building CXX object CMakeFiles/iap.dir/src/iap/odometry/estimation_frame.cpp.o
[0.636s] [ 25%] Building CXX object CMakeFiles/iap.dir/src/iap/common/cloud_deskewing.cpp.o
[0.636s] [ 26%] Building CXX object CMakeFiles/iap.dir/src/iap/common/imu_validation.cpp.o
[0.636s] [ 28%] Building CXX object CMakeFiles/iap.dir/src/iap/odometry/initial_state_estimation.cpp.o
[0.637s] [ 29%] Building CXX object CMakeFiles/iap.dir/src/iap/odometry/loose_initial_state_estimation.cpp.o
[0.728s] In file included from /home/dev/code/ws_iap/src/iap/src/iap/odometry/callbacks.cpp:3:
[0.728s] /usr/include/gtsam_unstable/nonlinear/FixedLagSmoother.h:17:2: warning: #warning "FixedLagSmoother was moved to the gtsam/nonlinear directory" [-Wcpp]
[0.728s]    17 | #warning "FixedLagSmoother was moved to the gtsam/nonlinear directory"
[0.728s]       |  ^~~~~~~
[1.148s] [ 31%] Building CXX object CMakeFiles/iap.dir/src/iap/odometry/odometry_estimation_base.cpp.o
[1.166s] In file included from /home/dev/code/ws_iap/src/iap/include/iap/common/imu_validation.hpp:6,
[1.166s]                  from /home/dev/code/ws_iap/src/iap/src/iap/common/imu_validation.cpp:1:
[1.166s] /usr/local/include/gtsam_points/util/runnning_statistics.hpp:7:149: note: ‘#pragma message: Including gtsam_points/util/running_statistics.hpp is deprecated. Please include gtsam_points/util/running_statistics.hpp instead.’
[1.166s]     7 | #pragma message("Including gtsam_points/util/running_statistics.hpp is deprecated. Please include gtsam_points/util/running_statistics.hpp instead.")
[1.166s]       |                                                                                                                                                     ^
[1.271s] [ 32%] Building CXX object CMakeFiles/iap.dir/src/iap/odometry/async_odometry_estimation.cpp.o
[1.448s] [ 34%] Building CXX object CMakeFiles/iap.dir/src/iap/odometry/odometry_estimation_imu.cpp.o
[2.130s] [ 35%] Building CXX object CMakeFiles/iap.dir/src/iap/odometry/odometry_estimation_ct.cpp.o
[2.961s] [ 37%] Building CXX object CMakeFiles/iap.dir/src/iap/odometry/odometry_estimation_cpu.cpp.o
[3.120s] [ 38%] Building CXX object CMakeFiles/iap.dir/src/iap/mapping/callbacks.cpp.o
[3.295s] [ 40%] Building CXX object CMakeFiles/iap.dir/src/iap/mapping/sub_map.cpp.o
[3.323s] [ 41%] Building CXX object CMakeFiles/iap.dir/src/iap/mapping/sub_mapping_base.cpp.o
[3.620s] [ 43%] Building CXX object CMakeFiles/iap.dir/src/iap/mapping/global_mapping_base.cpp.o
[3.625s] [ 44%] Building CXX object CMakeFiles/iap.dir/src/iap/mapping/async_sub_mapping.cpp.o
[3.880s] [ 46%] Building CXX object CMakeFiles/iap.dir/src/iap/mapping/async_global_mapping.cpp.o
[3.894s] [ 47%] Building CXX object CMakeFiles/iap.dir/src/iap/mapping/sub_mapping.cpp.o
[4.170s] [ 49%] Building CXX object CMakeFiles/iap.dir/src/iap/mapping/sub_mapping_passthrough.cpp.o
[4.276s] [ 50%] Building CXX object CMakeFiles/iap.dir/src/iap/mapping/global_mapping.cpp.o
[5.009s] [ 52%] Building CXX object CMakeFiles/iap.dir/src/iap/mapping/global_mapping_pose_graph.cpp.o
[5.015s] [ 53%] Building CXX object CMakeFiles/iap.dir/src/iap/odometry/odometry_estimation_gpu.cpp.o
[5.290s] In file included from /home/dev/code/ws_iap/src/iap/include/iap/common/imu_validation.hpp:6,
[5.290s]                  from /home/dev/code/ws_iap/src/iap/src/iap/odometry/odometry_estimation_imu.cpp:16:
[5.290s] /usr/local/include/gtsam_points/util/runnning_statistics.hpp:7:149: note: ‘#pragma message: Including gtsam_points/util/running_statistics.hpp is deprecated. Please include gtsam_points/util/running_statistics.hpp instead.’
[5.290s]     7 | #pragma message("Including gtsam_points/util/running_statistics.hpp is deprecated. Please include gtsam_points/util/running_statistics.hpp instead.")
[5.290s]       |                                                                                                                                                     ^
[5.295s] In file included from /usr/local/include/gtsam_points/ann/incremental_covariance_voxelmap.hpp:6,
[5.295s]                  from /usr/local/include/gtsam_points/ann/ivox_covariance_estimation.hpp:7,
[5.295s]                  from /home/dev/code/ws_iap/src/iap/src/iap/odometry/odometry_estimation_ct.cpp:12:
[5.295s] /usr/local/include/gtsam_points/util/runnning_statistics.hpp:7:149: note: ‘#pragma message: Including gtsam_points/util/running_statistics.hpp is deprecated. Please include gtsam_points/util/running_statistics.hpp instead.’
[5.295s]     7 | #pragma message("Including gtsam_points/util/running_statistics.hpp is deprecated. Please include gtsam_points/util/running_statistics.hpp instead.")
[5.295s]       |                                                                                                                                                     ^
[26.488s] [ 55%] Linking CXX shared library libiap.so
[27.503s] [ 55%] Built target iap
[27.516s] [ 59%] Building CXX object CMakeFiles/map_editor.dir/src/iap/viewer/editor/points_selector.cpp.o
[27.516s] [ 59%] Building CXX object CMakeFiles/sub_mapping.dir/src/iap/mapping/sub_mapping_create.cpp.o
[27.516s] [ 59%] Building CXX object CMakeFiles/standard_viewer.dir/src/iap/viewer/standard_viewer_callbacks.cpp.o
[27.517s] [ 68%] Building CXX object CMakeFiles/interactive_viewer.dir/src/iap/viewer/interactive/manual_loop_close_modal.cpp.o
[27.517s] [ 70%] Building CXX object CMakeFiles/standard_viewer.dir/src/iap/viewer/standard_viewer.cpp.o
[27.517s] [ 70%] Building CXX object CMakeFiles/odometry_estimation_ct.dir/src/iap/odometry/odometry_estimation_ct_create.cpp.o
[27.517s] [ 70%] Building CXX object CMakeFiles/odometry_estimation_cpu.dir/src/iap/odometry/odometry_estimation_cpu_create.cpp.o
[27.517s] [ 70%] Building CXX object CMakeFiles/map_editor.dir/src/iap/viewer/map_editor.cpp.o
[27.517s] [ 70%] Building CXX object CMakeFiles/map_editor.dir/src/iap/viewer/editor/map_cell.cpp.o
[27.517s] [ 70%] Building CXX object CMakeFiles/standard_viewer.dir/src/iap/viewer/standard_viewer_mem.cpp.o
[27.517s] [ 73%] Building CXX object CMakeFiles/global_mapping_pose_graph.dir/src/iap/mapping/global_mapping_pose_graph_create.cpp.o
[27.517s] [ 73%] Building CXX object CMakeFiles/standard_viewer.dir/src/iap/viewer/standard_viewer_ui.cpp.o
[27.517s] [ 74%] Building CXX object CMakeFiles/interactive_viewer.dir/src/iap/viewer/interactive_viewer.cpp.o
[27.517s] [ 77%] Building CXX object CMakeFiles/interactive_viewer.dir/src/iap/viewer/offline_viewer.cpp.o
[27.517s] [ 80%] Building CXX object CMakeFiles/memory_monitor.dir/src/iap/viewer/memory_monitor.cpp.o
[27.517s] [ 82%] Building CXX object CMakeFiles/odometry_estimation_gpu.dir/src/iap/odometry/odometry_estimation_gpu_create.cpp.o
[27.517s] [ 83%] Building CXX object CMakeFiles/global_mapping.dir/src/iap/mapping/global_mapping_create.cpp.o
[27.517s] [ 79%] Building CXX object CMakeFiles/interactive_viewer.dir/src/iap/viewer/interactive/bundle_adjustment_modal.cpp.o
[27.517s] [ 83%] Building CXX object CMakeFiles/sub_mapping_passthrough.dir/src/iap/mapping/sub_mapping_passthrough_create.cpp.o
[28.281s] [ 85%] Linking CXX shared library libodometry_estimation_ct.so
[28.303s] [ 86%] Linking CXX shared library libglobal_mapping.so
[28.331s] [ 88%] Linking CXX shared library libsub_mapping.so
[28.412s] [ 89%] Linking CXX shared library libsub_mapping_passthrough.so
[28.429s] [ 89%] Built target global_mapping
[28.444s] [ 89%] Built target odometry_estimation_ct
[28.452s] [ 89%] Built target sub_mapping
[28.544s] [ 89%] Built target sub_mapping_passthrough
[28.749s] In file included from /home/dev/code/ws_iap/src/iap/include/iap/viewer/standard_viewer.hpp:17,
[28.749s]                  from /home/dev/code/ws_iap/src/iap/src/iap/viewer/standard_viewer_callbacks.cpp:1:
[28.749s] /usr/local/include/gtsam_points/util/runnning_statistics.hpp:7:149: note: ‘#pragma message: Including gtsam_points/util/running_statistics.hpp is deprecated. Please include gtsam_points/util/running_statistics.hpp instead.’
[28.749s]     7 | #pragma message("Including gtsam_points/util/running_statistics.hpp is deprecated. Please include gtsam_points/util/running_statistics.hpp instead.")
[28.749s]       |                                                                                                                                                     ^
[28.948s] [ 91%] Linking CXX shared library libodometry_estimation_gpu.so
[28.968s] [ 92%] Linking CXX shared library libodometry_estimation_cpu.so
[29.078s] In file included from /home/dev/code/ws_iap/src/iap/include/iap/viewer/standard_viewer.hpp:17,
[29.078s]                  from /home/dev/code/ws_iap/src/iap/src/iap/viewer/standard_viewer_ui.cpp:1:
[29.078s] /usr/local/include/gtsam_points/util/runnning_statistics.hpp:7:149: note: ‘#pragma message: Including gtsam_points/util/running_statistics.hpp is deprecated. Please include gtsam_points/util/running_statistics.hpp instead.’
[29.078s]     7 | #pragma message("Including gtsam_points/util/running_statistics.hpp is deprecated. Please include gtsam_points/util/running_statistics.hpp instead.")
[29.078s]       |                                                                                                                                                     ^
[29.102s] [ 92%] Built target odometry_estimation_gpu
[29.118s] In file included from /home/dev/code/ws_iap/src/iap/include/iap/viewer/standard_viewer.hpp:17,
[29.118s]                  from /home/dev/code/ws_iap/src/iap/src/iap/viewer/standard_viewer.cpp:1:
[29.118s] /usr/local/include/gtsam_points/util/runnning_statistics.hpp:7:149: note: ‘#pragma message: Including gtsam_points/util/running_statistics.hpp is deprecated. Please include gtsam_points/util/running_statistics.hpp instead.’
[29.118s]     7 | #pragma message("Including gtsam_points/util/running_statistics.hpp is deprecated. Please include gtsam_points/util/running_statistics.hpp instead.")
[29.118s]       |                                                                                                                                                     ^
[29.122s] [ 92%] Built target odometry_estimation_cpu
[29.514s] [ 94%] Linking CXX shared library libglobal_mapping_pose_graph.so
[29.653s] [ 94%] Built target global_mapping_pose_graph
[30.010s] [ 95%] Linking CXX shared library libmemory_monitor.so
[30.141s] [ 95%] Built target memory_monitor
[35.967s] [ 97%] Linking CXX shared library libmap_editor.so
[36.210s] [ 97%] Built target map_editor
[38.797s] [ 98%] Linking CXX shared library libinteractive_viewer.so
[39.141s] [ 98%] Built target interactive_viewer
[40.702s] [100%] Linking CXX shared library libstandard_viewer.so
[40.975s] [100%] Built target standard_viewer
[40.982s] Invoked command in '/home/dev/code/ws_iap/src/iap/build/iap' returned '0': CMAKE_PREFIX_PATH=${CMAKE_PREFIX_PATH}:/opt/ros/jazzy /usr/bin/cmake --build /home/dev/code/ws_iap/src/iap/build/iap -- -j20 -l20
[40.987s] Invoking command in '/home/dev/code/ws_iap/src/iap/build/iap': CMAKE_PREFIX_PATH=${CMAKE_PREFIX_PATH}:/opt/ros/jazzy /usr/bin/cmake --install /home/dev/code/ws_iap/src/iap/build/iap
[40.991s] -- Install configuration: "RelWithDebInfo"
[40.991s] -- Installing: /home/dev/code/ws_iap/src/iap/install/iap/include/iap
[40.991s] -- Installing: /home/dev/code/ws_iap/src/iap/install/iap/include/iap/iap
[40.991s] -- Installing: /home/dev/code/ws_iap/src/iap/install/iap/include/iap/iap/util
[40.992s] -- Installing: /home/dev/code/ws_iap/src/iap/install/iap/include/iap/iap/util/load_module.hpp
[40.992s] -- Installing: /home/dev/code/ws_iap/src/iap/install/iap/include/iap/iap/util/callback_slot.hpp
[40.992s] -- Installing: /home/dev/code/ws_iap/src/iap/install/iap/include/iap/iap/util/logging.hpp
[40.992s] -- Installing: /home/dev/code/ws_iap/src/iap/install/iap/include/iap/iap/util/config_impl.hpp
[40.992s] -- Installing: /home/dev/code/ws_iap/src/iap/install/iap/include/iap/iap/util/extension_module_ros.hpp
[40.992s] -- Installing: /home/dev/code/ws_iap/src/iap/install/iap/include/iap/iap/util/raw_points.hpp
[40.992s] -- Installing: /home/dev/code/ws_iap/src/iap/install/iap/include/iap/iap/util/ros_cloud_converter.hpp
[40.992s] -- Installing: /home/dev/code/ws_iap/src/iap/install/iap/include/iap/iap/util/time_keeper.hpp
[40.992s] -- Installing: /home/dev/code/ws_iap/src/iap/install/iap/include/iap/iap/util/interpolation_helper.hpp
[40.992s] -- Installing: /home/dev/code/ws_iap/src/iap/install/iap/include/iap/iap/util/extension_module.hpp
[40.992s] -- Installing: /home/dev/code/ws_iap/src/iap/install/iap/include/iap/iap/util/data_validator.hpp
[40.992s] -- Installing: /home/dev/code/ws_iap/src/iap/install/iap/include/iap/iap/util/debug.hpp
[40.992s] -- Installing: /home/dev/code/ws_iap/src/iap/install/iap/include/iap/iap/util/concurrent_vector.hpp
[40.992s] -- Installing: /home/dev/code/ws_iap/src/iap/install/iap/include/iap/iap/util/config.hpp
[40.992s] -- Installing: /home/dev/code/ws_iap/src/iap/install/iap/include/iap/iap/util/extension_module_ros2.hpp
[40.992s] -- Installing: /home/dev/code/ws_iap/src/iap/install/iap/include/iap/iap/util/trajectory_manager.hpp
[40.992s] -- Installing: /home/dev/code/ws_iap/src/iap/install/iap/include/iap/iap/util/serialization.hpp
[40.992s] -- Installing: /home/dev/code/ws_iap/src/iap/install/iap/include/iap/iap/util/convert_to_string.hpp
[40.992s] -- Installing: /home/dev/code/ws_iap/src/iap/install/iap/include/iap/iap/odometry
[40.992s] -- Installing: /home/dev/code/ws_iap/src/iap/install/iap/include/iap/iap/odometry/odometry_estimation_gpu.hpp
[40.993s] -- Installing: /home/dev/code/ws_iap/src/iap/install/iap/include/iap/iap/odometry/initial_state_estimation.hpp
[40.993s] -- Installing: /home/dev/code/ws_iap/src/iap/install/iap/include/iap/iap/odometry/async_odometry_estimation.hpp
[40.993s] -- Installing: /home/dev/code/ws_iap/src/iap/install/iap/include/iap/iap/odometry/odometry_estimation_cpu.hpp
[40.993s] -- Installing: /home/dev/code/ws_iap/src/iap/install/iap/include/iap/iap/odometry/odometry_estimation_base.hpp
[40.993s] -- Installing: /home/dev/code/ws_iap/src/iap/install/iap/include/iap/iap/odometry/callbacks.hpp
[40.993s] -- Installing: /home/dev/code/ws_iap/src/iap/install/iap/include/iap/iap/odometry/estimation_frame.hpp
[40.993s] -- Installing: /home/dev/code/ws_iap/src/iap/install/iap/include/iap/iap/odometry/loose_initial_state_estimation.hpp
[40.993s] -- Installing: /home/dev/code/ws_iap/src/iap/install/iap/include/iap/iap/odometry/odometry_estimation_ct.hpp
[40.993s] -- Installing: /home/dev/code/ws_iap/src/iap/install/iap/include/iap/iap/odometry/odometry_estimation_imu.hpp
[40.993s] -- Installing: /home/dev/code/ws_iap/src/iap/install/iap/include/iap/iap/viewer
[40.993s] -- Installing: /home/dev/code/ws_iap/src/iap/install/iap/include/iap/iap/viewer/editor
[40.993s] -- Installing: /home/dev/code/ws_iap/src/iap/install/iap/include/iap/iap/viewer/editor/map_cell.hpp
[40.993s] -- Installing: /home/dev/code/ws_iap/src/iap/install/iap/include/iap/iap/viewer/editor/points_selector.hpp
[40.993s] -- Installing: /home/dev/code/ws_iap/src/iap/install/iap/include/iap/iap/viewer/standard_viewer.hpp
[40.993s] -- Installing: /home/dev/code/ws_iap/src/iap/install/iap/include/iap/iap/viewer/interactive
[40.993s] -- Installing: /home/dev/code/ws_iap/src/iap/install/iap/include/iap/iap/viewer/interactive/bundle_adjustment_modal.hpp
[40.993s] -- Installing: /home/dev/code/ws_iap/src/iap/install/iap/include/iap/iap/viewer/interactive/manual_loop_close_modal.hpp
[40.993s] -- Installing: /home/dev/code/ws_iap/src/iap/install/iap/include/iap/iap/viewer/standard_viewer_mem.hpp
[40.993s] -- Installing: /home/dev/code/ws_iap/src/iap/install/iap/include/iap/iap/viewer/interactive_viewer.hpp
[40.993s] -- Installing: /home/dev/code/ws_iap/src/iap/install/iap/include/iap/iap/viewer/offline_viewer.hpp
[40.994s] -- Installing: /home/dev/code/ws_iap/src/iap/install/iap/include/iap/iap/viewer/map_editor.hpp
[40.994s] -- Installing: /home/dev/code/ws_iap/src/iap/install/iap/include/iap/iap/mapping
[40.994s] -- Installing: /home/dev/code/ws_iap/src/iap/install/iap/include/iap/iap/mapping/global_mapping_base.hpp
[40.994s] -- Installing: /home/dev/code/ws_iap/src/iap/install/iap/include/iap/iap/mapping/async_sub_mapping.hpp
[40.994s] -- Installing: /home/dev/code/ws_iap/src/iap/install/iap/include/iap/iap/mapping/global_mapping_pose_graph.hpp
[40.994s] -- Installing: /home/dev/code/ws_iap/src/iap/install/iap/include/iap/iap/mapping/callbacks.hpp
[40.994s] -- Installing: /home/dev/code/ws_iap/src/iap/install/iap/include/iap/iap/mapping/sub_mapping.hpp
[40.994s] -- Installing: /home/dev/code/ws_iap/src/iap/install/iap/include/iap/iap/mapping/async_global_mapping.hpp
[40.994s] -- Installing: /home/dev/code/ws_iap/src/iap/install/iap/include/iap/iap/mapping/sub_map.hpp
[40.994s] -- Installing: /home/dev/code/ws_iap/src/iap/install/iap/include/iap/iap/mapping/global_mapping.hpp
[40.994s] -- Installing: /home/dev/code/ws_iap/src/iap/install/iap/include/iap/iap/mapping/sub_mapping_passthrough.hpp
[40.994s] -- Installing: /home/dev/code/ws_iap/src/iap/install/iap/include/iap/iap/mapping/sub_mapping_base.hpp
[40.994s] -- Installing: /home/dev/code/ws_iap/src/iap/install/iap/include/iap/iap/common
[40.994s] -- Installing: /home/dev/code/ws_iap/src/iap/install/iap/include/iap/iap/common/imu_integration.hpp
[40.994s] -- Installing: /home/dev/code/ws_iap/src/iap/install/iap/include/iap/iap/common/imu_validation.hpp
[40.994s] -- Installing: /home/dev/code/ws_iap/src/iap/install/iap/include/iap/iap/common/cloud_deskewing.hpp
[40.994s] -- Installing: /home/dev/code/ws_iap/src/iap/install/iap/include/iap/iap/common/cloud_covariance_estimation.hpp
[40.994s] -- Installing: /home/dev/code/ws_iap/src/iap/install/iap/include/iap/iap/preprocess
[40.994s] -- Installing: /home/dev/code/ws_iap/src/iap/install/iap/include/iap/iap/preprocess/cloud_preprocessor.hpp
[40.994s] -- Installing: /home/dev/code/ws_iap/src/iap/install/iap/include/iap/iap/preprocess/callbacks.hpp
[40.994s] -- Installing: /home/dev/code/ws_iap/src/iap/install/iap/include/iap/iap/preprocess/preprocessed_frame.hpp
[40.994s] -- Installing: /home/dev/code/ws_iap/src/iap/install/iap/lib/libiap.so
[41.047s] -- Set non-toolchain portion of runtime path of "/home/dev/code/ws_iap/src/iap/install/iap/lib/libiap.so" to ""
[41.047s] -- Installing: /home/dev/code/ws_iap/src/iap/install/iap/lib/libodometry_estimation_ct.so
[41.047s] -- Set non-toolchain portion of runtime path of "/home/dev/code/ws_iap/src/iap/install/iap/lib/libodometry_estimation_ct.so" to ""
[41.047s] -- Installing: /home/dev/code/ws_iap/src/iap/install/iap/lib/libodometry_estimation_cpu.so
[41.048s] -- Set non-toolchain portion of runtime path of "/home/dev/code/ws_iap/src/iap/install/iap/lib/libodometry_estimation_cpu.so" to ""
[41.048s] -- Installing: /home/dev/code/ws_iap/src/iap/install/iap/lib/libsub_mapping.so
[41.048s] -- Set non-toolchain portion of runtime path of "/home/dev/code/ws_iap/src/iap/install/iap/lib/libsub_mapping.so" to ""
[41.048s] -- Installing: /home/dev/code/ws_iap/src/iap/install/iap/lib/libsub_mapping_passthrough.so
[41.049s] -- Set non-toolchain portion of runtime path of "/home/dev/code/ws_iap/src/iap/install/iap/lib/libsub_mapping_passthrough.so" to ""
[41.049s] -- Installing: /home/dev/code/ws_iap/src/iap/install/iap/lib/libglobal_mapping.so
[41.049s] -- Set non-toolchain portion of runtime path of "/home/dev/code/ws_iap/src/iap/install/iap/lib/libglobal_mapping.so" to ""
[41.049s] -- Installing: /home/dev/code/ws_iap/src/iap/install/iap/lib/libglobal_mapping_pose_graph.so
[41.050s] -- Set non-toolchain portion of runtime path of "/home/dev/code/ws_iap/src/iap/install/iap/lib/libglobal_mapping_pose_graph.so" to ""
[41.050s] -- Installing: /home/dev/code/ws_iap/src/iap/install/iap/lib/libodometry_estimation_gpu.so
[41.051s] -- Set non-toolchain portion of runtime path of "/home/dev/code/ws_iap/src/iap/install/iap/lib/libodometry_estimation_gpu.so" to ""
[41.051s] -- Installing: /home/dev/code/ws_iap/src/iap/install/iap/lib/libstandard_viewer.so
[41.059s] -- Set non-toolchain portion of runtime path of "/home/dev/code/ws_iap/src/iap/install/iap/lib/libstandard_viewer.so" to ""
[41.059s] -- Installing: /home/dev/code/ws_iap/src/iap/install/iap/lib/libinteractive_viewer.so
[41.072s] -- Set non-toolchain portion of runtime path of "/home/dev/code/ws_iap/src/iap/install/iap/lib/libinteractive_viewer.so" to ""
[41.072s] -- Installing: /home/dev/code/ws_iap/src/iap/install/iap/lib/libmemory_monitor.so
[41.072s] -- Set non-toolchain portion of runtime path of "/home/dev/code/ws_iap/src/iap/install/iap/lib/libmemory_monitor.so" to ""
[41.072s] -- Installing: /home/dev/code/ws_iap/src/iap/install/iap/lib/libmap_editor.so
[41.079s] -- Set non-toolchain portion of runtime path of "/home/dev/code/ws_iap/src/iap/install/iap/lib/libmap_editor.so" to ""
[41.079s] -- Installing: /home/dev/code/ws_iap/src/iap/install/iap/share/iap/iap-targets.cmake
[41.079s] -- Installing: /home/dev/code/ws_iap/src/iap/install/iap/share/iap/iap-targets-relwithdebinfo.cmake
[41.079s] -- Installing: /home/dev/code/ws_iap/src/iap/install/iap/share/iap/iap-config.cmake
[41.079s] -- Installing: /home/dev/code/ws_iap/src/iap/install/iap/share/iap/iap-config-version.cmake
[41.079s] -- Installing: /home/dev/code/ws_iap/src/iap/install/iap/share/iap/config
[41.079s] -- Installing: /home/dev/code/ws_iap/src/iap/install/iap/share/iap/config/config_sub_mapping_gpu.json
[41.079s] -- Installing: /home/dev/code/ws_iap/src/iap/install/iap/share/iap/config/config_logging.json
[41.079s] -- Installing: /home/dev/code/ws_iap/src/iap/install/iap/share/iap/config/config_ros.json
[41.079s] -- Installing: /home/dev/code/ws_iap/src/iap/install/iap/share/iap/config/config_odometry_cpu.json
[41.079s] -- Installing: /home/dev/code/ws_iap/src/iap/install/iap/share/iap/config/config_global_mapping_gpu.json
[41.079s] -- Installing: /home/dev/code/ws_iap/src/iap/install/iap/share/iap/config/config_viewer.json
[41.079s] -- Installing: /home/dev/code/ws_iap/src/iap/install/iap/share/iap/config/config_preprocess.json
[41.079s] -- Installing: /home/dev/code/ws_iap/src/iap/install/iap/share/iap/config/config_global_mapping_cpu.json
[41.079s] -- Installing: /home/dev/code/ws_iap/src/iap/install/iap/share/iap/config/config.json
[41.079s] -- Installing: /home/dev/code/ws_iap/src/iap/install/iap/share/iap/config/config_sub_mapping_passthrough.json
[41.080s] -- Installing: /home/dev/code/ws_iap/src/iap/install/iap/share/iap/config/config_sub_mapping_cpu.json
[41.080s] -- Installing: /home/dev/code/ws_iap/src/iap/install/iap/share/iap/config/config_sensors.json
[41.080s] -- Installing: /home/dev/code/ws_iap/src/iap/install/iap/share/iap/config/config_odometry_gpu.json
[41.080s] -- Installing: /home/dev/code/ws_iap/src/iap/install/iap/share/iap/config/config_odometry_ct.json
[41.080s] -- Installing: /home/dev/code/ws_iap/src/iap/install/iap/share/iap/config/config_global_mapping_pose_graph.json
[41.080s] -- Installing: /home/dev/code/ws_iap/src/iap/install/iap/share/iap/environment/library_path.sh
[41.080s] -- Installing: /home/dev/code/ws_iap/src/iap/install/iap/share/iap/environment/library_path.dsv
[41.080s] -- Installing: /home/dev/code/ws_iap/src/iap/install/iap/share/ament_index/resource_index/package_run_dependencies/iap
[41.080s] -- Installing: /home/dev/code/ws_iap/src/iap/install/iap/share/ament_index/resource_index/parent_prefix_path/iap
[41.080s] -- Installing: /home/dev/code/ws_iap/src/iap/install/iap/share/iap/environment/ament_prefix_path.sh
[41.080s] -- Installing: /home/dev/code/ws_iap/src/iap/install/iap/share/iap/environment/ament_prefix_path.dsv
[41.080s] -- Installing: /home/dev/code/ws_iap/src/iap/install/iap/share/iap/environment/path.sh
[41.080s] -- Installing: /home/dev/code/ws_iap/src/iap/install/iap/share/iap/environment/path.dsv
[41.080s] -- Installing: /home/dev/code/ws_iap/src/iap/install/iap/share/iap/local_setup.bash
[41.080s] -- Installing: /home/dev/code/ws_iap/src/iap/install/iap/share/iap/local_setup.sh
[41.080s] -- Installing: /home/dev/code/ws_iap/src/iap/install/iap/share/iap/local_setup.zsh
[41.080s] -- Installing: /home/dev/code/ws_iap/src/iap/install/iap/share/iap/local_setup.dsv
[41.080s] -- Installing: /home/dev/code/ws_iap/src/iap/install/iap/share/iap/package.dsv
[41.080s] -- Installing: /home/dev/code/ws_iap/src/iap/install/iap/share/ament_index/resource_index/packages/iap
[41.080s] -- Installing: /home/dev/code/ws_iap/src/iap/install/iap/share/iap/cmake/iap-targetsExport.cmake
[41.080s] -- Installing: /home/dev/code/ws_iap/src/iap/install/iap/share/iap/cmake/iap-targetsExport-relwithdebinfo.cmake
[41.080s] -- Installing: /home/dev/code/ws_iap/src/iap/install/iap/share/iap/cmake/iap-config.cmake
[41.080s] -- Installing: /home/dev/code/ws_iap/src/iap/install/iap/share/iap/cmake/ament_cmake_export_include_directories-extras.cmake
[41.080s] -- Installing: /home/dev/code/ws_iap/src/iap/install/iap/share/iap/cmake/ament_cmake_export_libraries-extras.cmake
[41.080s] -- Installing: /home/dev/code/ws_iap/src/iap/install/iap/share/iap/cmake/ament_cmake_export_targets-extras.cmake
[41.080s] -- Installing: /home/dev/code/ws_iap/src/iap/install/iap/share/iap/cmake/iapConfig.cmake
[41.080s] -- Installing: /home/dev/code/ws_iap/src/iap/install/iap/share/iap/cmake/iapConfig-version.cmake
[41.080s] -- Installing: /home/dev/code/ws_iap/src/iap/install/iap/share/iap/package.xml
[41.081s] Invoked command in '/home/dev/code/ws_iap/src/iap/build/iap' returned '0': CMAKE_PREFIX_PATH=${CMAKE_PREFIX_PATH}:/opt/ros/jazzy /usr/bin/cmake --install /home/dev/code/ws_iap/src/iap/build/iap
