	linux-vdso.so.1 (0x00007d8aaa592000)
	libiap.so => /home/dev/ws_iap/src/iap/results/icra27/icra028/install/lib/libiap.so (0x00007d8aa9c00000)
	libstdc++.so.6 => /usr/lib/x86_64-linux-gnu/libstdc++.so.6 (0x00007d8aa9982000)
	libm.so.6 => /usr/lib/x86_64-linux-gnu/libm.so.6 (0x00007d8aaa41d000)
	libgcc_s.so.1 => /usr/lib/x86_64-linux-gnu/libgcc_s.so.1 (0x00007d8aa9954000)
	libc.so.6 => /usr/lib/x86_64-linux-gnu/libc.so.6 (0x00007d8aa9742000)
	libgtsam_points.so.1 => /usr/local/lib/libgtsam_points.so.1 (0x00007d8aa944f000)
	libspdlog.so.1.12 => /usr/lib/x86_64-linux-gnu/libspdlog.so.1.12 (0x00007d8aa93c8000)
	libopencv_core.so.406 => /usr/lib/x86_64-linux-gnu/libopencv_core.so.406 (0x00007d8aa9054000)
	libgnss_comm_lib.so => /home/dev/ws_iap/install/gnss_comm/lib/libgnss_comm_lib.so (0x00007d8aa8c00000)
	libgtsam_points_cuda.so.1 => /usr/local/lib/libgtsam_points_cuda.so.1 (0x00007d8aa88e9000)
	libgomp.so.1 => /usr/lib/x86_64-linux-gnu/libgomp.so.1 (0x00007d8aa8ffc000)
	libgtsam.so.4 => /usr/lib/x86_64-linux-gnu/libgtsam.so.4 (0x00007d8aa83ec000)
	libboost_serialization.so.1.83.0 => /usr/lib/x86_64-linux-gnu/libboost_serialization.so.1.83.0 (0x00007d8aa8fb9000)
	libboost_filesystem.so.1.83.0 => /usr/lib/x86_64-linux-gnu/libboost_filesystem.so.1.83.0 (0x00007d8aa8f96000)
	libcephes-gtsam.so.1 => /usr/lib/x86_64-linux-gnu/libcephes-gtsam.so.1 (0x00007d8aa8f62000)
	libfmt.so.9 => /usr/lib/x86_64-linux-gnu/libfmt.so.9 (0x00007d8aa8f41000)
	/lib64/ld-linux-x86-64.so.2 (0x00007d8aaa594000)
	libboost_timer.so.1.83.0 => /usr/lib/x86_64-linux-gnu/libboost_timer.so.1.83.0 (0x00007d8aa8f3a000)
	libz.so.1 => /usr/lib/x86_64-linux-gnu/libz.so.1 (0x00007d8aa83d0000)
	libGLX.so.0 => /usr/lib/x86_64-linux-gnu/libGLX.so.0 (0x00007d8aa839d000)
	liblapack.so.3 => /usr/lib/x86_64-linux-gnu/liblapack.so.3 (0x00007d8aa7cad000)
	libblas.so.3 => /usr/lib/x86_64-linux-gnu/libblas.so.3 (0x00007d8aa7c06000)
	libtbb.so.12 => /usr/lib/x86_64-linux-gnu/libtbb.so.12 (0x00007d8aa7bb2000)
	libglog.so.1 => /usr/lib/x86_64-linux-gnu/libglog.so.1 (0x00007d8aa7b7c000)
	libcudart.so.12 => /usr/local/cuda/targets/x86_64-linux/lib/libcudart.so.12 (0x00007d8aa7800000)
	libmetis.so.5 => /usr/lib/x86_64-linux-gnu/libmetis.so.5 (0x00007d8aa7b12000)
	libGLdispatch.so.0 => /usr/lib/x86_64-linux-gnu/libGLdispatch.so.0 (0x00007d8aa7748000)
	libX11.so.6 => /usr/lib/x86_64-linux-gnu/libX11.so.6 (0x00007d8aa760b000)
	libgfortran.so.5 => /usr/lib/x86_64-linux-gnu/libgfortran.so.5 (0x00007d8aa72ed000)
	libgflags.so.2.2 => /usr/lib/x86_64-linux-gnu/libgflags.so.2.2 (0x00007d8aa7af1000)
	libunwind.so.8 => /usr/lib/x86_64-linux-gnu/libunwind.so.8 (0x00007d8aa7ad6000)
	libdl.so.2 => /usr/lib/x86_64-linux-gnu/libdl.so.2 (0x00007d8aa8f2f000)
	libpthread.so.0 => /usr/lib/x86_64-linux-gnu/libpthread.so.0 (0x00007d8aa8f2a000)
	librt.so.1 => /usr/lib/x86_64-linux-gnu/librt.so.1 (0x00007d8aa7ad1000)
	libxcb.so.1 => /usr/lib/x86_64-linux-gnu/libxcb.so.1 (0x00007d8aa72c4000)
	liblzma.so.5 => /usr/lib/x86_64-linux-gnu/liblzma.so.5 (0x00007d8aa7292000)
	libXau.so.6 => /usr/lib/x86_64-linux-gnu/libXau.so.6 (0x00007d8aa7acb000)
	libXdmcp.so.6 => /usr/lib/x86_64-linux-gnu/libXdmcp.so.6 (0x00007d8aa7ac3000)
	libbsd.so.0 => /usr/lib/x86_64-linux-gnu/libbsd.so.0 (0x00007d8aa727c000)
	libmd.so.0 => /usr/lib/x86_64-linux-gnu/libmd.so.0 (0x00007d8aa7ab4000)
