	linux-vdso.so.1 (0x00007838fd443000)
	librclcpp.so => /opt/ros/jazzy/lib/librclcpp.so (0x00007838fd133000)
	libnav_msgs__rosidl_typesupport_cpp.so => /opt/ros/jazzy/lib/libnav_msgs__rosidl_typesupport_cpp.so (0x00007838fd126000)
	liblibstatistics_collector.so => /opt/ros/jazzy/lib/liblibstatistics_collector.so (0x00007838fd11c000)
	librcl.so => /opt/ros/jazzy/lib/librcl.so (0x00007838fd0d5000)
	libstatistics_msgs__rosidl_typesupport_cpp.so => /opt/ros/jazzy/lib/libstatistics_msgs__rosidl_typesupport_cpp.so (0x00007838fd0cf000)
	libtracetools.so => /opt/ros/jazzy/lib/libtracetools.so (0x00007838fd0b5000)
	librmw.so => /opt/ros/jazzy/lib/librmw.so (0x00007838fd0aa000)
	libsensor_msgs__rosidl_typesupport_cpp.so => /opt/ros/jazzy/lib/libsensor_msgs__rosidl_typesupport_cpp.so (0x00007838fd099000)
	librcutils.so => /opt/ros/jazzy/lib/librcutils.so (0x00007838fd079000)
	libstdc++.so.6 => /usr/lib/x86_64-linux-gnu/libstdc++.so.6 (0x00007838fcddd000)
	libm.so.6 => /usr/lib/x86_64-linux-gnu/libm.so.6 (0x00007838fccf4000)
	libgcc_s.so.1 => /usr/lib/x86_64-linux-gnu/libgcc_s.so.1 (0x00007838fccc6000)
	libc.so.6 => /usr/lib/x86_64-linux-gnu/libc.so.6 (0x00007838fcab4000)
	librcl_interfaces__rosidl_typesupport_cpp.so => /opt/ros/jazzy/lib/librcl_interfaces__rosidl_typesupport_cpp.so (0x00007838fca97000)
	librcl_yaml_param_parser.so => /opt/ros/jazzy/lib/librcl_yaml_param_parser.so (0x00007838fca8b000)
	librosgraph_msgs__rosidl_typesupport_cpp.so => /opt/ros/jazzy/lib/librosgraph_msgs__rosidl_typesupport_cpp.so (0x00007838fca86000)
	librcl_logging_interface.so => /opt/ros/jazzy/lib/librcl_logging_interface.so (0x00007838fca81000)
	librmw_implementation.so => /opt/ros/jazzy/lib/librmw_implementation.so (0x00007838fca74000)
	libament_index_cpp.so => /opt/ros/jazzy/lib/libament_index_cpp.so (0x00007838fca66000)
	libtype_description_interfaces__rosidl_typesupport_c.so => /opt/ros/jazzy/lib/libtype_description_interfaces__rosidl_typesupport_c.so (0x00007838fca5f000)
	librosidl_dynamic_typesupport.so => /opt/ros/jazzy/lib/librosidl_dynamic_typesupport.so (0x00007838fca46000)
	librosidl_typesupport_introspection_cpp.so => /opt/ros/jazzy/lib/librosidl_typesupport_introspection_cpp.so (0x00007838fca41000)
	librcpputils.so => /opt/ros/jazzy/lib/librcpputils.so (0x00007838fca32000)
	librosidl_runtime_c.so => /opt/ros/jazzy/lib/librosidl_runtime_c.so (0x00007838fca11000)
	/lib64/ld-linux-x86-64.so.2 (0x00007838fd445000)
	libnav_msgs__rosidl_generator_c.so => /opt/ros/jazzy/lib/libnav_msgs__rosidl_generator_c.so (0x00007838fc9de000)
	librosidl_typesupport_cpp.so => /opt/ros/jazzy/lib/librosidl_typesupport_cpp.so (0x00007838fc9d8000)
	librcl_logging_spdlog.so => /opt/ros/jazzy/lib/librcl_logging_spdlog.so (0x00007838fc9ce000)
	librcl_interfaces__rosidl_typesupport_c.so => /opt/ros/jazzy/lib/librcl_interfaces__rosidl_typesupport_c.so (0x00007838fc9be000)
	libtype_description_interfaces__rosidl_generator_c.so => /opt/ros/jazzy/lib/libtype_description_interfaces__rosidl_generator_c.so (0x00007838fc9a4000)
	libyaml-0.so.2 => /usr/lib/x86_64-linux-gnu/libyaml-0.so.2 (0x00007838fc983000)
	libstatistics_msgs__rosidl_generator_c.so => /opt/ros/jazzy/lib/libstatistics_msgs__rosidl_generator_c.so (0x00007838fc97a000)
	liblttng-ust.so.1 => /usr/lib/x86_64-linux-gnu/liblttng-ust.so.1 (0x00007838fc8f7000)
	libsensor_msgs__rosidl_generator_c.so => /opt/ros/jazzy/lib/libsensor_msgs__rosidl_generator_c.so (0x00007838fc8b3000)
	librcl_interfaces__rosidl_generator_c.so => /opt/ros/jazzy/lib/librcl_interfaces__rosidl_generator_c.so (0x00007838fc863000)
	librosgraph_msgs__rosidl_generator_c.so => /opt/ros/jazzy/lib/librosgraph_msgs__rosidl_generator_c.so (0x00007838fc85e000)
	librosidl_typesupport_c.so => /opt/ros/jazzy/lib/librosidl_typesupport_c.so (0x00007838fc858000)
	libgeometry_msgs__rosidl_generator_c.so => /opt/ros/jazzy/lib/libgeometry_msgs__rosidl_generator_c.so (0x00007838fc81a000)
	libstd_msgs__rosidl_generator_c.so => /opt/ros/jazzy/lib/libstd_msgs__rosidl_generator_c.so (0x00007838fc7e9000)
	libservice_msgs__rosidl_generator_c.so => /opt/ros/jazzy/lib/libservice_msgs__rosidl_generator_c.so (0x00007838fc7e2000)
	libbuiltin_interfaces__rosidl_generator_c.so => /opt/ros/jazzy/lib/libbuiltin_interfaces__rosidl_generator_c.so (0x00007838fc7db000)
	libspdlog.so.1.12 => /usr/lib/x86_64-linux-gnu/libspdlog.so.1.12 (0x00007838fc754000)
	libnuma.so.1 => /usr/lib/x86_64-linux-gnu/libnuma.so.1 (0x00007838fc746000)
	liblttng-ust-common.so.1 => /usr/lib/x86_64-linux-gnu/liblttng-ust-common.so.1 (0x00007838fc739000)
	liblttng-ust-tracepoint.so.1 => /usr/lib/x86_64-linux-gnu/liblttng-ust-tracepoint.so.1 (0x00007838fc71a000)
	libfmt.so.9 => /usr/lib/x86_64-linux-gnu/libfmt.so.9 (0x00007838fc6f9000)
