[  0%] Generating type hashes for ROS interfaces
[  1%] Building CXX object CMakeFiles/iap.dir/src/iap/util/config.cpp.o
[  1%] Built target iap_msgs__rosidl_generator_type_description
[  1%] Built target ament_cmake_python_copy_iap
[  1%] Building CXX object gtest/CMakeFiles/gtest_main.dir/src/gtest_main.cc.o
[  1%] Linking CXX static library libgtest_main.a
[  1%] Built target gtest_main
[  1%] Building CXX object gtest/CMakeFiles/gtest.dir/src/gtest-all.cc.o
[  2%] Linking CXX static library libgtest.a
[  2%] Built target gtest
[  3%] Generating C++ code for ROS interfaces
[  3%] Built target iap_msgs__cpp
[  3%] Generating C code for ROS interfaces
[  3%] Building CXX object CMakeFiles/iap.dir/src/iap/util/logging.cpp.o
[  4%] Building C object CMakeFiles/iap_msgs__rosidl_generator_c.dir/rosidl_generator_c/iap/msg/detail/integrity_report__description.c.o
[  4%] Building C object CMakeFiles/iap_msgs__rosidl_generator_c.dir/rosidl_generator_c/iap/msg/detail/integrity_report__functions.c.o
[  5%] Building C object CMakeFiles/iap_msgs__rosidl_generator_c.dir/rosidl_generator_c/iap/msg/detail/integrity_report__type_support.c.o
[  5%] Building C object CMakeFiles/iap_msgs__rosidl_generator_c.dir/rosidl_generator_c/iap/msg/detail/dynamic_al_result__description.c.o
[  5%] Building C object CMakeFiles/iap_msgs__rosidl_generator_c.dir/rosidl_generator_c/iap/msg/detail/dynamic_al_result__functions.c.o
[  7%] Building C object CMakeFiles/iap_msgs__rosidl_generator_c.dir/rosidl_generator_c/iap/msg/detail/dynamic_al_result__type_support.c.o
[  7%] Building CXX object CMakeFiles/iap.dir/src/iap/util/run_log_manager.cpp.o
[  7%] Building C object CMakeFiles/iap_msgs__rosidl_generator_c.dir/rosidl_generator_c/iap/msg/detail/trunk_landmark__description.c.o
[  8%] Building C object CMakeFiles/iap_msgs__rosidl_generator_c.dir/rosidl_generator_c/iap/msg/detail/trunk_landmark__functions.c.o
[  8%] Building C object CMakeFiles/iap_msgs__rosidl_generator_c.dir/rosidl_generator_c/iap/msg/detail/trunk_landmark__type_support.c.o
[  9%] Building C object CMakeFiles/iap_msgs__rosidl_generator_c.dir/rosidl_generator_c/iap/msg/detail/mdp_state__description.c.o
[  9%] Building C object CMakeFiles/iap_msgs__rosidl_generator_c.dir/rosidl_generator_c/iap/msg/detail/mdp_state__functions.c.o
[  9%] Building C object CMakeFiles/iap_msgs__rosidl_generator_c.dir/rosidl_generator_c/iap/msg/detail/mdp_state__type_support.c.o
[ 10%] Linking C shared library libiap__rosidl_generator_c.so
[ 10%] Built target iap_msgs__rosidl_generator_c
running egg_info
creating iap.egg-info
writing iap.egg-info/PKG-INFO
writing dependency_links to iap.egg-info/dependency_links.txt
writing top-level names to iap.egg-info/top_level.txt
writing manifest file 'iap.egg-info/SOURCES.txt'
reading manifest file 'iap.egg-info/SOURCES.txt'
writing manifest file 'iap.egg-info/SOURCES.txt'
[ 10%] Built target ament_cmake_python_build_iap_egg
[ 10%] Generating C++ type support dispatch for ROS interfaces
[ 11%] Building CXX object CMakeFiles/iap_msgs__rosidl_typesupport_cpp.dir/rosidl_typesupport_cpp/iap/msg/integrity_report__type_support.cpp.o
[ 11%] Building CXX object CMakeFiles/iap_msgs__rosidl_typesupport_cpp.dir/rosidl_typesupport_cpp/iap/msg/dynamic_al_result__type_support.cpp.o
[ 11%] Building CXX object CMakeFiles/iap_msgs__rosidl_typesupport_cpp.dir/rosidl_typesupport_cpp/iap/msg/trunk_landmark__type_support.cpp.o
[ 12%] Building CXX object CMakeFiles/iap_msgs__rosidl_typesupport_cpp.dir/rosidl_typesupport_cpp/iap/msg/mdp_state__type_support.cpp.o
[ 12%] Linking CXX shared library libiap__rosidl_typesupport_cpp.so
[ 12%] Built target iap_msgs__rosidl_typesupport_cpp
[ 13%] Generating C type support for eProsima Fast-RTPS
[ 13%] Building CXX object CMakeFiles/iap_msgs__rosidl_typesupport_fastrtps_c.dir/rosidl_typesupport_fastrtps_c/iap/msg/detail/integrity_report__type_support_c.cpp.o
[ 13%] Building CXX object CMakeFiles/iap_msgs__rosidl_typesupport_fastrtps_c.dir/rosidl_typesupport_fastrtps_c/iap/msg/detail/dynamic_al_result__type_support_c.cpp.o
[ 14%] Building CXX object CMakeFiles/iap_msgs__rosidl_typesupport_fastrtps_c.dir/rosidl_typesupport_fastrtps_c/iap/msg/detail/trunk_landmark__type_support_c.cpp.o
[ 14%] Building CXX object CMakeFiles/iap_msgs__rosidl_typesupport_fastrtps_c.dir/rosidl_typesupport_fastrtps_c/iap/msg/detail/mdp_state__type_support_c.cpp.o
[ 15%] Linking CXX shared library libiap__rosidl_typesupport_fastrtps_c.so
[ 15%] Built target iap_msgs__rosidl_typesupport_fastrtps_c
[ 16%] Generating C introspection for ROS interfaces
[ 16%] Building CXX object CMakeFiles/iap.dir/src/iap/util/export_factors.cpp.o
[ 16%] Building C object CMakeFiles/iap_msgs__rosidl_typesupport_introspection_c.dir/rosidl_typesupport_introspection_c/iap/msg/detail/integrity_report__type_support.c.o
[ 16%] Building C object CMakeFiles/iap_msgs__rosidl_typesupport_introspection_c.dir/rosidl_typesupport_introspection_c/iap/msg/detail/dynamic_al_result__type_support.c.o
[ 17%] Building C object CMakeFiles/iap_msgs__rosidl_typesupport_introspection_c.dir/rosidl_typesupport_introspection_c/iap/msg/detail/trunk_landmark__type_support.c.o
[ 17%] Building C object CMakeFiles/iap_msgs__rosidl_typesupport_introspection_c.dir/rosidl_typesupport_introspection_c/iap/msg/detail/mdp_state__type_support.c.o
[ 18%] Linking C shared library libiap__rosidl_typesupport_introspection_c.so
[ 18%] Built target iap_msgs__rosidl_typesupport_introspection_c
[ 19%] Generating C type support dispatch for ROS interfaces
[ 19%] Building CXX object CMakeFiles/iap_msgs__rosidl_typesupport_c.dir/rosidl_typesupport_c/iap/msg/integrity_report__type_support.cpp.o
[ 20%] Building CXX object CMakeFiles/iap_msgs__rosidl_typesupport_c.dir/rosidl_typesupport_c/iap/msg/dynamic_al_result__type_support.cpp.o
[ 20%] Building CXX object CMakeFiles/iap_msgs__rosidl_typesupport_c.dir/rosidl_typesupport_c/iap/msg/trunk_landmark__type_support.cpp.o
[ 20%] Building CXX object CMakeFiles/iap_msgs__rosidl_typesupport_c.dir/rosidl_typesupport_c/iap/msg/mdp_state__type_support.cpp.o
[ 21%] Linking CXX shared library libiap__rosidl_typesupport_c.so
[ 21%] Built target iap_msgs__rosidl_typesupport_c
[ 21%] Generating C++ type support for eProsima Fast-RTPS
[ 22%] Building CXX object CMakeFiles/iap_msgs__rosidl_typesupport_fastrtps_cpp.dir/rosidl_typesupport_fastrtps_cpp/iap/msg/detail/dds_fastrtps/integrity_report__type_support.cpp.o
[ 22%] Building CXX object CMakeFiles/iap_msgs__rosidl_typesupport_fastrtps_cpp.dir/rosidl_typesupport_fastrtps_cpp/iap/msg/detail/dds_fastrtps/dynamic_al_result__type_support.cpp.o
[ 22%] Building CXX object CMakeFiles/iap_msgs__rosidl_typesupport_fastrtps_cpp.dir/rosidl_typesupport_fastrtps_cpp/iap/msg/detail/dds_fastrtps/trunk_landmark__type_support.cpp.o
[ 23%] Building CXX object CMakeFiles/iap_msgs__rosidl_typesupport_fastrtps_cpp.dir/rosidl_typesupport_fastrtps_cpp/iap/msg/detail/dds_fastrtps/mdp_state__type_support.cpp.o
[ 23%] Linking CXX shared library libiap__rosidl_typesupport_fastrtps_cpp.so
[ 23%] Built target iap_msgs__rosidl_typesupport_fastrtps_cpp
[ 23%] Generating C++ introspection for ROS interfaces
[ 23%] Building CXX object CMakeFiles/iap_msgs__rosidl_typesupport_introspection_cpp.dir/rosidl_typesupport_introspection_cpp/iap/msg/detail/integrity_report__type_support.cpp.o
[ 24%] Building CXX object CMakeFiles/iap_msgs__rosidl_typesupport_introspection_cpp.dir/rosidl_typesupport_introspection_cpp/iap/msg/detail/dynamic_al_result__type_support.cpp.o
[ 24%] Building CXX object CMakeFiles/iap_msgs__rosidl_typesupport_introspection_cpp.dir/rosidl_typesupport_introspection_cpp/iap/msg/detail/trunk_landmark__type_support.cpp.o
[ 25%] Building CXX object CMakeFiles/iap_msgs__rosidl_typesupport_introspection_cpp.dir/rosidl_typesupport_introspection_cpp/iap/msg/detail/mdp_state__type_support.cpp.o
[ 25%] Linking CXX shared library libiap__rosidl_typesupport_introspection_cpp.so
[ 25%] Built target iap_msgs__rosidl_typesupport_introspection_cpp
[ 25%] Built target iap_msgs
[ 25%] Building CXX object CMakeFiles/iap.dir/src/iap/util/time_keeper.cpp.o
[ 26%] Building CXX object CMakeFiles/iap.dir/src/iap/util/trajectory_manager.cpp.o
[ 26%] Building CXX object CMakeFiles/iap.dir/src/iap/util/extension_module.cpp.o
[ 27%] Building CXX object CMakeFiles/iap.dir/src/iap/util/load_module.cpp.o
[ 27%] Building CXX object CMakeFiles/iap.dir/src/iap/util/data_validator.cpp.o
[ 28%] Building CXX object CMakeFiles/iap.dir/src/iap/util/relinearization_policy.cpp.o
[ 28%] Generating Python code for ROS interfaces
[ 28%] Built target iap_msgs__py
[ 28%] Building C object CMakeFiles/iap_msgs__rosidl_generator_py.dir/rosidl_generator_py/iap/msg/_integrity_report_s.c.o
[ 29%] Building C object CMakeFiles/iap_msgs__rosidl_generator_py.dir/rosidl_generator_py/iap/msg/_dynamic_al_result_s.c.o
[ 29%] Building C object CMakeFiles/iap_msgs__rosidl_generator_py.dir/rosidl_generator_py/iap/msg/_trunk_landmark_s.c.o
[ 29%] Building C object CMakeFiles/iap_msgs__rosidl_generator_py.dir/rosidl_generator_py/iap/msg/_mdp_state_s.c.o
[ 30%] Linking C shared library libiap_msgs__rosidl_generator_py.so
[ 30%] Built target iap_msgs__rosidl_generator_py
[ 30%] Building C object CMakeFiles/iap_s__rosidl_typesupport_fastrtps_c.dir/rosidl_generator_py/iap/_iap_s.ep.rosidl_typesupport_fastrtps_c.c.o
[ 30%] Linking C shared module rosidl_generator_py/iap/iap_s__rosidl_typesupport_fastrtps_c.so
[ 30%] Built target iap_s__rosidl_typesupport_fastrtps_c
[ 31%] Building C object CMakeFiles/iap_s__rosidl_typesupport_introspection_c.dir/rosidl_generator_py/iap/_iap_s.ep.rosidl_typesupport_introspection_c.c.o
[ 31%] Linking C shared module rosidl_generator_py/iap/iap_s__rosidl_typesupport_introspection_c.so
[ 31%] Built target iap_s__rosidl_typesupport_introspection_c
[ 31%] Building C object CMakeFiles/iap_s__rosidl_typesupport_c.dir/rosidl_generator_py/iap/_iap_s.ep.rosidl_typesupport_c.c.o
[ 32%] Linking C shared module rosidl_generator_py/iap/iap_s__rosidl_typesupport_c.so
[ 32%] Built target iap_s__rosidl_typesupport_c
[ 32%] Building CXX object CMakeFiles/iap.dir/src/iap/util/key_lifecycle_monitor.cpp.o
[ 32%] Building CXX object CMakeFiles/iap.dir/src/iap/util/serialization.cpp.o
[ 33%] Building CXX object CMakeFiles/iap.dir/src/iap/util/debug.cpp.o
[ 33%] Building CXX object CMakeFiles/iap.dir/src/iap/preprocess/callbacks.cpp.o
[ 34%] Building CXX object CMakeFiles/iap.dir/src/iap/preprocess/cloud_preprocessor.cpp.o
[ 34%] Building CXX object CMakeFiles/iap.dir/src/iap/common/imu_integration.cpp.o
[ 34%] Building CXX object CMakeFiles/iap.dir/src/iap/common/imu_validation.cpp.o
[ 35%] Building CXX object CMakeFiles/iap.dir/src/iap/common/cloud_deskewing.cpp.o
In file included from /home/dev/ws_iap/src/iap/include/iap/common/imu_validation.hpp:6,
                 from /home/dev/ws_iap/src/iap/src/iap/common/imu_validation.cpp:1:
/usr/local/include/gtsam_points/util/runnning_statistics.hpp:7:149: note: ‘#pragma message: Including gtsam_points/util/running_statistics.hpp is deprecated. Please include gtsam_points/util/running_statistics.hpp instead.’
    7 | #pragma message("Including gtsam_points/util/running_statistics.hpp is deprecated. Please include gtsam_points/util/running_statistics.hpp instead.")
      |                                                                                                                                                     ^
[ 35%] Building CXX object CMakeFiles/iap.dir/src/iap/common/cloud_covariance_estimation.cpp.o
[ 36%] Building CXX object CMakeFiles/iap.dir/src/iap/gnss/pseudorange_factor.cpp.o
[ 36%] Building CXX object CMakeFiles/iap.dir/src/iap/gnss/doppler_factor.cpp.o
[ 37%] Building CXX object CMakeFiles/iap.dir/src/iap/gnss/clock_between_factor.cpp.o
[ 37%] Building CXX object CMakeFiles/iap.dir/src/iap/gnss/gnss_handler.cpp.o
[ 37%] Building CXX object CMakeFiles/iap.dir/src/iap/gnss/visibility_predictor.cpp.o
[ 38%] Building CXX object CMakeFiles/iap.dir/src/iap/map/local_occupancy.cpp.o
[ 38%] Building CXX object CMakeFiles/iap.dir/src/iap/trunk/trunk_detector.cpp.o
[ 39%] Building CXX object CMakeFiles/iap.dir/src/iap/trunk/trunk_map.cpp.o
[ 39%] Building CXX object CMakeFiles/iap.dir/src/iap/trunk/trunk_factor.cpp.o
[ 39%] Building CXX object CMakeFiles/iap.dir/src/iap/integrity/araim.cpp.o
[ 40%] Building CXX object CMakeFiles/iap.dir/src/iap/integrity/lidar_araim.cpp.o
[ 40%] Building CXX object CMakeFiles/iap.dir/src/iap/integrity/fgo_information_manager.cpp.o
[ 41%] Building CXX object CMakeFiles/iap.dir/src/iap/planner/integrity_snapshot.cpp.o
[ 41%] Building CXX object CMakeFiles/iap.dir/src/iap/planner/future_pl_query_result.cpp.o
[ 41%] Building CXX object CMakeFiles/iap.dir/src/iap/predictor/lidar_observability_fim.cpp.o
[ 42%] Building CXX object CMakeFiles/iap.dir/src/iap/planner/pl_grid.cpp.o
[ 42%] Building CXX object CMakeFiles/iap.dir/src/iap/planner/future_pl_field_predictor.cpp.o
[ 43%] Building CXX object CMakeFiles/iap.dir/src/iap/planner/pi_cost_adapter.cpp.o
[ 43%] Building CXX object CMakeFiles/iap.dir/src/iap/planner/unified_risk_grid.cpp.o
[ 44%] Building CXX object CMakeFiles/iap.dir/src/iap/planner/predicted_araim.cpp.o
[ 44%] Building CXX object CMakeFiles/iap.dir/src/iap/planner/risk_grid_map.cpp.o
[ 44%] Building CXX object CMakeFiles/iap.dir/src/iap/planner/p1_accepted_context_validation.cpp.o
[ 45%] Building CXX object CMakeFiles/iap.dir/src/iap/predictor/gnss_geometry_pl_predictor.cpp.o
[ 45%] Building CXX object CMakeFiles/iap.dir/src/iap/predictor/gnss_advisory_predictor.cpp.o
[ 46%] Building CXX object CMakeFiles/iap.dir/src/iap/predictor/lidar_advisory_predictor.cpp.o
[ 46%] Building CXX object CMakeFiles/iap.dir/src/iap/predictor/fusion_advisory_predictor.cpp.o
[ 46%] Building CXX object CMakeFiles/iap.dir/src/iap/predictor/predictor_module.cpp.o
[ 47%] Building CXX object CMakeFiles/iap.dir/src/iap/predictor/rolling_spatial_advisory_window.cpp.o
[ 47%] Building CXX object CMakeFiles/iap.dir/src/iap/integrity/integrity_monitor.cpp.o
[ 48%] Building CXX object CMakeFiles/iap.dir/src/iap/integrity/integrity_fusion_policy.cpp.o
[ 48%] Building CXX object CMakeFiles/iap.dir/src/iap/odometry/callbacks.cpp.o
In file included from /home/dev/ws_iap/src/iap/src/iap/odometry/callbacks.cpp:3:
/usr/include/gtsam_unstable/nonlinear/FixedLagSmoother.h:17:2: warning: #warning "FixedLagSmoother was moved to the gtsam/nonlinear directory" [-Wcpp]
   17 | #warning "FixedLagSmoother was moved to the gtsam/nonlinear directory"
      |  ^~~~~~~
[ 48%] Building CXX object CMakeFiles/iap.dir/src/iap/odometry/estimation_frame.cpp.o
[ 49%] Building CXX object CMakeFiles/iap.dir/src/iap/odometry/initial_state_estimation.cpp.o
[ 49%] Building CXX object CMakeFiles/iap.dir/src/iap/odometry/loose_initial_state_estimation.cpp.o
[ 50%] Building CXX object CMakeFiles/iap.dir/src/iap/odometry/odometry_estimation_base.cpp.o
[ 50%] Building CXX object CMakeFiles/iap.dir/src/iap/odometry/async_odometry_estimation.cpp.o
[ 51%] Building CXX object CMakeFiles/iap.dir/src/iap/odometry/odometry_estimation_imu.cpp.o
[ 51%] Building CXX object CMakeFiles/iap.dir/src/iap/odometry/odometry_estimation_ct.cpp.o
In file included from /usr/local/include/gtsam_points/ann/incremental_covariance_voxelmap.hpp:6,
                 from /usr/local/include/gtsam_points/ann/ivox_covariance_estimation.hpp:7,
                 from /home/dev/ws_iap/src/iap/src/iap/odometry/odometry_estimation_ct.cpp:12:
/usr/local/include/gtsam_points/util/runnning_statistics.hpp:7:149: note: ‘#pragma message: Including gtsam_points/util/running_statistics.hpp is deprecated. Please include gtsam_points/util/running_statistics.hpp instead.’
    7 | #pragma message("Including gtsam_points/util/running_statistics.hpp is deprecated. Please include gtsam_points/util/running_statistics.hpp instead.")
      |                                                                                                                                                     ^
In file included from /home/dev/ws_iap/src/iap/include/iap/common/imu_validation.hpp:6,
                 from /home/dev/ws_iap/src/iap/src/iap/odometry/odometry_estimation_imu.cpp:21:
/usr/local/include/gtsam_points/util/runnning_statistics.hpp:7:149: note: ‘#pragma message: Including gtsam_points/util/running_statistics.hpp is deprecated. Please include gtsam_points/util/running_statistics.hpp instead.’
    7 | #pragma message("Including gtsam_points/util/running_statistics.hpp is deprecated. Please include gtsam_points/util/running_statistics.hpp instead.")
      |                                                                                                                                                     ^
[ 51%] Building CXX object CMakeFiles/iap.dir/src/iap/odometry/odometry_estimation_cpu.cpp.o
[ 52%] Building CXX object CMakeFiles/iap.dir/src/iap/mapping/callbacks.cpp.o
[ 52%] Building CXX object CMakeFiles/iap.dir/src/iap/mapping/sub_map.cpp.o
[ 53%] Building CXX object CMakeFiles/iap.dir/src/iap/mapping/sub_mapping_base.cpp.o
[ 53%] Building CXX object CMakeFiles/iap.dir/src/iap/mapping/global_mapping_base.cpp.o
[ 53%] Building CXX object CMakeFiles/iap.dir/src/iap/mapping/async_sub_mapping.cpp.o
[ 54%] Building CXX object CMakeFiles/iap.dir/src/iap/mapping/async_global_mapping.cpp.o
[ 54%] Building CXX object CMakeFiles/iap.dir/src/iap/mapping/sub_mapping.cpp.o
[ 55%] Building CXX object CMakeFiles/iap.dir/src/iap/mapping/sub_mapping_passthrough.cpp.o
[ 55%] Building CXX object CMakeFiles/iap.dir/src/iap/mapping/global_mapping.cpp.o
[ 56%] Building CXX object CMakeFiles/iap.dir/src/iap/mapping/global_mapping_pose_graph.cpp.o
[ 56%] Building CXX object CMakeFiles/iap.dir/src/iap/odometry/odometry_estimation_gpu.cpp.o
[ 56%] Linking CXX shared library libiap.so
[ 56%] Built target iap
[ 58%] Building CXX object CMakeFiles/iap_predictor_offline_profile.dir/apps/iap_predictor_offline_profile.cpp.o
[ 58%] Building CXX object CMakeFiles/odometry_estimation_ct.dir/src/iap/odometry/odometry_estimation_ct_create.cpp.o
[ 58%] Linking CXX shared library libodometry_estimation_ct.so
[ 58%] Built target odometry_estimation_ct
[ 59%] Building CXX object CMakeFiles/odometry_estimation_cpu.dir/src/iap/odometry/odometry_estimation_cpu_create.cpp.o
[ 59%] Linking CXX shared library libodometry_estimation_cpu.so
[ 59%] Built target odometry_estimation_cpu
[ 60%] Building CXX object CMakeFiles/sub_mapping.dir/src/iap/mapping/sub_mapping_create.cpp.o
[ 60%] Linking CXX shared library libsub_mapping.so
[ 60%] Built target sub_mapping
[ 61%] Building CXX object CMakeFiles/sub_mapping_passthrough.dir/src/iap/mapping/sub_mapping_passthrough_create.cpp.o
[ 61%] Linking CXX shared library libsub_mapping_passthrough.so
[ 61%] Built target sub_mapping_passthrough
[ 62%] Building CXX object CMakeFiles/global_mapping.dir/src/iap/mapping/global_mapping_create.cpp.o
[ 62%] Linking CXX shared library libglobal_mapping.so
[ 62%] Built target global_mapping
[ 63%] Building CXX object CMakeFiles/global_mapping_pose_graph.dir/src/iap/mapping/global_mapping_pose_graph_create.cpp.o
[ 63%] Linking CXX shared library libglobal_mapping_pose_graph.so
[ 63%] Built target global_mapping_pose_graph
[ 64%] Building CXX object CMakeFiles/odometry_estimation_gpu.dir/src/iap/odometry/odometry_estimation_gpu_create.cpp.o
[ 64%] Linking CXX executable iap_predictor_offline_profile
[ 64%] Built target iap_predictor_offline_profile
[ 65%] Building CXX object CMakeFiles/standard_viewer.dir/src/iap/viewer/standard_viewer.cpp.o
[ 65%] Linking CXX shared library libodometry_estimation_gpu.so
[ 65%] Built target odometry_estimation_gpu
[ 65%] Building CXX object CMakeFiles/interactive_viewer.dir/src/iap/viewer/interactive_viewer.cpp.o
In file included from /home/dev/ws_iap/src/iap/include/iap/viewer/standard_viewer.hpp:17,
                 from /home/dev/ws_iap/src/iap/src/iap/viewer/standard_viewer.cpp:1:
/usr/local/include/gtsam_points/util/runnning_statistics.hpp:7:149: note: ‘#pragma message: Including gtsam_points/util/running_statistics.hpp is deprecated. Please include gtsam_points/util/running_statistics.hpp instead.’
    7 | #pragma message("Including gtsam_points/util/running_statistics.hpp is deprecated. Please include gtsam_points/util/running_statistics.hpp instead.")
      |                                                                                                                                                     ^
[ 65%] Building CXX object CMakeFiles/standard_viewer.dir/src/iap/viewer/standard_viewer_ui.cpp.o
In file included from /home/dev/ws_iap/src/iap/include/iap/viewer/standard_viewer.hpp:17,
                 from /home/dev/ws_iap/src/iap/src/iap/viewer/standard_viewer_ui.cpp:1:
/usr/local/include/gtsam_points/util/runnning_statistics.hpp:7:149: note: ‘#pragma message: Including gtsam_points/util/running_statistics.hpp is deprecated. Please include gtsam_points/util/running_statistics.hpp instead.’
    7 | #pragma message("Including gtsam_points/util/running_statistics.hpp is deprecated. Please include gtsam_points/util/running_statistics.hpp instead.")
      |                                                                                                                                                     ^
[ 66%] Building CXX object CMakeFiles/standard_viewer.dir/src/iap/viewer/standard_viewer_callbacks.cpp.o
In file included from /home/dev/ws_iap/src/iap/include/iap/viewer/standard_viewer.hpp:17,
                 from /home/dev/ws_iap/src/iap/src/iap/viewer/standard_viewer_callbacks.cpp:1:
/usr/local/include/gtsam_points/util/runnning_statistics.hpp:7:149: note: ‘#pragma message: Including gtsam_points/util/running_statistics.hpp is deprecated. Please include gtsam_points/util/running_statistics.hpp instead.’
    7 | #pragma message("Including gtsam_points/util/running_statistics.hpp is deprecated. Please include gtsam_points/util/running_statistics.hpp instead.")
      |                                                                                                                                                     ^
[ 67%] Building CXX object CMakeFiles/interactive_viewer.dir/src/iap/viewer/interactive/manual_loop_close_modal.cpp.o
[ 67%] Building CXX object CMakeFiles/interactive_viewer.dir/src/iap/viewer/interactive/bundle_adjustment_modal.cpp.o
[ 67%] Building CXX object CMakeFiles/standard_viewer.dir/src/iap/viewer/standard_viewer_mem.cpp.o
[ 67%] Linking CXX shared library libstandard_viewer.so
[ 67%] Built target standard_viewer
[ 67%] Building CXX object CMakeFiles/map_editor.dir/src/iap/viewer/editor/map_cell.cpp.o
[ 68%] Building CXX object CMakeFiles/map_editor.dir/src/iap/viewer/editor/points_selector.cpp.o
[ 69%] Building CXX object CMakeFiles/interactive_viewer.dir/src/iap/viewer/offline_viewer.cpp.o
[ 69%] Building CXX object CMakeFiles/map_editor.dir/src/iap/viewer/map_editor.cpp.o
[ 69%] Linking CXX shared library libinteractive_viewer.so
[ 69%] Built target interactive_viewer
[ 69%] Building CXX object CMakeFiles/memory_monitor.dir/src/iap/viewer/memory_monitor.cpp.o
[ 69%] Linking CXX shared library libmemory_monitor.so
[ 69%] Built target memory_monitor
[ 69%] Building CXX object CMakeFiles/gnss_extension.dir/src/iap/gnss/gnss_extension.cpp.o
[ 70%] Linking CXX shared library libmap_editor.so
[ 70%] Built target map_editor
[ 70%] Building CXX object CMakeFiles/trunk_extension.dir/src/iap/trunk/trunk_extension.cpp.o
[ 71%] Linking CXX shared library libtrunk_extension.so
[ 71%] Built target trunk_extension
[ 72%] Building CXX object CMakeFiles/integrity_extension.dir/src/iap/integrity/integrity_extension.cpp.o
[ 72%] Linking CXX shared library libintegrity_extension.so
[ 72%] Built target integrity_extension
[ 72%] Building CXX object CMakeFiles/sim_extension.dir/src/iap/sim/sim_extension.cpp.o
[ 73%] Linking CXX shared library libgnss_extension.so
[ 73%] Built target gnss_extension
[ 73%] Building CXX object CMakeFiles/demo8_truth_araim_extension.dir/src/iap/sim/demo8_truth_araim_extension.cpp.o
/home/dev/ws_iap/src/iap/src/iap/sim/demo8_truth_araim_extension.cpp:691:72: warning: ‘using iap::AraimResult = struct iap::GnssAraimResult’ is deprecated: Use GnssAraimResult [-Wdeprecated-declarations]
  691 |                                          TruthGnssClockFit* clock_fit) const {
      |                                                                        ^~~~~
In file included from /home/dev/ws_iap/src/iap/include/iap/integrity/araim.hpp:9,
                 from /home/dev/ws_iap/src/iap/src/iap/sim/demo8_truth_araim_extension.cpp:3:
/home/dev/ws_iap/src/iap/include/iap/integrity/araim_types.hpp:176:7: note: declared here
  176 | using AraimResult [[deprecated("Use GnssAraimResult")]] = GnssAraimResult;
      |       ^~~~~~~~~~~
/home/dev/ws_iap/src/iap/src/iap/sim/demo8_truth_araim_extension.cpp:914:66: warning: ‘using iap::AraimResult = struct iap::GnssAraimResult’ is deprecated: Use GnssAraimResult [-Wdeprecated-declarations]
  914 |                               const LidarAraimResult& truth_lidar) {
      |                                                                  ^
/home/dev/ws_iap/src/iap/include/iap/integrity/araim_types.hpp:176:7: note: declared here
  176 | using AraimResult [[deprecated("Use GnssAraimResult")]] = GnssAraimResult;
      |       ^~~~~~~~~~~
/home/dev/ws_iap/src/iap/src/iap/sim/demo8_truth_araim_extension.cpp:1244:64: warning: ‘using iap::AraimResult = struct iap::GnssAraimResult’ is deprecated: Use GnssAraimResult [-Wdeprecated-declarations]
 1244 |                   const TruthGnssClockFit& truth_gnss_clock_fit) {
      |                                                                ^
/home/dev/ws_iap/src/iap/include/iap/integrity/araim_types.hpp:176:7: note: declared here
  176 | using AraimResult [[deprecated("Use GnssAraimResult")]] = GnssAraimResult;
      |       ^~~~~~~~~~~
/home/dev/ws_iap/src/iap/src/iap/sim/demo8_truth_araim_extension.cpp:1244:64: warning: ‘using iap::AraimResult = struct iap::GnssAraimResult’ is deprecated: Use GnssAraimResult [-Wdeprecated-declarations]
 1244 |                   const TruthGnssClockFit& truth_gnss_clock_fit) {
      |                                                                ^
/home/dev/ws_iap/src/iap/include/iap/integrity/araim_types.hpp:176:7: note: declared here
  176 | using AraimResult [[deprecated("Use GnssAraimResult")]] = GnssAraimResult;
      |       ^~~~~~~~~~~
/home/dev/ws_iap/src/iap/src/iap/sim/demo8_truth_araim_extension.cpp:1333:9: warning: ‘using iap::Araim = class iap::GnssAraimEvaluator’ is deprecated: Use GnssAraimEvaluator [-Wdeprecated-declarations]
 1333 |   Araim araim_;
      |         ^~~~~~
/home/dev/ws_iap/src/iap/include/iap/integrity/araim.hpp:113:7: note: declared here
  113 | using Araim [[deprecated("Use GnssAraimEvaluator")]] = GnssAraimEvaluator;
      |       ^~~~~
/home/dev/ws_iap/src/iap/src/iap/sim/demo8_truth_araim_extension.cpp: In member function ‘void iap::Demo8TruthAraimExtensionModule::on_update_new_frame_(const glim::EstimationFrame::ConstPtr&)’:
/home/dev/ws_iap/src/iap/src/iap/sim/demo8_truth_araim_extension.cpp:863:17: warning: ‘using iap::AraimResult = struct iap::GnssAraimResult’ is deprecated: Use GnssAraimResult [-Wdeprecated-declarations]
  863 |     AraimResult truth_gnss;
      |                 ^~~~~~~~~~
/home/dev/ws_iap/src/iap/include/iap/integrity/araim_types.hpp:176:7: note: declared here
  176 | using AraimResult [[deprecated("Use GnssAraimResult")]] = GnssAraimResult;
      |       ^~~~~~~~~~~
/home/dev/ws_iap/src/iap/src/iap/sim/demo8_truth_araim_extension.cpp:864:17: warning: ‘using iap::AraimResult = struct iap::GnssAraimResult’ is deprecated: Use GnssAraimResult [-Wdeprecated-declarations]
  864 |     AraimResult iap_gnss;
      |                 ^~~~~~~~
/home/dev/ws_iap/src/iap/include/iap/integrity/araim_types.hpp:176:7: note: declared here
  176 | using AraimResult [[deprecated("Use GnssAraimResult")]] = GnssAraimResult;
      |       ^~~~~~~~~~~
[ 73%] Linking CXX shared library libsim_extension.so
[ 73%] Built target sim_extension
[ 73%] Building CXX object CMakeFiles/rviz_viewer.dir/src/iap/util/rviz_viewer.cpp.o
[ 73%] Linking CXX shared library libdemo8_truth_araim_extension.so
[ 73%] Built target demo8_truth_araim_extension
[ 74%] Building CXX object CMakeFiles/iap_status.dir/apps/iap_status.cpp.o
[ 74%] Linking CXX executable iap_status
[ 74%] Built target iap_status
[ 74%] Building CXX object CMakeFiles/iap_rosnode.dir/apps/iap_rosnode.cpp.o
[ 75%] Linking CXX shared library librviz_viewer.so
[ 75%] Built target rviz_viewer
[ 76%] Building CXX object CMakeFiles/iap_experiment.dir/apps/iap_experiment.cpp.o
[ 76%] Linking CXX executable iap_experiment
[ 76%] Built target iap_experiment
[ 76%] Building CXX object CMakeFiles/demo3_odom_mux.dir/apps/demo3_odom_mux.cpp.o
[ 77%] Linking CXX executable demo3_odom_mux
[ 77%] Built target demo3_odom_mux
[ 78%] Building CXX object CMakeFiles/demo3_iap_bridge.dir/apps/demo3_iap_bridge.cpp.o
[ 79%] Linking CXX executable iap_rosnode
[ 79%] Built target iap_rosnode
[ 79%] Building CXX object CMakeFiles/demo4_lidar_body_bridge.dir/apps/demo4_lidar_body_bridge.cpp.o
[ 79%] Linking CXX executable demo3_iap_bridge
[ 79%] Built target demo3_iap_bridge
[ 79%] Building CXX object CMakeFiles/phase2_planner_integrity_evaluator.dir/apps/phase2_planner_integrity_evaluator.cpp.o
[ 80%] Linking CXX executable demo4_lidar_body_bridge
[ 80%] Built target demo4_lidar_body_bridge
[ 81%] Building CXX object CMakeFiles/demo_takeoff_cmd_publisher.dir/apps/demo_takeoff_cmd_publisher.cpp.o
[ 81%] Linking CXX executable demo_takeoff_cmd_publisher
[ 81%] Built target demo_takeoff_cmd_publisher
[ 82%] Building CXX object CMakeFiles/demo11_corridor_map_publisher.dir/apps/demo11_corridor_map_publisher.cpp.o
[ 82%] Linking CXX executable demo11_corridor_map_publisher
[ 82%] Built target demo11_corridor_map_publisher
[ 82%] Building CXX object CMakeFiles/demo11_compare_paths_visualizer.dir/apps/demo11_compare_paths_visualizer.cpp.o
[ 82%] Linking CXX executable demo11_compare_paths_visualizer
[ 82%] Built target demo11_compare_paths_visualizer
[ 82%] Building CXX object CMakeFiles/test_predictor_query_probe.dir/apps/test_predictor_query_probe.cpp.o
[ 83%] Linking CXX executable phase2_planner_integrity_evaluator
[ 83%] Built target phase2_planner_integrity_evaluator
[ 83%] Building CXX object CMakeFiles/test_araim.dir/test/test_araim.cpp.o
/home/dev/ws_iap/src/iap/test/test_araim.cpp: In member function ‘virtual void GnssAraimEvaluatorTest_PredictGeometryNoResiduals_Test::TestBody()’:
/home/dev/ws_iap/src/iap/test/test_araim.cpp:868:49: warning: ‘iap::GnssAraimResult iap::GnssAraimEvaluator::predict_geometry(const std::vector<GnssAraimSatGeometry>&) const’ is deprecated: Use iap::GnssGeometryPlPredictor for planner-side advisory PL prediction. [-Wdeprecated-declarations]
  868 |   GnssAraimResult r = evaluator.predict_geometry(sats);
      |                       ~~~~~~~~~~~~~~~~~~~~~~~~~~^~~~~~
In file included from /home/dev/ws_iap/src/iap/test/test_araim.cpp:16:
/home/dev/ws_iap/src/iap/include/iap/integrity/araim.hpp:80:19: note: declared here
   80 |   GnssAraimResult predict_geometry(const std::vector<GnssAraimSatGeometry>& visible_sats) const;
      |                   ^~~~~~~~~~~~~~~~
/home/dev/ws_iap/src/iap/test/test_araim.cpp: In member function ‘virtual void GnssAraimEvaluatorTest_ParallelMatchesSerial_Test::TestBody()’:
/home/dev/ws_iap/src/iap/test/test_araim.cpp:1027:35: warning: ‘using iap::Araim = class iap::GnssAraimEvaluator’ is deprecated: Use GnssAraimEvaluator [-Wdeprecated-declarations]
 1027 |   Araim serial_araim(serial_params);
      |                                   ^
/home/dev/ws_iap/src/iap/include/iap/integrity/araim.hpp:113:7: note: declared here
  113 | using Araim [[deprecated("Use GnssAraimEvaluator")]] = GnssAraimEvaluator;
      |       ^~~~~
/home/dev/ws_iap/src/iap/test/test_araim.cpp:1028:39: warning: ‘using iap::Araim = class iap::GnssAraimEvaluator’ is deprecated: Use GnssAraimEvaluator [-Wdeprecated-declarations]
 1028 |   Araim parallel_araim(parallel_params);
      |                                       ^
/home/dev/ws_iap/src/iap/include/iap/integrity/araim.hpp:113:7: note: declared here
  113 | using Araim [[deprecated("Use GnssAraimEvaluator")]] = GnssAraimEvaluator;
      |       ^~~~~
[ 84%] Linking CXX executable test_predictor_query_probe
[ 84%] Built target test_predictor_query_probe
[ 85%] Building CXX object CMakeFiles/test_integrity_fusion_policy.dir/test/test_integrity_fusion_policy.cpp.o
[ 85%] Linking CXX executable test_integrity_fusion_policy
[ 85%] Built target test_integrity_fusion_policy
[ 85%] Building CXX object CMakeFiles/test_predicted_araim.dir/test/test_predicted_araim.cpp.o
[ 86%] Linking CXX executable test_predicted_araim
[ 86%] Built target test_predicted_araim
[ 87%] Building CXX object CMakeFiles/test_integrity_snapshot.dir/test/test_integrity_snapshot.cpp.o
[ 87%] Linking CXX executable test_integrity_snapshot
[ 87%] Built target test_integrity_snapshot
[ 88%] Building CXX object CMakeFiles/test_lidar_observability_fim.dir/test/test_lidar_observability_fim.cpp.o
[ 89%] Linking CXX executable test_araim
[ 89%] Built target test_araim
[ 90%] Building CXX object CMakeFiles/test_pl_grid.dir/test/test_pl_grid.cpp.o
[ 90%] Linking CXX executable test_pl_grid
[ 90%] Built target test_pl_grid
[ 90%] Building CXX object CMakeFiles/test_local_occupancy.dir/test/test_local_occupancy.cpp.o
[ 90%] Linking CXX executable test_lidar_observability_fim
[ 90%] Built target test_lidar_observability_fim
[ 90%] Building CXX object CMakeFiles/test_future_pl_field_predictor.dir/test/test_future_pl_field_predictor.cpp.o
[ 91%] Linking CXX executable test_local_occupancy
[ 91%] Built target test_local_occupancy
[ 91%] Building CXX object CMakeFiles/test_predictor_module.dir/test/test_predictor_module.cpp.o
[ 91%] Linking CXX executable test_future_pl_field_predictor
[ 91%] Built target test_future_pl_field_predictor
[ 92%] Building CXX object CMakeFiles/test_rolling_spatial_advisory_window.dir/test/test_rolling_spatial_advisory_window.cpp.o
[ 92%] Linking CXX executable test_rolling_spatial_advisory_window
[ 93%] Linking CXX executable test_predictor_module
[ 93%] Built target test_rolling_spatial_advisory_window
[ 93%] Building CXX object CMakeFiles/test_predictor_risk_conversion.dir/test/test_predictor_risk_conversion.cpp.o
[ 93%] Built target test_predictor_module
[ 94%] Building CXX object CMakeFiles/test_risk_grid_map.dir/test/test_risk_grid_map.cpp.o
[ 94%] Linking CXX executable test_predictor_risk_conversion
[ 94%] Built target test_predictor_risk_conversion
[ 95%] Building CXX object CMakeFiles/test_pi_cost_adapter.dir/test/test_pi_cost_adapter.cpp.o
[ 95%] Linking CXX executable test_pi_cost_adapter
[ 95%] Built target test_pi_cost_adapter
[ 95%] Building CXX object CMakeFiles/test_unified_risk_grid.dir/test/test_unified_risk_grid.cpp.o
[ 96%] Linking CXX executable test_unified_risk_grid
[ 96%] Built target test_unified_risk_grid
[ 96%] Building CXX object CMakeFiles/test_odom_freshness.dir/test/test_odom_freshness.cpp.o
[ 97%] Linking CXX executable test_odom_freshness
[ 97%] Built target test_odom_freshness
[ 98%] Building CXX object CMakeFiles/test_alert_limit_model.dir/test/test_alert_limit_model.cpp.o
[ 98%] Linking CXX executable test_alert_limit_model
[ 98%] Built target test_alert_limit_model
[ 98%] Building CXX object CMakeFiles/test_run_log_manager.dir/test/test_run_log_manager.cpp.o
[ 98%] Linking CXX executable test_risk_grid_map
[ 99%] Linking CXX executable test_run_log_manager
[ 99%] Built target test_risk_grid_map
[ 99%] Building CXX object CMakeFiles/test_p1_fixture_geometry.dir/test/test_p1_fixture_geometry.cpp.o
[ 99%] Built target test_run_log_manager
[ 99%] Building CXX object CMakeFiles/test_demo11_publication_stamp_authority.dir/test/test_demo11_publication_stamp_authority.cpp.o
[100%] Linking CXX executable test_demo11_publication_stamp_authority
[100%] Built target test_demo11_publication_stamp_authority
[100%] Linking CXX executable test_p1_fixture_geometry
[100%] Built target test_p1_fixture_geometry
