[INFO] [launch]: All log files can be found below /home/dev/ws_iap/src/iap/results/icra27/icra031/ros_log/2026-08-23-13-16-11-310248-mint-X-3422215
[INFO] [launch]: Default logging verbosity is set to INFO
[INFO] [launch.user]: [test_planner] self-contained planner closed-loop demo
[INFO] [launch.user]: [test_planner] experiment: p0_open_sky
[INFO] [launch.user]: [test_planner] scenario: gnss_open_sky
[INFO] [launch.user]: [test_planner] runtime IAP config: /home/dev/ws_iap/src/iap/results/icra27/icra031/runs/smoke/runtime/iap_sim_demo11_test_planner_3422215_1787490971323/sim_demo11
[INFO] [launch.user]: [test_planner] export dir: /home/dev/ws_iap/src/iap/results/icra27/icra031/runs/smoke/exports/test_planner_p0_open_sky_gnss_open_sky_3422215_1787490971323
[INFO] [launch.user]: [test_planner] evidence run_id: 4799e9cfffa844a0882fea6dd6cf91bf schema: p1_evidence_provenance_v4
[INFO] [launch.user]: [test_planner] planner_safety_profile: off
[INFO] [launch.user]: [test_planner] safety switches: {'p1': False, 'p2': False, 'p3_local': False, 'p3_global': False, 'p4': False, 'p5_runtime': False, 'p5_final': False}, p0=True
[INFO] [launch.user]: [test_planner] GNSS scenario: /home/dev/ws_iap/src/iap/results/icra27/icra031/install/share/iap/config/gnss_sim/demo7_open_sky.yaml
[INFO] [launch.user]: [test_planner] rosbag output: /home/dev/ws_iap/src/iap/results/planner_validation/bags/test_planner_p0_open_sky_gnss_open_sky_20260823T131611Z
[INFO] [launch.user]: [test_planner] delaying EGO planner/traj_server by 10.00s
[INFO] [demo11_corridor_map_publisher-1]: process started with pid [3422253]
[INFO] [pcl_render_node-2]: process started with pid [3422254]
[INFO] [demo4_lidar_body_bridge-3]: process started with pid [3422255]
[INFO] [iap_rosnode-4]: process started with pid [3422256]
[INFO] [poscmd_2_odom-5]: process started with pid [3422257]
[INFO] [odom_visualization-6]: process started with pid [3422295]
[INFO] [odom_visualization-7]: process started with pid [3422298]
[INFO] [odom_visualization-8]: process started with pid [3422300]
[INFO] [gnss_sim_node-9]: process started with pid [3422302]
[INFO] [so3_quadrotor_simulator-10]: process started with pid [3422305]
[INFO] [component_container-11]: process started with pid [3422306]
[INFO] [planner_evidence_provenance_publisher.py-12]: process started with pid [3422308]
[demo11_corridor_map_publisher-1] [INFO] [1787490971.538505970] [test_planner_corridor_map_publisher]: Demo11 forest built: area 20.0m x 20.0m split into four 10.0m x 10.0m regions, 4.0m stratified cells, trees LL/LR/UL/UR=9/9/9/9, density LL/LR/UL/UR=0.02/0.02/0.02/0.02 trees/m^2, canopy LL/LR/UL/UR=0/0/0/0, canopy radius 0.50-1.50m, canopy density LL/LR/UL/UR=0.00/0.00/0.00/0.00, height range 0.30-1.15m, 23309 total points, terminal wall enabled at x=12.80m y=0.00m width_y=5.00m z=0.00-3.20m thickness_x=0.20m feature_depth_x=0.35m feature_count=24 feature_seed=11022 wall_points=22313, corridor walls=disabled floor=enabled x=-14.00..13.00m half_width_y=2.00m z=0.00..3.00m corridor_points=11111, p0_6_fixture=disabled name= x=-1.50..1.50 y=-0.75..0.75 z=1.00..2.00 fixture_points=0, resolution 0.10m, seed 11
[pcl_render_node-2] [INFO] [1787490971.541792884] [drone_0_pcl_render_node]: pcl_render ready cloud_topic=pcl_render_node/cloud sensing_horizon=10.000 sensing_rate=10.000 map_resolution=0.100
[demo4_lidar_body_bridge-3] [INFO] [1787490971.536850923] [test_planner_lidar_body_bridge]: demo4 lidar body bridge ready cloud=/sim/drone_0/lidar odom=/sim/drone_0/truth_odom output=/sim/drone_0/lidar_body frame=lidar max_odom_lookup_dt=0.050
[iap_rosnode-4] [INFO] [1787490971.550254290] [test_planner_iap_rosnode]: iap init stage=config path=/home/dev/ws_iap/src/iap/results/icra27/icra031/runs/smoke/runtime/iap_sim_demo11_test_planner_3422215_1787490971323/sim_demo11
[so3_quadrotor_simulator-10] [INFO] [1787490971.551364328] [drone_0_quadrotor_simulator_so3]: simulation epoch enabled: start_utc=2022-07-06T00:00:00Z unix=1657065600
[so3_quadrotor_simulator-10] [INFO] [1787490971.551518532] [drone_0_quadrotor_simulator_so3]: IAP IMU topic enabled: /sim/drone_0/imu_iap
[iap_rosnode-4] [INFO] [1787490971.553469535] [test_planner_iap_rosnode]: iap init stage=run_logs ready dir=/home/dev/ws_iap/src/iap/results/icra27/icra031/runs/smoke/runtime/iap_logs/20260823T131611Z_550
[iap_rosnode-4] [2026-08-23 13:16:11.553] [glim] [info] config_path: /home/dev/ws_iap/src/iap/results/icra27/icra031/runs/smoke/runtime/iap_sim_demo11_test_planner_3422215_1787490971323/sim_demo11
[iap_rosnode-4] [2026-08-23 13:16:11.553] [glim] [info] run_dir: /home/dev/ws_iap/src/iap/results/icra27/icra031/runs/smoke/runtime/iap_logs/20260823T131611Z_550
[iap_rosnode-4] [2026-08-23 13:16:11.553] [glim] [info] registered GPU linearization hook
[iap_rosnode-4] [2026-08-23 13:16:11.553] [glim] [info] dump_path: /home/dev/ws_iap/src/iap/results/icra27/icra031/runs/smoke/runtime/iap_logs/20260823T131611Z_550/export/dump (legacy config value: /home/dev/ws_iap/src/iap/results/icra27/icra031/runs/smoke/runtime/iap_sim_demo11_test_planner_3422215_1787490971323/dump)
[iap_rosnode-4] [2026-08-23 13:16:11.553] [glim] [info] load libodometry_estimation_cpu.so
[iap_rosnode-4] [INFO] [1787490971.553715352] [test_planner_iap_rosnode]: iap init stage=load_core_modules
[iap_rosnode-4] [2026-08-23 13:16:11.554] [glim] [warning] param odometry_estimation/clk_bias_noise not found
[iap_rosnode-4] [2026-08-23 13:16:11.554] [glim] [warning] use default_value=100
[iap_rosnode-4] [2026-08-23 13:16:11.554] [glim] [warning] param odometry_estimation/clk_drift_noise not found
[iap_rosnode-4] [2026-08-23 13:16:11.554] [glim] [warning] use default_value=1
[iap_rosnode-4] [2026-08-23 13:16:11.554] [glim] [warning] param odometry_estimation/clk_bias_relin_thresh not found
[iap_rosnode-4] [2026-08-23 13:16:11.554] [glim] [warning] use default_value=500
[iap_rosnode-4] [2026-08-23 13:16:11.554] [glim] [warning] param odometry_estimation/clk_drift_relin_thresh not found
[iap_rosnode-4] [2026-08-23 13:16:11.554] [glim] [warning] use default_value=5
[iap_rosnode-4] [2026-08-23 13:16:11.554] [glim] [warning] param odometry_estimation/sigma_p_update_scope not found
[iap_rosnode-4] [2026-08-23 13:16:11.554] [glim] [warning] use default_value=current
[iap_rosnode-4] [2026-08-23 13:16:11.554] [glim] [warning] param odometry_estimation/icp_cond_threshold not found
[iap_rosnode-4] [2026-08-23 13:16:11.554] [glim] [warning] use default_value=500
[iap_rosnode-4] [2026-08-23 13:16:11.554] [glim] [warning] param odometry_estimation/gamma_lidar_max not found
[iap_rosnode-4] [2026-08-23 13:16:11.554] [glim] [warning] use default_value=10
[iap_rosnode-4] [2026-08-23 13:16:11.554] [glim] [warning] param odometry_estimation/enable_icp_csv not found
[iap_rosnode-4] [2026-08-23 13:16:11.554] [glim] [warning] use default_value=false
[iap_rosnode-4] [2026-08-23 13:16:11.554] [glim] [warning] param odometry_estimation/icp_csv_path not found
[iap_rosnode-4] [2026-08-23 13:16:11.554] [glim] [warning] use default_value=/tmp/iap_icp.csv
[iap_rosnode-4] [2026-08-23 13:16:11.554] [glim] [info] [odometry_cpu] enable_icp_csv=false icp_csv_path=/home/dev/ws_iap/src/iap/results/icra27/icra031/runs/smoke/runtime/iap_logs/20260823T131611Z_550/export/iap_icp.csv
[iap_rosnode-4] [2026-08-23 13:16:11.555] [odom] [info] clock_owner_mode=gnss odometry_owns_clock=false
[iap_rosnode-4] [2026-08-23 13:16:11.555] [odom] [info] relinearization policy {b:dim=6:th=[0.100,0.100,0.100,0.100,0.100,0.100], c:dim=2:th=[500.000,5.000], e:dim=3:th=[0.100,0.100,0.100], l:dim=2:th=[0.100,0.100], r:dim=3:th=[0.100,0.100,0.100], v:dim=3:th=[0.100,0.100,0.100], x:dim=6:th=[0.100,0.100,0.100,0.100,0.100,0.100]}
[gnss_sim_node-9] [INFO] [1787490971.558863713] [test_planner_gnss_sim_node]: Loaded GNSS scenario file: /home/dev/ws_iap/src/iap/results/icra27/icra031/install/share/iap/config/gnss_sim/demo7_open_sky.yaml
[gnss_sim_node-9] [INFO] [1787490971.558987261] [test_planner_gnss_sim_node]: GNSS sim config: scenario_file=/home/dev/ws_iap/src/iap/results/icra27/icra031/install/share/iap/config/gnss_sim/demo7_open_sky.yaml ephemeris_source=rinex enabled_constellations=GPS,BDS,GAL,GLO enable_fault_injection=false fault_count=0
[gnss_sim_node-9] [INFO] [1787490971.565132381] [test_planner_gnss_sim_node]: gnss_sim_node v2 started: truth_odom_topic=/sim/drone_0/truth_odom time_source=odom_stamp origin_lla=[31.2304000, 121.4737000, 25.00]
[iap_rosnode-4] [2026-08-23 13:16:11.671] [glim] [warning] scan-to-multi-scan mode requires registration_type=VGICP (got GICP). Set use_scan_to_map=true or switch to VGICP.
[iap_rosnode-4] [2026-08-23 13:16:11.671] [glim] [info] load libsub_mapping.so
[iap_rosnode-4] [2026-08-23 13:16:11.671] [glim] [warning] param sub_mapping/submap_target_num_points not found
[iap_rosnode-4] [2026-08-23 13:16:11.671] [glim] [warning] use default_value=-1
[iap_rosnode-4] [2026-08-23 13:16:11.672] [glim] [info] load libglobal_mapping.so
[iap_rosnode-4] [2026-08-23 13:16:11.672] [glim] [warning] param global_mapping/submap_voxel_resolution_max not found
[iap_rosnode-4] [2026-08-23 13:16:11.672] [glim] [warning] use default_value=0.5
[iap_rosnode-4] [2026-08-23 13:16:11.672] [glim] [warning] param global_mapping/submap_voxel_resolution_dmin not found
[iap_rosnode-4] [2026-08-23 13:16:11.672] [glim] [warning] use default_value=5
[iap_rosnode-4] [2026-08-23 13:16:11.672] [glim] [warning] param global_mapping/submap_voxel_resolution_dmax not found
[iap_rosnode-4] [2026-08-23 13:16:11.672] [glim] [warning] use default_value=20
[iap_rosnode-4] [2026-08-23 13:16:11.672] [global] [info] multiscan_window=3: global_mapping will only connect submaps within 3 recent neighbors
[iap_rosnode-4] [2026-08-23 13:16:11.672] [glim] [info] load libgnss_extension.so
[iap_rosnode-4] [INFO] [1787490971.672916241] [test_planner_iap_rosnode]: iap init stage=load_extension_modules
[iap_rosnode-4] [2026-08-23 13:16:11.677] [gnss_ext] [info] [gnss_ext] Config loaded: pr_σ=1 dop_σ=0.03 elev_cut=10° canopy=[1,0.5,5,α=2] lever=[0.000,0.000,0.000] clk_q=[1,0.1] σ_E=5 σ_R=0.087
[iap_rosnode-4] [2026-08-23 13:16:11.677] [gnss_ext] [info] [gnss_ext] clock_owner_mode=gnss gnss_owns_clock=true
[iap_rosnode-4] [2026-08-23 13:16:11.677] [gnss_ext] [info] GnssExtensionModule created — waiting for NavSatFix origin
[iap_rosnode-4] [2026-08-23 13:16:11.677] [gnss_ext] [info] [gnss_ext] timing_csv=ENABLED path=/home/dev/ws_iap/src/iap/results/icra27/icra031/runs/smoke/runtime/iap_logs/20260823T131611Z_550/profiling/iap_timing.csv
[iap_rosnode-4] [2026-08-23 13:16:11.677] [gnss_ext] [info] [gnss_ext] enable_debug_csv=true
[iap_rosnode-4] [2026-08-23 13:16:11.677] [gnss_ext] [info] [gnss_ext] Debug CSV logging ENABLED → /home/dev/ws_iap/src/iap/results/icra27/icra031/runs/smoke/runtime/iap_logs/20260823T131611Z_550/export/iap_gnss_factor_debug.csv
[iap_rosnode-4] [2026-08-23 13:16:11.677] [gnss_ext] [info] GnssExtensionModule: subscriptions created
[iap_rosnode-4] [2026-08-23 13:16:11.680] [glim] [info] load libintegrity_extension.so
[iap_rosnode-4] [2026-08-23 13:16:11.681] [integrity_ext] [info] ━━━━━━━━━━━━━━━━━━━━━━━━━━━━━━━━━━━━━━━━━━━━━━━━━━━
[iap_rosnode-4] [2026-08-23 13:16:11.681] [integrity_ext] [info] [IntegrityExt] ■ Module master:  ENABLED
[iap_rosnode-4] [2026-08-23 13:16:11.681] [integrity_ext] [info] [IntegrityExt] ■ ARAIM:          ENABLED  (needs GNSS epoch)
[iap_rosnode-4] [2026-08-23 13:16:11.681] [integrity_ext] [info] [IntegrityExt] ■ FGO sigma_p:    ENABLED  (smoother marginal cov)
[iap_rosnode-4] [2026-08-23 13:16:11.681] [integrity_ext] [info] [IntegrityExt] ■ Dynamic AL:     ENABLED  (trunk HAL + altitude VAL)
[iap_rosnode-4] [2026-08-23 13:16:11.681] [integrity_ext] [info] [IntegrityExt] ■ Publish topic:  /iap/integrity
[iap_rosnode-4] [2026-08-23 13:16:11.681] [integrity_ext] [info] [IntegrityExt] ■ RViz markers:   disabled  topic=/iap/araim_envelopes
[iap_rosnode-4] [2026-08-23 13:16:11.681] [integrity_ext] [info] [IntegrityExt] ■ P5-5 fixture:   disabled  name=current_integrity_stamp_freeze_v1 start=30.000s duration=12.000s
[iap_rosnode-4] [2026-08-23 13:16:11.681] [integrity_ext] [info] ━━━━━━━━━━━━━━━━━━━━━━━━━━━━━━━━━━━━━━━━━━━━━━━━━━━
[iap_rosnode-4] [2026-08-23 13:16:11.681] [integrity_ext] [info] [IntegrityExt] GNSS ARAIM constellation hypotheses: disabled
[iap_rosnode-4] [2026-08-23 13:16:11.682] [glim] [info] [araim_debug] CSV logging to: /home/dev/ws_iap/src/iap/results/icra27/icra031/runs/smoke/runtime/iap_logs/20260823T131611Z_550/export/iap_araim.csv
[iap_rosnode-4] [2026-08-23 13:16:11.682] [integrity_ext] [info] [IntegrityExt] ARAIM CSV: ENABLED → /home/dev/ws_iap/src/iap/results/icra27/icra031/runs/smoke/runtime/iap_logs/20260823T131611Z_550/export/iap_araim.csv
[iap_rosnode-4] [2026-08-23 13:16:11.682] [integrity_ext] [info] [IntegrityExt] ARAIM PL decomposition CSV: disabled → /home/dev/ws_iap/src/iap/results/icra27/icra031/runs/smoke/runtime/iap_logs/20260823T131611Z_550/export/iap_araim_pl_decomp.csv
[iap_rosnode-4] [2026-08-23 13:16:11.682] [integrity_ext] [info] [IntegrityExt] LiDAR ARAIM Stage0 CSV: disabled → /home/dev/ws_iap/src/iap/results/icra27/icra031/runs/smoke/runtime/iap_logs/20260823T131611Z_550/export/iap_lidar_araim_stage0.csv
[iap_rosnode-4] [2026-08-23 13:16:11.682] [integrity_ext] [info] [IntegrityExt] Trajectory CSV: ENABLED → /home/dev/ws_iap/src/iap/results/icra27/icra031/runs/smoke/runtime/iap_logs/20260823T131611Z_550/export/traj_with_gnss.csv
[iap_rosnode-4] [2026-08-23 13:16:11.682] [integrity_ext] [info] [IntegrityExt] callbacks registered — waiting for frames
[iap_rosnode-4] [2026-08-23 13:16:11.683] [integrity_ext] [info] [IntegrityExt] publisher created → /iap/integrity
[iap_rosnode-4] [2026-08-23 13:16:11.683] [glim] [info] load libsim_extension.so
[iap_rosnode-4] [2026-08-23 13:16:11.684] [glim] [warning] param glim_ros/sim/ not found
[iap_rosnode-4] [2026-08-23 13:16:11.684] [glim] [warning] use default_value=0.05
[iap_rosnode-4] [2026-08-23 13:16:11.684] [glim] [warning] param glim_ros/sim/ not found
[iap_rosnode-4] [2026-08-23 13:16:11.684] [glim] [warning] use default_value=2
[iap_rosnode-4] [2026-08-23 13:16:11.684] [sim_ext] [info] [sim_ext] truth_odom_topic=/sim/drone_0/truth_odom planner_odom_topic=/drone_0_visual_slam/odom align_to_truth=true alignment_max_dt=0.050s metrics_csv=/home/dev/ws_iap/src/iap/results/icra27/icra031/runs/smoke/exports/test_planner_p0_open_sky_gnss_open_sky_3422215_1787490971323/iap_sim_truth_vs_est.csv
[iap_rosnode-4] [2026-08-23 13:16:11.685] [sim_ext] [info] [sim_ext] subscriptions created
[iap_rosnode-4] [INFO] [1787490971.685779076] [test_planner_iap_rosnode]: iap init stage=create_core_subscriptions
[iap_rosnode-4] [INFO] [1787490971.686209169] [test_planner_iap_rosnode]: iap subscribed imu_topic=/sim/drone_0/imu_iap points_topic=/sim/drone_0/lidar_body
[iap_rosnode-4] [INFO] [1787490971.686588804] [test_planner_iap_rosnode]: iap init stage=create_input_status_timer
[iap_rosnode-4] [INFO] [1787490971.686608040] [test_planner_iap_rosnode]: iap init stage=queue_thread_start
[iap_rosnode-4] [INFO] [1787490971.686669592] [test_planner_iap_rosnode]: iap init stage=ready
[iap_rosnode-4] [INFO] [1787490971.686917297] [test_planner_iap_rosnode]: iap input first imu stamp=1657065600.135154 frame_id=imu
[iap_rosnode-4] [2026-08-23 13:16:11.686] [glim] [info] meta/imu_frame_id=imu
[iap_rosnode-4] [2026-08-23 13:16:11.686] [glim] [info] meta/base_frame_id=imu
[iap_rosnode-4] [2026-08-23 13:16:11.686] [glim] [info] auto-detected acc_scale=1.00000
[gnss_sim_node-9] [INFO] [1787490971.695430869] [test_planner_gnss_sim_node]: Loaded 3017 GPS/BDS/GAL and 1070 GLONASS ephemeris records from RINEX NAV file: /home/dev/ws_iap/src/LIGO./Data/BRDM00DLR_S_20221870000_01D_MN.rnx
[iap_rosnode-4] [2026-08-23 13:16:11.695] [gnss_ext] [info] GnssExtensionModule: ECEF origin set — lat=31.230400° lon=121.473574° ECEF=[-2850075,4655718,3287777]m
[iap_rosnode-4] [2026-08-23 13:16:11.696] [gnss_ext] [info] [gnss_ext] Klobuchar iono params received — ionospheric correction enabled.  alpha=[1.0000e-08,0.0000e+00,0.0000e+00,0.0000e+00] beta=[90000,0,0,0]
[iap_rosnode-4] [2026-08-23 13:16:11.704] [gnss_ext] [info] [gnss_ext] first epoch UTC stamp=1657065600.109  (last_frame_stamp=0.000  delta=1657065600.109s)
[iap_rosnode-4] [2026-08-23 13:16:11.704] [gnss_ext] [info] [gnss_ext] Klobuchar iono correction ACTIVE for this epoch — alpha=[1.0000e-08,0.0000e+00,0.0000e+00,0.0000e+00] beta=[90000,0,0,0]
[iap_rosnode-4] [2026-08-23 13:16:11.705] [gnss_ext] [info] [gnss_ext] epoch #1 inserted: stamp=1657065600.109 n_sats=41
[component_container-11] [INFO] [1787490971.765187343] [test_planner_so3_control_container]: Load Library: /home/dev/ws_iap/install/so3_control/lib/libso3_control_component.so
[component_container-11] [INFO] [1787490971.767030137] [test_planner_so3_control_container]: Found class: rclcpp_components::NodeFactoryTemplate<SO3ControlComponent>
[component_container-11] [INFO] [1787490971.767040338] [test_planner_so3_control_container]: Instantiate class: rclcpp_components::NodeFactoryTemplate<SO3ControlComponent>
[component_container-11] [INFO] [1787490971.770275085] [test_planner_so3_control_component]: start SO3ControlComponent
[pcl_render_node-2] [INFO] [1787490971.771966634] [pcl_render_node]: first odometry stamp=1657065600.214139 frame_id=map
[INFO] [launch_ros.actions.load_composable_nodes]: Loaded node '/test_planner_so3_control_component' in container '/test_planner_so3_control_container'
[pcl_render_node-2] [WARN] [1787490972.052319563] [rcvGlobalPointCloudCallBack]: Global Pointcloud received..
[pcl_render_node-2] [INFO] [1787490972.142461501] [pcl_render_node]: first lidar publish stamp=1657065600.530233 points=3745 frame_id=map
[demo4_lidar_body_bridge-3] [INFO] [1787490972.142860481] [test_planner_lidar_body_bridge]: first body cloud stamp=1657065600.530233 points=3745 frame_id=lidar input_frame=map
[iap_rosnode-4] [INFO] [1787490972.143061248] [test_planner_iap_rosnode]: iap input first points stamp=1657065600.530233 frame_id=lidar width=3745 height=1 fields=3
[iap_rosnode-4] [2026-08-23 13:16:12.143] [glim] [info] meta/lidar_frame_id=lidar
[iap_rosnode-4] [2026-08-23 13:16:12.143] [glim] [warning] per-point timestamps are not given!!
[iap_rosnode-4] [2026-08-23 13:16:12.143] [glim] [warning] use pseudo per-point timestamps based on the order of points
[iap_rosnode-4] [INFO] [1787490972.144796261] [test_planner_iap_rosnode]: iap input first preprocessed frame stamp=1657065600.530233 points=3745 scan_end=1657065600.530233
[iap_rosnode-4] [INFO] [1787490973.686699240] [test_planner_iap_rosnode]: iap input status imu_count=2000 points_count=16 accepted_frames=16 dropped_points=0 imu_publishers=1 points_publishers=1
[iap_rosnode-4] [2026-08-23 13:16:15.148] [odom] [info] estimate initial IMU state
[iap_rosnode-4] Initial error: 1459.33, values: 93
[iap_rosnode-4] iter      cost      cost_change    lambda  success iter_time
[iap_rosnode-4]    0    0.0287546      1.5e+03      1e-05      1          0
[iap_rosnode-4]    1        0.025       0.0037      1e-06      1          0
[iap_rosnode-4]    2        0.025      1.3e-12      1e-07      1          0
[iap_rosnode-4] [2026-08-23 13:16:15.153] [odom] [info] initial IMU state estimation result
[iap_rosnode-4] [2026-08-23 13:16:15.153] [odom] [info] T_world_imu=se3(-0.005308,0.000922,0.084529,0.000003,0.000040,-0.000066,1.000000)
[iap_rosnode-4] [2026-08-23 13:16:15.153] [odom] [info] v_world_imu=vec(0.000672,-0.000442,-0.000773)
[iap_rosnode-4] [2026-08-23 13:16:15.153] [odom] [info] imu_bias=vec(-0.000185,0.000107,0.000000,-0.000056,-0.000088,-0.000174)
[iap_rosnode-4] [2026-08-23 13:16:15.154] [odom] [info] update_frames: clock not ready for current frame 0, skip read [count=1]
[iap_rosnode-4] [2026-08-23 13:16:15.155] [odom] [info] [lifecycle] events=10 stamp=1657065603.531 {b:{writes=odometry=1;missing=;expected=odometry;conflicts=0;violations=0}, c:{writes=;missing=;expected=gnss;conflicts=0;violations=0}, e:{writes=;missing=;expected=gnss;conflicts=0;violations=0}, r:{writes=;missing=;expected=gnss;conflicts=0;violations=0}, v:{writes=odometry=1;missing=;expected=odometry;conflicts=0;violations=0}, x:{writes=odometry=1;missing=;expected=odometry;conflicts=0;violations=0}}
[iap_rosnode-4] [2026-08-23 13:16:15.245] [gnss_ext] [info] [gnss_ext] E(0)/R(0) inserted — ECEF=[-2850075,4655718,3287777] σ_E=5m σ_R=0.087rad
[iap_rosnode-4] [2026-08-23 13:16:15.245] [gnss_ext] [info] [gnss_ext] C(1) not in new_values — inserting; warm-start: bias=0m drift=0.00m/s (glim base class does not add clock variable)
[iap_rosnode-4] [2026-08-23 13:16:15.245] [gnss_ext] [info] [gnss_ext] clock chain state: UNSEEDED -> SEEDED (clock_seeded) at 1657065603.631
[iap_rosnode-4] [2026-08-23 13:16:15.245] [gnss_ext] [info] [gnss_ext] injection #1: 82 GNSS factors → frame 1 (stamp=1657065603.631)
[iap_rosnode-4] [2026-08-23 13:16:15.245] [gnss_ext] [info] [gnss_ext] clock summary #1: state=SEEDED prev_missing=0 curr_missing=0 resets=0 stamp=1657065603.631
[iap_rosnode-4] [2026-08-23 13:16:15.246] [gnss_ext] [info] [gnss_ext] diag #1: clk_bias=3.16m  clk_drift=0.0151m/s | PR rms=1.30m (41 sats)  Dop rms=0.0282m/s (41 sats)
[iap_rosnode-4] [2026-08-23 13:16:15.248] [integrity_ext] [info] [IntegrityExt] #1: stamp=1657065603.631 state=SAFE monitor_fused_HPL=5.33m monitor_fused_VPL=14.89m HAL=10.00m monitor_IM=4.67m n_sv=41 n_trunks=0 fgo_valid=true fgo_factors=90 lidar_hyp=0 gnss_certified_HPL=5.33 gnss_certified_VPL=14.89 lidar_certified_HPL=1000000000.00 lidar_certified_VPL=1000000000.00 mode=NONE
[iap_rosnode-4] [2026-08-23 13:16:15.248] [sim_ext] [info] [sim_ext] initialized planner odom SE3 alignment truth_stamp=1657065603.631277 est_stamp=1657065603.631277 dt=0.000000s translation=[-11.995,0.001,1.414] rotation_deg=0.008
[iap_rosnode-4] [2026-08-23 13:16:15.345] [gnss_ext] [info] [gnss_ext] clock chain state: SEEDED -> CHAIN_ACTIVE (clock_between_added) at 1657065603.730
[iap_rosnode-4] [INFO] [1787490975.686667040] [test_planner_iap_rosnode]: iap input status imu_count=4000 points_count=36 accepted_frames=36 dropped_points=0 imu_publishers=1 points_publishers=1
[iap_rosnode-4] [INFO] [1787490977.686682564] [test_planner_iap_rosnode]: iap input status imu_count=6000 points_count=56 accepted_frames=56 dropped_points=0 imu_publishers=1 points_publishers=1
[iap_rosnode-4] [INFO] [1787490979.686676679] [test_planner_iap_rosnode]: iap input status imu_count=8000 points_count=76 accepted_frames=76 dropped_points=0 imu_publishers=1 points_publishers=1
[iap_rosnode-4] [2026-08-23 13:16:20.145] [gnss_ext] [info] [lifecycle] events=212 stamp=1657065608.531 {b:{writes=odometry=51;missing=;expected=odometry;conflicts=0;violations=0}, c:{writes=gnss=50;missing=;expected=gnss;conflicts=0;violations=0}, e:{writes=gnss=1;missing=;expected=gnss;conflicts=0;violations=0}, r:{writes=gnss=1;missing=;expected=gnss;conflicts=0;violations=0}, v:{writes=odometry=51;missing=;expected=odometry;conflicts=0;violations=0}, x:{writes=odometry=51;missing=;expected=odometry;conflicts=0;violations=0}}
[iap_rosnode-4] [2026-08-23 13:16:20.174] [gnss_ext] [info] [gnss_ext] diag #50: clk_bias=-0.05m  clk_drift=-0.0125m/s | PR rms=1.01m (41 sats)  Dop rms=0.0297m/s (41 sats)
[iap_rosnode-4] [2026-08-23 13:16:20.183] [integrity_ext] [info] [IntegrityExt] #50: stamp=1657065608.531 state=SAFE monitor_fused_HPL=5.27m monitor_fused_VPL=14.46m HAL=10.00m monitor_IM=4.73m n_sv=41 n_trunks=0 fgo_valid=true fgo_factors=4300 lidar_hyp=0 gnss_certified_HPL=5.27 gnss_certified_VPL=14.46 lidar_certified_HPL=1000000000.00 lidar_certified_VPL=1000000000.00 mode=NONE
[INFO] [ego_planner_node-13]: process started with pid [3423823]
[INFO] [traj_server-14]: process started with pid [3423824]
[iap_rosnode-4] [2026-08-23 13:16:21.573] [gnss_ext] [info] [gnss_ext] epoch #100 inserted: stamp=1657065610.013 n_sats=41
[ego_planner_node-13] hit: 0.619039
[ego_planner_node-13] miss: -0.619039
[ego_planner_node-13] min log: -1.99243
[ego_planner_node-13] max: 2.19722
[ego_planner_node-13] thresh log: 1.38629
[iap_rosnode-4] [INFO] [1787490981.686667692] [test_planner_iap_rosnode]: iap input status imu_count=10000 points_count=96 accepted_frames=96 dropped_points=0 imu_publishers=1 points_publishers=1
[ego_planner_node-13] [INFO] [1787490981.702634718] [drone_0_ego_planner_node]: Wait for 1 second.
[ego_planner_node-13] [INFO] [1787490982.202377229] [drone_0_ego_planner_node]: [p0] risk grid ready=0 stale=1 age=inf valid=0.000 unknown=1.000 gen=0 provider_queries=0 occupied_skip=0 provider_stale=0 provider_invalid=0 gnss_used=0 lidar_used=0 prior_used=0 stale_current_prior=0 regularized=0 conservative_max=0 lidar_points=0 lidar_fim_primitives=0 lidar_fim_valid_normals=0 lidar_fim_fallback=not_evaluated dominant_unknown=:0 refresh_stamp=nan grid_stamp=nan elapsed_ms=nan queries=0 reason=not_ready
[traj_server-14] [WARN] [1787490982.594490907] [drone_0_traj_server]: [Traj server]: ready.
[ego_planner_node-13] [FSM]: state: INIT
[ego_planner_node-13] no odom.
[ego_planner_node-13] wait for goal or trigger.
[ego_planner_node-13] [WARN] [1787490982.960385238] [drone_0_ego_planner_node]: Waiting for trigger from [n3ctrl] from RC
[iap_rosnode-4] [INFO] [1787490983.686669795] [test_planner_iap_rosnode]: iap input status imu_count=12000 points_count=116 accepted_frames=116 dropped_points=0 imu_publishers=1 points_publishers=1
[ego_planner_node-13] [FSM]: state: INIT
[ego_planner_node-13] no odom.
[ego_planner_node-13] wait for goal or trigger.
[ego_planner_node-13] [FSM]: from INIT to WAIT_TARGET
[ego_planner_node-13] [FSM]: from WAIT_TARGET to SEQUENTIAL_START
[ego_planner_node-13] [RiskContext] planning_generation_id=0, query_base_time_s=1.65707e+09, snapshot_available=0
[ego_planner_node-13] [47;30m
[ego_planner_node-13] [drone 0 replan 0]==============================================[0m
[ego_planner_node-13] [1;33mmulti-trajs=1[1;0m
[ego_planner_node-13] [32miter(+1)=30,time(ms)=0.080,total_t(ms)=0.110,cost=0.293
[ego_planner_node-13] [0mtraj 1 success.
[ego_planner_node-13] plan_success=1
[ego_planner_node-13] total time:[42m0.000231406[0m,optimize:0.000229945,refine:1.461e-06,avg_time=0.000231406
[ego_planner_node-13] refine_success=1
[ego_planner_node-13] [FSM]: from SEQUENTIAL_START to EXEC_TRAJ
[ego_planner_node-13] [WARN] [1787490984.263957779] [drone_0_ego_planner_node]: P1 published fresh bspline but could not write accepted-profile evidence
[ego_planner_node-13] [INFO] [1787490984.701656826] [drone_0_ego_planner_node]: [p0] risk grid ready=0 stale=1 age=inf valid=0.000 unknown=1.000 gen=0 provider_queries=0 occupied_skip=0 provider_stale=0 provider_invalid=0 gnss_used=0 lidar_used=0 prior_used=0 stale_current_prior=0 regularized=0 conservative_max=0 lidar_points=23309 lidar_fim_primitives=704 lidar_fim_valid_normals=704 lidar_fim_fallback= dominant_unknown=:0 refresh_stamp=nan grid_stamp=nan elapsed_ms=0.002 queries=0 reason=message_stamp_unavailable
[ego_planner_node-13] [FSM]: state: EXEC_TRAJ
[iap_rosnode-4] [2026-08-23 13:16:24.845] [gnss_ext] [info] [lifecycle] events=400 stamp=1657065613.231 {b:{writes=odometry=98;missing=;expected=odometry;conflicts=0;violations=0}, c:{writes=gnss=97;missing=;expected=gnss;conflicts=0;violations=0}, e:{writes=gnss=1;missing=;expected=gnss;conflicts=0;violations=0}, r:{writes=gnss=1;missing=;expected=gnss;conflicts=0;violations=0}, v:{writes=odometry=98;missing=;expected=odometry;conflicts=0;violations=0}, x:{writes=odometry=98;missing=;expected=odometry;conflicts=0;violations=0}}
[iap_rosnode-4] [2026-08-23 13:16:24.861] [odom] [info] [lifecycle] events=400 stamp=1657065613.231 {b:{writes=odometry=98;missing=;expected=odometry;conflicts=0;violations=0}, c:{writes=gnss=97;missing=;expected=gnss;conflicts=0;violations=0}, e:{writes=gnss=1;missing=;expected=gnss;conflicts=0;violations=0}, r:{writes=gnss=1;missing=;expected=gnss;conflicts=0;violations=0}, v:{writes=odometry=98;missing=;expected=odometry;conflicts=0;violations=0}, x:{writes=odometry=98;missing=;expected=odometry;conflicts=0;violations=0}}
[iap_rosnode-4] [2026-08-23 13:16:25.145] [gnss_ext] [info] [gnss_ext] injection #100: 82 GNSS factors → frame 100 (stamp=1657065613.530)
[iap_rosnode-4] [2026-08-23 13:16:25.166] [gnss_ext] [info] [gnss_ext] diag #100: clk_bias=-0.19m  clk_drift=-0.0118m/s | PR rms=0.90m (41 sats)  Dop rms=0.0290m/s (41 sats)
[iap_rosnode-4] [2026-08-23 13:16:25.168] [integrity_ext] [info] [IntegrityExt] #100: stamp=1657065613.530 state=SAFE monitor_fused_HPL=4.92m monitor_fused_VPL=14.13m HAL=10.00m monitor_IM=5.08m n_sv=41 n_trunks=0 fgo_valid=true fgo_factors=4387 lidar_hyp=0 gnss_certified_HPL=4.92 gnss_certified_VPL=14.13 lidar_certified_HPL=1000000000.00 lidar_certified_VPL=1000000000.00 mode=NONE
[ego_planner_node-13] [FSM]: from EXEC_TRAJ to REPLAN_TRAJ
[ego_planner_node-13] [RiskContext] planning_generation_id=0, query_base_time_s=1.65707e+09, snapshot_available=0
[ego_planner_node-13] [47;30m
[ego_planner_node-13] [drone 0 replan 1]==============================================[0m
[ego_planner_node-13] [1;33mmulti-trajs=1[1;0m
[ego_planner_node-13] [32miter(+1)=14,time(ms)=0.038,total_t(ms)=0.062,cost=0.107
[ego_planner_node-13] [0mtraj 1 success.
[ego_planner_node-13] plan_success=1
[ego_planner_node-13] total time:[42m0.000164384[0m,optimize:0.00016295,refine:1.434e-06,avg_time=0.000197895
[ego_planner_node-13] refine_success=1
[ego_planner_node-13] [WARN] [1787490985.283255198] [drone_0_ego_planner_node]: P1 published fresh bspline but could not write accepted-profile evidence
[ego_planner_node-13] [FSM]: from REPLAN_TRAJ to EXEC_TRAJ
[iap_rosnode-4] [INFO] [1787490985.686670618] [test_planner_iap_rosnode]: iap input status imu_count=13998 points_count=136 accepted_frames=136 dropped_points=0 imu_publishers=1 points_publishers=1
[ego_planner_node-13] [FSM]: state: EXEC_TRAJ
[ego_planner_node-13] [FSM]: from EXEC_TRAJ to REPLAN_TRAJ
[ego_planner_node-13] [RiskContext] planning_generation_id=0, query_base_time_s=1.65707e+09, snapshot_available=0
[ego_planner_node-13] [47;30m
[ego_planner_node-13] [drone 0 replan 2]==============================================[0m
[ego_planner_node-13] [1;33mmulti-trajs=1[1;0m
[ego_planner_node-13] [32miter(+1)=9,time(ms)=0.031,total_t(ms)=0.056,cost=0.025
[ego_planner_node-13] [0mtraj 1 success.
[ego_planner_node-13] plan_success=1
[ego_planner_node-13] total time:[42m0.00015361[0m,optimize:0.000152264,refine:1.346e-06,avg_time=0.000183133
[ego_planner_node-13] refine_success=1
[ego_planner_node-13] [WARN] [1787490986.302374514] [drone_0_ego_planner_node]: P1 published fresh bspline but could not write accepted-profile evidence
[ego_planner_node-13] [FSM]: from REPLAN_TRAJ to EXEC_TRAJ
[ego_planner_node-13] [FSM]: state: EXEC_TRAJ
[ego_planner_node-13] [INFO] [1787490986.889441965] [drone_0_ego_planner_node]: [p0] risk grid ready=0 stale=1 age=inf valid=0.000 unknown=1.000 gen=0 provider_queries=0 occupied_skip=0 provider_stale=0 provider_invalid=0 gnss_used=0 lidar_used=0 prior_used=0 stale_current_prior=0 regularized=0 conservative_max=0 lidar_points=23309 lidar_fim_primitives=704 lidar_fim_valid_normals=704 lidar_fim_fallback= dominant_unknown=:0 refresh_stamp=1657065615.149398 grid_stamp=nan elapsed_ms=187.797 queries=76800 reason=prior_generation_changed
[ego_planner_node-13] [FSM]: from EXEC_TRAJ to REPLAN_TRAJ
[ego_planner_node-13] [RiskContext] planning_generation_id=0, query_base_time_s=1.65707e+09, snapshot_available=0
[ego_planner_node-13] [47;30m
[ego_planner_node-13] [drone 0 replan 3]==============================================[0m
[ego_planner_node-13] [1;33mmulti-trajs=1[1;0m
[ego_planner_node-13] [32miter(+1)=12,time(ms)=0.032,total_t(ms)=0.056,cost=0.009
[ego_planner_node-13] [0mtraj 1 success.
[ego_planner_node-13] plan_success=1
[ego_planner_node-13] total time:[42m0.000155027[0m,optimize:0.000153672,refine:1.355e-06,avg_time=0.000176107
[ego_planner_node-13] refine_success=1
[ego_planner_node-13] [WARN] [1787490987.321549668] [drone_0_ego_planner_node]: P1 published fresh bspline but could not write accepted-profile evidence
[ego_planner_node-13] [FSM]: from REPLAN_TRAJ to EXEC_TRAJ
[iap_rosnode-4] [INFO] [1787490987.686672458] [test_planner_iap_rosnode]: iap input status imu_count=15998 points_count=156 accepted_frames=156 dropped_points=0 imu_publishers=1 points_publishers=1
[ego_planner_node-13] [FSM]: state: EXEC_TRAJ
[ego_planner_node-13] [FSM]: from EXEC_TRAJ to REPLAN_TRAJ
[ego_planner_node-13] [RiskContext] planning_generation_id=0, query_base_time_s=1.65707e+09, snapshot_available=0
[ego_planner_node-13] [47;30m
[ego_planner_node-13] [drone 0 replan 4]==============================================[0m
[ego_planner_node-13] [1;33mmulti-trajs=1[1;0m
[ego_planner_node-13] [32miter(+1)=9,time(ms)=0.028,total_t(ms)=0.053,cost=0.003
[ego_planner_node-13] [0mtraj 1 success.
[ego_planner_node-13] plan_success=1
[ego_planner_node-13] total time:[42m0.000151392[0m,optimize:0.000150072,refine:1.32e-06,avg_time=0.000171164
[ego_planner_node-13] refine_success=1
[ego_planner_node-13] [WARN] [1787490988.340799703] [drone_0_ego_planner_node]: P1 published fresh bspline but could not write accepted-profile evidence
[ego_planner_node-13] [FSM]: from REPLAN_TRAJ to EXEC_TRAJ
[ego_planner_node-13] [FSM]: state: EXEC_TRAJ
[ego_planner_node-13] [INFO] [1787490989.201639236] [drone_0_ego_planner_node]: [p0] risk grid ready=0 stale=1 age=inf valid=0.000 unknown=1.000 gen=0 provider_queries=0 occupied_skip=0 provider_stale=0 provider_invalid=0 gnss_used=0 lidar_used=0 prior_used=0 stale_current_prior=0 regularized=0 conservative_max=0 lidar_points=23309 lidar_fim_primitives=704 lidar_fim_valid_normals=704 lidar_fim_fallback= dominant_unknown=:0 refresh_stamp=1657065617.149348 grid_stamp=nan elapsed_ms=169.251 queries=76800 reason=prior_generation_changed
[ego_planner_node-13] [FSM]: from EXEC_TRAJ to REPLAN_TRAJ
[ego_planner_node-13] [RiskContext] planning_generation_id=0, query_base_time_s=1.65707e+09, snapshot_available=0
[ego_planner_node-13] [47;30m
[ego_planner_node-13] [drone 0 replan 5]==============================================[0m
[ego_planner_node-13] [1;33mmulti-trajs=1[1;0m
[ego_planner_node-13] [32miter(+1)=11,time(ms)=0.032,total_t(ms)=0.057,cost=0.004
[ego_planner_node-13] [0mtraj 1 success.
[ego_planner_node-13] plan_success=1
[ego_planner_node-13] total time:[42m0.000166376[0m,optimize:0.000165013,refine:1.363e-06,avg_time=0.000170366
[ego_planner_node-13] refine_success=1
[ego_planner_node-13] [FSM]: from REPLAN_TRAJ to EXEC_TRAJ
[ego_planner_node-13] [WARN] [1787490989.360445443] [drone_0_ego_planner_node]: P1 published fresh bspline but could not write accepted-profile evidence
[iap_rosnode-4] [INFO] [1787490989.686682592] [test_planner_iap_rosnode]: iap input status imu_count=17998 points_count=176 accepted_frames=176 dropped_points=0 imu_publishers=1 points_publishers=1
[ego_planner_node-13] [FSM]: state: EXEC_TRAJ
[iap_rosnode-4] [2026-08-23 13:16:29.944] [gnss_ext] [info] [lifecycle] events=604 stamp=1657065618.331 {b:{writes=odometry=149;missing=;expected=odometry;conflicts=0;violations=0}, c:{writes=gnss=148;missing=;expected=gnss;conflicts=0;violations=0}, e:{writes=gnss=1;missing=;expected=gnss;conflicts=0;violations=0}, r:{writes=gnss=1;missing=;expected=gnss;conflicts=0;violations=0}, v:{writes=odometry=149;missing=;expected=odometry;conflicts=0;violations=0}, x:{writes=odometry=149;missing=;expected=odometry;conflicts=0;violations=0}}
[iap_rosnode-4] [2026-08-23 13:16:30.165] [gnss_ext] [info] [gnss_ext] diag #150: clk_bias=-0.09m  clk_drift=0.0058m/s | PR rms=0.96m (41 sats)  Dop rms=0.0306m/s (41 sats)
[iap_rosnode-4] [2026-08-23 13:16:30.167] [integrity_ext] [info] [IntegrityExt] #150: stamp=1657065618.531 state=SAFE monitor_fused_HPL=5.14m monitor_fused_VPL=13.79m HAL=10.00m monitor_IM=4.86m n_sv=41 n_trunks=0 fgo_valid=true fgo_factors=4301 lidar_hyp=0 gnss_certified_HPL=5.14 gnss_certified_VPL=13.79 lidar_certified_HPL=1000000000.00 lidar_certified_VPL=1000000000.00 mode=NONE
[iap_rosnode-4] [2026-08-23 13:16:30.367] [integrity] [warning] NIS gating: sat 108 NIS_pr=7.05 > 6.63 -- downweighted
[ego_planner_node-13] [FSM]: from EXEC_TRAJ to REPLAN_TRAJ
[ego_planner_node-13] [RiskContext] planning_generation_id=0, query_base_time_s=1.65707e+09, snapshot_available=0
[ego_planner_node-13] [47;30m
[ego_planner_node-13] [drone 0 replan 6]==============================================[0m
[ego_planner_node-13] [1;33mmulti-trajs=1[1;0m
[ego_planner_node-13] [32miter(+1)=14,time(ms)=0.030,total_t(ms)=0.050,cost=0.003
[ego_planner_node-13] [0mtraj 1 success.
[ego_planner_node-13] plan_success=1
[ego_planner_node-13] total time:[42m0.00013[0m,optimize:0.000128957,refine:1.043e-06,avg_time=0.000164599
[ego_planner_node-13] refine_success=1
[ego_planner_node-13] [WARN] [1787490990.379875300] [drone_0_ego_planner_node]: P1 published fresh bspline but could not write accepted-profile evidence
[ego_planner_node-13] [FSM]: from REPLAN_TRAJ to EXEC_TRAJ
[ego_planner_node-13] [FSM]: state: EXEC_TRAJ
[WARNING] [launch]: user interrupted with ctrl-c (SIGINT)
[INFO] [traj_server-14]: sending signal 'SIGINT' to process[traj_server-14]
[INFO] [ego_planner_node-13]: sending signal 'SIGINT' to process[ego_planner_node-13]
[INFO] [planner_evidence_provenance_publisher.py-12]: sending signal 'SIGINT' to process[planner_evidence_provenance_publisher.py-12]
[INFO] [component_container-11]: sending signal 'SIGINT' to process[component_container-11]
[INFO] [so3_quadrotor_simulator-10]: sending signal 'SIGINT' to process[so3_quadrotor_simulator-10]
[INFO] [gnss_sim_node-9]: sending signal 'SIGINT' to process[gnss_sim_node-9]
[INFO] [odom_visualization-8]: sending signal 'SIGINT' to process[odom_visualization-8]
[INFO] [odom_visualization-7]: sending signal 'SIGINT' to process[odom_visualization-7]
[INFO] [odom_visualization-6]: sending signal 'SIGINT' to process[odom_visualization-6]
[INFO] [poscmd_2_odom-5]: sending signal 'SIGINT' to process[poscmd_2_odom-5]
[INFO] [iap_rosnode-4]: sending signal 'SIGINT' to process[iap_rosnode-4]
[INFO] [demo4_lidar_body_bridge-3]: sending signal 'SIGINT' to process[demo4_lidar_body_bridge-3]
[INFO] [pcl_render_node-2]: sending signal 'SIGINT' to process[pcl_render_node-2]
[INFO] [demo11_corridor_map_publisher-1]: sending signal 'SIGINT' to process[demo11_corridor_map_publisher-1]
[ego_planner_node-13] [INFO] [1787490991.381513424] [drone_0_ego_planner_node]: [p0] risk grid ready=0 stale=1 age=inf valid=0.000 unknown=1.000 gen=0 provider_queries=0 occupied_skip=0 provider_stale=0 provider_invalid=0 gnss_used=0 lidar_used=0 prior_used=0 stale_current_prior=0 regularized=0 conservative_max=0 lidar_points=23309 lidar_fim_primitives=704 lidar_fim_valid_normals=704 lidar_fim_fallback= dominant_unknown=:0 refresh_stamp=1657065619.649352 grid_stamp=nan elapsed_ms=179.889 queries=76800 reason=prior_generation_changed
[ego_planner_node-13] [WARN] [1787490991.399355237] [drone_0_ego_planner_node]: P1 published fresh bspline but could not write accepted-profile evidence
[ego_planner_node-13] [FSM]: from EXEC_TRAJ to REPLAN_TRAJ
[ego_planner_node-13] [RiskContext] planning_generation_id=0, query_base_time_s=1.65707e+09, snapshot_available=0
[ego_planner_node-13] [47;30m
[ego_planner_node-13] [drone 0 replan 7]==============================================[0m
[ego_planner_node-13] [1;33mmulti-trajs=1[1;0m
[ego_planner_node-13] [32miter(+1)=10,time(ms)=0.031,total_t(ms)=0.056,cost=0.002
[ego_planner_node-13] [0mtraj 1 success.
[ego_planner_node-13] plan_success=1
[ego_planner_node-13] total time:[42m0.000161997[0m,optimize:0.000160572,refine:1.425e-06,avg_time=0.000164274
[ego_planner_node-13] refine_success=1
[ego_planner_node-13] [FSM]: from REPLAN_TRAJ to EXEC_TRAJ
[iap_rosnode-4] [2026-08-23 13:16:31.572] [gnss_ext] [info] [gnss_ext] epoch #200 inserted: stamp=1657065620.012 n_sats=41
[iap_rosnode-4] [INFO] [1787490991.686668609] [test_planner_iap_rosnode]: iap input status imu_count=19998 points_count=196 accepted_frames=196 dropped_points=0 imu_publishers=1 points_publishers=1
[traj_server-14] [INFO] [1787490991.785939348] [rclcpp]: signal_handler(SIGINT/SIGTERM)
[ego_planner_node-13] [INFO] [1787490991.786628797] [rclcpp]: signal_handler(SIGINT/SIGTERM)
[component_container-11] [INFO] [1787490991.787802400] [rclcpp]: signal_handler(SIGINT/SIGTERM)
[so3_quadrotor_simulator-10] [INFO] [1787490991.788381663] [rclcpp]: signal_handler(SIGINT/SIGTERM)
[gnss_sim_node-9] [INFO] [1787490991.789231224] [rclcpp]: signal_handler(SIGINT/SIGTERM)
[odom_visualization-8] [INFO] [1787490991.789610765] [rclcpp]: signal_handler(SIGINT/SIGTERM)
[odom_visualization-7] [INFO] [1787490991.790198957] [rclcpp]: signal_handler(SIGINT/SIGTERM)
[poscmd_2_odom-5] [INFO] [1787490991.791352079] [rclcpp]: signal_handler(SIGINT/SIGTERM)
[odom_visualization-6] [INFO] [1787490991.791741587] [rclcpp]: signal_handler(SIGINT/SIGTERM)
[poscmd_2_odom-5] terminate called after throwing an instance of 'rclcpp::exceptions::RCLError'
[poscmd_2_odom-5]   what():  failed to create guard condition: the given context is not valid, either rcl_init() was not called or rcl_shutdown() was called., at ./src/rcl/guard_condition.c:67
[iap_rosnode-4] [INFO] [1787490991.792129941] [rclcpp]: signal_handler(SIGINT/SIGTERM)
[demo4_lidar_body_bridge-3] [INFO] [1787490991.792967945] [rclcpp]: signal_handler(SIGINT/SIGTERM)
[pcl_render_node-2] [INFO] [1787490991.793703411] [rclcpp]: signal_handler(SIGINT/SIGTERM)
[pcl_render_node-2] terminate called after throwing an instance of 'rclcpp::exceptions::RCLError'
[pcl_render_node-2]   what():  failed to create guard condition: the given context is not valid, either rcl_init() was not called or rcl_shutdown() was called., at ./src/rcl/guard_condition.c:67
[demo11_corridor_map_publisher-1] [INFO] [1787490991.794108105] [rclcpp]: signal_handler(SIGINT/SIGTERM)
[iap_rosnode-4] [2026-08-23 13:16:31.796] [glim] [info] waiting for odometry estimation
[iap_rosnode-4] [2026-08-23 13:16:31.798] [glim] [info] waiting for local mapping
[iap_rosnode-4] [2026-08-23 13:16:31.811] [glim] [info] waiting for global mapping
[ERROR] [pcl_render_node-2]: process has died [pid 3422254, exit code -6, cmd '/home/dev/ws_iap/install/local_sensing/lib/local_sensing/pcl_render_node --ros-args -r __node:=drone_0_pcl_render_node --params-file /home/dev/ws_iap/src/iap/results/icra27/icra031/tmp/launch_params_mslkdmtx --params-file /home/dev/ws_iap/src/iap/results/icra27/icra031/tmp/launch_params_nfge7mmn --params-file /home/dev/ws_iap/src/iap/results/icra27/icra031/tmp/launch_params_isxp6r11 --params-file /home/dev/ws_iap/src/iap/results/icra27/icra031/tmp/launch_params_mgdg3jm6 --params-file /home/dev/ws_iap/src/iap/results/icra27/icra031/tmp/launch_params_n3adpeay --params-file /home/dev/ws_iap/src/iap/results/icra27/icra031/tmp/launch_params_lkowzcrk --params-file /home/dev/ws_iap/src/iap/results/icra27/icra031/tmp/launch_params_stp0csmf --params-file /home/dev/ws_iap/install/local_sensing/share/local_sensing/config/camera.yaml -r global_map:=/map_generator/global_cloud -r local_map:=/map_generator/local_cloud -r odometry:=/sim/drone_0/truth_odom -r pcl_render_node/cloud:=/sim/drone_0/lidar -r depth:=/sim/drone_0/depth -r camera_pose:=/drone_0_pcl_render_node/camera_pose'].
[ERROR] [poscmd_2_odom-5]: process has died [pid 3422257, exit code -6, cmd '/home/dev/ws_iap/install/poscmd_2_odom/lib/poscmd_2_odom/poscmd_2_odom --ros-args -r __node:=test_planner_desired_poscmd_to_odom --params-file /home/dev/ws_iap/src/iap/results/icra27/icra031/tmp/launch_params_ue62vxkn --params-file /home/dev/ws_iap/src/iap/results/icra27/icra031/tmp/launch_params_0ij6hkfz --params-file /home/dev/ws_iap/src/iap/results/icra27/icra031/tmp/launch_params_3ozmyddj -r command:=/drone_0_planning/pos_cmd -r odometry:=/test_planner/desired/odom'].
[iap_rosnode-4] [2026-08-23 13:16:31.887] [global] [info] saving to /home/dev/ws_iap/src/iap/results/icra27/icra031/runs/smoke/runtime/iap_logs/20260823T131611Z_550/export/dump...
[iap_rosnode-4] [2026-08-23 13:16:31.887] [global] [info] serializing factor graph to /home/dev/ws_iap/src/iap/results/icra27/icra031/runs/smoke/runtime/iap_logs/20260823T131611Z_550/export/dump/graph.bin
[iap_rosnode-4] [2026-08-23 13:16:31.887] [global] [info] saving config snapshot
[iap_rosnode-4] [2026-08-23 13:16:31.888] [global] [info] saved
[traj_server-14] terminate called after throwing an instance of 'std::system_error'
[traj_server-14]   what():  Invalid argument
[odom_visualization-7] Failed to delete datawriter, at ./src/publisher.cpp:45 during '__function__'
[odom_visualization-7] [ERROR] [1787490991.897201037] [test_planner_truth_odom_visualization.rclcpp]: Error in destruction of rcl publisher handle: cannot publish data, at ./src/rmw_publish.cpp:66, at ./src/rcl/publisher.c:201
[odom_visualization-7] Failed to delete datawriter, at ./src/publisher.cpp:45 during '__function__'
[odom_visualization-7] [ERROR] [1787490991.897262874] [test_planner_truth_odom_visualization.rclcpp]: Error in destruction of rcl publisher handle: cannot publish data, at ./src/rmw_publish.cpp:66, at ./src/rcl/publisher.c:201
[odom_visualization-7] Failed to delete datawriter, at ./src/publisher.cpp:45 during '__function__'
[odom_visualization-7] [ERROR] [1787490991.897270586] [test_planner_truth_odom_visualization.rclcpp]: Error in destruction of rcl publisher handle: cannot publish data, at ./src/rmw_publish.cpp:66, at ./src/rcl/publisher.c:201
[odom_visualization-7] Failed to delete datawriter, at ./src/publisher.cpp:45 during '__function__'
[odom_visualization-7] [ERROR] [1787490991.897276247] [test_planner_truth_odom_visualization.rclcpp]: Error in destruction of rcl publisher handle: cannot publish data, at ./src/rmw_publish.cpp:66, at ./src/rcl/publisher.c:201
[odom_visualization-7] Failed to delete datawriter, at ./src/publisher.cpp:45 during '__function__'
[odom_visualization-7] [ERROR] [1787490991.897281473] [test_planner_truth_odom_visualization.rclcpp]: Error in destruction of rcl publisher handle: cannot publish data, at ./src/rmw_publish.cpp:66, at ./src/rcl/publisher.c:201
[odom_visualization-7] Failed to delete datawriter, at ./src/publisher.cpp:45 during '__function__'
[odom_visualization-7] [ERROR] [1787490991.897286107] [test_planner_truth_odom_visualization.rclcpp]: Error in destruction of rcl publisher handle: cannot publish data, at ./src/rmw_publish.cpp:66, at ./src/rcl/publisher.c:201
[odom_visualization-7] Failed to delete datawriter, at ./src/publisher.cpp:45 during '__function__'
[odom_visualization-7] [ERROR] [1787490991.897290784] [test_planner_truth_odom_visualization.rclcpp]: Error in destruction of rcl publisher handle: cannot publish data, at ./src/rmw_publish.cpp:66, at ./src/rcl/publisher.c:201
[odom_visualization-7] Failed to delete datawriter, at ./src/publisher.cpp:45 during '__function__'
[odom_visualization-7] [ERROR] [1787490991.897295249] [test_planner_truth_odom_visualization.rclcpp]: Error in destruction of rcl publisher handle: cannot publish data, at ./src/rmw_publish.cpp:66, at ./src/rcl/publisher.c:201
[odom_visualization-7] Failed to delete datawriter, at ./src/publisher.cpp:45 during '__function__'
[odom_visualization-7] [ERROR] [1787490991.897304827] [test_planner_truth_odom_visualization.rclcpp]: Error in destruction of rcl publisher handle: cannot publish data, at ./src/rmw_publish.cpp:66, at ./src/rcl/publisher.c:201
[odom_visualization-7] Failed to delete datawriter, at ./src/publisher.cpp:45 during '__function__'
[odom_visualization-7] [ERROR] [1787490991.897311909] [test_planner_truth_odom_visualization.rclcpp]: Error in destruction of rcl publisher handle: cannot publish data, at ./src/rmw_publish.cpp:66, at ./src/rcl/publisher.c:201
[odom_visualization-7] Failed to delete datawriter, at ./src/publisher.cpp:45 during '__function__'
[odom_visualization-7] [ERROR] [1787490991.897319333] [test_planner_truth_odom_visualization.rclcpp]: Error in destruction of rcl publisher handle: cannot publish data, at ./src/rmw_publish.cpp:66, at ./src/rcl/publisher.c:201
[INFO] [so3_quadrotor_simulator-10]: process has finished cleanly [pid 3422305]
[odom_visualization-6] Failed to delete datawriter, at ./src/publisher.cpp:45 during '__function__'
[odom_visualization-6] [ERROR] [1787490991.897945173] [test_planner_iap_odom_visualization.rclcpp]: Error in destruction of rcl publisher handle: cannot publish data, at ./src/rmw_publish.cpp:66, at ./src/rcl/publisher.c:201
[odom_visualization-6] Failed to delete datawriter, at ./src/publisher.cpp:45 during '__function__'
[odom_visualization-6] [ERROR] [1787490991.897960831] [test_planner_iap_odom_visualization.rclcpp]: Error in destruction of rcl publisher handle: cannot publish data, at ./src/rmw_publish.cpp:66, at ./src/rcl/publisher.c:201
[odom_visualization-6] Failed to delete datawriter, at ./src/publisher.cpp:45 during '__function__'
[odom_visualization-6] [ERROR] [1787490991.897967109] [test_planner_iap_odom_visualization.rclcpp]: Error in destruction of rcl publisher handle: cannot publish data, at ./src/rmw_publish.cpp:66, at ./src/rcl/publisher.c:201
[odom_visualization-6] Failed to delete datawriter, at ./src/publisher.cpp:45 during '__function__'
[odom_visualization-6] [ERROR] [1787490991.897972652] [test_planner_iap_odom_visualization.rclcpp]: Error in destruction of rcl publisher handle: cannot publish data, at ./src/rmw_publish.cpp:66, at ./src/rcl/publisher.c:201
[odom_visualization-6] Failed to delete datawriter, at ./src/publisher.cpp:45 during '__function__'
[odom_visualization-6] [ERROR] [1787490991.897976461] [test_planner_iap_odom_visualization.rclcpp]: Error in destruction of rcl publisher handle: cannot publish data, at ./src/rmw_publish.cpp:66, at ./src/rcl/publisher.c:201
[odom_visualization-6] Failed to delete datawriter, at ./src/publisher.cpp:45 during '__function__'
[odom_visualization-6] [ERROR] [1787490991.897980286] [test_planner_iap_odom_visualization.rclcpp]: Error in destruction of rcl publisher handle: cannot publish data, at ./src/rmw_publish.cpp:66, at ./src/rcl/publisher.c:201
[odom_visualization-6] Failed to delete datawriter, at ./src/publisher.cpp:45 during '__function__'
[odom_visualization-6] [ERROR] [1787490991.897984144] [test_planner_iap_odom_visualization.rclcpp]: Error in destruction of rcl publisher handle: cannot publish data, at ./src/rmw_publish.cpp:66, at ./src/rcl/publisher.c:201
[odom_visualization-6] Failed to delete datawriter, at ./src/publisher.cpp:45 during '__function__'
[odom_visualization-6] [ERROR] [1787490991.897988550] [test_planner_iap_odom_visualization.rclcpp]: Error in destruction of rcl publisher handle: cannot publish data, at ./src/rmw_publish.cpp:66, at ./src/rcl/publisher.c:201
[odom_visualization-6] Failed to delete datawriter, at ./src/publisher.cpp:45 during '__function__'
[odom_visualization-6] [ERROR] [1787490991.897996987] [test_planner_iap_odom_visualization.rclcpp]: Error in destruction of rcl publisher handle: cannot publish data, at ./src/rmw_publish.cpp:66, at ./src/rcl/publisher.c:201
[odom_visualization-6] Failed to delete datawriter, at ./src/publisher.cpp:45 during '__function__'
[odom_visualization-6] [ERROR] [1787490991.898003290] [test_planner_iap_odom_visualization.rclcpp]: Error in destruction of rcl publisher handle: cannot publish data, at ./src/rmw_publish.cpp:66, at ./src/rcl/publisher.c:201
[odom_visualization-6] Failed to delete datawriter, at ./src/publisher.cpp:45 during '__function__'
[odom_visualization-6] [ERROR] [1787490991.898009313] [test_planner_iap_odom_visualization.rclcpp]: Error in destruction of rcl publisher handle: cannot publish data, at ./src/rmw_publish.cpp:66, at ./src/rcl/publisher.c:201
[odom_visualization-8] Failed to delete datawriter, at ./src/publisher.cpp:45 during '__function__'
[odom_visualization-8] [ERROR] [1787490991.897950969] [test_planner_desired_odom_visualization.rclcpp]: Error in destruction of rcl publisher handle: cannot publish data, at ./src/rmw_publish.cpp:66, at ./src/rcl/publisher.c:201
[odom_visualization-8] Failed to delete datawriter, at ./src/publisher.cpp:45 during '__function__'
[odom_visualization-8] [ERROR] [1787490991.897970420] [test_planner_desired_odom_visualization.rclcpp]: Error in destruction of rcl publisher handle: cannot publish data, at ./src/rmw_publish.cpp:66, at ./src/rcl/publisher.c:201
[odom_visualization-8] Failed to delete datawriter, at ./src/publisher.cpp:45 during '__function__'
[odom_visualization-8] [ERROR] [1787490991.897977749] [test_planner_desired_odom_visualization.rclcpp]: Error in destruction of rcl publisher handle: cannot publish data, at ./src/rmw_publish.cpp:66, at ./src/rcl/publisher.c:201
[odom_visualization-8] Failed to delete datawriter, at ./src/publisher.cpp:45 during '__function__'
[odom_visualization-8] [ERROR] [1787490991.897984251] [test_planner_desired_odom_visualization.rclcpp]: Error in destruction of rcl publisher handle: cannot publish data, at ./src/rmw_publish.cpp:66, at ./src/rcl/publisher.c:201
[odom_visualization-8] Failed to delete datawriter, at ./src/publisher.cpp:45 during '__function__'
[odom_visualization-8] [ERROR] [1787490991.897989525] [test_planner_desired_odom_visualization.rclcpp]: Error in destruction of rcl publisher handle: cannot publish data, at ./src/rmw_publish.cpp:66, at ./src/rcl/publisher.c:201
[odom_visualization-8] Failed to delete datawriter, at ./src/publisher.cpp:45 during '__function__'
[odom_visualization-8] [ERROR] [1787490991.897993939] [test_planner_desired_odom_visualization.rclcpp]: Error in destruction of rcl publisher handle: cannot publish data, at ./src/rmw_publish.cpp:66, at ./src/rcl/publisher.c:201
[odom_visualization-8] Failed to delete datawriter, at ./src/publisher.cpp:45 during '__function__'
[odom_visualization-8] [ERROR] [1787490991.897998876] [test_planner_desired_odom_visualization.rclcpp]: Error in destruction of rcl publisher handle: cannot publish data, at ./src/rmw_publish.cpp:66, at ./src/rcl/publisher.c:201
[odom_visualization-8] Failed to delete datawriter, at ./src/publisher.cpp:45 during '__function__'
[odom_visualization-8] [ERROR] [1787490991.898004277] [test_planner_desired_odom_visualization.rclcpp]: Error in destruction of rcl publisher handle: cannot publish data, at ./src/rmw_publish.cpp:66, at ./src/rcl/publisher.c:201
[INFO] [component_container-11]: process has finished cleanly [pid 3422306]
[INFO] [gnss_sim_node-9]: process has finished cleanly [pid 3422302]
[INFO] [demo4_lidar_body_bridge-3]: process has finished cleanly [pid 3422255]
[INFO] [demo11_corridor_map_publisher-1]: process has finished cleanly [pid 3422253]
[INFO] [planner_evidence_provenance_publisher.py-12]: process has finished cleanly [pid 3422308]
[ERROR] [traj_server-14]: process has died [pid 3423824, exit code -6, cmd '/home/dev/ws_iap/src/iap/results/icra27/icra026/install_ego/lib/ego_planner/traj_server --ros-args -r __node:=drone_0_traj_server --params-file /home/dev/ws_iap/src/iap/results/icra27/icra031/tmp/launch_params_ct0p0_oi -r planning/bspline:=/drone_0_planning/bspline -r odometry:=/sim/drone_0/truth_odom -r position_cmd:=/drone_0_planning/pos_cmd -r /position_cmd:=/drone_0_planning/pos_cmd'].
[ERROR] [odom_visualization-6]: process has died [pid 3422295, exit code -11, cmd '/home/dev/ws_iap/install/odom_visualization/lib/odom_visualization/odom_visualization --ros-args -r __node:=test_planner_iap_odom_visualization --params-file /home/dev/ws_iap/src/iap/results/icra27/icra031/tmp/launch_params_23er9g6k --params-file /home/dev/ws_iap/src/iap/results/icra27/icra031/tmp/launch_params_4je791lb --params-file /home/dev/ws_iap/src/iap/results/icra27/icra031/tmp/launch_params_6d_jugr4 --params-file /home/dev/ws_iap/src/iap/results/icra27/icra031/tmp/launch_params_ojl4vul1 --params-file /home/dev/ws_iap/src/iap/results/icra27/icra031/tmp/launch_params_1mwh8z06 --params-file /home/dev/ws_iap/src/iap/results/icra27/icra031/tmp/launch_params_1_p4ayr_ --params-file /home/dev/ws_iap/src/iap/results/icra27/icra031/tmp/launch_params_hfki5jzx --params-file /home/dev/ws_iap/src/iap/results/icra27/icra031/tmp/launch_params_eo6vfha6 --params-file /home/dev/ws_iap/src/iap/results/icra27/icra031/tmp/launch_params_0slhl6e9 --params-file /home/dev/ws_iap/src/iap/results/icra27/icra031/tmp/launch_params_7_q24cmi --params-file /home/dev/ws_iap/src/iap/results/icra27/icra031/tmp/launch_params_93ygzy2n --params-file /home/dev/ws_iap/src/iap/results/icra27/icra031/tmp/launch_params_ulho4rfd -r odom:=/drone_0_visual_slam/odom -r cmd:=/drone_0_planning/pos_cmd -r pose:=/test_planner/drone/pose -r path:=/test_planner/drone/path -r robot:=/test_planner/drone/robot -r velocity:=/test_planner/drone/velocity -r sensor:=/test_planner/drone/sensor_status -r time_gap:=/test_planner/drone/time_gap'].
[ERROR] [odom_visualization-8]: process has died [pid 3422300, exit code -11, cmd '/home/dev/ws_iap/install/odom_visualization/lib/odom_visualization/odom_visualization --ros-args -r __node:=test_planner_desired_odom_visualization --params-file /home/dev/ws_iap/src/iap/results/icra27/icra031/tmp/launch_params_5woxv9b3 --params-file /home/dev/ws_iap/src/iap/results/icra27/icra031/tmp/launch_params_gha2i5u_ --params-file /home/dev/ws_iap/src/iap/results/icra27/icra031/tmp/launch_params_82wxc365 --params-file /home/dev/ws_iap/src/iap/results/icra27/icra031/tmp/launch_params_5w7ogl3g --params-file /home/dev/ws_iap/src/iap/results/icra27/icra031/tmp/launch_params_xt64jabo --params-file /home/dev/ws_iap/src/iap/results/icra27/icra031/tmp/launch_params_wzy29bg1 --params-file /home/dev/ws_iap/src/iap/results/icra27/icra031/tmp/launch_params_sqgehc0e --params-file /home/dev/ws_iap/src/iap/results/icra27/icra031/tmp/launch_params_zymwjtaf --params-file /home/dev/ws_iap/src/iap/results/icra27/icra031/tmp/launch_params_qob0pdwy --params-file /home/dev/ws_iap/src/iap/results/icra27/icra031/tmp/launch_params_xdkvhtvy --params-file /home/dev/ws_iap/src/iap/results/icra27/icra031/tmp/launch_params_3u5n0d66 --params-file /home/dev/ws_iap/src/iap/results/icra27/icra031/tmp/launch_params_5ybelpzh -r odom:=/test_planner/desired/odom -r cmd:=/drone_0_planning/pos_cmd -r pose:=/test_planner/desired/pose -r path:=/test_planner/desired/path -r robot:=/test_planner/desired/robot -r velocity:=/test_planner/desired/velocity -r sensor:=/test_planner/desired/sensor_status -r time_gap:=/test_planner/desired/time_gap'].
[ERROR] [odom_visualization-7]: process has died [pid 3422298, exit code -11, cmd '/home/dev/ws_iap/install/odom_visualization/lib/odom_visualization/odom_visualization --ros-args -r __node:=test_planner_truth_odom_visualization --params-file /home/dev/ws_iap/src/iap/results/icra27/icra031/tmp/launch_params_erzq9w6n --params-file /home/dev/ws_iap/src/iap/results/icra27/icra031/tmp/launch_params_kxmupzji --params-file /home/dev/ws_iap/src/iap/results/icra27/icra031/tmp/launch_params_qy_7y5zm --params-file /home/dev/ws_iap/src/iap/results/icra27/icra031/tmp/launch_params_557_15kc --params-file /home/dev/ws_iap/src/iap/results/icra27/icra031/tmp/launch_params_ka3kyv6k --params-file /home/dev/ws_iap/src/iap/results/icra27/icra031/tmp/launch_params_6o2enb5k --params-file /home/dev/ws_iap/src/iap/results/icra27/icra031/tmp/launch_params_3z_uiygf --params-file /home/dev/ws_iap/src/iap/results/icra27/icra031/tmp/launch_params_9lohvyu5 --params-file /home/dev/ws_iap/src/iap/results/icra27/icra031/tmp/launch_params_mz11l40b --params-file /home/dev/ws_iap/src/iap/results/icra27/icra031/tmp/launch_params_bfg92u1w --params-file /home/dev/ws_iap/src/iap/results/icra27/icra031/tmp/launch_params_crb2cjzo --params-file /home/dev/ws_iap/src/iap/results/icra27/icra031/tmp/launch_params_5isu62tz -r odom:=/sim/drone_0/truth_odom -r cmd:=/drone_0_planning/pos_cmd -r pose:=/test_planner/truth/pose -r path:=/test_planner/truth/path -r robot:=/test_planner/truth/robot -r velocity:=/test_planner/truth/velocity -r sensor:=/test_planner/truth/sensor_status -r time_gap:=/test_planner/truth/time_gap'].
[INFO] [ego_planner_node-13]: process has finished cleanly [pid 3423823]
[INFO] [iap_rosnode-4]: process has finished cleanly [pid 3422256]
