/home/dev/ws_iap/src/iap/results/icra27/icra028/logs/configure_iap.log:13:-- Found Boost: /usr/lib/x86_64-linux-gnu/cmake/Boost-1.83.0/BoostConfig.cmake (found version "1.83.0") found components: serialization 
/home/dev/ws_iap/src/iap/results/icra27/icra028/logs/configure_iap.log:14:-- Found Boost: /usr/lib/x86_64-linux-gnu/cmake/Boost-1.83.0/BoostConfig.cmake (found suitable version "1.83.0", minimum required is "1.65") found components: serialization system filesystem thread program_options date_time timer chrono regex 
/home/dev/ws_iap/src/iap/results/icra27/icra028/logs/configure_iap.log:18:-- Found OpenMP_C: -fopenmp (found version "4.5") 
/home/dev/ws_iap/src/iap/results/icra27/icra028/logs/configure_iap.log:19:-- Found OpenMP_CXX: -fopenmp (found version "4.5") 
/home/dev/ws_iap/src/iap/results/icra27/icra028/logs/configure_iap.log:20:-- Found OpenMP: TRUE (found version "4.5")  
/home/dev/ws_iap/src/iap/results/icra27/icra028/logs/configure_iap.log:21:-- Found Boost: /usr/lib/x86_64-linux-gnu/cmake/Boost-1.83.0/BoostConfig.cmake (found version "1.83.0") found components: filesystem graph 
/home/dev/ws_iap/src/iap/results/icra27/icra028/logs/configure_iap.log:22:-- Found CUDAToolkit: /usr/local/cuda/targets/x86_64-linux/include (found version "12.5.82") 
/home/dev/ws_iap/src/iap/results/icra27/icra028/logs/configure_iap.log:23:-- Found Threads: TRUE  
/home/dev/ws_iap/src/iap/results/icra27/icra028/logs/configure_iap.log:24:-- Found OpenMP_C: -fopenmp (found version "4.5") 
/home/dev/ws_iap/src/iap/results/icra27/icra028/logs/configure_iap.log:25:-- Found OpenMP_CXX: -fopenmp (found version "4.5") 
/home/dev/ws_iap/src/iap/results/icra27/icra028/logs/configure_iap.log:26:-- Found OpenGL: /usr/lib/x86_64-linux-gnu/libOpenGL.so   
/home/dev/ws_iap/src/iap/results/icra27/icra028/logs/configure_iap.log:27:-- Found ZLIB: /usr/lib/x86_64-linux-gnu/libz.so (found version "1.3")  
/home/dev/ws_iap/src/iap/results/icra27/icra028/logs/configure_iap.log:28:-- Found PNG: /usr/lib/x86_64-linux-gnu/libpng.so (found version "1.6.43") 
/home/dev/ws_iap/src/iap/results/icra27/icra028/logs/configure_iap.log:29:-- Found JPEG: /usr/lib/x86_64-linux-gnu/libjpeg.so (found version "80") 
/home/dev/ws_iap/src/iap/results/icra27/icra028/logs/configure_iap.log:30:-- Found OpenCV: /usr (found version "4.6.0") found components: core 
/home/dev/ws_iap/src/iap/results/icra27/icra028/logs/configure_iap.log:32:-- Found Python3: /usr/bin/python3 (found version "3.12.3") found components: Interpreter 
/home/dev/ws_iap/src/iap/results/icra27/icra028/logs/configure_iap.log:42:-- Found PythonExtra: /usr/bin/python3  
/home/dev/ws_iap/src/iap/results/icra27/icra028/logs/configure_iap.log:43:-- Found Python3: /usr/bin/python3 (found version "3.12.3") found components: Interpreter Development NumPy Development.Module Development.Embed 
/home/dev/ws_iap/src/iap/results/icra27/icra028/logs/configure_iap.log:47:-- Found OpenSSL: /usr/lib/x86_64-linux-gnu/libcrypto.so (found version "3.0.13")  
/home/dev/ws_iap/src/iap/results/icra27/icra028/logs/configure_iap.log:48:-- Found FastRTPS: /opt/ros/jazzy/include (Required is at least version "2.13") 
/home/dev/ws_iap/src/iap/results/icra27/icra028/logs/configure_iap.log:51:-- Found Unwind: /usr/include/x86_64-linux-gnu (found suitable version "1.6.2", minimum required is "1.6.2") 
/home/dev/ws_iap/src/iap/results/icra27/icra028/logs/configure_iap.log:57:-- Found Python3: /usr/bin/python3 (found version "3.12.3") found components: Interpreter 
grep: /home/dev/ws_iap/src/iap/results/icra27/icra028/logs/generated_text_whitespace.log: input file is also the output
checked_text_files=23
