-- Install configuration: "RelWithDebInfo"
-- Installing: /home/dev/ws_iap/src/iap/results/icra27/icra028/install/include/iap
-- Installing: /home/dev/ws_iap/src/iap/results/icra27/icra028/install/include/iap/iap
-- Installing: /home/dev/ws_iap/src/iap/results/icra27/icra028/install/include/iap/iap/util
-- Installing: /home/dev/ws_iap/src/iap/results/icra27/icra028/install/include/iap/iap/util/load_module.hpp
-- Installing: /home/dev/ws_iap/src/iap/results/icra27/icra028/install/include/iap/iap/util/relinearization_policy.hpp
-- Installing: /home/dev/ws_iap/src/iap/results/icra27/icra028/install/include/iap/iap/util/callback_slot.hpp
-- Installing: /home/dev/ws_iap/src/iap/results/icra27/icra028/install/include/iap/iap/util/logging.hpp
-- Installing: /home/dev/ws_iap/src/iap/results/icra27/icra028/install/include/iap/iap/util/key_lifecycle_monitor.hpp
-- Installing: /home/dev/ws_iap/src/iap/results/icra27/icra028/install/include/iap/iap/util/config_impl.hpp
-- Installing: /home/dev/ws_iap/src/iap/results/icra27/icra028/install/include/iap/iap/util/rviz_viewer.hpp
-- Installing: /home/dev/ws_iap/src/iap/results/icra27/icra028/install/include/iap/iap/util/timing_csv.hpp
-- Installing: /home/dev/ws_iap/src/iap/results/icra27/icra028/install/include/iap/iap/util/extension_module_ros.hpp
-- Installing: /home/dev/ws_iap/src/iap/results/icra27/icra028/install/include/iap/iap/util/raw_points.hpp
-- Installing: /home/dev/ws_iap/src/iap/results/icra27/icra028/install/include/iap/iap/util/ros_cloud_converter.hpp
-- Installing: /home/dev/ws_iap/src/iap/results/icra27/icra028/install/include/iap/iap/util/time_keeper.hpp
-- Installing: /home/dev/ws_iap/src/iap/results/icra27/icra028/install/include/iap/iap/util/interpolation_helper.hpp
-- Installing: /home/dev/ws_iap/src/iap/results/icra27/icra028/install/include/iap/iap/util/extension_module.hpp
-- Installing: /home/dev/ws_iap/src/iap/results/icra27/icra028/install/include/iap/iap/util/data_validator.hpp
-- Installing: /home/dev/ws_iap/src/iap/results/icra27/icra028/install/include/iap/iap/util/debug.hpp
-- Installing: /home/dev/ws_iap/src/iap/results/icra27/icra028/install/include/iap/iap/util/concurrent_vector.hpp
-- Installing: /home/dev/ws_iap/src/iap/results/icra27/icra028/install/include/iap/iap/util/config.hpp
-- Installing: /home/dev/ws_iap/src/iap/results/icra27/icra028/install/include/iap/iap/util/run_log_manager.hpp
-- Installing: /home/dev/ws_iap/src/iap/results/icra27/icra028/install/include/iap/iap/util/extension_module_ros2.hpp
-- Installing: /home/dev/ws_iap/src/iap/results/icra27/icra028/install/include/iap/iap/util/shared_state.hpp
-- Installing: /home/dev/ws_iap/src/iap/results/icra27/icra028/install/include/iap/iap/util/trajectory_manager.hpp
-- Installing: /home/dev/ws_iap/src/iap/results/icra27/icra028/install/include/iap/iap/util/serialization.hpp
-- Installing: /home/dev/ws_iap/src/iap/results/icra27/icra028/install/include/iap/iap/util/convert_to_string.hpp
-- Installing: /home/dev/ws_iap/src/iap/results/icra27/icra028/install/include/iap/iap/planner
-- Installing: /home/dev/ws_iap/src/iap/results/icra27/icra028/install/include/iap/iap/planner/predicted_araim.hpp
-- Installing: /home/dev/ws_iap/src/iap/results/icra27/icra028/install/include/iap/iap/planner/predictor_risk_conversion.hpp
-- Installing: /home/dev/ws_iap/src/iap/results/icra27/icra028/install/include/iap/iap/planner/future_pl_query_result.hpp
-- Installing: /home/dev/ws_iap/src/iap/results/icra27/icra028/install/include/iap/iap/planner/future_pl_field_predictor.hpp
-- Installing: /home/dev/ws_iap/src/iap/results/icra27/icra028/install/include/iap/iap/planner/alert_limit_model.hpp
-- Installing: /home/dev/ws_iap/src/iap/results/icra27/icra028/install/include/iap/iap/planner/integrity_snapshot.hpp
-- Installing: /home/dev/ws_iap/src/iap/results/icra27/icra028/install/include/iap/iap/planner/p1_accepted_context_validation.hpp
-- Installing: /home/dev/ws_iap/src/iap/results/icra27/icra028/install/include/iap/iap/planner/unified_risk_grid.hpp
-- Installing: /home/dev/ws_iap/src/iap/results/icra27/icra028/install/include/iap/iap/planner/pl_grid.hpp
-- Installing: /home/dev/ws_iap/src/iap/results/icra27/icra028/install/include/iap/iap/planner/pi_cost_adapter.hpp
-- Installing: /home/dev/ws_iap/src/iap/results/icra27/icra028/install/include/iap/iap/planner/p1_fixture_geometry.hpp
-- Installing: /home/dev/ws_iap/src/iap/results/icra27/icra028/install/include/iap/iap/planner/risk_grid_map.hpp
-- Installing: /home/dev/ws_iap/src/iap/results/icra27/icra028/install/include/iap/iap/integrity
-- Installing: /home/dev/ws_iap/src/iap/results/icra27/icra028/install/include/iap/iap/integrity/araim_types.hpp
-- Installing: /home/dev/ws_iap/src/iap/results/icra27/icra028/install/include/iap/iap/integrity/araim.hpp
-- Installing: /home/dev/ws_iap/src/iap/results/icra27/icra028/install/include/iap/iap/integrity/lidar_forward_axis_debug.hpp
-- Installing: /home/dev/ws_iap/src/iap/results/icra27/icra028/install/include/iap/iap/integrity/araim_debug.hpp
-- Installing: /home/dev/ws_iap/src/iap/results/icra27/icra028/install/include/iap/iap/integrity/integrity_extension.hpp
-- Installing: /home/dev/ws_iap/src/iap/results/icra27/icra028/install/include/iap/iap/integrity/integrity_fusion_policy.hpp
-- Installing: /home/dev/ws_iap/src/iap/results/icra27/icra028/install/include/iap/iap/integrity/integrity_monitor.hpp
-- Installing: /home/dev/ws_iap/src/iap/results/icra27/icra028/install/include/iap/iap/integrity/numerical_guard.hpp
-- Installing: /home/dev/ws_iap/src/iap/results/icra27/icra028/install/include/iap/iap/integrity/lidar_araim_debug.hpp
-- Installing: /home/dev/ws_iap/src/iap/results/icra27/icra028/install/include/iap/iap/integrity/integrity_source_result.hpp
-- Installing: /home/dev/ws_iap/src/iap/results/icra27/icra028/install/include/iap/iap/integrity/fgo_information_matrix.hpp
-- Installing: /home/dev/ws_iap/src/iap/results/icra27/icra028/install/include/iap/iap/integrity/lidar_araim.hpp
-- Installing: /home/dev/ws_iap/src/iap/results/icra27/icra028/install/include/iap/iap/integrity/integrity_report_mapping.hpp
-- Installing: /home/dev/ws_iap/src/iap/results/icra27/icra028/install/include/iap/iap/integrity/integrity_types.hpp
-- Installing: /home/dev/ws_iap/src/iap/results/icra27/icra028/install/include/iap/iap/odometry
-- Installing: /home/dev/ws_iap/src/iap/results/icra27/icra028/install/include/iap/iap/odometry/odometry_estimation_gpu.hpp
-- Installing: /home/dev/ws_iap/src/iap/results/icra27/icra028/install/include/iap/iap/odometry/initial_state_estimation.hpp
-- Installing: /home/dev/ws_iap/src/iap/results/icra27/icra028/install/include/iap/iap/odometry/async_odometry_estimation.hpp
-- Installing: /home/dev/ws_iap/src/iap/results/icra27/icra028/install/include/iap/iap/odometry/odometry_estimation_cpu.hpp
-- Installing: /home/dev/ws_iap/src/iap/results/icra27/icra028/install/include/iap/iap/odometry/odometry_estimation_base.hpp
-- Installing: /home/dev/ws_iap/src/iap/results/icra27/icra028/install/include/iap/iap/odometry/callbacks.hpp
-- Installing: /home/dev/ws_iap/src/iap/results/icra27/icra028/install/include/iap/iap/odometry/estimation_frame.hpp
-- Installing: /home/dev/ws_iap/src/iap/results/icra27/icra028/install/include/iap/iap/odometry/loose_initial_state_estimation.hpp
-- Installing: /home/dev/ws_iap/src/iap/results/icra27/icra028/install/include/iap/iap/odometry/odometry_estimation_ct.hpp
-- Installing: /home/dev/ws_iap/src/iap/results/icra27/icra028/install/include/iap/iap/odometry/odometry_estimation_imu.hpp
-- Installing: /home/dev/ws_iap/src/iap/results/icra27/icra028/install/include/iap/iap/map
-- Installing: /home/dev/ws_iap/src/iap/results/icra27/icra028/install/include/iap/iap/map/local_occupancy.hpp
-- Installing: /home/dev/ws_iap/src/iap/results/icra27/icra028/install/include/iap/iap/viewer
-- Installing: /home/dev/ws_iap/src/iap/results/icra27/icra028/install/include/iap/iap/viewer/editor
-- Installing: /home/dev/ws_iap/src/iap/results/icra27/icra028/install/include/iap/iap/viewer/editor/map_cell.hpp
-- Installing: /home/dev/ws_iap/src/iap/results/icra27/icra028/install/include/iap/iap/viewer/editor/points_selector.hpp
-- Installing: /home/dev/ws_iap/src/iap/results/icra27/icra028/install/include/iap/iap/viewer/standard_viewer.hpp
-- Installing: /home/dev/ws_iap/src/iap/results/icra27/icra028/install/include/iap/iap/viewer/interactive
-- Installing: /home/dev/ws_iap/src/iap/results/icra27/icra028/install/include/iap/iap/viewer/interactive/bundle_adjustment_modal.hpp
-- Installing: /home/dev/ws_iap/src/iap/results/icra27/icra028/install/include/iap/iap/viewer/interactive/manual_loop_close_modal.hpp
-- Installing: /home/dev/ws_iap/src/iap/results/icra27/icra028/install/include/iap/iap/viewer/standard_viewer_mem.hpp
-- Installing: /home/dev/ws_iap/src/iap/results/icra27/icra028/install/include/iap/iap/viewer/interactive_viewer.hpp
-- Installing: /home/dev/ws_iap/src/iap/results/icra27/icra028/install/include/iap/iap/viewer/offline_viewer.hpp
-- Installing: /home/dev/ws_iap/src/iap/results/icra27/icra028/install/include/iap/iap/viewer/map_editor.hpp
-- Installing: /home/dev/ws_iap/src/iap/results/icra27/icra028/install/include/iap/iap/mapping
-- Installing: /home/dev/ws_iap/src/iap/results/icra27/icra028/install/include/iap/iap/mapping/global_mapping_base.hpp
-- Installing: /home/dev/ws_iap/src/iap/results/icra27/icra028/install/include/iap/iap/mapping/async_sub_mapping.hpp
-- Installing: /home/dev/ws_iap/src/iap/results/icra27/icra028/install/include/iap/iap/mapping/global_mapping_pose_graph.hpp
-- Installing: /home/dev/ws_iap/src/iap/results/icra27/icra028/install/include/iap/iap/mapping/callbacks.hpp
-- Installing: /home/dev/ws_iap/src/iap/results/icra27/icra028/install/include/iap/iap/mapping/sub_mapping.hpp
-- Installing: /home/dev/ws_iap/src/iap/results/icra27/icra028/install/include/iap/iap/mapping/async_global_mapping.hpp
-- Installing: /home/dev/ws_iap/src/iap/results/icra27/icra028/install/include/iap/iap/mapping/sub_map.hpp
-- Installing: /home/dev/ws_iap/src/iap/results/icra27/icra028/install/include/iap/iap/mapping/global_mapping.hpp
-- Installing: /home/dev/ws_iap/src/iap/results/icra27/icra028/install/include/iap/iap/mapping/sub_mapping_passthrough.hpp
-- Installing: /home/dev/ws_iap/src/iap/results/icra27/icra028/install/include/iap/iap/mapping/sub_mapping_base.hpp
-- Installing: /home/dev/ws_iap/src/iap/results/icra27/icra028/install/include/iap/iap/trunk
-- Installing: /home/dev/ws_iap/src/iap/results/icra27/icra028/install/include/iap/iap/trunk/trunk_types.hpp
-- Installing: /home/dev/ws_iap/src/iap/results/icra27/icra028/install/include/iap/iap/trunk/trunk_extension.hpp
-- Installing: /home/dev/ws_iap/src/iap/results/icra27/icra028/install/include/iap/iap/trunk/trunk_detector.hpp
-- Installing: /home/dev/ws_iap/src/iap/results/icra27/icra028/install/include/iap/iap/trunk/trunk_map.hpp
-- Installing: /home/dev/ws_iap/src/iap/results/icra27/icra028/install/include/iap/iap/trunk/trunk_factor.hpp
-- Installing: /home/dev/ws_iap/src/iap/results/icra27/icra028/install/include/iap/iap/common
-- Installing: /home/dev/ws_iap/src/iap/results/icra27/icra028/install/include/iap/iap/common/imu_integration.hpp
-- Installing: /home/dev/ws_iap/src/iap/results/icra27/icra028/install/include/iap/iap/common/imu_validation.hpp
-- Installing: /home/dev/ws_iap/src/iap/results/icra27/icra028/install/include/iap/iap/common/cloud_deskewing.hpp
-- Installing: /home/dev/ws_iap/src/iap/results/icra27/icra028/install/include/iap/iap/common/cloud_covariance_estimation.hpp
-- Installing: /home/dev/ws_iap/src/iap/results/icra27/icra028/install/include/iap/iap/gnss
-- Installing: /home/dev/ws_iap/src/iap/results/icra27/icra028/install/include/iap/iap/gnss/canopy_noise_model.hpp
-- Installing: /home/dev/ws_iap/src/iap/results/icra27/icra028/install/include/iap/iap/gnss/gnss_types.hpp
-- Installing: /home/dev/ws_iap/src/iap/results/icra27/icra028/install/include/iap/iap/gnss/clock_between_factor.hpp
-- Installing: /home/dev/ws_iap/src/iap/results/icra27/icra028/install/include/iap/iap/gnss/visibility_predictor.hpp
-- Installing: /home/dev/ws_iap/src/iap/results/icra27/icra028/install/include/iap/iap/gnss/pseudorange_factor.hpp
-- Installing: /home/dev/ws_iap/src/iap/results/icra27/icra028/install/include/iap/iap/gnss/doppler_factor.hpp
-- Installing: /home/dev/ws_iap/src/iap/results/icra27/icra028/install/include/iap/iap/gnss/gnss_extension.hpp
-- Installing: /home/dev/ws_iap/src/iap/results/icra27/icra028/install/include/iap/iap/gnss/gnss_handler.hpp
-- Installing: /home/dev/ws_iap/src/iap/results/icra27/icra028/install/include/iap/iap/sim
-- Installing: /home/dev/ws_iap/src/iap/results/icra27/icra028/install/include/iap/iap/sim/odom_freshness.hpp
-- Installing: /home/dev/ws_iap/src/iap/results/icra27/icra028/install/include/iap/iap/sim/demo11_publication_stamp_authority.hpp
-- Installing: /home/dev/ws_iap/src/iap/results/icra27/icra028/install/include/iap/iap/experiments
-- Installing: /home/dev/ws_iap/src/iap/results/icra27/icra028/install/include/iap/iap/experiments/metrics.hpp
-- Installing: /home/dev/ws_iap/src/iap/results/icra27/icra028/install/include/iap/iap/predictor
-- Installing: /home/dev/ws_iap/src/iap/results/icra27/icra028/install/include/iap/iap/predictor/lidar_observability_fim.hpp
-- Installing: /home/dev/ws_iap/src/iap/results/icra27/icra028/install/include/iap/iap/predictor/predictor_module.hpp
-- Installing: /home/dev/ws_iap/src/iap/results/icra27/icra028/install/include/iap/iap/predictor/gnss_geometry_pl_predictor.hpp
-- Installing: /home/dev/ws_iap/src/iap/results/icra27/icra028/install/include/iap/iap/predictor/gnss_advisory_predictor.hpp
-- Installing: /home/dev/ws_iap/src/iap/results/icra27/icra028/install/include/iap/iap/predictor/fusion_advisory_predictor.hpp
-- Installing: /home/dev/ws_iap/src/iap/results/icra27/icra028/install/include/iap/iap/predictor/predictor_types.hpp
-- Installing: /home/dev/ws_iap/src/iap/results/icra27/icra028/install/include/iap/iap/predictor/rolling_spatial_advisory_window.hpp
-- Installing: /home/dev/ws_iap/src/iap/results/icra27/icra028/install/include/iap/iap/predictor/advisory_fim_types.hpp
-- Installing: /home/dev/ws_iap/src/iap/results/icra27/icra028/install/include/iap/iap/predictor/lidar_advisory_predictor.hpp
-- Installing: /home/dev/ws_iap/src/iap/results/icra27/icra028/install/include/iap/iap/preprocess
-- Installing: /home/dev/ws_iap/src/iap/results/icra27/icra028/install/include/iap/iap/preprocess/cloud_preprocessor.hpp
-- Installing: /home/dev/ws_iap/src/iap/results/icra27/icra028/install/include/iap/iap/preprocess/callbacks.hpp
-- Installing: /home/dev/ws_iap/src/iap/results/icra27/icra028/install/include/iap/iap/preprocess/preprocessed_frame.hpp
-- Installing: /home/dev/ws_iap/src/iap/results/icra27/icra028/install/lib/libiap.so
-- Set non-toolchain portion of runtime path of "/home/dev/ws_iap/src/iap/results/icra27/icra028/install/lib/libiap.so" to ""
-- Installing: /home/dev/ws_iap/src/iap/results/icra27/icra028/install/lib/libodometry_estimation_ct.so
-- Set non-toolchain portion of runtime path of "/home/dev/ws_iap/src/iap/results/icra27/icra028/install/lib/libodometry_estimation_ct.so" to ""
-- Installing: /home/dev/ws_iap/src/iap/results/icra27/icra028/install/lib/libodometry_estimation_cpu.so
-- Set non-toolchain portion of runtime path of "/home/dev/ws_iap/src/iap/results/icra27/icra028/install/lib/libodometry_estimation_cpu.so" to ""
-- Installing: /home/dev/ws_iap/src/iap/results/icra27/icra028/install/lib/libsub_mapping.so
-- Set non-toolchain portion of runtime path of "/home/dev/ws_iap/src/iap/results/icra27/icra028/install/lib/libsub_mapping.so" to ""
-- Installing: /home/dev/ws_iap/src/iap/results/icra27/icra028/install/lib/libsub_mapping_passthrough.so
-- Set non-toolchain portion of runtime path of "/home/dev/ws_iap/src/iap/results/icra27/icra028/install/lib/libsub_mapping_passthrough.so" to ""
-- Installing: /home/dev/ws_iap/src/iap/results/icra27/icra028/install/lib/libglobal_mapping.so
-- Set non-toolchain portion of runtime path of "/home/dev/ws_iap/src/iap/results/icra27/icra028/install/lib/libglobal_mapping.so" to ""
-- Installing: /home/dev/ws_iap/src/iap/results/icra27/icra028/install/lib/libglobal_mapping_pose_graph.so
-- Set non-toolchain portion of runtime path of "/home/dev/ws_iap/src/iap/results/icra27/icra028/install/lib/libglobal_mapping_pose_graph.so" to ""
-- Installing: /home/dev/ws_iap/src/iap/results/icra27/icra028/install/lib/libodometry_estimation_gpu.so
-- Set non-toolchain portion of runtime path of "/home/dev/ws_iap/src/iap/results/icra27/icra028/install/lib/libodometry_estimation_gpu.so" to ""
-- Installing: /home/dev/ws_iap/src/iap/results/icra27/icra028/install/lib/libstandard_viewer.so
-- Set non-toolchain portion of runtime path of "/home/dev/ws_iap/src/iap/results/icra27/icra028/install/lib/libstandard_viewer.so" to ""
-- Installing: /home/dev/ws_iap/src/iap/results/icra27/icra028/install/lib/libinteractive_viewer.so
-- Set non-toolchain portion of runtime path of "/home/dev/ws_iap/src/iap/results/icra27/icra028/install/lib/libinteractive_viewer.so" to ""
-- Installing: /home/dev/ws_iap/src/iap/results/icra27/icra028/install/lib/libmemory_monitor.so
-- Set non-toolchain portion of runtime path of "/home/dev/ws_iap/src/iap/results/icra27/icra028/install/lib/libmemory_monitor.so" to ""
-- Installing: /home/dev/ws_iap/src/iap/results/icra27/icra028/install/lib/libmap_editor.so
-- Set non-toolchain portion of runtime path of "/home/dev/ws_iap/src/iap/results/icra27/icra028/install/lib/libmap_editor.so" to ""
-- Installing: /home/dev/ws_iap/src/iap/results/icra27/icra028/install/share/iap/iap-targets.cmake
-- Installing: /home/dev/ws_iap/src/iap/results/icra27/icra028/install/share/iap/iap-targets-relwithdebinfo.cmake
-- Installing: /home/dev/ws_iap/src/iap/results/icra27/icra028/install/share/iap/iap-config.cmake
-- Installing: /home/dev/ws_iap/src/iap/results/icra27/icra028/install/share/iap/iap-config-version.cmake
-- Installing: /home/dev/ws_iap/src/iap/results/icra27/icra028/install/share/ament_index/resource_index/rosidl_interfaces/iap
-- Installing: /home/dev/ws_iap/src/iap/results/icra27/icra028/install/share/iap/msg/IntegrityReport.json
-- Installing: /home/dev/ws_iap/src/iap/results/icra27/icra028/install/share/iap/msg/DynamicALResult.json
-- Installing: /home/dev/ws_iap/src/iap/results/icra27/icra028/install/share/iap/msg/TrunkLandmark.json
-- Installing: /home/dev/ws_iap/src/iap/results/icra27/icra028/install/share/iap/msg/MDPState.json
-- Up-to-date: /home/dev/ws_iap/src/iap/results/icra27/icra028/install/include/iap/iap
-- Installing: /home/dev/ws_iap/src/iap/results/icra27/icra028/install/include/iap/iap/msg
-- Installing: /home/dev/ws_iap/src/iap/results/icra27/icra028/install/include/iap/iap/msg/rosidl_generator_c__visibility_control.h
-- Installing: /home/dev/ws_iap/src/iap/results/icra27/icra028/install/include/iap/iap/msg/detail
-- Installing: /home/dev/ws_iap/src/iap/results/icra27/icra028/install/include/iap/iap/msg/detail/dynamic_al_result__type_support.h
-- Installing: /home/dev/ws_iap/src/iap/results/icra27/icra028/install/include/iap/iap/msg/detail/mdp_state__type_support.c
-- Installing: /home/dev/ws_iap/src/iap/results/icra27/icra028/install/include/iap/iap/msg/detail/dynamic_al_result__type_support.c
-- Installing: /home/dev/ws_iap/src/iap/results/icra27/icra028/install/include/iap/iap/msg/detail/dynamic_al_result__functions.c
-- Installing: /home/dev/ws_iap/src/iap/results/icra27/icra028/install/include/iap/iap/msg/detail/trunk_landmark__functions.c
-- Installing: /home/dev/ws_iap/src/iap/results/icra27/icra028/install/include/iap/iap/msg/detail/mdp_state__type_support.h
-- Installing: /home/dev/ws_iap/src/iap/results/icra27/icra028/install/include/iap/iap/msg/detail/integrity_report__functions.h
-- Installing: /home/dev/ws_iap/src/iap/results/icra27/icra028/install/include/iap/iap/msg/detail/trunk_landmark__type_support.h
-- Installing: /home/dev/ws_iap/src/iap/results/icra27/icra028/install/include/iap/iap/msg/detail/integrity_report__type_support.c
-- Installing: /home/dev/ws_iap/src/iap/results/icra27/icra028/install/include/iap/iap/msg/detail/trunk_landmark__description.c
-- Installing: /home/dev/ws_iap/src/iap/results/icra27/icra028/install/include/iap/iap/msg/detail/dynamic_al_result__functions.h
-- Installing: /home/dev/ws_iap/src/iap/results/icra27/icra028/install/include/iap/iap/msg/detail/mdp_state__struct.h
-- Installing: /home/dev/ws_iap/src/iap/results/icra27/icra028/install/include/iap/iap/msg/detail/mdp_state__description.c
-- Installing: /home/dev/ws_iap/src/iap/results/icra27/icra028/install/include/iap/iap/msg/detail/integrity_report__struct.h
-- Installing: /home/dev/ws_iap/src/iap/results/icra27/icra028/install/include/iap/iap/msg/detail/trunk_landmark__functions.h
-- Installing: /home/dev/ws_iap/src/iap/results/icra27/icra028/install/include/iap/iap/msg/detail/dynamic_al_result__struct.h
-- Installing: /home/dev/ws_iap/src/iap/results/icra27/icra028/install/include/iap/iap/msg/detail/dynamic_al_result__description.c
-- Installing: /home/dev/ws_iap/src/iap/results/icra27/icra028/install/include/iap/iap/msg/detail/mdp_state__functions.c
-- Installing: /home/dev/ws_iap/src/iap/results/icra27/icra028/install/include/iap/iap/msg/detail/integrity_report__description.c
-- Installing: /home/dev/ws_iap/src/iap/results/icra27/icra028/install/include/iap/iap/msg/detail/integrity_report__functions.c
-- Installing: /home/dev/ws_iap/src/iap/results/icra27/icra028/install/include/iap/iap/msg/detail/mdp_state__functions.h
-- Installing: /home/dev/ws_iap/src/iap/results/icra27/icra028/install/include/iap/iap/msg/detail/integrity_report__type_support.h
-- Installing: /home/dev/ws_iap/src/iap/results/icra27/icra028/install/include/iap/iap/msg/detail/trunk_landmark__struct.h
-- Installing: /home/dev/ws_iap/src/iap/results/icra27/icra028/install/include/iap/iap/msg/detail/trunk_landmark__type_support.c
-- Installing: /home/dev/ws_iap/src/iap/results/icra27/icra028/install/include/iap/iap/msg/dynamic_al_result.h
-- Installing: /home/dev/ws_iap/src/iap/results/icra27/icra028/install/include/iap/iap/msg/mdp_state.h
-- Installing: /home/dev/ws_iap/src/iap/results/icra27/icra028/install/include/iap/iap/msg/integrity_report.h
-- Installing: /home/dev/ws_iap/src/iap/results/icra27/icra028/install/include/iap/iap/msg/trunk_landmark.h
-- Installing: /home/dev/ws_iap/src/iap/results/icra27/icra028/install/share/iap/environment/library_path.sh
-- Installing: /home/dev/ws_iap/src/iap/results/icra27/icra028/install/share/iap/environment/library_path.dsv
-- Installing: /home/dev/ws_iap/src/iap/results/icra27/icra028/install/lib/libiap__rosidl_generator_c.so
-- Set non-toolchain portion of runtime path of "/home/dev/ws_iap/src/iap/results/icra27/icra028/install/lib/libiap__rosidl_generator_c.so" to ""
-- Up-to-date: /home/dev/ws_iap/src/iap/results/icra27/icra028/install/include/iap/iap
-- Up-to-date: /home/dev/ws_iap/src/iap/results/icra27/icra028/install/include/iap/iap/msg
-- Installing: /home/dev/ws_iap/src/iap/results/icra27/icra028/install/include/iap/iap/msg/rosidl_typesupport_fastrtps_c__visibility_control.h
-- Up-to-date: /home/dev/ws_iap/src/iap/results/icra27/icra028/install/include/iap/iap/msg/detail
-- Installing: /home/dev/ws_iap/src/iap/results/icra27/icra028/install/include/iap/iap/msg/detail/dynamic_al_result__rosidl_typesupport_fastrtps_c.h
-- Installing: /home/dev/ws_iap/src/iap/results/icra27/icra028/install/include/iap/iap/msg/detail/trunk_landmark__rosidl_typesupport_fastrtps_c.h
-- Installing: /home/dev/ws_iap/src/iap/results/icra27/icra028/install/include/iap/iap/msg/detail/mdp_state__rosidl_typesupport_fastrtps_c.h
-- Installing: /home/dev/ws_iap/src/iap/results/icra27/icra028/install/include/iap/iap/msg/detail/integrity_report__rosidl_typesupport_fastrtps_c.h
-- Installing: /home/dev/ws_iap/src/iap/results/icra27/icra028/install/lib/libiap__rosidl_typesupport_fastrtps_c.so
-- Set non-toolchain portion of runtime path of "/home/dev/ws_iap/src/iap/results/icra27/icra028/install/lib/libiap__rosidl_typesupport_fastrtps_c.so" to ""
-- Up-to-date: /home/dev/ws_iap/src/iap/results/icra27/icra028/install/include/iap/iap
-- Up-to-date: /home/dev/ws_iap/src/iap/results/icra27/icra028/install/include/iap/iap/msg
-- Up-to-date: /home/dev/ws_iap/src/iap/results/icra27/icra028/install/include/iap/iap/msg/detail
-- Installing: /home/dev/ws_iap/src/iap/results/icra27/icra028/install/include/iap/iap/msg/detail/mdp_state__type_support.c
-- Installing: /home/dev/ws_iap/src/iap/results/icra27/icra028/install/include/iap/iap/msg/detail/dynamic_al_result__type_support.c
-- Installing: /home/dev/ws_iap/src/iap/results/icra27/icra028/install/include/iap/iap/msg/detail/mdp_state__rosidl_typesupport_introspection_c.h
-- Installing: /home/dev/ws_iap/src/iap/results/icra27/icra028/install/include/iap/iap/msg/detail/dynamic_al_result__rosidl_typesupport_introspection_c.h
-- Installing: /home/dev/ws_iap/src/iap/results/icra27/icra028/install/include/iap/iap/msg/detail/integrity_report__rosidl_typesupport_introspection_c.h
-- Installing: /home/dev/ws_iap/src/iap/results/icra27/icra028/install/include/iap/iap/msg/detail/trunk_landmark__rosidl_typesupport_introspection_c.h
-- Installing: /home/dev/ws_iap/src/iap/results/icra27/icra028/install/include/iap/iap/msg/detail/integrity_report__type_support.c
-- Installing: /home/dev/ws_iap/src/iap/results/icra27/icra028/install/include/iap/iap/msg/detail/trunk_landmark__type_support.c
-- Installing: /home/dev/ws_iap/src/iap/results/icra27/icra028/install/include/iap/iap/msg/rosidl_typesupport_introspection_c__visibility_control.h
-- Installing: /home/dev/ws_iap/src/iap/results/icra27/icra028/install/lib/libiap__rosidl_typesupport_introspection_c.so
-- Set non-toolchain portion of runtime path of "/home/dev/ws_iap/src/iap/results/icra27/icra028/install/lib/libiap__rosidl_typesupport_introspection_c.so" to ""
-- Installing: /home/dev/ws_iap/src/iap/results/icra27/icra028/install/lib/libiap__rosidl_typesupport_c.so
-- Set non-toolchain portion of runtime path of "/home/dev/ws_iap/src/iap/results/icra27/icra028/install/lib/libiap__rosidl_typesupport_c.so" to ""
-- Up-to-date: /home/dev/ws_iap/src/iap/results/icra27/icra028/install/include/iap/iap
-- Up-to-date: /home/dev/ws_iap/src/iap/results/icra27/icra028/install/include/iap/iap/msg
-- Installing: /home/dev/ws_iap/src/iap/results/icra27/icra028/install/include/iap/iap/msg/dynamic_al_result.hpp
-- Installing: /home/dev/ws_iap/src/iap/results/icra27/icra028/install/include/iap/iap/msg/rosidl_generator_cpp__visibility_control.hpp
-- Installing: /home/dev/ws_iap/src/iap/results/icra27/icra028/install/include/iap/iap/msg/trunk_landmark.hpp
-- Up-to-date: /home/dev/ws_iap/src/iap/results/icra27/icra028/install/include/iap/iap/msg/detail
-- Installing: /home/dev/ws_iap/src/iap/results/icra27/icra028/install/include/iap/iap/msg/detail/integrity_report__type_support.hpp
-- Installing: /home/dev/ws_iap/src/iap/results/icra27/icra028/install/include/iap/iap/msg/detail/mdp_state__builder.hpp
-- Installing: /home/dev/ws_iap/src/iap/results/icra27/icra028/install/include/iap/iap/msg/detail/integrity_report__builder.hpp
-- Installing: /home/dev/ws_iap/src/iap/results/icra27/icra028/install/include/iap/iap/msg/detail/dynamic_al_result__struct.hpp
-- Installing: /home/dev/ws_iap/src/iap/results/icra27/icra028/install/include/iap/iap/msg/detail/mdp_state__traits.hpp
-- Installing: /home/dev/ws_iap/src/iap/results/icra27/icra028/install/include/iap/iap/msg/detail/mdp_state__type_support.hpp
-- Installing: /home/dev/ws_iap/src/iap/results/icra27/icra028/install/include/iap/iap/msg/detail/integrity_report__traits.hpp
-- Installing: /home/dev/ws_iap/src/iap/results/icra27/icra028/install/include/iap/iap/msg/detail/mdp_state__struct.hpp
-- Installing: /home/dev/ws_iap/src/iap/results/icra27/icra028/install/include/iap/iap/msg/detail/dynamic_al_result__type_support.hpp
-- Installing: /home/dev/ws_iap/src/iap/results/icra27/icra028/install/include/iap/iap/msg/detail/dynamic_al_result__traits.hpp
-- Installing: /home/dev/ws_iap/src/iap/results/icra27/icra028/install/include/iap/iap/msg/detail/dynamic_al_result__builder.hpp
-- Installing: /home/dev/ws_iap/src/iap/results/icra27/icra028/install/include/iap/iap/msg/detail/trunk_landmark__struct.hpp
-- Installing: /home/dev/ws_iap/src/iap/results/icra27/icra028/install/include/iap/iap/msg/detail/integrity_report__struct.hpp
-- Installing: /home/dev/ws_iap/src/iap/results/icra27/icra028/install/include/iap/iap/msg/detail/trunk_landmark__traits.hpp
-- Installing: /home/dev/ws_iap/src/iap/results/icra27/icra028/install/include/iap/iap/msg/detail/trunk_landmark__builder.hpp
-- Installing: /home/dev/ws_iap/src/iap/results/icra27/icra028/install/include/iap/iap/msg/detail/trunk_landmark__type_support.hpp
-- Installing: /home/dev/ws_iap/src/iap/results/icra27/icra028/install/include/iap/iap/msg/mdp_state.hpp
-- Installing: /home/dev/ws_iap/src/iap/results/icra27/icra028/install/include/iap/iap/msg/integrity_report.hpp
-- Up-to-date: /home/dev/ws_iap/src/iap/results/icra27/icra028/install/include/iap/iap
-- Up-to-date: /home/dev/ws_iap/src/iap/results/icra27/icra028/install/include/iap/iap/msg
-- Up-to-date: /home/dev/ws_iap/src/iap/results/icra27/icra028/install/include/iap/iap/msg/detail
-- Installing: /home/dev/ws_iap/src/iap/results/icra27/icra028/install/include/iap/iap/msg/detail/mdp_state__rosidl_typesupport_fastrtps_cpp.hpp
-- Installing: /home/dev/ws_iap/src/iap/results/icra27/icra028/install/include/iap/iap/msg/detail/integrity_report__rosidl_typesupport_fastrtps_cpp.hpp
-- Installing: /home/dev/ws_iap/src/iap/results/icra27/icra028/install/include/iap/iap/msg/detail/trunk_landmark__rosidl_typesupport_fastrtps_cpp.hpp
-- Installing: /home/dev/ws_iap/src/iap/results/icra27/icra028/install/include/iap/iap/msg/detail/dds_fastrtps
-- Installing: /home/dev/ws_iap/src/iap/results/icra27/icra028/install/include/iap/iap/msg/detail/dynamic_al_result__rosidl_typesupport_fastrtps_cpp.hpp
-- Installing: /home/dev/ws_iap/src/iap/results/icra27/icra028/install/include/iap/iap/msg/rosidl_typesupport_fastrtps_cpp__visibility_control.h
-- Installing: /home/dev/ws_iap/src/iap/results/icra27/icra028/install/lib/libiap__rosidl_typesupport_fastrtps_cpp.so
-- Set non-toolchain portion of runtime path of "/home/dev/ws_iap/src/iap/results/icra27/icra028/install/lib/libiap__rosidl_typesupport_fastrtps_cpp.so" to ""
-- Up-to-date: /home/dev/ws_iap/src/iap/results/icra27/icra028/install/include/iap/iap
-- Up-to-date: /home/dev/ws_iap/src/iap/results/icra27/icra028/install/include/iap/iap/msg
-- Up-to-date: /home/dev/ws_iap/src/iap/results/icra27/icra028/install/include/iap/iap/msg/detail
-- Installing: /home/dev/ws_iap/src/iap/results/icra27/icra028/install/include/iap/iap/msg/detail/dynamic_al_result__rosidl_typesupport_introspection_cpp.hpp
-- Installing: /home/dev/ws_iap/src/iap/results/icra27/icra028/install/include/iap/iap/msg/detail/trunk_landmark__rosidl_typesupport_introspection_cpp.hpp
-- Installing: /home/dev/ws_iap/src/iap/results/icra27/icra028/install/include/iap/iap/msg/detail/integrity_report__rosidl_typesupport_introspection_cpp.hpp
-- Installing: /home/dev/ws_iap/src/iap/results/icra27/icra028/install/include/iap/iap/msg/detail/dynamic_al_result__type_support.cpp
-- Installing: /home/dev/ws_iap/src/iap/results/icra27/icra028/install/include/iap/iap/msg/detail/trunk_landmark__type_support.cpp
-- Installing: /home/dev/ws_iap/src/iap/results/icra27/icra028/install/include/iap/iap/msg/detail/mdp_state__rosidl_typesupport_introspection_cpp.hpp
-- Installing: /home/dev/ws_iap/src/iap/results/icra27/icra028/install/include/iap/iap/msg/detail/integrity_report__type_support.cpp
-- Installing: /home/dev/ws_iap/src/iap/results/icra27/icra028/install/include/iap/iap/msg/detail/mdp_state__type_support.cpp
-- Installing: /home/dev/ws_iap/src/iap/results/icra27/icra028/install/lib/libiap__rosidl_typesupport_introspection_cpp.so
-- Set non-toolchain portion of runtime path of "/home/dev/ws_iap/src/iap/results/icra27/icra028/install/lib/libiap__rosidl_typesupport_introspection_cpp.so" to ""
-- Installing: /home/dev/ws_iap/src/iap/results/icra27/icra028/install/lib/libiap__rosidl_typesupport_cpp.so
-- Set non-toolchain portion of runtime path of "/home/dev/ws_iap/src/iap/results/icra27/icra028/install/lib/libiap__rosidl_typesupport_cpp.so" to ""
-- Installing: /home/dev/ws_iap/src/iap/results/icra27/icra028/install/share/iap/environment/pythonpath.sh
-- Installing: /home/dev/ws_iap/src/iap/results/icra27/icra028/install/share/iap/environment/pythonpath.dsv
-- Installing: /home/dev/ws_iap/src/iap/results/icra27/icra028/install/lib/python3.12/site-packages/iap-1.2.0-py3.12.egg-info
-- Installing: /home/dev/ws_iap/src/iap/results/icra27/icra028/install/lib/python3.12/site-packages/iap-1.2.0-py3.12.egg-info/top_level.txt
-- Installing: /home/dev/ws_iap/src/iap/results/icra27/icra028/install/lib/python3.12/site-packages/iap-1.2.0-py3.12.egg-info/SOURCES.txt
-- Installing: /home/dev/ws_iap/src/iap/results/icra27/icra028/install/lib/python3.12/site-packages/iap-1.2.0-py3.12.egg-info/PKG-INFO
-- Installing: /home/dev/ws_iap/src/iap/results/icra27/icra028/install/lib/python3.12/site-packages/iap-1.2.0-py3.12.egg-info/dependency_links.txt
-- Installing: /home/dev/ws_iap/src/iap/results/icra27/icra028/install/lib/python3.12/site-packages/iap
-- Installing: /home/dev/ws_iap/src/iap/results/icra27/icra028/install/lib/python3.12/site-packages/iap/msg
-- Installing: /home/dev/ws_iap/src/iap/results/icra27/icra028/install/lib/python3.12/site-packages/iap/msg/_integrity_report.py
-- Installing: /home/dev/ws_iap/src/iap/results/icra27/icra028/install/lib/python3.12/site-packages/iap/msg/_mdp_state_s.c
-- Installing: /home/dev/ws_iap/src/iap/results/icra27/icra028/install/lib/python3.12/site-packages/iap/msg/_dynamic_al_result_s.c
-- Installing: /home/dev/ws_iap/src/iap/results/icra27/icra028/install/lib/python3.12/site-packages/iap/msg/__init__.py
-- Installing: /home/dev/ws_iap/src/iap/results/icra27/icra028/install/lib/python3.12/site-packages/iap/msg/_trunk_landmark_s.c
-- Installing: /home/dev/ws_iap/src/iap/results/icra27/icra028/install/lib/python3.12/site-packages/iap/msg/_mdp_state.py
-- Installing: /home/dev/ws_iap/src/iap/results/icra27/icra028/install/lib/python3.12/site-packages/iap/msg/_trunk_landmark.py
-- Installing: /home/dev/ws_iap/src/iap/results/icra27/icra028/install/lib/python3.12/site-packages/iap/msg/_integrity_report_s.c
-- Installing: /home/dev/ws_iap/src/iap/results/icra27/icra028/install/lib/python3.12/site-packages/iap/msg/_dynamic_al_result.py
-- Installing: /home/dev/ws_iap/src/iap/results/icra27/icra028/install/lib/python3.12/site-packages/iap/iap_s__rosidl_typesupport_fastrtps_c.so
-- Installing: /home/dev/ws_iap/src/iap/results/icra27/icra028/install/lib/python3.12/site-packages/iap/__init__.py
-- Installing: /home/dev/ws_iap/src/iap/results/icra27/icra028/install/lib/python3.12/site-packages/iap/_iap_s.ep.rosidl_typesupport_introspection_c.c
-- Installing: /home/dev/ws_iap/src/iap/results/icra27/icra028/install/lib/python3.12/site-packages/iap/iap_s__rosidl_typesupport_introspection_c.so
-- Installing: /home/dev/ws_iap/src/iap/results/icra27/icra028/install/lib/python3.12/site-packages/iap/_iap_s.ep.rosidl_typesupport_fastrtps_c.c
-- Installing: /home/dev/ws_iap/src/iap/results/icra27/icra028/install/lib/python3.12/site-packages/iap/_iap_s.ep.rosidl_typesupport_c.c
-- Installing: /home/dev/ws_iap/src/iap/results/icra27/icra028/install/lib/python3.12/site-packages/iap/iap_s__rosidl_typesupport_c.so
Listing '/home/dev/ws_iap/src/iap/results/icra27/icra028/install/lib/python3.12/site-packages/iap'...
Compiling '/home/dev/ws_iap/src/iap/results/icra27/icra028/install/lib/python3.12/site-packages/iap/__init__.py'...
Listing '/home/dev/ws_iap/src/iap/results/icra27/icra028/install/lib/python3.12/site-packages/iap/msg'...
Compiling '/home/dev/ws_iap/src/iap/results/icra27/icra028/install/lib/python3.12/site-packages/iap/msg/__init__.py'...
Compiling '/home/dev/ws_iap/src/iap/results/icra27/icra028/install/lib/python3.12/site-packages/iap/msg/_dynamic_al_result.py'...
Compiling '/home/dev/ws_iap/src/iap/results/icra27/icra028/install/lib/python3.12/site-packages/iap/msg/_integrity_report.py'...
Compiling '/home/dev/ws_iap/src/iap/results/icra27/icra028/install/lib/python3.12/site-packages/iap/msg/_mdp_state.py'...
Compiling '/home/dev/ws_iap/src/iap/results/icra27/icra028/install/lib/python3.12/site-packages/iap/msg/_trunk_landmark.py'...
-- Installing: /home/dev/ws_iap/src/iap/results/icra27/icra028/install/lib/python3.12/site-packages/iap/iap_s__rosidl_typesupport_fastrtps_c.so
-- Set non-toolchain portion of runtime path of "/home/dev/ws_iap/src/iap/results/icra27/icra028/install/lib/python3.12/site-packages/iap/iap_s__rosidl_typesupport_fastrtps_c.so" to ""
-- Installing: /home/dev/ws_iap/src/iap/results/icra27/icra028/install/lib/python3.12/site-packages/iap/iap_s__rosidl_typesupport_introspection_c.so
-- Set non-toolchain portion of runtime path of "/home/dev/ws_iap/src/iap/results/icra27/icra028/install/lib/python3.12/site-packages/iap/iap_s__rosidl_typesupport_introspection_c.so" to ""
-- Installing: /home/dev/ws_iap/src/iap/results/icra27/icra028/install/lib/python3.12/site-packages/iap/iap_s__rosidl_typesupport_c.so
-- Set non-toolchain portion of runtime path of "/home/dev/ws_iap/src/iap/results/icra27/icra028/install/lib/python3.12/site-packages/iap/iap_s__rosidl_typesupport_c.so" to ""
-- Installing: /home/dev/ws_iap/src/iap/results/icra27/icra028/install/lib/libiap_msgs__rosidl_generator_py.so
-- Set non-toolchain portion of runtime path of "/home/dev/ws_iap/src/iap/results/icra27/icra028/install/lib/libiap_msgs__rosidl_generator_py.so" to ""
-- Installing: /home/dev/ws_iap/src/iap/results/icra27/icra028/install/share/iap/msg/IntegrityReport.idl
-- Installing: /home/dev/ws_iap/src/iap/results/icra27/icra028/install/share/iap/msg/DynamicALResult.idl
-- Installing: /home/dev/ws_iap/src/iap/results/icra27/icra028/install/share/iap/msg/TrunkLandmark.idl
-- Installing: /home/dev/ws_iap/src/iap/results/icra27/icra028/install/share/iap/msg/MDPState.idl
-- Installing: /home/dev/ws_iap/src/iap/results/icra27/icra028/install/share/iap/msg/IntegrityReport.msg
-- Installing: /home/dev/ws_iap/src/iap/results/icra27/icra028/install/share/iap/msg/DynamicALResult.msg
-- Installing: /home/dev/ws_iap/src/iap/results/icra27/icra028/install/share/iap/msg/TrunkLandmark.msg
-- Installing: /home/dev/ws_iap/src/iap/results/icra27/icra028/install/share/iap/msg/MDPState.msg
-- Installing: /home/dev/ws_iap/src/iap/results/icra27/icra028/install/lib/libgnss_extension.so
-- Set non-toolchain portion of runtime path of "/home/dev/ws_iap/src/iap/results/icra27/icra028/install/lib/libgnss_extension.so" to ""
-- Installing: /home/dev/ws_iap/src/iap/results/icra27/icra028/install/lib/libtrunk_extension.so
-- Set non-toolchain portion of runtime path of "/home/dev/ws_iap/src/iap/results/icra27/icra028/install/lib/libtrunk_extension.so" to ""
-- Installing: /home/dev/ws_iap/src/iap/results/icra27/icra028/install/lib/libintegrity_extension.so
-- Set non-toolchain portion of runtime path of "/home/dev/ws_iap/src/iap/results/icra27/icra028/install/lib/libintegrity_extension.so" to ""
-- Installing: /home/dev/ws_iap/src/iap/results/icra27/icra028/install/lib/libsim_extension.so
-- Set non-toolchain portion of runtime path of "/home/dev/ws_iap/src/iap/results/icra27/icra028/install/lib/libsim_extension.so" to ""
-- Installing: /home/dev/ws_iap/src/iap/results/icra27/icra028/install/lib/libdemo8_truth_araim_extension.so
-- Set non-toolchain portion of runtime path of "/home/dev/ws_iap/src/iap/results/icra27/icra028/install/lib/libdemo8_truth_araim_extension.so" to ""
-- Installing: /home/dev/ws_iap/src/iap/results/icra27/icra028/install/lib/librviz_viewer.so
-- Set non-toolchain portion of runtime path of "/home/dev/ws_iap/src/iap/results/icra27/icra028/install/lib/librviz_viewer.so" to ""
-- Installing: /home/dev/ws_iap/src/iap/results/icra27/icra028/install/lib/iap/iap_status
-- Set non-toolchain portion of runtime path of "/home/dev/ws_iap/src/iap/results/icra27/icra028/install/lib/iap/iap_status" to ""
-- Installing: /home/dev/ws_iap/src/iap/results/icra27/icra028/install/lib/iap/iap_experiment
-- Set non-toolchain portion of runtime path of "/home/dev/ws_iap/src/iap/results/icra27/icra028/install/lib/iap/iap_experiment" to ""
-- Installing: /home/dev/ws_iap/src/iap/results/icra27/icra028/install/lib/iap/iap_rosnode
-- Set non-toolchain portion of runtime path of "/home/dev/ws_iap/src/iap/results/icra27/icra028/install/lib/iap/iap_rosnode" to ""
-- Installing: /home/dev/ws_iap/src/iap/results/icra27/icra028/install/lib/iap/demo3_odom_mux
-- Set non-toolchain portion of runtime path of "/home/dev/ws_iap/src/iap/results/icra27/icra028/install/lib/iap/demo3_odom_mux" to ""
-- Installing: /home/dev/ws_iap/src/iap/results/icra27/icra028/install/lib/iap/demo3_iap_bridge
-- Set non-toolchain portion of runtime path of "/home/dev/ws_iap/src/iap/results/icra27/icra028/install/lib/iap/demo3_iap_bridge" to ""
-- Installing: /home/dev/ws_iap/src/iap/results/icra27/icra028/install/lib/iap/demo4_lidar_body_bridge
-- Set non-toolchain portion of runtime path of "/home/dev/ws_iap/src/iap/results/icra27/icra028/install/lib/iap/demo4_lidar_body_bridge" to ""
-- Installing: /home/dev/ws_iap/src/iap/results/icra27/icra028/install/lib/iap/phase2_planner_integrity_evaluator
-- Set non-toolchain portion of runtime path of "/home/dev/ws_iap/src/iap/results/icra27/icra028/install/lib/iap/phase2_planner_integrity_evaluator" to ""
-- Installing: /home/dev/ws_iap/src/iap/results/icra27/icra028/install/lib/iap/demo_takeoff_cmd_publisher
-- Set non-toolchain portion of runtime path of "/home/dev/ws_iap/src/iap/results/icra27/icra028/install/lib/iap/demo_takeoff_cmd_publisher" to ""
-- Installing: /home/dev/ws_iap/src/iap/results/icra27/icra028/install/lib/iap/demo11_corridor_map_publisher
-- Set non-toolchain portion of runtime path of "/home/dev/ws_iap/src/iap/results/icra27/icra028/install/lib/iap/demo11_corridor_map_publisher" to ""
-- Installing: /home/dev/ws_iap/src/iap/results/icra27/icra028/install/lib/iap/demo11_compare_paths_visualizer
-- Set non-toolchain portion of runtime path of "/home/dev/ws_iap/src/iap/results/icra27/icra028/install/lib/iap/demo11_compare_paths_visualizer" to ""
-- Installing: /home/dev/ws_iap/src/iap/results/icra27/icra028/install/lib/iap/test_predictor_query_probe
-- Set non-toolchain portion of runtime path of "/home/dev/ws_iap/src/iap/results/icra27/icra028/install/lib/iap/test_predictor_query_probe" to ""
-- Installing: /home/dev/ws_iap/src/iap/results/icra27/icra028/install/lib/iap/test_araim_validator.py
-- Installing: /home/dev/ws_iap/src/iap/results/icra27/icra028/install/lib/iap/planner_evidence_provenance_publisher.py
-- Installing: /home/dev/ws_iap/src/iap/results/icra27/icra028/install/lib/iap/planner_bag_recorder_with_finalizer.py
-- Installing: /home/dev/ws_iap/src/iap/results/icra27/icra028/install/lib/iap/finalize_planner_evidence_manifest.py
-- Installing: /home/dev/ws_iap/src/iap/results/icra27/icra028/install/lib/iap/verify_planner_recorder_smoke.py
-- Installing: /home/dev/ws_iap/src/iap/results/icra27/icra028/install/lib/iap/verify_safety_planner_evidence_bundle.py
-- Installing: /home/dev/ws_iap/src/iap/results/icra27/icra028/install/lib/iap/analyze_p1_candidate_diagnostic_smoke.py
-- Installing: /home/dev/ws_iap/src/iap/results/icra27/icra028/install/lib/iap/archive_p1_2_retrospective.py
-- Installing: /home/dev/ws_iap/src/iap/results/icra27/icra028/install/lib/iap/analyze_safety_planner_run.py
-- Installing: /home/dev/ws_iap/src/iap/results/icra27/icra028/install/lib/iap/calibrate_p1_formal_tolerances.py
-- Installing: /home/dev/ws_iap/src/iap/results/icra27/icra028/install/lib/iap/p1_formal_metrics.py
-- Installing: /home/dev/ws_iap/src/iap/results/icra27/icra028/install/lib/iap/test_predictor_validator.py
-- Installing: /home/dev/ws_iap/src/iap/results/icra27/icra028/install/lib/iap/analyze_predictor_system_e1.py
-- Installing: /home/dev/ws_iap/src/iap/results/icra27/icra028/install/lib/iap/analyze_predictor_system_e2.py
-- Installing: /home/dev/ws_iap/src/iap/results/icra27/icra028/install/lib/iap/analyze_predictor_system_e3.py
-- Installing: /home/dev/ws_iap/src/iap/results/icra27/icra028/install/lib/iap/analyze_predictor_system_e4.py
-- Installing: /home/dev/ws_iap/src/iap/results/icra27/icra028/install/lib/iap/analyze_predictor_system_e5.py
-- Installing: /home/dev/ws_iap/src/iap/results/icra27/icra028/install/lib/iap/analyze_predictor_system_e6.py
-- Installing: /home/dev/ws_iap/src/iap/results/icra27/icra028/install/lib/iap/analyze_predictor_system_e7.py
-- Installing: /home/dev/ws_iap/src/iap/results/icra27/icra028/install/lib/iap/analyze_predictor_system_e8.py
-- Installing: /home/dev/ws_iap/src/iap/results/icra27/icra028/install/lib/iap/analyze_predictor_system_e9.py
-- Installing: /home/dev/ws_iap/src/iap/results/icra27/icra028/install/lib/iap/analyze_predictor_system_e10.py
-- Installing: /home/dev/ws_iap/src/iap/results/icra27/icra028/install/lib/iap/analyze_predictor_system_e11.py
-- Installing: /home/dev/ws_iap/src/iap/results/icra27/icra028/install/lib/iap/analyze_predictor_system_e12.py
-- Installing: /home/dev/ws_iap/src/iap/results/icra27/icra028/install/lib/iap/analyze_planner_p0_phase1.py
-- Installing: /home/dev/ws_iap/src/iap/results/icra27/icra028/install/lib/iap/gate0_analyzer.py
-- Installing: /home/dev/ws_iap/src/iap/results/icra27/icra028/install/lib/iap/gate0_capture_p0_health.py
-- Installing: /home/dev/ws_iap/src/iap/results/icra27/icra028/install/lib/iap/gate0_disk_audit.py
-- Installing: /home/dev/ws_iap/src/iap/results/icra27/icra028/install/lib/iap/run_gate0_qualification.py
-- Installing: /home/dev/ws_iap/src/iap/results/icra27/icra028/install/share/iap/launch
-- Installing: /home/dev/ws_iap/src/iap/results/icra27/icra028/install/share/iap/launch/demo5.launch
-- Installing: /home/dev/ws_iap/src/iap/results/icra27/icra028/install/share/iap/launch/demo6_truth_control_bag.launch.py
-- Installing: /home/dev/ws_iap/src/iap/results/icra27/icra028/install/share/iap/launch/demo1.launch
-- Installing: /home/dev/ws_iap/src/iap/results/icra27/icra028/install/share/iap/launch/demo11_ego_planner_integrity_corridor.launch.py
-- Installing: /home/dev/ws_iap/src/iap/results/icra27/icra028/install/share/iap/launch/demo2.launch
-- Installing: /home/dev/ws_iap/src/iap/results/icra27/icra028/install/share/iap/launch/demo3.launch
-- Installing: /home/dev/ws_iap/src/iap/results/icra27/icra028/install/share/iap/launch/demo9_ego_planner_closed_loop.launch.py
-- Installing: /home/dev/ws_iap/src/iap/results/icra27/icra028/install/share/iap/launch/test_araim.launch.py
-- Installing: /home/dev/ws_iap/src/iap/results/icra27/icra028/install/share/iap/launch/iap_demo.launch.py
-- Installing: /home/dev/ws_iap/src/iap/results/icra27/icra028/install/share/iap/launch/demo11_compare_paths.launch.py
-- Installing: /home/dev/ws_iap/src/iap/results/icra27/icra028/install/share/iap/launch/__pycache__
-- Installing: /home/dev/ws_iap/src/iap/results/icra27/icra028/install/share/iap/launch/__pycache__/test_planner.launch.cpython-312.pyc
-- Installing: /home/dev/ws_iap/src/iap/results/icra27/icra028/install/share/iap/launch/__pycache__/test_araim.launch.cpython-312.pyc
-- Installing: /home/dev/ws_iap/src/iap/results/icra27/icra028/install/share/iap/launch/__pycache__/demo11_araim_only.launch.cpython-312.pyc
-- Installing: /home/dev/ws_iap/src/iap/results/icra27/icra028/install/share/iap/launch/__pycache__/test_predictor.launch.cpython-312.pyc
-- Installing: /home/dev/ws_iap/src/iap/results/icra27/icra028/install/share/iap/launch/test_predictor.launch.py
-- Installing: /home/dev/ws_iap/src/iap/results/icra27/icra028/install/share/iap/launch/demo7.launch
-- Installing: /home/dev/ws_iap/src/iap/results/icra27/icra028/install/share/iap/launch/demo8.launch
-- Installing: /home/dev/ws_iap/src/iap/results/icra27/icra028/install/share/iap/launch/test_araim.launch.py_bp
-- Installing: /home/dev/ws_iap/src/iap/results/icra27/icra028/install/share/iap/launch/iap_ego_sim.launch.py
-- Installing: /home/dev/ws_iap/src/iap/results/icra27/icra028/install/share/iap/launch/demo11_araim_only.launch.py
-- Installing: /home/dev/ws_iap/src/iap/results/icra27/icra028/install/share/iap/launch/demo10_ego_planner_pi_lite_eval.launch.py
-- Installing: /home/dev/ws_iap/src/iap/results/icra27/icra028/install/share/iap/launch/demo6.launch
-- Installing: /home/dev/ws_iap/src/iap/results/icra27/icra028/install/share/iap/launch/iap_rosnode.launch.py
-- Installing: /home/dev/ws_iap/src/iap/results/icra27/icra028/install/share/iap/launch/test_planner.launch.py
-- Installing: /home/dev/ws_iap/src/iap/results/icra27/icra028/install/share/iap/launch/demo4.launch
-- Installing: /home/dev/ws_iap/src/iap/results/icra27/icra028/install/share/iap/config
-- Installing: /home/dev/ws_iap/src/iap/results/icra27/icra028/install/share/iap/config/config_sub_mapping_gpu.json
-- Installing: /home/dev/ws_iap/src/iap/results/icra27/icra028/install/share/iap/config/config_logging.json
-- Installing: /home/dev/ws_iap/src/iap/results/icra27/icra028/install/share/iap/config/config_ros.json
-- Installing: /home/dev/ws_iap/src/iap/results/icra27/icra028/install/share/iap/config/config_odometry_cpu.json
-- Installing: /home/dev/ws_iap/src/iap/results/icra27/icra028/install/share/iap/config/demo6_truth_control_bag
-- Installing: /home/dev/ws_iap/src/iap/results/icra27/icra028/install/share/iap/config/demo6_truth_control_bag/config_ros.json
-- Installing: /home/dev/ws_iap/src/iap/results/icra27/icra028/install/share/iap/config/demo6_truth_control_bag/config.json
-- Installing: /home/dev/ws_iap/src/iap/results/icra27/icra028/install/share/iap/config/config_global_mapping_gpu.json
-- Installing: /home/dev/ws_iap/src/iap/results/icra27/icra028/install/share/iap/config/config_viewer.json
-- Installing: /home/dev/ws_iap/src/iap/results/icra27/icra028/install/share/iap/config/config_preprocess.json
-- Installing: /home/dev/ws_iap/src/iap/results/icra27/icra028/install/share/iap/config/sim_demo4
-- Installing: /home/dev/ws_iap/src/iap/results/icra27/icra028/install/share/iap/config/sim_demo4/config_ros.json
-- Installing: /home/dev/ws_iap/src/iap/results/icra27/icra028/install/share/iap/config/sim_demo4/config.json
-- Installing: /home/dev/ws_iap/src/iap/results/icra27/icra028/install/share/iap/config/gnss_sim
-- Installing: /home/dev/ws_iap/src/iap/results/icra27/icra028/install/share/iap/config/gnss_sim/demo7_fault_injection.yaml
-- Installing: /home/dev/ws_iap/src/iap/results/icra27/icra028/install/share/iap/config/gnss_sim/demo7_skymask_nlos.yaml
-- Installing: /home/dev/ws_iap/src/iap/results/icra27/icra028/install/share/iap/config/gnss_sim/demo7_open_sky.yaml
-- Installing: /home/dev/ws_iap/src/iap/results/icra27/icra028/install/share/iap/config/config_global_mapping_cpu.json
-- Installing: /home/dev/ws_iap/src/iap/results/icra27/icra028/install/share/iap/config/config_gnss.json
-- Installing: /home/dev/ws_iap/src/iap/results/icra27/icra028/install/share/iap/config/config.json
-- Installing: /home/dev/ws_iap/src/iap/results/icra27/icra028/install/share/iap/config/sim_demo6
-- Installing: /home/dev/ws_iap/src/iap/results/icra27/icra028/install/share/iap/config/sim_demo6/config_ros.json
-- Installing: /home/dev/ws_iap/src/iap/results/icra27/icra028/install/share/iap/config/sim_demo6/config.json
-- Installing: /home/dev/ws_iap/src/iap/results/icra27/icra028/install/share/iap/config/config_sub_mapping_passthrough.json
-- Installing: /home/dev/ws_iap/src/iap/results/icra27/icra028/install/share/iap/config/config_sub_mapping_cpu.json
-- Installing: /home/dev/ws_iap/src/iap/results/icra27/icra028/install/share/iap/config/sim_demo3
-- Installing: /home/dev/ws_iap/src/iap/results/icra27/icra028/install/share/iap/config/sim_demo3/config_ros.json
-- Installing: /home/dev/ws_iap/src/iap/results/icra27/icra028/install/share/iap/config/sim_demo3/demo3.rviz
-- Installing: /home/dev/ws_iap/src/iap/results/icra27/icra028/install/share/iap/config/sim_demo3/config_gnss.json
-- Installing: /home/dev/ws_iap/src/iap/results/icra27/icra028/install/share/iap/config/sim_demo3/config.json
-- Installing: /home/dev/ws_iap/src/iap/results/icra27/icra028/install/share/iap/config/sim_demo3/config_odometry_gpu.json
-- Installing: /home/dev/ws_iap/src/iap/results/icra27/icra028/install/share/iap/config/sim_demo7
-- Installing: /home/dev/ws_iap/src/iap/results/icra27/icra028/install/share/iap/config/sim_demo7/config_ros.json
-- Installing: /home/dev/ws_iap/src/iap/results/icra27/icra028/install/share/iap/config/sim_demo7/demo7_gnss.rviz
-- Installing: /home/dev/ws_iap/src/iap/results/icra27/icra028/install/share/iap/config/sim_demo7/config_gnss.json
-- Installing: /home/dev/ws_iap/src/iap/results/icra27/icra028/install/share/iap/config/sim_demo7/config.json
-- Installing: /home/dev/ws_iap/src/iap/results/icra27/icra028/install/share/iap/config/sim_demo7/config_odometry_gpu.json
-- Installing: /home/dev/ws_iap/src/iap/results/icra27/icra028/install/share/iap/config/config_sensors.json
-- Installing: /home/dev/ws_iap/src/iap/results/icra27/icra028/install/share/iap/config/araim_params.yaml
-- Installing: /home/dev/ws_iap/src/iap/results/icra27/icra028/install/share/iap/config/sim_demo9
-- Installing: /home/dev/ws_iap/src/iap/results/icra27/icra028/install/share/iap/config/sim_demo9/config_ros.json
-- Installing: /home/dev/ws_iap/src/iap/results/icra27/icra028/install/share/iap/config/sim_demo9/demo9_gnss.rviz
-- Installing: /home/dev/ws_iap/src/iap/results/icra27/icra028/install/share/iap/config/sim_demo9/config_gnss.json
-- Installing: /home/dev/ws_iap/src/iap/results/icra27/icra028/install/share/iap/config/sim_demo9/config.json
-- Installing: /home/dev/ws_iap/src/iap/results/icra27/icra028/install/share/iap/config/sim_demo9/config_odometry_gpu.json
-- Installing: /home/dev/ws_iap/src/iap/results/icra27/icra028/install/share/iap/config/sim_demo8
-- Installing: /home/dev/ws_iap/src/iap/results/icra27/icra028/install/share/iap/config/sim_demo8/config_ros.json
-- Installing: /home/dev/ws_iap/src/iap/results/icra27/icra028/install/share/iap/config/sim_demo8/demo8_gnss.rviz
-- Installing: /home/dev/ws_iap/src/iap/results/icra27/icra028/install/share/iap/config/sim_demo8/demo7_gnss.rviz
-- Installing: /home/dev/ws_iap/src/iap/results/icra27/icra028/install/share/iap/config/sim_demo8/config_gnss.json
-- Installing: /home/dev/ws_iap/src/iap/results/icra27/icra028/install/share/iap/config/sim_demo8/config.json
-- Installing: /home/dev/ws_iap/src/iap/results/icra27/icra028/install/share/iap/config/sim_demo8/config_odometry_gpu.json
-- Installing: /home/dev/ws_iap/src/iap/results/icra27/icra028/install/share/iap/config/config_odometry_gpu.json
-- Installing: /home/dev/ws_iap/src/iap/results/icra27/icra028/install/share/iap/config/config_odometry_ct.json
-- Installing: /home/dev/ws_iap/src/iap/results/icra27/icra028/install/share/iap/config/sim_demo11
-- Installing: /home/dev/ws_iap/src/iap/results/icra27/icra028/install/share/iap/config/sim_demo11/config_ros.json
-- Installing: /home/dev/ws_iap/src/iap/results/icra27/icra028/install/share/iap/config/sim_demo11/demo11_integrity_corridor.rviz
-- Installing: /home/dev/ws_iap/src/iap/results/icra27/icra028/install/share/iap/config/sim_demo11/config_gnss.json
-- Installing: /home/dev/ws_iap/src/iap/results/icra27/icra028/install/share/iap/config/sim_demo11/config.json
-- Installing: /home/dev/ws_iap/src/iap/results/icra27/icra028/install/share/iap/config/sim_demo11/config_odometry_gpu.json
-- Installing: /home/dev/ws_iap/src/iap/results/icra27/icra028/install/share/iap/config/sim_demo11/demo11_compare.rviz
-- Installing: /home/dev/ws_iap/src/iap/results/icra27/icra028/install/share/iap/config/sim_ego
-- Installing: /home/dev/ws_iap/src/iap/results/icra27/icra028/install/share/iap/config/sim_ego/demo6.rviz
-- Installing: /home/dev/ws_iap/src/iap/results/icra27/icra028/install/share/iap/config/sim_ego/demo4.rviz
-- Installing: /home/dev/ws_iap/src/iap/results/icra27/icra028/install/share/iap/config/sim_ego/config_sub_mapping_gpu.json
-- Installing: /home/dev/ws_iap/src/iap/results/icra27/icra028/install/share/iap/config/sim_ego/config_logging.json
-- Installing: /home/dev/ws_iap/src/iap/results/icra27/icra028/install/share/iap/config/sim_ego/config_ros.json
-- Installing: /home/dev/ws_iap/src/iap/results/icra27/icra028/install/share/iap/config/sim_ego/config_odometry_cpu.json
-- Installing: /home/dev/ws_iap/src/iap/results/icra27/icra028/install/share/iap/config/sim_ego/config_global_mapping_gpu.json
-- Installing: /home/dev/ws_iap/src/iap/results/icra27/icra028/install/share/iap/config/sim_ego/config_viewer.json
-- Installing: /home/dev/ws_iap/src/iap/results/icra27/icra028/install/share/iap/config/sim_ego/fastdds_udp_only.xml
-- Installing: /home/dev/ws_iap/src/iap/results/icra27/icra028/install/share/iap/config/sim_ego/demo2.rviz
-- Installing: /home/dev/ws_iap/src/iap/results/icra27/icra028/install/share/iap/config/sim_ego/config_preprocess.json
-- Installing: /home/dev/ws_iap/src/iap/results/icra27/icra028/install/share/iap/config/sim_ego/demo1.rviz
-- Installing: /home/dev/ws_iap/src/iap/results/icra27/icra028/install/share/iap/config/sim_ego/config_global_mapping_cpu.json
-- Installing: /home/dev/ws_iap/src/iap/results/icra27/icra028/install/share/iap/config/sim_ego/config_gnss.json
-- Installing: /home/dev/ws_iap/src/iap/results/icra27/icra028/install/share/iap/config/sim_ego/config.json
-- Installing: /home/dev/ws_iap/src/iap/results/icra27/icra028/install/share/iap/config/sim_ego/config_sub_mapping_passthrough.json
-- Installing: /home/dev/ws_iap/src/iap/results/icra27/icra028/install/share/iap/config/sim_ego/config_sub_mapping_cpu.json
-- Installing: /home/dev/ws_iap/src/iap/results/icra27/icra028/install/share/iap/config/sim_ego/config_sensors.json
-- Installing: /home/dev/ws_iap/src/iap/results/icra27/icra028/install/share/iap/config/sim_ego/araim_params.yaml
-- Installing: /home/dev/ws_iap/src/iap/results/icra27/icra028/install/share/iap/config/sim_ego/config_odometry_gpu.json
-- Installing: /home/dev/ws_iap/src/iap/results/icra27/icra028/install/share/iap/config/sim_ego/config_odometry_ct.json
-- Installing: /home/dev/ws_iap/src/iap/results/icra27/icra028/install/share/iap/config/sim_ego/sim_ego
-- Installing: /home/dev/ws_iap/src/iap/results/icra27/icra028/install/share/iap/config/sim_ego/sim_ego/config_sub_mapping_gpu.json
-- Installing: /home/dev/ws_iap/src/iap/results/icra27/icra028/install/share/iap/config/sim_ego/sim_ego/config_logging.json
-- Installing: /home/dev/ws_iap/src/iap/results/icra27/icra028/install/share/iap/config/sim_ego/sim_ego/config_ros.json
-- Installing: /home/dev/ws_iap/src/iap/results/icra27/icra028/install/share/iap/config/sim_ego/sim_ego/config_odometry_cpu.json
-- Installing: /home/dev/ws_iap/src/iap/results/icra27/icra028/install/share/iap/config/sim_ego/sim_ego/config_global_mapping_gpu.json
-- Installing: /home/dev/ws_iap/src/iap/results/icra27/icra028/install/share/iap/config/sim_ego/sim_ego/config_viewer.json
-- Installing: /home/dev/ws_iap/src/iap/results/icra27/icra028/install/share/iap/config/sim_ego/sim_ego/config_preprocess.json
-- Installing: /home/dev/ws_iap/src/iap/results/icra27/icra028/install/share/iap/config/sim_ego/sim_ego/config_global_mapping_cpu.json
-- Installing: /home/dev/ws_iap/src/iap/results/icra27/icra028/install/share/iap/config/sim_ego/sim_ego/config_gnss.json
-- Installing: /home/dev/ws_iap/src/iap/results/icra27/icra028/install/share/iap/config/sim_ego/sim_ego/config.json
-- Installing: /home/dev/ws_iap/src/iap/results/icra27/icra028/install/share/iap/config/sim_ego/sim_ego/config_sub_mapping_passthrough.json
-- Installing: /home/dev/ws_iap/src/iap/results/icra27/icra028/install/share/iap/config/sim_ego/sim_ego/config_sub_mapping_cpu.json
-- Installing: /home/dev/ws_iap/src/iap/results/icra27/icra028/install/share/iap/config/sim_ego/sim_ego/config_sensors.json
-- Installing: /home/dev/ws_iap/src/iap/results/icra27/icra028/install/share/iap/config/sim_ego/sim_ego/araim_params.yaml
-- Installing: /home/dev/ws_iap/src/iap/results/icra27/icra028/install/share/iap/config/sim_ego/sim_ego/config_odometry_gpu.json
-- Installing: /home/dev/ws_iap/src/iap/results/icra27/icra028/install/share/iap/config/sim_ego/sim_ego/config_odometry_ct.json
-- Installing: /home/dev/ws_iap/src/iap/results/icra27/icra028/install/share/iap/config/sim_ego/sim_ego/config_global_mapping_pose_graph.json
-- Installing: /home/dev/ws_iap/src/iap/results/icra27/icra028/install/share/iap/config/sim_ego/config_global_mapping_pose_graph.json
-- Installing: /home/dev/ws_iap/src/iap/results/icra27/icra028/install/share/iap/config/config_global_mapping_pose_graph.json
-- Installing: /home/dev/ws_iap/src/iap/results/icra27/icra028/install/share/ament_index/resource_index/package_run_dependencies/iap
-- Installing: /home/dev/ws_iap/src/iap/results/icra27/icra028/install/share/ament_index/resource_index/parent_prefix_path/iap
-- Installing: /home/dev/ws_iap/src/iap/results/icra27/icra028/install/share/iap/environment/ament_prefix_path.sh
-- Installing: /home/dev/ws_iap/src/iap/results/icra27/icra028/install/share/iap/environment/ament_prefix_path.dsv
-- Installing: /home/dev/ws_iap/src/iap/results/icra27/icra028/install/share/iap/environment/path.sh
-- Installing: /home/dev/ws_iap/src/iap/results/icra27/icra028/install/share/iap/environment/path.dsv
-- Installing: /home/dev/ws_iap/src/iap/results/icra27/icra028/install/share/iap/local_setup.bash
-- Installing: /home/dev/ws_iap/src/iap/results/icra27/icra028/install/share/iap/local_setup.sh
-- Installing: /home/dev/ws_iap/src/iap/results/icra27/icra028/install/share/iap/local_setup.zsh
-- Installing: /home/dev/ws_iap/src/iap/results/icra27/icra028/install/share/iap/local_setup.dsv
-- Installing: /home/dev/ws_iap/src/iap/results/icra27/icra028/install/share/iap/package.dsv
-- Installing: /home/dev/ws_iap/src/iap/results/icra27/icra028/install/share/ament_index/resource_index/packages/iap
-- Installing: /home/dev/ws_iap/src/iap/results/icra27/icra028/install/share/iap/cmake/export_iap_msgs__rosidl_generator_cExport.cmake
-- Installing: /home/dev/ws_iap/src/iap/results/icra27/icra028/install/share/iap/cmake/export_iap_msgs__rosidl_generator_cExport-relwithdebinfo.cmake
-- Installing: /home/dev/ws_iap/src/iap/results/icra27/icra028/install/share/iap/cmake/export_iap_msgs__rosidl_typesupport_fastrtps_cExport.cmake
-- Installing: /home/dev/ws_iap/src/iap/results/icra27/icra028/install/share/iap/cmake/export_iap_msgs__rosidl_typesupport_fastrtps_cExport-relwithdebinfo.cmake
-- Installing: /home/dev/ws_iap/src/iap/results/icra27/icra028/install/share/iap/cmake/iap_msgs__rosidl_typesupport_introspection_cExport.cmake
-- Installing: /home/dev/ws_iap/src/iap/results/icra27/icra028/install/share/iap/cmake/iap_msgs__rosidl_typesupport_introspection_cExport-relwithdebinfo.cmake
-- Installing: /home/dev/ws_iap/src/iap/results/icra27/icra028/install/share/iap/cmake/iap_msgs__rosidl_typesupport_cExport.cmake
-- Installing: /home/dev/ws_iap/src/iap/results/icra27/icra028/install/share/iap/cmake/iap_msgs__rosidl_typesupport_cExport-relwithdebinfo.cmake
-- Installing: /home/dev/ws_iap/src/iap/results/icra27/icra028/install/share/iap/cmake/export_iap_msgs__rosidl_generator_cppExport.cmake
-- Installing: /home/dev/ws_iap/src/iap/results/icra27/icra028/install/share/iap/cmake/export_iap_msgs__rosidl_typesupport_fastrtps_cppExport.cmake
-- Installing: /home/dev/ws_iap/src/iap/results/icra27/icra028/install/share/iap/cmake/export_iap_msgs__rosidl_typesupport_fastrtps_cppExport-relwithdebinfo.cmake
-- Installing: /home/dev/ws_iap/src/iap/results/icra27/icra028/install/share/iap/cmake/iap_msgs__rosidl_typesupport_introspection_cppExport.cmake
-- Installing: /home/dev/ws_iap/src/iap/results/icra27/icra028/install/share/iap/cmake/iap_msgs__rosidl_typesupport_introspection_cppExport-relwithdebinfo.cmake
-- Installing: /home/dev/ws_iap/src/iap/results/icra27/icra028/install/share/iap/cmake/iap_msgs__rosidl_typesupport_cppExport.cmake
-- Installing: /home/dev/ws_iap/src/iap/results/icra27/icra028/install/share/iap/cmake/iap_msgs__rosidl_typesupport_cppExport-relwithdebinfo.cmake
-- Installing: /home/dev/ws_iap/src/iap/results/icra27/icra028/install/share/iap/cmake/export_iap_msgs__rosidl_generator_pyExport.cmake
-- Installing: /home/dev/ws_iap/src/iap/results/icra27/icra028/install/share/iap/cmake/export_iap_msgs__rosidl_generator_pyExport-relwithdebinfo.cmake
-- Installing: /home/dev/ws_iap/src/iap/results/icra27/icra028/install/share/iap/cmake/iap-targetsExport.cmake
-- Installing: /home/dev/ws_iap/src/iap/results/icra27/icra028/install/share/iap/cmake/iap-targetsExport-relwithdebinfo.cmake
-- Installing: /home/dev/ws_iap/src/iap/results/icra27/icra028/install/share/iap/cmake/iap-config.cmake
-- Installing: /home/dev/ws_iap/src/iap/results/icra27/icra028/install/share/iap/cmake/rosidl_cmake-extras.cmake
-- Installing: /home/dev/ws_iap/src/iap/results/icra27/icra028/install/share/iap/cmake/ament_cmake_export_dependencies-extras.cmake
-- Installing: /home/dev/ws_iap/src/iap/results/icra27/icra028/install/share/iap/cmake/ament_cmake_export_include_directories-extras.cmake
-- Installing: /home/dev/ws_iap/src/iap/results/icra27/icra028/install/share/iap/cmake/ament_cmake_export_libraries-extras.cmake
-- Installing: /home/dev/ws_iap/src/iap/results/icra27/icra028/install/share/iap/cmake/ament_cmake_export_targets-extras.cmake
-- Installing: /home/dev/ws_iap/src/iap/results/icra27/icra028/install/share/iap/cmake/rosidl_cmake_export_typesupport_targets-extras.cmake
-- Installing: /home/dev/ws_iap/src/iap/results/icra27/icra028/install/share/iap/cmake/rosidl_cmake_export_typesupport_libraries-extras.cmake
-- Installing: /home/dev/ws_iap/src/iap/results/icra27/icra028/install/share/iap/cmake/iapConfig.cmake
-- Installing: /home/dev/ws_iap/src/iap/results/icra27/icra028/install/share/iap/cmake/iapConfig-version.cmake
-- Installing: /home/dev/ws_iap/src/iap/results/icra27/icra028/install/share/iap/package.xml
