	linux-vdso.so.1 (0x00007d9bce5da000)
	librclcpp.so => /opt/ros/jazzy/lib/librclcpp.so (0x00007d9bce2ca000)
	libnav_msgs__rosidl_typesupport_cpp.so => /opt/ros/jazzy/lib/libnav_msgs__rosidl_typesupport_cpp.so (0x00007d9bce2bd000)
	liblibstatistics_collector.so => /opt/ros/jazzy/lib/liblibstatistics_collector.so (0x00007d9bce2b3000)
	librcl.so => /opt/ros/jazzy/lib/librcl.so (0x00007d9bce26c000)
	libstatistics_msgs__rosidl_typesupport_cpp.so => /opt/ros/jazzy/lib/libstatistics_msgs__rosidl_typesupport_cpp.so (0x00007d9bce266000)
	libtracetools.so => /opt/ros/jazzy/lib/libtracetools.so (0x00007d9bce24c000)
	librmw.so => /opt/ros/jazzy/lib/librmw.so (0x00007d9bce241000)
	libsensor_msgs__rosidl_typesupport_cpp.so => /opt/ros/jazzy/lib/libsensor_msgs__rosidl_typesupport_cpp.so (0x00007d9bce230000)
	librcutils.so => /opt/ros/jazzy/lib/librcutils.so (0x00007d9bce210000)
	libstdc++.so.6 => /usr/lib/x86_64-linux-gnu/libstdc++.so.6 (0x00007d9bcdf74000)
	libm.so.6 => /usr/lib/x86_64-linux-gnu/libm.so.6 (0x00007d9bcde8b000)
	libgcc_s.so.1 => /usr/lib/x86_64-linux-gnu/libgcc_s.so.1 (0x00007d9bcde5d000)
	libc.so.6 => /usr/lib/x86_64-linux-gnu/libc.so.6 (0x00007d9bcdc4b000)
	librcl_interfaces__rosidl_typesupport_cpp.so => /opt/ros/jazzy/lib/librcl_interfaces__rosidl_typesupport_cpp.so (0x00007d9bcdc2e000)
	librcl_yaml_param_parser.so => /opt/ros/jazzy/lib/librcl_yaml_param_parser.so (0x00007d9bcdc22000)
	librosgraph_msgs__rosidl_typesupport_cpp.so => /opt/ros/jazzy/lib/librosgraph_msgs__rosidl_typesupport_cpp.so (0x00007d9bcdc1d000)
	librcl_logging_interface.so => /opt/ros/jazzy/lib/librcl_logging_interface.so (0x00007d9bcdc18000)
	librmw_implementation.so => /opt/ros/jazzy/lib/librmw_implementation.so (0x00007d9bcdc0b000)
	libament_index_cpp.so => /opt/ros/jazzy/lib/libament_index_cpp.so (0x00007d9bcdbfd000)
	libtype_description_interfaces__rosidl_typesupport_c.so => /opt/ros/jazzy/lib/libtype_description_interfaces__rosidl_typesupport_c.so (0x00007d9bcdbf6000)
	librosidl_dynamic_typesupport.so => /opt/ros/jazzy/lib/librosidl_dynamic_typesupport.so (0x00007d9bcdbdd000)
	librosidl_typesupport_introspection_cpp.so => /opt/ros/jazzy/lib/librosidl_typesupport_introspection_cpp.so (0x00007d9bcdbd8000)
	librcpputils.so => /opt/ros/jazzy/lib/librcpputils.so (0x00007d9bcdbc9000)
	librosidl_runtime_c.so => /opt/ros/jazzy/lib/librosidl_runtime_c.so (0x00007d9bcdba8000)
	/lib64/ld-linux-x86-64.so.2 (0x00007d9bce5dc000)
	libnav_msgs__rosidl_generator_c.so => /opt/ros/jazzy/lib/libnav_msgs__rosidl_generator_c.so (0x00007d9bcdb75000)
	librosidl_typesupport_cpp.so => /opt/ros/jazzy/lib/librosidl_typesupport_cpp.so (0x00007d9bcdb6f000)
	librcl_logging_spdlog.so => /opt/ros/jazzy/lib/librcl_logging_spdlog.so (0x00007d9bcdb65000)
	librcl_interfaces__rosidl_typesupport_c.so => /opt/ros/jazzy/lib/librcl_interfaces__rosidl_typesupport_c.so (0x00007d9bcdb55000)
	libtype_description_interfaces__rosidl_generator_c.so => /opt/ros/jazzy/lib/libtype_description_interfaces__rosidl_generator_c.so (0x00007d9bcdb3b000)
	libyaml-0.so.2 => /usr/lib/x86_64-linux-gnu/libyaml-0.so.2 (0x00007d9bcdb1a000)
	libstatistics_msgs__rosidl_generator_c.so => /opt/ros/jazzy/lib/libstatistics_msgs__rosidl_generator_c.so (0x00007d9bcdb11000)
	liblttng-ust.so.1 => /usr/lib/x86_64-linux-gnu/liblttng-ust.so.1 (0x00007d9bcda8e000)
	libsensor_msgs__rosidl_generator_c.so => /opt/ros/jazzy/lib/libsensor_msgs__rosidl_generator_c.so (0x00007d9bcda4a000)
	librcl_interfaces__rosidl_generator_c.so => /opt/ros/jazzy/lib/librcl_interfaces__rosidl_generator_c.so (0x00007d9bcd9fa000)
	librosgraph_msgs__rosidl_generator_c.so => /opt/ros/jazzy/lib/librosgraph_msgs__rosidl_generator_c.so (0x00007d9bcd9f5000)
	librosidl_typesupport_c.so => /opt/ros/jazzy/lib/librosidl_typesupport_c.so (0x00007d9bcd9ef000)
	libgeometry_msgs__rosidl_generator_c.so => /opt/ros/jazzy/lib/libgeometry_msgs__rosidl_generator_c.so (0x00007d9bcd9b1000)
	libstd_msgs__rosidl_generator_c.so => /opt/ros/jazzy/lib/libstd_msgs__rosidl_generator_c.so (0x00007d9bcd980000)
	libservice_msgs__rosidl_generator_c.so => /opt/ros/jazzy/lib/libservice_msgs__rosidl_generator_c.so (0x00007d9bcd979000)
	libbuiltin_interfaces__rosidl_generator_c.so => /opt/ros/jazzy/lib/libbuiltin_interfaces__rosidl_generator_c.so (0x00007d9bcd972000)
	libspdlog.so.1.12 => /usr/lib/x86_64-linux-gnu/libspdlog.so.1.12 (0x00007d9bcd8eb000)
	libnuma.so.1 => /usr/lib/x86_64-linux-gnu/libnuma.so.1 (0x00007d9bcd8dd000)
	liblttng-ust-common.so.1 => /usr/lib/x86_64-linux-gnu/liblttng-ust-common.so.1 (0x00007d9bcd8d0000)
	liblttng-ust-tracepoint.so.1 => /usr/lib/x86_64-linux-gnu/liblttng-ust-tracepoint.so.1 (0x00007d9bcd8b1000)
	libfmt.so.9 => /usr/lib/x86_64-linux-gnu/libfmt.so.9 (0x00007d9bcd890000)
