	linux-vdso.so.1 (0x00007e7bb5c09000)
	libiap.so => /home/dev/ws_iap/src/iap/results/icra27/icra028/install/lib/libiap.so (0x00007e7bb5200000)
	libstdc++.so.6 => /usr/lib/x86_64-linux-gnu/libstdc++.so.6 (0x00007e7bb4f82000)
	libm.so.6 => /usr/lib/x86_64-linux-gnu/libm.so.6 (0x00007e7bb5a94000)
	libgcc_s.so.1 => /usr/lib/x86_64-linux-gnu/libgcc_s.so.1 (0x00007e7bb5a64000)
	libc.so.6 => /usr/lib/x86_64-linux-gnu/libc.so.6 (0x00007e7bb4d70000)
	libgtsam_points.so.1 => /usr/local/lib/libgtsam_points.so.1 (0x00007e7bb4a7d000)
	libspdlog.so.1.12 => /usr/lib/x86_64-linux-gnu/libspdlog.so.1.12 (0x00007e7bb49f6000)
	libopencv_core.so.406 => /usr/lib/x86_64-linux-gnu/libopencv_core.so.406 (0x00007e7bb4682000)
	libgnss_comm_lib.so => /home/dev/ws_iap/install/gnss_comm/lib/libgnss_comm_lib.so (0x00007e7bb4200000)
	libgtsam_points_cuda.so.1 => /usr/local/lib/libgtsam_points_cuda.so.1 (0x00007e7bb3ee9000)
	libgomp.so.1 => /usr/lib/x86_64-linux-gnu/libgomp.so.1 (0x00007e7bb462c000)
	libgtsam.so.4 => /usr/lib/x86_64-linux-gnu/libgtsam.so.4 (0x00007e7bb39ec000)
	libboost_serialization.so.1.83.0 => /usr/lib/x86_64-linux-gnu/libboost_serialization.so.1.83.0 (0x00007e7bb5a1f000)
	libboost_filesystem.so.1.83.0 => /usr/lib/x86_64-linux-gnu/libboost_filesystem.so.1.83.0 (0x00007e7bb4609000)
	libcephes-gtsam.so.1 => /usr/lib/x86_64-linux-gnu/libcephes-gtsam.so.1 (0x00007e7bb45d7000)
	libfmt.so.9 => /usr/lib/x86_64-linux-gnu/libfmt.so.9 (0x00007e7bb45b6000)
	/lib64/ld-linux-x86-64.so.2 (0x00007e7bb5c0b000)
	libboost_timer.so.1.83.0 => /usr/lib/x86_64-linux-gnu/libboost_timer.so.1.83.0 (0x00007e7bb45af000)
	libz.so.1 => /usr/lib/x86_64-linux-gnu/libz.so.1 (0x00007e7bb4593000)
	libGLX.so.0 => /usr/lib/x86_64-linux-gnu/libGLX.so.0 (0x00007e7bb4560000)
	liblapack.so.3 => /usr/lib/x86_64-linux-gnu/liblapack.so.3 (0x00007e7bb32fc000)
	libblas.so.3 => /usr/lib/x86_64-linux-gnu/libblas.so.3 (0x00007e7bb3255000)
	libtbb.so.12 => /usr/lib/x86_64-linux-gnu/libtbb.so.12 (0x00007e7bb3201000)
	libglog.so.1 => /usr/lib/x86_64-linux-gnu/libglog.so.1 (0x00007e7bb452a000)
	libcudart.so.12 => /usr/local/cuda/targets/x86_64-linux/lib/libcudart.so.12 (0x00007e7bb2e00000)
	libmetis.so.5 => /usr/lib/x86_64-linux-gnu/libmetis.so.5 (0x00007e7bb3197000)
	libGLdispatch.so.0 => /usr/lib/x86_64-linux-gnu/libGLdispatch.so.0 (0x00007e7bb30df000)
	libX11.so.6 => /usr/lib/x86_64-linux-gnu/libX11.so.6 (0x00007e7bb2cc3000)
	libgfortran.so.5 => /usr/lib/x86_64-linux-gnu/libgfortran.so.5 (0x00007e7bb29a5000)
	libgflags.so.2.2 => /usr/lib/x86_64-linux-gnu/libgflags.so.2.2 (0x00007e7bb30be000)
	libunwind.so.8 => /usr/lib/x86_64-linux-gnu/libunwind.so.8 (0x00007e7bb298a000)
	libdl.so.2 => /usr/lib/x86_64-linux-gnu/libdl.so.2 (0x00007e7bb30b9000)
	libpthread.so.0 => /usr/lib/x86_64-linux-gnu/libpthread.so.0 (0x00007e7bb30b4000)
	librt.so.1 => /usr/lib/x86_64-linux-gnu/librt.so.1 (0x00007e7bb2985000)
	libxcb.so.1 => /usr/lib/x86_64-linux-gnu/libxcb.so.1 (0x00007e7bb295c000)
	liblzma.so.5 => /usr/lib/x86_64-linux-gnu/liblzma.so.5 (0x00007e7bb292a000)
	libXau.so.6 => /usr/lib/x86_64-linux-gnu/libXau.so.6 (0x00007e7bb2924000)
	libXdmcp.so.6 => /usr/lib/x86_64-linux-gnu/libXdmcp.so.6 (0x00007e7bb291c000)
	libbsd.so.0 => /usr/lib/x86_64-linux-gnu/libbsd.so.0 (0x00007e7bb2906000)
	libmd.so.0 => /usr/lib/x86_64-linux-gnu/libmd.so.0 (0x00007e7bb28f7000)
