[2026-08-27 12:45:49.799] [integrity_ext] [info] ━━━━━━━━━━━━━━━━━━━━━━━━━━━━━━━━━━━━━━━━━━━━━━━━━━━
[2026-08-27 12:45:49.799] [integrity_ext] [info] [IntegrityExt] ■ Module master:  ENABLED
[2026-08-27 12:45:49.799] [integrity_ext] [info] [IntegrityExt] ■ ARAIM:          ENABLED  (needs GNSS epoch)
[2026-08-27 12:45:49.799] [integrity_ext] [info] [IntegrityExt] ■ FGO sigma_p:    ENABLED  (smoother marginal cov)
[2026-08-27 12:45:49.799] [integrity_ext] [info] [IntegrityExt] ■ Dynamic AL:     ENABLED  (trunk HAL + altitude VAL)
[2026-08-27 12:45:49.799] [integrity_ext] [info] [IntegrityExt] ■ Publish topic:  /iap/integrity
[2026-08-27 12:45:49.799] [integrity_ext] [info] [IntegrityExt] ■ RViz markers:   disabled  topic=/iap/araim_envelopes
[2026-08-27 12:45:49.799] [integrity_ext] [info] [IntegrityExt] ■ P5-5 fixture:   disabled  name=current_integrity_stamp_freeze_v1 start=30.000s duration=12.000s
[2026-08-27 12:45:49.799] [integrity_ext] [info] ━━━━━━━━━━━━━━━━━━━━━━━━━━━━━━━━━━━━━━━━━━━━━━━━━━━
[2026-08-27 12:45:49.799] [integrity_ext] [info] [IntegrityExt] GNSS ARAIM constellation hypotheses: disabled
[2026-08-27 12:45:49.799] [integrity_ext] [info] [IntegrityExt] ARAIM CSV: ENABLED → /home/dev/ws_iap/src/iap/results/icra27/icra075/matrix-002/primary-75001-p0_p5_control/runtime/iap_logs/20260827T124549Z_667/export/iap_araim.csv
[2026-08-27 12:45:49.799] [integrity_ext] [info] [IntegrityExt] ARAIM PL decomposition CSV: disabled → /home/dev/ws_iap/src/iap/results/icra27/icra075/matrix-002/primary-75001-p0_p5_control/runtime/iap_logs/20260827T124549Z_667/export/iap_araim_pl_decomp.csv
[2026-08-27 12:45:49.799] [integrity_ext] [info] [IntegrityExt] LiDAR ARAIM Stage0 CSV: disabled → /home/dev/ws_iap/src/iap/results/icra27/icra075/matrix-002/primary-75001-p0_p5_control/runtime/iap_logs/20260827T124549Z_667/export/iap_lidar_araim_stage0.csv
[2026-08-27 12:45:49.799] [integrity_ext] [info] [IntegrityExt] Trajectory CSV: ENABLED → /home/dev/ws_iap/src/iap/results/icra27/icra075/matrix-002/primary-75001-p0_p5_control/runtime/iap_logs/20260827T124549Z_667/export/traj_with_gnss.csv
[2026-08-27 12:45:49.799] [integrity_ext] [info] [IntegrityExt] callbacks registered — waiting for frames
[2026-08-27 12:45:49.799] [integrity_ext] [info] [IntegrityExt] publisher created → /iap/integrity
[2026-08-27 12:45:51.585] [integrity_ext] [info] [IntegrityExt] #1: stamp=1657065601.828 state=UNSAFE monitor_fused_HPL=24.87m monitor_fused_VPL=72.11m HAL=10.00m monitor_IM=-52.11m n_sv=41 n_trunks=0 fgo_valid=true fgo_factors=91 lidar_hyp=4 gnss_certified_HPL=24.87 gnss_certified_VPL=72.11 lidar_certified_HPL=1.96 lidar_certified_VPL=2.22 mode=H_LEVEL(1)
[2026-08-27 12:45:51.585] [integrity_ext] [info] [LiDAR ARAIM Stage0] stamp=1657065601.828 lidar_certified_HPL=1.965 lidar_certified_VPL=2.217 targets=1/10 worst=H_LEVEL(1) gamma_age=0.003 bias=1.652
[2026-08-27 12:45:56.495] [integrity_ext] [info] [IntegrityExt] #50: stamp=1657065606.728 state=UNSAFE monitor_fused_HPL=24.44m monitor_fused_VPL=74.72m HAL=10.00m monitor_IM=-54.72m n_sv=41 n_trunks=0 fgo_valid=true fgo_factors=4548 lidar_hyp=6 gnss_certified_HPL=24.44 gnss_certified_VPL=74.72 lidar_certified_HPL=2.05 lidar_certified_VPL=2.18 mode=H_LEVEL(1)
[2026-08-27 12:45:56.495] [integrity_ext] [info] [LiDAR ARAIM Stage0] stamp=1657065606.728 lidar_certified_HPL=2.047 lidar_certified_VPL=2.182 targets=3/10 worst=H_LEVEL(1) gamma_age=0.154 bias=1.878
[2026-08-27 12:46:01.496] [integrity_ext] [info] [IntegrityExt] #100: stamp=1657065611.728 state=UNSAFE monitor_fused_HPL=24.60m monitor_fused_VPL=70.22m HAL=10.00m monitor_IM=-50.22m n_sv=41 n_trunks=0 fgo_valid=true fgo_factors=4555 lidar_hyp=7 gnss_certified_HPL=24.60 gnss_certified_VPL=70.22 lidar_certified_HPL=2.57 lidar_certified_VPL=2.76 mode=H_LEVEL(1)
[2026-08-27 12:46:01.496] [integrity_ext] [info] [LiDAR ARAIM Stage0] stamp=1657065611.728 lidar_certified_HPL=2.566 lidar_certified_VPL=2.758 targets=4/10 worst=H_LEVEL(1) gamma_age=0.283 bias=2.439
[2026-08-27 12:46:06.495] [integrity_ext] [info] [IntegrityExt] #150: stamp=1657065616.728 state=UNSAFE monitor_fused_HPL=25.64m monitor_fused_VPL=72.69m HAL=10.00m monitor_IM=-52.69m n_sv=41 n_trunks=0 fgo_valid=true fgo_factors=4563 lidar_hyp=7 gnss_certified_HPL=25.64 gnss_certified_VPL=72.69 lidar_certified_HPL=2.83 lidar_certified_VPL=2.98 mode=H_LEVEL(1)
[2026-08-27 12:46:06.495] [integrity_ext] [info] [LiDAR ARAIM Stage0] stamp=1657065616.728 lidar_certified_HPL=2.831 lidar_certified_VPL=2.976 targets=4/10 worst=H_LEVEL(1) gamma_age=0.393 bias=2.702
[2026-08-27 12:46:11.475] [integrity_ext] [info] [IntegrityExt] #200: stamp=1657065621.728 state=UNSAFE monitor_fused_HPL=25.41m monitor_fused_VPL=70.26m HAL=10.00m monitor_IM=-50.26m n_sv=41 n_trunks=0 fgo_valid=true fgo_factors=4738 lidar_hyp=7 gnss_certified_HPL=25.41 gnss_certified_VPL=70.26 lidar_certified_HPL=2.92 lidar_certified_VPL=3.05 mode=H_LEVEL(1)
[2026-08-27 12:46:11.475] [integrity_ext] [info] [LiDAR ARAIM Stage0] stamp=1657065621.728 lidar_certified_HPL=2.915 lidar_certified_VPL=3.051 targets=4/10 worst=H_LEVEL(1) gamma_age=0.487 bias=2.775
[2026-08-27 12:46:16.475] [integrity_ext] [info] [IntegrityExt] #250: stamp=1657065626.728 state=UNSAFE monitor_fused_HPL=25.87m monitor_fused_VPL=71.42m HAL=10.00m monitor_IM=-51.42m n_sv=41 n_trunks=0 fgo_valid=true fgo_factors=4738 lidar_hyp=7 gnss_certified_HPL=25.87 gnss_certified_VPL=71.42 lidar_certified_HPL=2.99 lidar_certified_VPL=3.14 mode=H_LEVEL(1)
[2026-08-27 12:46:16.475] [integrity_ext] [info] [LiDAR ARAIM Stage0] stamp=1657065626.728 lidar_certified_HPL=2.992 lidar_certified_VPL=3.135 targets=4/10 worst=H_LEVEL(1) gamma_age=0.565 bias=2.862
[2026-08-27 12:46:21.498] [integrity_ext] [info] [IntegrityExt] #300: stamp=1657065631.728 state=UNSAFE monitor_fused_HPL=24.76m monitor_fused_VPL=74.76m HAL=10.00m monitor_IM=-54.76m n_sv=41 n_trunks=0 fgo_valid=true fgo_factors=4645 lidar_hyp=7 gnss_certified_HPL=24.76 gnss_certified_VPL=74.76 lidar_certified_HPL=3.06 lidar_certified_VPL=3.20 mode=H_LEVEL(1)
[2026-08-27 12:46:21.498] [integrity_ext] [info] [LiDAR ARAIM Stage0] stamp=1657065631.728 lidar_certified_HPL=3.058 lidar_certified_VPL=3.199 targets=4/10 worst=H_LEVEL(1) gamma_age=0.632 bias=2.926
[2026-08-27 12:46:26.497] [integrity_ext] [info] [IntegrityExt] #350: stamp=1657065636.728 state=UNSAFE monitor_fused_HPL=24.81m monitor_fused_VPL=70.73m HAL=10.00m monitor_IM=-50.73m n_sv=41 n_trunks=0 fgo_valid=true fgo_factors=4645 lidar_hyp=7 gnss_certified_HPL=24.81 gnss_certified_VPL=70.73 lidar_certified_HPL=3.12 lidar_certified_VPL=3.26 mode=H_LEVEL(1)
[2026-08-27 12:46:26.497] [integrity_ext] [info] [LiDAR ARAIM Stage0] stamp=1657065636.728 lidar_certified_HPL=3.118 lidar_certified_VPL=3.260 targets=4/10 worst=H_LEVEL(1) gamma_age=0.689 bias=2.988
[2026-08-27 12:46:31.498] [integrity_ext] [info] [IntegrityExt] #400: stamp=1657065641.729 state=UNSAFE monitor_fused_HPL=25.02m monitor_fused_VPL=79.82m HAL=10.00m monitor_IM=-59.82m n_sv=40 n_trunks=0 fgo_valid=true fgo_factors=4645 lidar_hyp=7 gnss_certified_HPL=25.02 gnss_certified_VPL=79.82 lidar_certified_HPL=3.16 lidar_certified_VPL=3.30 mode=H_LEVEL(1)
[2026-08-27 12:46:31.498] [integrity_ext] [info] [LiDAR ARAIM Stage0] stamp=1657065641.729 lidar_certified_HPL=3.163 lidar_certified_VPL=3.304 targets=4/10 worst=H_LEVEL(1) gamma_age=0.736 bias=3.033
