[2026-08-27 12:45:49.794] [gnss_ext] [info] [gnss_ext] Config loaded: pr_σ=5 dop_σ=0.5 elev_cut=10° canopy=[1,0.5,5,α=2] lever=[0.000,0.000,0.000] clk_q=[1,0.1] σ_E=5 σ_R=0.087
[2026-08-27 12:45:49.794] [gnss_ext] [info] [gnss_ext] clock_owner_mode=gnss gnss_owns_clock=true
[2026-08-27 12:45:49.794] [gnss_ext] [info] GnssExtensionModule created — waiting for NavSatFix origin
[2026-08-27 12:45:49.794] [gnss_ext] [info] [gnss_ext] timing_csv=ENABLED path=/home/dev/ws_iap/src/iap/results/icra27/icra075/matrix-002/primary-75001-p0_p5_control/runtime/iap_logs/20260827T124549Z_667/profiling/iap_timing.csv
[2026-08-27 12:45:49.794] [gnss_ext] [info] [gnss_ext] enable_debug_csv=true
[2026-08-27 12:45:49.794] [gnss_ext] [info] [gnss_ext] Debug CSV logging ENABLED → /home/dev/ws_iap/src/iap/results/icra27/icra075/matrix-002/primary-75001-p0_p5_control/runtime/iap_logs/20260827T124549Z_667/export/iap_gnss_factor_debug.csv
[2026-08-27 12:45:49.794] [gnss_ext] [info] GnssExtensionModule: subscriptions created
[2026-08-27 12:45:49.991] [gnss_ext] [info] [gnss_ext] first epoch UTC stamp=1657065600.304  (last_frame_stamp=0.000  delta=1657065600.304s)
[2026-08-27 12:45:50.692] [gnss_ext] [info] [gnss_ext] Klobuchar iono params received — ionospheric correction enabled.  alpha=[1.0000e-08,0.0000e+00,0.0000e+00,0.0000e+00] beta=[90000,0,0,0]
[2026-08-27 12:45:50.692] [gnss_ext] [info] GnssExtensionModule: ECEF origin set — lat=31.230400° lon=121.473574° ECEF=[-2850075,4655718,3287777]m
[2026-08-27 12:45:50.797] [gnss_ext] [info] [gnss_ext] Klobuchar iono correction ACTIVE for this epoch — alpha=[1.0000e-08,0.0000e+00,0.0000e+00,0.0000e+00] beta=[90000,0,0,0]
[2026-08-27 12:45:50.799] [gnss_ext] [info] [gnss_ext] epoch #1 inserted: stamp=1657065601.104 n_sats=41
[2026-08-27 12:45:51.579] [gnss_ext] [info] [gnss_ext] E(0)/R(0) inserted — ECEF=[-2850075,4655718,3287777] σ_E=5m σ_R=0.087rad
[2026-08-27 12:45:51.579] [gnss_ext] [info] [gnss_ext] C(1) not in new_values — inserting; warm-start: bias=0m drift=0.00m/s (glim base class does not add clock variable)
[2026-08-27 12:45:51.579] [gnss_ext] [info] [gnss_ext] clock chain state: UNSEEDED -> SEEDED (clock_seeded) at 1657065601.828
[2026-08-27 12:45:51.579] [gnss_ext] [info] [gnss_ext] injection #1: 82 GNSS factors → frame 1 (stamp=1657065601.828)
[2026-08-27 12:45:51.579] [gnss_ext] [info] [gnss_ext] clock summary #1: state=SEEDED prev_missing=0 curr_missing=0 resets=0 stamp=1657065601.828
[2026-08-27 12:45:51.580] [gnss_ext] [info] [gnss_ext] diag #1: clk_bias=0.42m  clk_drift=0.1624m/s | PR rms=4.53m (41 sats)  Dop rms=0.5375m/s (41 sats)
[2026-08-27 12:45:51.668] [gnss_ext] [info] [gnss_ext] clock chain state: SEEDED -> CHAIN_ACTIVE (clock_between_added) at 1657065601.928
[2026-08-27 12:45:56.492] [gnss_ext] [info] [gnss_ext] diag #50: clk_bias=-1.51m  clk_drift=-0.1276m/s | PR rms=4.48m (41 sats)  Dop rms=0.4700m/s (41 sats)
[2026-08-27 12:45:56.569] [gnss_ext] [info] [lifecycle] events=216 stamp=1657065606.828 {b:{writes=odometry=52;missing=;expected=odometry;conflicts=0;violations=0}, c:{writes=gnss=51;missing=;expected=gnss;conflicts=0;violations=0}, e:{writes=gnss=1;missing=;expected=gnss;conflicts=0;violations=0}, r:{writes=gnss=1;missing=;expected=gnss;conflicts=0;violations=0}, v:{writes=odometry=52;missing=;expected=odometry;conflicts=0;violations=0}, x:{writes=odometry=52;missing=;expected=odometry;conflicts=0;violations=0}}
[2026-08-27 12:46:00.698] [gnss_ext] [info] [gnss_ext] epoch #100 inserted: stamp=1657065611.004 n_sats=41
[2026-08-27 12:46:01.168] [gnss_ext] [info] [lifecycle] events=400 stamp=1657065611.428 {b:{writes=odometry=98;missing=;expected=odometry;conflicts=0;violations=0}, c:{writes=gnss=97;missing=;expected=gnss;conflicts=0;violations=0}, e:{writes=gnss=1;missing=;expected=gnss;conflicts=0;violations=0}, r:{writes=gnss=1;missing=;expected=gnss;conflicts=0;violations=0}, v:{writes=odometry=98;missing=;expected=odometry;conflicts=0;violations=0}, x:{writes=odometry=98;missing=;expected=odometry;conflicts=0;violations=0}}
[2026-08-27 12:46:01.468] [gnss_ext] [info] [gnss_ext] injection #100: 82 GNSS factors → frame 100 (stamp=1657065611.728)
[2026-08-27 12:46:01.493] [gnss_ext] [info] [gnss_ext] diag #100: clk_bias=-2.27m  clk_drift=-0.2110m/s | PR rms=4.15m (41 sats)  Dop rms=0.4723m/s (41 sats)
[2026-08-27 12:46:06.170] [gnss_ext] [info] [lifecycle] events=600 stamp=1657065616.428 {b:{writes=odometry=148;missing=;expected=odometry;conflicts=0;violations=0}, c:{writes=gnss=147;missing=;expected=gnss;conflicts=0;violations=0}, e:{writes=gnss=1;missing=;expected=gnss;conflicts=0;violations=0}, r:{writes=gnss=1;missing=;expected=gnss;conflicts=0;violations=0}, v:{writes=odometry=148;missing=;expected=odometry;conflicts=0;violations=0}, x:{writes=odometry=148;missing=;expected=odometry;conflicts=0;violations=0}}
[2026-08-27 12:46:06.493] [gnss_ext] [info] [gnss_ext] diag #150: clk_bias=-1.08m  clk_drift=0.0483m/s | PR rms=5.51m (41 sats)  Dop rms=0.4613m/s (41 sats)
[2026-08-27 12:46:10.695] [gnss_ext] [info] [gnss_ext] epoch #200 inserted: stamp=1657065621.004 n_sats=41
[2026-08-27 12:46:11.169] [gnss_ext] [info] [lifecycle] events=800 stamp=1657065621.428 {b:{writes=odometry=198;missing=;expected=odometry;conflicts=0;violations=0}, c:{writes=gnss=197;missing=;expected=gnss;conflicts=0;violations=0}, e:{writes=gnss=1;missing=;expected=gnss;conflicts=0;violations=0}, r:{writes=gnss=1;missing=;expected=gnss;conflicts=0;violations=0}, v:{writes=odometry=198;missing=;expected=odometry;conflicts=0;violations=0}, x:{writes=odometry=198;missing=;expected=odometry;conflicts=0;violations=0}}
[2026-08-27 12:46:11.469] [gnss_ext] [info] [gnss_ext] injection #200: 82 GNSS factors → frame 200 (stamp=1657065621.728)
[2026-08-27 12:46:11.469] [gnss_ext] [info] [gnss_ext] clock summary #200: state=CHAIN_ACTIVE prev_missing=0 curr_missing=0 resets=0 stamp=1657065621.728
[2026-08-27 12:46:11.472] [gnss_ext] [info] [gnss_ext] diag #200: clk_bias=-1.15m  clk_drift=-0.0154m/s | PR rms=4.69m (41 sats)  Dop rms=0.5019m/s (41 sats)
[2026-08-27 12:46:16.268] [gnss_ext] [info] [lifecycle] events=1004 stamp=1657065626.528 {b:{writes=odometry=249;missing=;expected=odometry;conflicts=0;violations=0}, c:{writes=gnss=248;missing=;expected=gnss;conflicts=0;violations=0}, e:{writes=gnss=1;missing=;expected=gnss;conflicts=0;violations=0}, r:{writes=gnss=1;missing=;expected=gnss;conflicts=0;violations=0}, v:{writes=odometry=249;missing=;expected=odometry;conflicts=0;violations=0}, x:{writes=odometry=249;missing=;expected=odometry;conflicts=0;violations=0}}
[2026-08-27 12:46:16.472] [gnss_ext] [info] [gnss_ext] diag #250: clk_bias=-1.15m  clk_drift=0.0001m/s | PR rms=5.50m (41 sats)  Dop rms=0.5475m/s (41 sats)
[2026-08-27 12:46:20.698] [gnss_ext] [info] [gnss_ext] epoch #300 inserted: stamp=1657065631.004 n_sats=41
[2026-08-27 12:46:21.168] [gnss_ext] [info] [lifecycle] events=1200 stamp=1657065631.428 {b:{writes=odometry=298;missing=;expected=odometry;conflicts=0;violations=0}, c:{writes=gnss=297;missing=;expected=gnss;conflicts=0;violations=0}, e:{writes=gnss=1;missing=;expected=gnss;conflicts=0;violations=0}, r:{writes=gnss=1;missing=;expected=gnss;conflicts=0;violations=0}, v:{writes=odometry=298;missing=;expected=odometry;conflicts=0;violations=0}, x:{writes=odometry=298;missing=;expected=odometry;conflicts=0;violations=0}}
[2026-08-27 12:46:21.468] [gnss_ext] [info] [gnss_ext] injection #300: 82 GNSS factors → frame 300 (stamp=1657065631.728)
[2026-08-27 12:46:21.495] [gnss_ext] [info] [gnss_ext] diag #300: clk_bias=-0.75m  clk_drift=0.0043m/s | PR rms=4.76m (41 sats)  Dop rms=0.5622m/s (41 sats)
[2026-08-27 12:46:26.168] [gnss_ext] [info] [lifecycle] events=1400 stamp=1657065636.429 {b:{writes=odometry=348;missing=;expected=odometry;conflicts=0;violations=0}, c:{writes=gnss=347;missing=;expected=gnss;conflicts=0;violations=0}, e:{writes=gnss=1;missing=;expected=gnss;conflicts=0;violations=0}, r:{writes=gnss=1;missing=;expected=gnss;conflicts=0;violations=0}, v:{writes=odometry=348;missing=;expected=odometry;conflicts=0;violations=0}, x:{writes=odometry=348;missing=;expected=odometry;conflicts=0;violations=0}}
[2026-08-27 12:46:26.494] [gnss_ext] [info] [gnss_ext] diag #350: clk_bias=-0.31m  clk_drift=0.0003m/s | PR rms=4.66m (41 sats)  Dop rms=0.4539m/s (41 sats)
[2026-08-27 12:46:30.698] [gnss_ext] [info] [gnss_ext] epoch #400 inserted: stamp=1657065641.004 n_sats=41
[2026-08-27 12:46:31.168] [gnss_ext] [info] [lifecycle] events=1600 stamp=1657065641.429 {b:{writes=odometry=398;missing=;expected=odometry;conflicts=0;violations=0}, c:{writes=gnss=397;missing=;expected=gnss;conflicts=0;violations=0}, e:{writes=gnss=1;missing=;expected=gnss;conflicts=0;violations=0}, r:{writes=gnss=1;missing=;expected=gnss;conflicts=0;violations=0}, v:{writes=odometry=398;missing=;expected=odometry;conflicts=0;violations=0}, x:{writes=odometry=398;missing=;expected=odometry;conflicts=0;violations=0}}
[2026-08-27 12:46:31.468] [gnss_ext] [info] [gnss_ext] injection #400: 82 GNSS factors → frame 400 (stamp=1657065641.729)
[2026-08-27 12:46:31.468] [gnss_ext] [info] [gnss_ext] clock summary #400: state=CHAIN_ACTIVE prev_missing=0 curr_missing=0 resets=0 stamp=1657065641.729
[2026-08-27 12:46:31.495] [gnss_ext] [info] [gnss_ext] diag #400: clk_bias=-0.83m  clk_drift=0.0050m/s | PR rms=5.21m (41 sats)  Dop rms=0.5035m/s (41 sats)
