/home/dev/ws_iap/src/iap/results/icra27/icra027/build_iap/demo11_corridor_map_publisher:
	linux-vdso.so.1 (0x0000717eca14a000)
	librclcpp.so => /opt/ros/jazzy/lib/librclcpp.so (0x0000717ec9e3a000)
	libnav_msgs__rosidl_typesupport_cpp.so => /opt/ros/jazzy/lib/libnav_msgs__rosidl_typesupport_cpp.so (0x0000717ec9e2d000)
	liblibstatistics_collector.so => /opt/ros/jazzy/lib/liblibstatistics_collector.so (0x0000717ec9e23000)
	librcl.so => /opt/ros/jazzy/lib/librcl.so (0x0000717ec9ddc000)
	libstatistics_msgs__rosidl_typesupport_cpp.so => /opt/ros/jazzy/lib/libstatistics_msgs__rosidl_typesupport_cpp.so (0x0000717ec9dd6000)
	libtracetools.so => /opt/ros/jazzy/lib/libtracetools.so (0x0000717ec9dbc000)
	librmw.so => /opt/ros/jazzy/lib/librmw.so (0x0000717ec9db1000)
	libsensor_msgs__rosidl_typesupport_cpp.so => /opt/ros/jazzy/lib/libsensor_msgs__rosidl_typesupport_cpp.so (0x0000717ec9da0000)
	librcutils.so => /opt/ros/jazzy/lib/librcutils.so (0x0000717ec9d80000)
	libstdc++.so.6 => /usr/lib/x86_64-linux-gnu/libstdc++.so.6 (0x0000717ec9ae4000)
	libm.so.6 => /usr/lib/x86_64-linux-gnu/libm.so.6 (0x0000717ec99fb000)
	libgcc_s.so.1 => /usr/lib/x86_64-linux-gnu/libgcc_s.so.1 (0x0000717ec99cd000)
	libc.so.6 => /usr/lib/x86_64-linux-gnu/libc.so.6 (0x0000717ec97bb000)
	librcl_interfaces__rosidl_typesupport_cpp.so => /opt/ros/jazzy/lib/librcl_interfaces__rosidl_typesupport_cpp.so (0x0000717ec979e000)
	librcl_yaml_param_parser.so => /opt/ros/jazzy/lib/librcl_yaml_param_parser.so (0x0000717ec9792000)
	librosgraph_msgs__rosidl_typesupport_cpp.so => /opt/ros/jazzy/lib/librosgraph_msgs__rosidl_typesupport_cpp.so (0x0000717ec978d000)
	librcl_logging_interface.so => /opt/ros/jazzy/lib/librcl_logging_interface.so (0x0000717ec9788000)
	librmw_implementation.so => /opt/ros/jazzy/lib/librmw_implementation.so (0x0000717ec977b000)
	libament_index_cpp.so => /opt/ros/jazzy/lib/libament_index_cpp.so (0x0000717ec976d000)
	libtype_description_interfaces__rosidl_typesupport_c.so => /opt/ros/jazzy/lib/libtype_description_interfaces__rosidl_typesupport_c.so (0x0000717ec9766000)
	librosidl_dynamic_typesupport.so => /opt/ros/jazzy/lib/librosidl_dynamic_typesupport.so (0x0000717ec974d000)
	librosidl_typesupport_introspection_cpp.so => /opt/ros/jazzy/lib/librosidl_typesupport_introspection_cpp.so (0x0000717ec9748000)
	librcpputils.so => /opt/ros/jazzy/lib/librcpputils.so (0x0000717ec9739000)
	librosidl_runtime_c.so => /opt/ros/jazzy/lib/librosidl_runtime_c.so (0x0000717ec9718000)
	/lib64/ld-linux-x86-64.so.2 (0x0000717eca14c000)
	libnav_msgs__rosidl_generator_c.so => /opt/ros/jazzy/lib/libnav_msgs__rosidl_generator_c.so (0x0000717ec96e5000)
	librosidl_typesupport_cpp.so => /opt/ros/jazzy/lib/librosidl_typesupport_cpp.so (0x0000717ec96df000)
	librcl_logging_spdlog.so => /opt/ros/jazzy/lib/librcl_logging_spdlog.so (0x0000717ec96d5000)
	librcl_interfaces__rosidl_typesupport_c.so => /opt/ros/jazzy/lib/librcl_interfaces__rosidl_typesupport_c.so (0x0000717ec96c5000)
	libtype_description_interfaces__rosidl_generator_c.so => /opt/ros/jazzy/lib/libtype_description_interfaces__rosidl_generator_c.so (0x0000717ec96ab000)
	libyaml-0.so.2 => /usr/lib/x86_64-linux-gnu/libyaml-0.so.2 (0x0000717ec968a000)
	libstatistics_msgs__rosidl_generator_c.so => /opt/ros/jazzy/lib/libstatistics_msgs__rosidl_generator_c.so (0x0000717ec9681000)
	liblttng-ust.so.1 => /usr/lib/x86_64-linux-gnu/liblttng-ust.so.1 (0x0000717ec95fe000)
	libsensor_msgs__rosidl_generator_c.so => /opt/ros/jazzy/lib/libsensor_msgs__rosidl_generator_c.so (0x0000717ec95ba000)
	librcl_interfaces__rosidl_generator_c.so => /opt/ros/jazzy/lib/librcl_interfaces__rosidl_generator_c.so (0x0000717ec956a000)
	librosgraph_msgs__rosidl_generator_c.so => /opt/ros/jazzy/lib/librosgraph_msgs__rosidl_generator_c.so (0x0000717ec9565000)
	librosidl_typesupport_c.so => /opt/ros/jazzy/lib/librosidl_typesupport_c.so (0x0000717ec955f000)
	libgeometry_msgs__rosidl_generator_c.so => /opt/ros/jazzy/lib/libgeometry_msgs__rosidl_generator_c.so (0x0000717ec9521000)
	libstd_msgs__rosidl_generator_c.so => /opt/ros/jazzy/lib/libstd_msgs__rosidl_generator_c.so (0x0000717ec94f0000)
	libservice_msgs__rosidl_generator_c.so => /opt/ros/jazzy/lib/libservice_msgs__rosidl_generator_c.so (0x0000717ec94e9000)
	libbuiltin_interfaces__rosidl_generator_c.so => /opt/ros/jazzy/lib/libbuiltin_interfaces__rosidl_generator_c.so (0x0000717ec94e2000)
	libspdlog.so.1.12 => /usr/lib/x86_64-linux-gnu/libspdlog.so.1.12 (0x0000717ec945b000)
	libnuma.so.1 => /usr/lib/x86_64-linux-gnu/libnuma.so.1 (0x0000717ec944d000)
	liblttng-ust-common.so.1 => /usr/lib/x86_64-linux-gnu/liblttng-ust-common.so.1 (0x0000717ec9440000)
	liblttng-ust-tracepoint.so.1 => /usr/lib/x86_64-linux-gnu/liblttng-ust-tracepoint.so.1 (0x0000717ec9421000)
	libfmt.so.9 => /usr/lib/x86_64-linux-gnu/libfmt.so.9 (0x0000717ec9400000)
/home/dev/ws_iap/src/iap/results/icra27/icra027/build_iap/test_run_log_manager:
	linux-vdso.so.1 (0x000075e1b065b000)
	libiap.so => /home/dev/ws_iap/src/iap/results/icra27/icra027/install/lib/libiap.so (0x000075e1afc00000)
	libstdc++.so.6 => /usr/lib/x86_64-linux-gnu/libstdc++.so.6 (0x000075e1af982000)
	libm.so.6 => /usr/lib/x86_64-linux-gnu/libm.so.6 (0x000075e1b04e6000)
	libgcc_s.so.1 => /usr/lib/x86_64-linux-gnu/libgcc_s.so.1 (0x000075e1b04b6000)
	libc.so.6 => /usr/lib/x86_64-linux-gnu/libc.so.6 (0x000075e1af770000)
	libgtsam_points.so.1 => /usr/local/lib/libgtsam_points.so.1 (0x000075e1af47d000)
	libspdlog.so.1.12 => /usr/lib/x86_64-linux-gnu/libspdlog.so.1.12 (0x000075e1b042f000)
	libopencv_core.so.406 => /usr/lib/x86_64-linux-gnu/libopencv_core.so.406 (0x000075e1af109000)
	libgnss_comm_lib.so => /home/dev/ws_iap/install/gnss_comm/lib/libgnss_comm_lib.so (0x000075e1aec00000)
	libgtsam_points_cuda.so.1 => /usr/local/lib/libgtsam_points_cuda.so.1 (0x000075e1ae8e9000)
	libgomp.so.1 => /usr/lib/x86_64-linux-gnu/libgomp.so.1 (0x000075e1af0b3000)
	libgtsam.so.4 => /usr/lib/x86_64-linux-gnu/libgtsam.so.4 (0x000075e1ae3ec000)
	libboost_serialization.so.1.83.0 => /usr/lib/x86_64-linux-gnu/libboost_serialization.so.1.83.0 (0x000075e1af070000)
	libboost_filesystem.so.1.83.0 => /usr/lib/x86_64-linux-gnu/libboost_filesystem.so.1.83.0 (0x000075e1af04d000)
	libcephes-gtsam.so.1 => /usr/lib/x86_64-linux-gnu/libcephes-gtsam.so.1 (0x000075e1af01b000)
	libfmt.so.9 => /usr/lib/x86_64-linux-gnu/libfmt.so.9 (0x000075e1aeffa000)
	/lib64/ld-linux-x86-64.so.2 (0x000075e1b065d000)
	libboost_timer.so.1.83.0 => /usr/lib/x86_64-linux-gnu/libboost_timer.so.1.83.0 (0x000075e1b0424000)
	libz.so.1 => /usr/lib/x86_64-linux-gnu/libz.so.1 (0x000075e1aefde000)
	libGLX.so.0 => /usr/lib/x86_64-linux-gnu/libGLX.so.0 (0x000075e1aefab000)
	liblapack.so.3 => /usr/lib/x86_64-linux-gnu/liblapack.so.3 (0x000075e1adcfc000)
	libblas.so.3 => /usr/lib/x86_64-linux-gnu/libblas.so.3 (0x000075e1adc55000)
	libtbb.so.12 => /usr/lib/x86_64-linux-gnu/libtbb.so.12 (0x000075e1aef57000)
	libglog.so.1 => /usr/lib/x86_64-linux-gnu/libglog.so.1 (0x000075e1adc1f000)
	libcudart.so.12 => /usr/local/cuda/targets/x86_64-linux/lib/libcudart.so.12 (0x000075e1ad800000)
	libmetis.so.5 => /usr/lib/x86_64-linux-gnu/libmetis.so.5 (0x000075e1adbb5000)
	libGLdispatch.so.0 => /usr/lib/x86_64-linux-gnu/libGLdispatch.so.0 (0x000075e1adafd000)
	libX11.so.6 => /usr/lib/x86_64-linux-gnu/libX11.so.6 (0x000075e1ad6c3000)
	libgfortran.so.5 => /usr/lib/x86_64-linux-gnu/libgfortran.so.5 (0x000075e1ad3a5000)
	libgflags.so.2.2 => /usr/lib/x86_64-linux-gnu/libgflags.so.2.2 (0x000075e1aef36000)
	libunwind.so.8 => /usr/lib/x86_64-linux-gnu/libunwind.so.8 (0x000075e1adae2000)
	libdl.so.2 => /usr/lib/x86_64-linux-gnu/libdl.so.2 (0x000075e1aef31000)
	libpthread.so.0 => /usr/lib/x86_64-linux-gnu/libpthread.so.0 (0x000075e1aef2c000)
	librt.so.1 => /usr/lib/x86_64-linux-gnu/librt.so.1 (0x000075e1aef27000)
	libxcb.so.1 => /usr/lib/x86_64-linux-gnu/libxcb.so.1 (0x000075e1adab9000)
	liblzma.so.5 => /usr/lib/x86_64-linux-gnu/liblzma.so.5 (0x000075e1ad373000)
	libXau.so.6 => /usr/lib/x86_64-linux-gnu/libXau.so.6 (0x000075e1adab3000)
	libXdmcp.so.6 => /usr/lib/x86_64-linux-gnu/libXdmcp.so.6 (0x000075e1ad36b000)
	libbsd.so.0 => /usr/lib/x86_64-linux-gnu/libbsd.so.0 (0x000075e1ad355000)
	libmd.so.0 => /usr/lib/x86_64-linux-gnu/libmd.so.0 (0x000075e1ad346000)
