1787834749.4532304 [INFO] [launch]: All log files can be found below /home/dev/ws_iap/src/iap/results/icra27/icra075/matrix-002/primary-75001-p0_p5_control/runtime/ros_logs/2026-08-27-12-45-49-452652-mint-X-1690352
1787834749.4533119 [INFO] [launch]: Default logging verbosity is set to INFO
1787834749.5528972 [INFO] [launch.user]: [test_planner] self-contained planner closed-loop demo
1787834749.5529716 [INFO] [launch.user]: [test_planner] experiment: icra_p0_p4_v2_p5_dev
1787834749.5530024 [INFO] [launch.user]: [test_planner] scenario: icra_p0_p4_v2_p5_dev_fixture_v1
1787834749.5530274 [INFO] [launch.user]: [test_planner] runtime IAP config: /home/dev/ws_iap/src/iap/results/icra27/icra075/matrix-002/primary-75001-p0_p5_control/runtime/iap_sim_demo11_test_planner_1690352_1787834749466/sim_demo11
1787834749.5530491 [INFO] [launch.user]: [test_planner] export dir: /home/dev/ws_iap/src/iap/results/icra27/icra075/matrix-002/primary-75001-p0_p5_control/exports/test_planner_icra_p0_p4_v2_p5_dev_icra_p0_p4_v2_p5_dev_fixture_v1_1690352_1787834749466
1787834749.5530748 [INFO] [launch.user]: [test_planner] evidence run_id: c0b5b3947a4f4f058a2c2445db086555 schema: p1_evidence_provenance_v4
1787834749.5530958 [INFO] [launch.user]: [test_planner] planner_safety_profile: icra_p0_p4_v2_p5_dev
1787834749.5531142 [INFO] [launch.user]: [test_planner] safety switches: {'p1': False, 'p2': False, 'p3_local': False, 'p3_global': False, 'p4': False, 'p5_runtime': True, 'p5_final': True}, p0=True
1787834749.5531325 [INFO] [launch.user]: [test_planner] GNSS scenario: /home/dev/ws_iap/install/gnss_sim/share/gnss_sim/config/icra075_inverse_corridor_provider_v2.json
1787834749.5531511 [INFO] [launch.user]: [test_planner] rosbag output: /home/dev/ws_iap/src/iap/results/icra27/icra075/matrix-002/primary-75001-p0_p5_control/bags/test_planner_icra_p0_p4_v2_p5_dev_icra_p0_p4_v2_p5_dev_fixture_v1_20260827T124549Z
1787834749.6297247 [INFO] [launch.user]: [test_planner] delaying EGO planner/traj_server by 10.00s
1787834749.6648898 [INFO] [icra075_inverse_corridor_map_publisher.py-1]: process started with pid [1690425]
1787834749.6650276 [INFO] [pcl_render_node-2]: process started with pid [1690426]
1787834749.6650786 [INFO] [demo4_lidar_body_bridge-3]: process started with pid [1690427]
1787834749.6651413 [INFO] [iap_rosnode-4]: process started with pid [1690428]
1787834749.6651726 [INFO] [poscmd_2_odom-5]: process started with pid [1690429]
1787834749.6652009 [INFO] [odom_visualization-6]: process started with pid [1690430]
1787834749.6652281 [INFO] [odom_visualization-7]: process started with pid [1690451]
1787834749.6652534 [INFO] [odom_visualization-8]: process started with pid [1690454]
1787834749.6652758 [INFO] [gnss_sim_node-9]: process started with pid [1690455]
1787834749.6653032 [INFO] [so3_quadrotor_simulator-10]: process started with pid [1690456]
1787834749.6653287 [INFO] [component_container-11]: process started with pid [1690457]
1787834749.6653552 [INFO] [planner_evidence_provenance_publisher.py-12]: process started with pid [1690460]
1787834749.6653826 [INFO] [test_araim_validator.py-13]: process started with pid [1690463]
1787834749.8951874 [INFO] [launch_ros.actions.load_composable_nodes]: Loaded node '/test_planner_so3_control_component' in container '/test_planner_so3_control_container'
1787834759.7228055 [INFO] [ego_planner_node-14]: process started with pid [1692502]
1787834759.7228842 [INFO] [traj_server-15]: process started with pid [1692503]
1787834794.0999858 [WARNING] [launch]: user interrupted with ctrl-c (SIGINT)
1787834794.9100163 [ERROR] [pcl_render_node-2]: process has died [pid 1690426, exit code -6, cmd '/home/dev/ws_iap/install/local_sensing/lib/local_sensing/pcl_render_node --ros-args -r __node:=drone_0_pcl_render_node --params-file /tmp/launch_params_qu61zg0q --params-file /tmp/launch_params_9c563ou2 --params-file /tmp/launch_params_s3uvyx5x --params-file /tmp/launch_params_2mm5w8cl --params-file /tmp/launch_params_ifwu9tu3 --params-file /tmp/launch_params_t__fla98 --params-file /tmp/launch_params_mdvw0mba --params-file /home/dev/ws_iap/install/local_sensing/share/local_sensing/config/camera.yaml -r global_map:=/map_generator/global_cloud -r local_map:=/map_generator/local_cloud -r odometry:=/sim/drone_0/truth_odom -r pcl_render_node/cloud:=/sim/drone_0/lidar -r depth:=/sim/drone_0/depth -r camera_pose:=/drone_0_pcl_render_node/camera_pose'].
1787834794.9101160 [ERROR] [poscmd_2_odom-5]: process has died [pid 1690429, exit code -6, cmd '/home/dev/ws_iap/install/poscmd_2_odom/lib/poscmd_2_odom/poscmd_2_odom --ros-args -r __node:=test_planner_desired_poscmd_to_odom --params-file /tmp/launch_params_1a73_4ej --params-file /tmp/launch_params_dirwavz2 --params-file /tmp/launch_params__cijoeo5 -r command:=/drone_0_planning/pos_cmd -r odometry:=/test_planner/desired/odom'].
1787834794.9101670 [INFO] [component_container-11]: process has finished cleanly [pid 1690457]
1787834794.9102046 [INFO] [so3_quadrotor_simulator-10]: process has finished cleanly [pid 1690456]
1787834794.9102385 [INFO] [demo4_lidar_body_bridge-3]: process has finished cleanly [pid 1690427]
1787834794.9102690 [INFO] [gnss_sim_node-9]: process has finished cleanly [pid 1690455]
1787834794.9102993 [INFO] [planner_evidence_provenance_publisher.py-12]: process has finished cleanly [pid 1690460]
1787834794.9103339 [ERROR] [icra075_inverse_corridor_map_publisher.py-1]: process has died [pid 1690425, exit code 1, cmd '/home/dev/ws_iap/install/map_generator/lib/map_generator/icra075_inverse_corridor_map_publisher.py --ros-args -r __node:=test_planner_corridor_map_publisher --params-file /tmp/launch_params_lt5q9m2p'].
1787834794.9103653 [INFO] [test_araim_validator.py-13]: process has finished cleanly [pid 1690463]
1787834794.9104009 [ERROR] [odom_visualization-6]: process has died [pid 1690430, exit code -11, cmd '/home/dev/ws_iap/install/odom_visualization/lib/odom_visualization/odom_visualization --ros-args -r __node:=test_planner_iap_odom_visualization --params-file /tmp/launch_params_gqidv8kk --params-file /tmp/launch_params_yjspx9qa --params-file /tmp/launch_params_wgbje3hn --params-file /tmp/launch_params_bp2mjxz1 --params-file /tmp/launch_params_ly0qiwov --params-file /tmp/launch_params_jfdtgnxo --params-file /tmp/launch_params_vfri7bcy --params-file /tmp/launch_params_1i2cb07h --params-file /tmp/launch_params_z7_8sd9f --params-file /tmp/launch_params_rfyni2r0 --params-file /tmp/launch_params_yqkbe7xk --params-file /tmp/launch_params_neawwscr -r odom:=/drone_0_visual_slam/odom -r cmd:=/drone_0_planning/pos_cmd -r pose:=/test_planner/drone/pose -r path:=/test_planner/drone/path -r robot:=/test_planner/drone/robot -r velocity:=/test_planner/drone/velocity -r sensor:=/test_planner/drone/sensor_status -r time_gap:=/test_planner/drone/time_gap'].
1787834794.9104362 [ERROR] [traj_server-15]: process has died [pid 1692503, exit code -6, cmd '/home/dev/ws_iap/install/ego_planner/lib/ego_planner/traj_server --ros-args -r __node:=drone_0_traj_server --params-file /tmp/launch_params_sxqc9t32 -r planning/bspline:=/drone_0_planning/bspline -r odometry:=/sim/drone_0/truth_odom -r position_cmd:=/drone_0_planning/pos_cmd -r /position_cmd:=/drone_0_planning/pos_cmd'].
1787834794.9104717 [ERROR] [odom_visualization-8]: process has died [pid 1690454, exit code -11, cmd '/home/dev/ws_iap/install/odom_visualization/lib/odom_visualization/odom_visualization --ros-args -r __node:=test_planner_desired_odom_visualization --params-file /tmp/launch_params_0d7t_y30 --params-file /tmp/launch_params_krrvc6yu --params-file /tmp/launch_params_lou7f4q5 --params-file /tmp/launch_params_82jqbo7c --params-file /tmp/launch_params_s1izime4 --params-file /tmp/launch_params_jm552eto --params-file /tmp/launch_params_gun9k9jl --params-file /tmp/launch_params_d2jsn9c0 --params-file /tmp/launch_params_k6_ihl05 --params-file /tmp/launch_params_5mrux1kk --params-file /tmp/launch_params_3jyr09x4 --params-file /tmp/launch_params_c6oxv4r0 -r odom:=/test_planner/desired/odom -r cmd:=/drone_0_planning/pos_cmd -r pose:=/test_planner/desired/pose -r path:=/test_planner/desired/path -r robot:=/test_planner/desired/robot -r velocity:=/test_planner/desired/velocity -r sensor:=/test_planner/desired/sensor_status -r time_gap:=/test_planner/desired/time_gap'].
1787834794.9105041 [INFO] [ego_planner_node-14]: process has finished cleanly [pid 1692502]
1787834794.9105384 [ERROR] [odom_visualization-7]: process has died [pid 1690451, exit code -11, cmd '/home/dev/ws_iap/install/odom_visualization/lib/odom_visualization/odom_visualization --ros-args -r __node:=test_planner_truth_odom_visualization --params-file /tmp/launch_params_l95q94jh --params-file /tmp/launch_params_v1yzrpdc --params-file /tmp/launch_params_64ncrh6k --params-file /tmp/launch_params_hvtlu9o5 --params-file /tmp/launch_params_9n1o4ej9 --params-file /tmp/launch_params_glxry2mp --params-file /tmp/launch_params_h5g86dfh --params-file /tmp/launch_params_w78yntd5 --params-file /tmp/launch_params_sbe24i7f --params-file /tmp/launch_params_fge6v2ui --params-file /tmp/launch_params_vg8n5obq --params-file /tmp/launch_params_p1wum82i -r odom:=/sim/drone_0/truth_odom -r cmd:=/drone_0_planning/pos_cmd -r pose:=/test_planner/truth/pose -r path:=/test_planner/truth/path -r robot:=/test_planner/truth/robot -r velocity:=/test_planner/truth/velocity -r sensor:=/test_planner/truth/sensor_status -r time_gap:=/test_planner/truth/time_gap'].
1787834794.9105711 [INFO] [iap_rosnode-4]: process has finished cleanly [pid 1690428]
