	linux-vdso.so.1 (0x0000761b3adcf000)
	libiap.so => /home/dev/ws_iap/src/iap/results/icra27/icra031/install/lib/libiap.so (0x0000761b3a400000)
	libstdc++.so.6 => /usr/lib/x86_64-linux-gnu/libstdc++.so.6 (0x0000761b3a182000)
	libm.so.6 => /usr/lib/x86_64-linux-gnu/libm.so.6 (0x0000761b3ac58000)
	libgcc_s.so.1 => /usr/lib/x86_64-linux-gnu/libgcc_s.so.1 (0x0000761b3ac2a000)
	libc.so.6 => /usr/lib/x86_64-linux-gnu/libc.so.6 (0x0000761b39f70000)
	libgtsam_points.so.1 => /usr/local/lib/libgtsam_points.so.1 (0x0000761b39c7d000)
	libspdlog.so.1.12 => /usr/lib/x86_64-linux-gnu/libspdlog.so.1.12 (0x0000761b39bf6000)
	libopencv_core.so.406 => /usr/lib/x86_64-linux-gnu/libopencv_core.so.406 (0x0000761b39882000)
	libgnss_comm_lib.so => /home/dev/ws_iap/install/gnss_comm/lib/libgnss_comm_lib.so (0x0000761b39400000)
	libgtsam_points_cuda.so.1 => /usr/local/lib/libgtsam_points_cuda.so.1 (0x0000761b390e9000)
	libgomp.so.1 => /usr/lib/x86_64-linux-gnu/libgomp.so.1 (0x0000761b3982c000)
	libgtsam.so.4 => /usr/lib/x86_64-linux-gnu/libgtsam.so.4 (0x0000761b38bec000)
	libboost_serialization.so.1.83.0 => /usr/lib/x86_64-linux-gnu/libboost_serialization.so.1.83.0 (0x0000761b397e9000)
	libboost_filesystem.so.1.83.0 => /usr/lib/x86_64-linux-gnu/libboost_filesystem.so.1.83.0 (0x0000761b397c6000)
	libcephes-gtsam.so.1 => /usr/lib/x86_64-linux-gnu/libcephes-gtsam.so.1 (0x0000761b39794000)
	libfmt.so.9 => /usr/lib/x86_64-linux-gnu/libfmt.so.9 (0x0000761b39773000)
	/lib64/ld-linux-x86-64.so.2 (0x0000761b3add1000)
	libboost_timer.so.1.83.0 => /usr/lib/x86_64-linux-gnu/libboost_timer.so.1.83.0 (0x0000761b3ac1f000)
	libz.so.1 => /usr/lib/x86_64-linux-gnu/libz.so.1 (0x0000761b39757000)
	libGLX.so.0 => /usr/lib/x86_64-linux-gnu/libGLX.so.0 (0x0000761b38bb9000)
	liblapack.so.3 => /usr/lib/x86_64-linux-gnu/liblapack.so.3 (0x0000761b384c9000)
	libblas.so.3 => /usr/lib/x86_64-linux-gnu/libblas.so.3 (0x0000761b38422000)
	libtbb.so.12 => /usr/lib/x86_64-linux-gnu/libtbb.so.12 (0x0000761b383ce000)
	libglog.so.1 => /usr/lib/x86_64-linux-gnu/libglog.so.1 (0x0000761b38398000)
	libcudart.so.12 => /usr/local/cuda/targets/x86_64-linux/lib/libcudart.so.12 (0x0000761b38000000)
	libmetis.so.5 => /usr/lib/x86_64-linux-gnu/libmetis.so.5 (0x0000761b3832e000)
	libGLdispatch.so.0 => /usr/lib/x86_64-linux-gnu/libGLdispatch.so.0 (0x0000761b37f48000)
	libX11.so.6 => /usr/lib/x86_64-linux-gnu/libX11.so.6 (0x0000761b37e0b000)
	libgfortran.so.5 => /usr/lib/x86_64-linux-gnu/libgfortran.so.5 (0x0000761b37aed000)
	libgflags.so.2.2 => /usr/lib/x86_64-linux-gnu/libgflags.so.2.2 (0x0000761b39736000)
	libunwind.so.8 => /usr/lib/x86_64-linux-gnu/libunwind.so.8 (0x0000761b38313000)
	libdl.so.2 => /usr/lib/x86_64-linux-gnu/libdl.so.2 (0x0000761b3972f000)
	libpthread.so.0 => /usr/lib/x86_64-linux-gnu/libpthread.so.0 (0x0000761b3972a000)
	librt.so.1 => /usr/lib/x86_64-linux-gnu/librt.so.1 (0x0000761b3830e000)
	libxcb.so.1 => /usr/lib/x86_64-linux-gnu/libxcb.so.1 (0x0000761b382e5000)
	liblzma.so.5 => /usr/lib/x86_64-linux-gnu/liblzma.so.5 (0x0000761b382b3000)
	libXau.so.6 => /usr/lib/x86_64-linux-gnu/libXau.so.6 (0x0000761b37ae7000)
	libXdmcp.so.6 => /usr/lib/x86_64-linux-gnu/libXdmcp.so.6 (0x0000761b37adf000)
	libbsd.so.0 => /usr/lib/x86_64-linux-gnu/libbsd.so.0 (0x0000761b37ac9000)
	libmd.so.0 => /usr/lib/x86_64-linux-gnu/libmd.so.0 (0x0000761b37aba000)
