BINARY=/home/dev/ws_iap/src/iap/results/icra27/icra031/build_iap/test_rolling_spatial_advisory_window
	linux-vdso.so.1 (0x000073cc60696000)
	libiap.so => /home/dev/ws_iap/src/iap/results/icra27/icra031/install/lib/libiap.so (0x000073cc5fc00000)
	libstdc++.so.6 => /usr/lib/x86_64-linux-gnu/libstdc++.so.6 (0x000073cc5f982000)
	libm.so.6 => /usr/lib/x86_64-linux-gnu/libm.so.6 (0x000073cc604d0000)
	libgcc_s.so.1 => /usr/lib/x86_64-linux-gnu/libgcc_s.so.1 (0x000073cc604a2000)
	libc.so.6 => /usr/lib/x86_64-linux-gnu/libc.so.6 (0x000073cc5f770000)
	libgtsam_points.so.1 => /usr/local/lib/libgtsam_points.so.1 (0x000073cc5f47d000)
	libspdlog.so.1.12 => /usr/lib/x86_64-linux-gnu/libspdlog.so.1.12 (0x000073cc6041b000)
	libopencv_core.so.406 => /usr/lib/x86_64-linux-gnu/libopencv_core.so.406 (0x000073cc5f109000)
	libgnss_comm_lib.so => /home/dev/ws_iap/install/gnss_comm/lib/libgnss_comm_lib.so (0x000073cc5ec00000)
	libgtsam_points_cuda.so.1 => /usr/local/lib/libgtsam_points_cuda.so.1 (0x000073cc5e8e9000)
	libgomp.so.1 => /usr/lib/x86_64-linux-gnu/libgomp.so.1 (0x000073cc5f0b1000)
	libgtsam.so.4 => /usr/lib/x86_64-linux-gnu/libgtsam.so.4 (0x000073cc5e3ec000)
	libboost_serialization.so.1.83.0 => /usr/lib/x86_64-linux-gnu/libboost_serialization.so.1.83.0 (0x000073cc5f06e000)
	libboost_filesystem.so.1.83.0 => /usr/lib/x86_64-linux-gnu/libboost_filesystem.so.1.83.0 (0x000073cc5f049000)
	libcephes-gtsam.so.1 => /usr/lib/x86_64-linux-gnu/libcephes-gtsam.so.1 (0x000073cc5f017000)
	libfmt.so.9 => /usr/lib/x86_64-linux-gnu/libfmt.so.9 (0x000073cc5eff6000)
	/lib64/ld-linux-x86-64.so.2 (0x000073cc60698000)
	libboost_timer.so.1.83.0 => /usr/lib/x86_64-linux-gnu/libboost_timer.so.1.83.0 (0x000073cc5efef000)
	libz.so.1 => /usr/lib/x86_64-linux-gnu/libz.so.1 (0x000073cc5efd3000)
	libGLX.so.0 => /usr/lib/x86_64-linux-gnu/libGLX.so.0 (0x000073cc5efa0000)
	liblapack.so.3 => /usr/lib/x86_64-linux-gnu/liblapack.so.3 (0x000073cc5dcfc000)
	libblas.so.3 => /usr/lib/x86_64-linux-gnu/libblas.so.3 (0x000073cc5dc55000)
	libtbb.so.12 => /usr/lib/x86_64-linux-gnu/libtbb.so.12 (0x000073cc5ef4a000)
	libglog.so.1 => /usr/lib/x86_64-linux-gnu/libglog.so.1 (0x000073cc5dc1f000)
	libcudart.so.12 => /usr/local/cuda/targets/x86_64-linux/lib/libcudart.so.12 (0x000073cc5d800000)
	libmetis.so.5 => /usr/lib/x86_64-linux-gnu/libmetis.so.5 (0x000073cc5dbb5000)
	libGLdispatch.so.0 => /usr/lib/x86_64-linux-gnu/libGLdispatch.so.0 (0x000073cc5dafd000)
	libX11.so.6 => /usr/lib/x86_64-linux-gnu/libX11.so.6 (0x000073cc5d6c3000)
	libgfortran.so.5 => /usr/lib/x86_64-linux-gnu/libgfortran.so.5 (0x000073cc5d3a5000)
	libgflags.so.2.2 => /usr/lib/x86_64-linux-gnu/libgflags.so.2.2 (0x000073cc5ef27000)
	libunwind.so.8 => /usr/lib/x86_64-linux-gnu/libunwind.so.8 (0x000073cc5dae0000)
	libdl.so.2 => /usr/lib/x86_64-linux-gnu/libdl.so.2 (0x000073cc5dadb000)
	libpthread.so.0 => /usr/lib/x86_64-linux-gnu/libpthread.so.0 (0x000073cc5dad6000)
	librt.so.1 => /usr/lib/x86_64-linux-gnu/librt.so.1 (0x000073cc5dad1000)
	libxcb.so.1 => /usr/lib/x86_64-linux-gnu/libxcb.so.1 (0x000073cc5d37c000)
	liblzma.so.5 => /usr/lib/x86_64-linux-gnu/liblzma.so.5 (0x000073cc5d34a000)
	libXau.so.6 => /usr/lib/x86_64-linux-gnu/libXau.so.6 (0x000073cc5dac9000)
	libXdmcp.so.6 => /usr/lib/x86_64-linux-gnu/libXdmcp.so.6 (0x000073cc5dac1000)
	libbsd.so.0 => /usr/lib/x86_64-linux-gnu/libbsd.so.0 (0x000073cc5d334000)
	libmd.so.0 => /usr/lib/x86_64-linux-gnu/libmd.so.0 (0x000073cc5dab2000)
BINARY=/home/dev/ws_iap/src/iap/results/icra27/icra026/build_plan_env/test_grid_map_occupancy_epoch
	linux-vdso.so.1 (0x000070aba2dba000)
	libplan_env.so => /home/dev/ws_iap/src/iap/results/icra27/icra026/install_plan_env/lib/libplan_env.so (0x000070aba2a00000)
	libcv_bridge.so => /opt/ros/jazzy/lib/libcv_bridge.so (0x000070aba2cd3000)
	librclcpp.so => /opt/ros/jazzy/lib/librclcpp.so (0x000070aba27a2000)
	libopencv_core.so.406 => /usr/lib/x86_64-linux-gnu/libopencv_core.so.406 (0x000070aba242e000)
	libstdc++.so.6 => /usr/lib/x86_64-linux-gnu/libstdc++.so.6 (0x000070aba21b0000)
	libm.so.6 => /usr/lib/x86_64-linux-gnu/libm.so.6 (0x000070aba20c7000)
	libgcc_s.so.1 => /usr/lib/x86_64-linux-gnu/libgcc_s.so.1 (0x000070aba2c85000)
	libc.so.6 => /usr/lib/x86_64-linux-gnu/libc.so.6 (0x000070aba1eb5000)
	libvisualization_msgs__rosidl_typesupport_cpp.so => /opt/ros/jazzy/lib/libvisualization_msgs__rosidl_typesupport_cpp.so (0x000070aba1ea9000)
	libnav_msgs__rosidl_typesupport_cpp.so => /opt/ros/jazzy/lib/libnav_msgs__rosidl_typesupport_cpp.so (0x000070aba1e9c000)
	libmessage_filters.so => /opt/ros/jazzy/lib/libmessage_filters.so (0x000070aba1e97000)
	libpcl_common.so.1.14 => /usr/lib/x86_64-linux-gnu/libpcl_common.so.1.14 (0x000070aba1dfd000)
	librmw.so => /opt/ros/jazzy/lib/librmw.so (0x000070aba1df2000)
	librcutils.so => /opt/ros/jazzy/lib/librcutils.so (0x000070aba1dd2000)
	liblibstatistics_collector.so => /opt/ros/jazzy/lib/liblibstatistics_collector.so (0x000070aba1dca000)
	librcl.so => /opt/ros/jazzy/lib/librcl.so (0x000070aba1d83000)
	libstatistics_msgs__rosidl_typesupport_cpp.so => /opt/ros/jazzy/lib/libstatistics_msgs__rosidl_typesupport_cpp.so (0x000070aba1d7d000)
	libtracetools.so => /opt/ros/jazzy/lib/libtracetools.so (0x000070aba1d63000)
	libsensor_msgs__rosidl_typesupport_cpp.so => /opt/ros/jazzy/lib/libsensor_msgs__rosidl_typesupport_cpp.so (0x000070aba1d54000)
	libgeometry_msgs__rosidl_typesupport_cpp.so => /opt/ros/jazzy/lib/libgeometry_msgs__rosidl_typesupport_cpp.so (0x000070aba1d44000)
	libopencv_imgcodecs.so.406 => /usr/lib/x86_64-linux-gnu/libopencv_imgcodecs.so.406 (0x000070aba1ceb000)
	libopencv_imgproc.so.406 => /usr/lib/x86_64-linux-gnu/libopencv_imgproc.so.406 (0x000070aba1791000)
	librcl_interfaces__rosidl_typesupport_cpp.so => /opt/ros/jazzy/lib/librcl_interfaces__rosidl_typesupport_cpp.so (0x000070aba1776000)
	librcl_yaml_param_parser.so => /opt/ros/jazzy/lib/librcl_yaml_param_parser.so (0x000070aba176a000)
	librosgraph_msgs__rosidl_typesupport_cpp.so => /opt/ros/jazzy/lib/librosgraph_msgs__rosidl_typesupport_cpp.so (0x000070aba1763000)
	librcl_logging_interface.so => /opt/ros/jazzy/lib/librcl_logging_interface.so (0x000070aba175e000)
	librmw_implementation.so => /opt/ros/jazzy/lib/librmw_implementation.so (0x000070aba1751000)
	libament_index_cpp.so => /opt/ros/jazzy/lib/libament_index_cpp.so (0x000070aba1745000)
	libtype_description_interfaces__rosidl_typesupport_c.so => /opt/ros/jazzy/lib/libtype_description_interfaces__rosidl_typesupport_c.so (0x000070aba173e000)
	librosidl_dynamic_typesupport.so => /opt/ros/jazzy/lib/librosidl_dynamic_typesupport.so (0x000070aba1723000)
	librosidl_typesupport_introspection_cpp.so => /opt/ros/jazzy/lib/librosidl_typesupport_introspection_cpp.so (0x000070aba171e000)
	librcpputils.so => /opt/ros/jazzy/lib/librcpputils.so (0x000070aba170f000)
	librosidl_runtime_c.so => /opt/ros/jazzy/lib/librosidl_runtime_c.so (0x000070aba16f0000)
	/lib64/ld-linux-x86-64.so.2 (0x000070aba2dbc000)
	libz.so.1 => /usr/lib/x86_64-linux-gnu/libz.so.1 (0x000070aba16d4000)
	libGLX.so.0 => /usr/lib/x86_64-linux-gnu/libGLX.so.0 (0x000070aba169f000)
	liblapack.so.3 => /usr/lib/x86_64-linux-gnu/liblapack.so.3 (0x000070aba0faf000)
	libblas.so.3 => /usr/lib/x86_64-linux-gnu/libblas.so.3 (0x000070aba0f08000)
	libtbb.so.12 => /usr/lib/x86_64-linux-gnu/libtbb.so.12 (0x000070aba0eb4000)
	libvisualization_msgs__rosidl_generator_c.so => /opt/ros/jazzy/lib/libvisualization_msgs__rosidl_generator_c.so (0x000070aba0e80000)
	librosidl_typesupport_cpp.so => /opt/ros/jazzy/lib/librosidl_typesupport_cpp.so (0x000070aba0e78000)
	libnav_msgs__rosidl_generator_c.so => /opt/ros/jazzy/lib/libnav_msgs__rosidl_generator_c.so (0x000070aba0e45000)
	libgomp.so.1 => /usr/lib/x86_64-linux-gnu/libgomp.so.1 (0x000070aba0def000)
	librcl_logging_spdlog.so => /opt/ros/jazzy/lib/librcl_logging_spdlog.so (0x000070aba0de5000)
	librcl_interfaces__rosidl_typesupport_c.so => /opt/ros/jazzy/lib/librcl_interfaces__rosidl_typesupport_c.so (0x000070aba0dd5000)
	libtype_description_interfaces__rosidl_generator_c.so => /opt/ros/jazzy/lib/libtype_description_interfaces__rosidl_generator_c.so (0x000070aba0dbb000)
	libyaml-0.so.2 => /usr/lib/x86_64-linux-gnu/libyaml-0.so.2 (0x000070aba0d9a000)
	libstatistics_msgs__rosidl_generator_c.so => /opt/ros/jazzy/lib/libstatistics_msgs__rosidl_generator_c.so (0x000070aba0d91000)
	liblttng-ust.so.1 => /usr/lib/x86_64-linux-gnu/liblttng-ust.so.1 (0x000070aba0d0e000)
	libsensor_msgs__rosidl_generator_c.so => /opt/ros/jazzy/lib/libsensor_msgs__rosidl_generator_c.so (0x000070aba0cca000)
	libgeometry_msgs__rosidl_generator_c.so => /opt/ros/jazzy/lib/libgeometry_msgs__rosidl_generator_c.so (0x000070aba0c8a000)
	libjpeg.so.8 => /usr/lib/x86_64-linux-gnu/libjpeg.so.8 (0x000070aba0c07000)
	libwebp.so.7 => /usr/lib/x86_64-linux-gnu/libwebp.so.7 (0x000070aba0b8c000)
	libpng16.so.16 => /usr/lib/x86_64-linux-gnu/libpng16.so.16 (0x000070aba0b54000)
	libgdcmMSFF.so.3.0 => /usr/lib/x86_64-linux-gnu/libgdcmMSFF.so.3.0 (0x000070aba0928000)
	libtiff.so.6 => /usr/lib/x86_64-linux-gnu/libtiff.so.6 (0x000070aba0899000)
	libopenjp2.so.7 => /usr/lib/x86_64-linux-gnu/libopenjp2.so.7 (0x000070aba0838000)
	libOpenEXR-3_1.so.30 => /usr/lib/x86_64-linux-gnu/libOpenEXR-3_1.so.30 (0x000070aba0533000)
	libgdal.so.34 => /usr/lib/x86_64-linux-gnu/libgdal.so.34 (0x000070ab9ed5c000)
	libgdcmDSED.so.3.0 => /usr/lib/x86_64-linux-gnu/libgdcmDSED.so.3.0 (0x000070ab9ec64000)
	librcl_interfaces__rosidl_generator_c.so => /opt/ros/jazzy/lib/librcl_interfaces__rosidl_generator_c.so (0x000070ab9ec16000)
	librosgraph_msgs__rosidl_generator_c.so => /opt/ros/jazzy/lib/librosgraph_msgs__rosidl_generator_c.so (0x000070ab9ec0f000)
	librosidl_typesupport_c.so => /opt/ros/jazzy/lib/librosidl_typesupport_c.so (0x000070ab9ec09000)
	libGLdispatch.so.0 => /usr/lib/x86_64-linux-gnu/libGLdispatch.so.0 (0x000070ab9eb51000)
	libX11.so.6 => /usr/lib/x86_64-linux-gnu/libX11.so.6 (0x000070ab9ea14000)
	libgfortran.so.5 => /usr/lib/x86_64-linux-gnu/libgfortran.so.5 (0x000070ab9e6f6000)
	libservice_msgs__rosidl_generator_c.so => /opt/ros/jazzy/lib/libservice_msgs__rosidl_generator_c.so (0x000070ab9e6ef000)
	libstd_msgs__rosidl_generator_c.so => /opt/ros/jazzy/lib/libstd_msgs__rosidl_generator_c.so (0x000070ab9e6be000)
	libbuiltin_interfaces__rosidl_generator_c.so => /opt/ros/jazzy/lib/libbuiltin_interfaces__rosidl_generator_c.so (0x000070ab9e6b7000)
	libspdlog.so.1.12 => /usr/lib/x86_64-linux-gnu/libspdlog.so.1.12 (0x000070ab9e630000)
	libnuma.so.1 => /usr/lib/x86_64-linux-gnu/libnuma.so.1 (0x000070ab9e622000)
	liblttng-ust-common.so.1 => /usr/lib/x86_64-linux-gnu/liblttng-ust-common.so.1 (0x000070ab9e613000)
	liblttng-ust-tracepoint.so.1 => /usr/lib/x86_64-linux-gnu/liblttng-ust-tracepoint.so.1 (0x000070ab9e5f6000)
	libsharpyuv.so.0 => /usr/lib/x86_64-linux-gnu/libsharpyuv.so.0 (0x000070ab9e5ee000)
	libgdcmDICT.so.3.0 => /usr/lib/x86_64-linux-gnu/libgdcmDICT.so.3.0 (0x000070ab9e316000)
	libgdcmjpeg8.so.3.0 => /usr/lib/x86_64-linux-gnu/libgdcmjpeg8.so.3.0 (0x000070ab9e2eb000)
	libgdcmjpeg12.so.3.0 => /usr/lib/x86_64-linux-gnu/libgdcmjpeg12.so.3.0 (0x000070ab9e2be000)
	libgdcmjpeg16.so.3.0 => /usr/lib/x86_64-linux-gnu/libgdcmjpeg16.so.3.0 (0x000070ab9e293000)
	libcharls.so.2 => /usr/lib/x86_64-linux-gnu/libcharls.so.2 (0x000070ab9e23f000)
	libuuid.so.1 => /usr/lib/x86_64-linux-gnu/libuuid.so.1 (0x000070ab9e235000)
	libjson-c.so.5 => /usr/lib/x86_64-linux-gnu/libjson-c.so.5 (0x000070ab9e221000)
	libgdcmIOD.so.3.0 => /usr/lib/x86_64-linux-gnu/libgdcmIOD.so.3.0 (0x000070ab9e20b000)
	libgdcmCommon.so.3.0 => /usr/lib/x86_64-linux-gnu/libgdcmCommon.so.3.0 (0x000070ab9e1e4000)
	libzstd.so.1 => /usr/lib/x86_64-linux-gnu/libzstd.so.1 (0x000070ab9e12a000)
	liblzma.so.5 => /usr/lib/x86_64-linux-gnu/liblzma.so.5 (0x000070ab9e0f8000)
	libLerc.so.4 => /usr/lib/x86_64-linux-gnu/libLerc.so.4 (0x000070ab9e071000)
	libjbig.so.0 => /usr/lib/x86_64-linux-gnu/libjbig.so.0 (0x000070ab9e061000)
	libdeflate.so.0 => /usr/lib/x86_64-linux-gnu/libdeflate.so.0 (0x000070ab9e04c000)
	libImath-3_1.so.29 => /usr/lib/x86_64-linux-gnu/libImath-3_1.so.29 (0x000070ab9dffe000)
	libIlmThread-3_1.so.30 => /usr/lib/x86_64-linux-gnu/libIlmThread-3_1.so.30 (0x000070ab9dff4000)
	libIex-3_1.so.30 => /usr/lib/x86_64-linux-gnu/libIex-3_1.so.30 (0x000070ab9df71000)
	libcurl.so.4 => /usr/lib/x86_64-linux-gnu/libcurl.so.4 (0x000070ab9deb0000)
	libodbc.so.2 => /usr/lib/x86_64-linux-gnu/libodbc.so.2 (0x000070ab9de3e000)
	libodbcinst.so.2 => /usr/lib/x86_64-linux-gnu/libodbcinst.so.2 (0x000070ab9de2a000)
	libxml2.so.2 => /usr/lib/x86_64-linux-gnu/libxml2.so.2 (0x000070ab9dc48000)
	libcrypto.so.3 => /usr/lib/x86_64-linux-gnu/libcrypto.so.3 (0x000070ab9d734000)
	liblz4.so.1 => /usr/lib/x86_64-linux-gnu/liblz4.so.1 (0x000070ab9d712000)
	libblosc.so.1 => /usr/lib/x86_64-linux-gnu/libblosc.so.1 (0x000070ab9d702000)
	libarmadillo.so.12 => /lib/libarmadillo.so.12 (0x000070ab9d6ed000)
	libqhull_r.so.8.0 => /usr/lib/x86_64-linux-gnu/libqhull_r.so.8.0 (0x000070ab9d67d000)
	libxerces-c-3.2.so => /usr/lib/x86_64-linux-gnu/libxerces-c-3.2.so (0x000070ab9d328000)
	libgeotiff.so.5 => /usr/lib/x86_64-linux-gnu/libgeotiff.so.5 (0x000070ab9d2f2000)
	libheif.so.1 => /usr/lib/x86_64-linux-gnu/libheif.so.1 (0x000070ab9d232000)
	libaec.so.0 => /usr/lib/x86_64-linux-gnu/libaec.so.0 (0x000070ab9d229000)
	libpoppler.so.134 => /usr/lib/x86_64-linux-gnu/libpoppler.so.134 (0x000070ab9ceb3000)
	libgif.so.7 => /usr/lib/x86_64-linux-gnu/libgif.so.7 (0x000070ab9cea8000)
	libnetcdf.so.19 => /usr/lib/x86_64-linux-gnu/libnetcdf.so.19 (0x000070ab9ccbd000)
	libcfitsio.so.10 => /usr/lib/x86_64-linux-gnu/libcfitsio.so.10 (0x000070ab9c9b5000)
	libhdf5_serial.so.103 => /usr/lib/x86_64-linux-gnu/libhdf5_serial.so.103 (0x000070ab9c641000)
	libsqlite3.so.0 => /usr/lib/x86_64-linux-gnu/libsqlite3.so.0 (0x000070ab9c4d9000)
	libpq.so.5 => /usr/lib/x86_64-linux-gnu/libpq.so.5 (0x000070ab9c480000)
	libkmlbase.so.1 => /usr/lib/x86_64-linux-gnu/libkmlbase.so.1 (0x000070ab9c463000)
	libkmldom.so.1 => /usr/lib/x86_64-linux-gnu/libkmldom.so.1 (0x000070ab9c3d1000)
	libkmlengine.so.1 => /usr/lib/x86_64-linux-gnu/libkmlengine.so.1 (0x000070ab9c3a3000)
	libfyba.so.0 => /usr/lib/x86_64-linux-gnu/libfyba.so.0 (0x000070ab9c34d000)
	libpcre2-8.so.0 => /usr/lib/x86_64-linux-gnu/libpcre2-8.so.0 (0x000070ab9c2b3000)
	libspatialite.so.8 => /usr/lib/x86_64-linux-gnu/libspatialite.so.8 (0x000070ab9bb46000)
	libmysqlclient.so.21 => /usr/lib/x86_64-linux-gnu/libmysqlclient.so.21 (0x000070ab9b4c7000)
	libfreexl.so.1 => /usr/lib/x86_64-linux-gnu/libfreexl.so.1 (0x000070ab9b4b6000)
	libogdi.so.4.1 => /usr/lib/x86_64-linux-gnu/libogdi.so.4.1 (0x000070ab9b49b000)
	libexpat.so.1 => /usr/lib/x86_64-linux-gnu/libexpat.so.1 (0x000070ab9b46f000)
	libgeos_c.so.1 => /usr/lib/x86_64-linux-gnu/libgeos_c.so.1 (0x000070ab9b426000)
	libproj.so.25 => /usr/lib/x86_64-linux-gnu/libproj.so.25 (0x000070ab9b062000)
	libdfalt.so.0 => /usr/lib/x86_64-linux-gnu/libdfalt.so.0 (0x000070ab9afbe000)
	libmfhdfalt.so.0 => /usr/lib/x86_64-linux-gnu/libmfhdfalt.so.0 (0x000070ab9af95000)
	libxcb.so.1 => /usr/lib/x86_64-linux-gnu/libxcb.so.1 (0x000070ab9af6c000)
	libfmt.so.9 => /usr/lib/x86_64-linux-gnu/libfmt.so.9 (0x000070ab9af49000)
	libnghttp2.so.14 => /usr/lib/x86_64-linux-gnu/libnghttp2.so.14 (0x000070ab9af1e000)
	libidn2.so.0 => /usr/lib/x86_64-linux-gnu/libidn2.so.0 (0x000070ab9aefc000)
	librtmp.so.1 => /usr/lib/x86_64-linux-gnu/librtmp.so.1 (0x000070ab9aede000)
	libssh.so.4 => /usr/lib/x86_64-linux-gnu/libssh.so.4 (0x000070ab9ae6a000)
	libpsl.so.5 => /usr/lib/x86_64-linux-gnu/libpsl.so.5 (0x000070ab9ae56000)
	libssl.so.3 => /usr/lib/x86_64-linux-gnu/libssl.so.3 (0x000070ab9adac000)
	libgssapi_krb5.so.2 => /usr/lib/x86_64-linux-gnu/libgssapi_krb5.so.2 (0x000070ab9ad58000)
	libldap.so.2 => /usr/lib/x86_64-linux-gnu/libldap.so.2 (0x000070ab9acfb000)
	liblber.so.2 => /usr/lib/x86_64-linux-gnu/liblber.so.2 (0x000070ab9aceb000)
	libbrotlidec.so.1 => /usr/lib/x86_64-linux-gnu/libbrotlidec.so.1 (0x000070ab9acdb000)
	libltdl.so.7 => /usr/lib/x86_64-linux-gnu/libltdl.so.7 (0x000070ab9acd0000)
	libicuuc.so.74 => /usr/lib/x86_64-linux-gnu/libicuuc.so.74 (0x000070ab9aac3000)
	libsnappy.so.1 => /usr/lib/x86_64-linux-gnu/libsnappy.so.1 (0x000070ab9aab8000)
	libarpack.so.2 => /usr/lib/x86_64-linux-gnu/libarpack.so.2 (0x000070ab9aa6e000)
	libsuperlu.so.6 => /usr/lib/x86_64-linux-gnu/libsuperlu.so.6 (0x000070ab9a9fc000)
	libcurl-gnutls.so.4 => /usr/lib/x86_64-linux-gnu/libcurl-gnutls.so.4 (0x000070ab9a941000)
	libfreetype.so.6 => /usr/lib/x86_64-linux-gnu/libfreetype.so.6 (0x000070ab9a875000)
	libfontconfig.so.1 => /usr/lib/x86_64-linux-gnu/libfontconfig.so.1 (0x000070ab9a824000)
	liblcms2.so.2 => /usr/lib/x86_64-linux-gnu/liblcms2.so.2 (0x000070ab9a7c2000)
	libnss3.so => /usr/lib/x86_64-linux-gnu/libnss3.so (0x000070ab9a691000)
	libsmime3.so => /usr/lib/x86_64-linux-gnu/libsmime3.so (0x000070ab9a668000)
	libplc4.so => /usr/lib/x86_64-linux-gnu/libplc4.so (0x000070ab9a661000)
	libnspr4.so => /usr/lib/x86_64-linux-gnu/libnspr4.so (0x000070ab9a622000)
	libhdf5_serial_hl.so.100 => /usr/lib/x86_64-linux-gnu/libhdf5_serial_hl.so.100 (0x000070ab9a5fd000)
	libbz2.so.1.0 => /usr/lib/x86_64-linux-gnu/libbz2.so.1.0 (0x000070ab9a5e7000)
	libsz.so.2 => /usr/lib/x86_64-linux-gnu/libsz.so.2 (0x000070ab9a5e2000)
	libminizip.so.1 => /usr/lib/x86_64-linux-gnu/libminizip.so.1 (0x000070ab9a5d5000)
	liburiparser.so.1 => /usr/lib/x86_64-linux-gnu/liburiparser.so.1 (0x000070ab9a5be000)
	libfyut.so.0 => /usr/lib/x86_64-linux-gnu/libfyut.so.0 (0x000070ab9a5b3000)
	libfygm.so.0 => /usr/lib/x86_64-linux-gnu/libfygm.so.0 (0x000070ab9a5a8000)
	librttopo.so.1 => /usr/lib/x86_64-linux-gnu/librttopo.so.1 (0x000070ab9a538000)
	libresolv.so.2 => /usr/lib/x86_64-linux-gnu/libresolv.so.2 (0x000070ab9a525000)
	libtirpc.so.3 => /usr/lib/x86_64-linux-gnu/libtirpc.so.3 (0x000070ab9a4f8000)
	libgeos.so.3.12.1 => /usr/lib/x86_64-linux-gnu/libgeos.so.3.12.1 (0x000070ab9a290000)
	libXau.so.6 => /usr/lib/x86_64-linux-gnu/libXau.so.6 (0x000070ab9a288000)
	libXdmcp.so.6 => /usr/lib/x86_64-linux-gnu/libXdmcp.so.6 (0x000070ab9a280000)
	libunistring.so.5 => /usr/lib/x86_64-linux-gnu/libunistring.so.5 (0x000070ab9a0d3000)
	libgnutls.so.30 => /usr/lib/x86_64-linux-gnu/libgnutls.so.30 (0x000070ab99ed9000)
	libhogweed.so.6 => /usr/lib/x86_64-linux-gnu/libhogweed.so.6 (0x000070ab99e91000)
	libnettle.so.8 => /usr/lib/x86_64-linux-gnu/libnettle.so.8 (0x000070ab99e3a000)
	libgmp.so.10 => /usr/lib/x86_64-linux-gnu/libgmp.so.10 (0x000070ab99db6000)
	libkrb5.so.3 => /usr/lib/x86_64-linux-gnu/libkrb5.so.3 (0x000070ab99ced000)
	libk5crypto.so.3 => /usr/lib/x86_64-linux-gnu/libk5crypto.so.3 (0x000070ab99cc1000)
	libcom_err.so.2 => /usr/lib/x86_64-linux-gnu/libcom_err.so.2 (0x000070ab99cbb000)
	libkrb5support.so.0 => /usr/lib/x86_64-linux-gnu/libkrb5support.so.0 (0x000070ab99cac000)
	libsasl2.so.2 => /usr/lib/x86_64-linux-gnu/libsasl2.so.2 (0x000070ab99c92000)
	libbrotlicommon.so.1 => /usr/lib/x86_64-linux-gnu/libbrotlicommon.so.1 (0x000070ab99c6f000)
	libicudata.so.74 => /usr/lib/x86_64-linux-gnu/libicudata.so.74 (0x000070ab97f0f000)
	libnssutil3.so => /usr/lib/x86_64-linux-gnu/libnssutil3.so (0x000070ab97edd000)
	libplds4.so => /usr/lib/x86_64-linux-gnu/libplds4.so (0x000070ab97ed6000)
	libbsd.so.0 => /usr/lib/x86_64-linux-gnu/libbsd.so.0 (0x000070ab97ec0000)
	libp11-kit.so.0 => /usr/lib/x86_64-linux-gnu/libp11-kit.so.0 (0x000070ab97d1c000)
	libtasn1.so.6 => /usr/lib/x86_64-linux-gnu/libtasn1.so.6 (0x000070ab97d06000)
	libkeyutils.so.1 => /usr/lib/x86_64-linux-gnu/libkeyutils.so.1 (0x000070ab97cfd000)
	libmd.so.0 => /usr/lib/x86_64-linux-gnu/libmd.so.0 (0x000070ab97cee000)
	libffi.so.8 => /usr/lib/x86_64-linux-gnu/libffi.so.8 (0x000070ab97ce2000)
BINARY=/home/dev/ws_iap/src/iap/results/icra27/icra026/build_ego/test_p0_risk_grid_runtime
	linux-vdso.so.1 (0x000071634501b000)
	librclcpp.so => /opt/ros/jazzy/lib/librclcpp.so (0x00007163447a2000)
	libnav_msgs__rosidl_typesupport_cpp.so => /opt/ros/jazzy/lib/libnav_msgs__rosidl_typesupport_cpp.so (0x0000716345006000)
	libvisualization_msgs__rosidl_typesupport_cpp.so => /opt/ros/jazzy/lib/libvisualization_msgs__rosidl_typesupport_cpp.so (0x0000716344ff8000)
	libiap.so => /home/dev/ws_iap/src/iap/results/icra27/icra031/install/lib/libiap.so (0x0000716343e00000)
	libiap__rosidl_typesupport_cpp.so => /home/dev/ws_iap/src/iap/results/icra27/icra031/install/lib/libiap__rosidl_typesupport_cpp.so (0x0000716344ff2000)
	liblibstatistics_collector.so => /opt/ros/jazzy/lib/liblibstatistics_collector.so (0x0000716344fea000)
	librcl.so => /opt/ros/jazzy/lib/librcl.so (0x0000716344fa3000)
	libstatistics_msgs__rosidl_typesupport_cpp.so => /opt/ros/jazzy/lib/libstatistics_msgs__rosidl_typesupport_cpp.so (0x0000716344f9b000)
	libtracetools.so => /opt/ros/jazzy/lib/libtracetools.so (0x0000716344f81000)
	libsensor_msgs__rosidl_typesupport_cpp.so => /opt/ros/jazzy/lib/libsensor_msgs__rosidl_typesupport_cpp.so (0x0000716344f72000)
	librmw.so => /opt/ros/jazzy/lib/librmw.so (0x0000716344f67000)
	libgnss_comm_lib.so => /home/dev/ws_iap/install/gnss_comm/lib/libgnss_comm_lib.so (0x0000716343a00000)
	libgnss_comm__rosidl_typesupport_cpp.so => /home/dev/ws_iap/install/gnss_comm/lib/libgnss_comm__rosidl_typesupport_cpp.so (0x0000716344f59000)
	libstd_msgs__rosidl_typesupport_cpp.so => /opt/ros/jazzy/lib/libstd_msgs__rosidl_typesupport_cpp.so (0x0000716344f4d000)
	librcutils.so => /opt/ros/jazzy/lib/librcutils.so (0x0000716344f2d000)
	libstdc++.so.6 => /usr/lib/x86_64-linux-gnu/libstdc++.so.6 (0x0000716343782000)
	libm.so.6 => /usr/lib/x86_64-linux-gnu/libm.so.6 (0x00007163446b9000)
	libgcc_s.so.1 => /usr/lib/x86_64-linux-gnu/libgcc_s.so.1 (0x0000716344edf000)
	libc.so.6 => /usr/lib/x86_64-linux-gnu/libc.so.6 (0x0000716343570000)
	librcl_interfaces__rosidl_typesupport_cpp.so => /opt/ros/jazzy/lib/librcl_interfaces__rosidl_typesupport_cpp.so (0x0000716344ec4000)
	librcl_yaml_param_parser.so => /opt/ros/jazzy/lib/librcl_yaml_param_parser.so (0x0000716344eb8000)
	librosgraph_msgs__rosidl_typesupport_cpp.so => /opt/ros/jazzy/lib/librosgraph_msgs__rosidl_typesupport_cpp.so (0x0000716344eb3000)
	librcl_logging_interface.so => /opt/ros/jazzy/lib/librcl_logging_interface.so (0x0000716344eae000)
	librmw_implementation.so => /opt/ros/jazzy/lib/librmw_implementation.so (0x0000716344e9f000)
	libament_index_cpp.so => /opt/ros/jazzy/lib/libament_index_cpp.so (0x0000716344e93000)
	libtype_description_interfaces__rosidl_typesupport_c.so => /opt/ros/jazzy/lib/libtype_description_interfaces__rosidl_typesupport_c.so (0x00007163446b2000)
	librosidl_dynamic_typesupport.so => /opt/ros/jazzy/lib/librosidl_dynamic_typesupport.so (0x0000716344699000)
	librosidl_typesupport_introspection_cpp.so => /opt/ros/jazzy/lib/librosidl_typesupport_introspection_cpp.so (0x0000716344e8e000)
	librcpputils.so => /opt/ros/jazzy/lib/librcpputils.so (0x0000716344688000)
	librosidl_runtime_c.so => /opt/ros/jazzy/lib/librosidl_runtime_c.so (0x0000716344669000)
	/lib64/ld-linux-x86-64.so.2 (0x000071634501d000)
	libnav_msgs__rosidl_generator_c.so => /opt/ros/jazzy/lib/libnav_msgs__rosidl_generator_c.so (0x0000716344636000)
	librosidl_typesupport_cpp.so => /opt/ros/jazzy/lib/librosidl_typesupport_cpp.so (0x0000716344630000)
	libvisualization_msgs__rosidl_generator_c.so => /opt/ros/jazzy/lib/libvisualization_msgs__rosidl_generator_c.so (0x0000716343dcc000)
	libgtsam_points.so.1 => /usr/local/lib/libgtsam_points.so.1 (0x000071634327d000)
	libspdlog.so.1.12 => /usr/lib/x86_64-linux-gnu/libspdlog.so.1.12 (0x0000716343d45000)
	libopencv_core.so.406 => /usr/lib/x86_64-linux-gnu/libopencv_core.so.406 (0x0000716342f09000)
	libgtsam_points_cuda.so.1 => /usr/local/lib/libgtsam_points_cuda.so.1 (0x0000716342bf2000)
	libgomp.so.1 => /usr/lib/x86_64-linux-gnu/libgomp.so.1 (0x0000716342b9c000)
	libgtsam.so.4 => /usr/lib/x86_64-linux-gnu/libgtsam.so.4 (0x000071634269f000)
	libboost_serialization.so.1.83.0 => /usr/lib/x86_64-linux-gnu/libboost_serialization.so.1.83.0 (0x000071634265c000)
	libboost_filesystem.so.1.83.0 => /usr/lib/x86_64-linux-gnu/libboost_filesystem.so.1.83.0 (0x0000716342639000)
	libcephes-gtsam.so.1 => /usr/lib/x86_64-linux-gnu/libcephes-gtsam.so.1 (0x0000716342607000)
	libfmt.so.9 => /usr/lib/x86_64-linux-gnu/libfmt.so.9 (0x00007163425e6000)
	libiap__rosidl_generator_c.so => /home/dev/ws_iap/src/iap/results/icra27/icra031/install/lib/libiap__rosidl_generator_c.so (0x000071634461e000)
	librcl_logging_spdlog.so => /opt/ros/jazzy/lib/librcl_logging_spdlog.so (0x0000716343d3b000)
	librcl_interfaces__rosidl_typesupport_c.so => /opt/ros/jazzy/lib/librcl_interfaces__rosidl_typesupport_c.so (0x0000716343d2b000)
	libtype_description_interfaces__rosidl_generator_c.so => /opt/ros/jazzy/lib/libtype_description_interfaces__rosidl_generator_c.so (0x00007163425ce000)
	libyaml-0.so.2 => /usr/lib/x86_64-linux-gnu/libyaml-0.so.2 (0x00007163425ad000)
	libstatistics_msgs__rosidl_generator_c.so => /opt/ros/jazzy/lib/libstatistics_msgs__rosidl_generator_c.so (0x00007163425a4000)
	liblttng-ust.so.1 => /usr/lib/x86_64-linux-gnu/liblttng-ust.so.1 (0x0000716342521000)
	libsensor_msgs__rosidl_generator_c.so => /opt/ros/jazzy/lib/libsensor_msgs__rosidl_generator_c.so (0x00007163424dd000)
	libglog.so.1 => /usr/lib/x86_64-linux-gnu/libglog.so.1 (0x00007163424a7000)
	libgnss_comm__rosidl_generator_c.so => /home/dev/ws_iap/install/gnss_comm/lib/libgnss_comm__rosidl_generator_c.so (0x000071634246e000)
	libstd_msgs__rosidl_generator_c.so => /opt/ros/jazzy/lib/libstd_msgs__rosidl_generator_c.so (0x000071634243d000)
	librcl_interfaces__rosidl_generator_c.so => /opt/ros/jazzy/lib/librcl_interfaces__rosidl_generator_c.so (0x00007163423ef000)
	librosgraph_msgs__rosidl_generator_c.so => /opt/ros/jazzy/lib/librosgraph_msgs__rosidl_generator_c.so (0x00007163423ea000)
	librosidl_typesupport_c.so => /opt/ros/jazzy/lib/librosidl_typesupport_c.so (0x00007163423e4000)
	libgeometry_msgs__rosidl_generator_c.so => /opt/ros/jazzy/lib/libgeometry_msgs__rosidl_generator_c.so (0x00007163423a6000)
	libservice_msgs__rosidl_generator_c.so => /opt/ros/jazzy/lib/libservice_msgs__rosidl_generator_c.so (0x00007163423a1000)
	libbuiltin_interfaces__rosidl_generator_c.so => /opt/ros/jazzy/lib/libbuiltin_interfaces__rosidl_generator_c.so (0x0000716342398000)
	libboost_timer.so.1.83.0 => /usr/lib/x86_64-linux-gnu/libboost_timer.so.1.83.0 (0x0000716342391000)
	libz.so.1 => /usr/lib/x86_64-linux-gnu/libz.so.1 (0x0000716342375000)
	libGLX.so.0 => /usr/lib/x86_64-linux-gnu/libGLX.so.0 (0x0000716342342000)
	liblapack.so.3 => /usr/lib/x86_64-linux-gnu/liblapack.so.3 (0x0000716341c52000)
	libblas.so.3 => /usr/lib/x86_64-linux-gnu/libblas.so.3 (0x0000716341ba9000)
	libtbb.so.12 => /usr/lib/x86_64-linux-gnu/libtbb.so.12 (0x0000716341b55000)
	libcudart.so.12 => /usr/local/cuda/targets/x86_64-linux/lib/libcudart.so.12 (0x0000716341800000)
	libmetis.so.5 => /usr/lib/x86_64-linux-gnu/libmetis.so.5 (0x0000716341aeb000)
	libnuma.so.1 => /usr/lib/x86_64-linux-gnu/libnuma.so.1 (0x0000716341add000)
	liblttng-ust-common.so.1 => /usr/lib/x86_64-linux-gnu/liblttng-ust-common.so.1 (0x0000716341ace000)
	liblttng-ust-tracepoint.so.1 => /usr/lib/x86_64-linux-gnu/liblttng-ust-tracepoint.so.1 (0x0000716341ab1000)
	libgflags.so.2.2 => /usr/lib/x86_64-linux-gnu/libgflags.so.2.2 (0x00007163417df000)
	libunwind.so.8 => /usr/lib/x86_64-linux-gnu/libunwind.so.8 (0x00007163417c4000)
	libGLdispatch.so.0 => /usr/lib/x86_64-linux-gnu/libGLdispatch.so.0 (0x000071634170c000)
	libX11.so.6 => /usr/lib/x86_64-linux-gnu/libX11.so.6 (0x00007163415cd000)
	libgfortran.so.5 => /usr/lib/x86_64-linux-gnu/libgfortran.so.5 (0x00007163412af000)
	libdl.so.2 => /usr/lib/x86_64-linux-gnu/libdl.so.2 (0x00007163412aa000)
	libpthread.so.0 => /usr/lib/x86_64-linux-gnu/libpthread.so.0 (0x00007163412a5000)
	librt.so.1 => /usr/lib/x86_64-linux-gnu/librt.so.1 (0x00007163412a0000)
	liblzma.so.5 => /usr/lib/x86_64-linux-gnu/liblzma.so.5 (0x000071634126c000)
	libxcb.so.1 => /usr/lib/x86_64-linux-gnu/libxcb.so.1 (0x0000716341243000)
	libXau.so.6 => /usr/lib/x86_64-linux-gnu/libXau.so.6 (0x000071634123d000)
	libXdmcp.so.6 => /usr/lib/x86_64-linux-gnu/libXdmcp.so.6 (0x0000716341235000)
	libbsd.so.0 => /usr/lib/x86_64-linux-gnu/libbsd.so.0 (0x000071634121f000)
	libmd.so.0 => /usr/lib/x86_64-linux-gnu/libmd.so.0 (0x000071634120e000)
BINARY=/home/dev/ws_iap/src/iap/results/icra27/icra026/build_ego/test_p0_occupancy_epoch_adapter
	linux-vdso.so.1 (0x00007b9051a55000)
	libiap.so => /home/dev/ws_iap/src/iap/results/icra27/icra031/install/lib/libiap.so (0x00007b9051000000)
	libstdc++.so.6 => /usr/lib/x86_64-linux-gnu/libstdc++.so.6 (0x00007b9050d82000)
	libm.so.6 => /usr/lib/x86_64-linux-gnu/libm.so.6 (0x00007b90518c3000)
	libgcc_s.so.1 => /usr/lib/x86_64-linux-gnu/libgcc_s.so.1 (0x00007b9051895000)
	libc.so.6 => /usr/lib/x86_64-linux-gnu/libc.so.6 (0x00007b9050b70000)
	libgtsam_points.so.1 => /usr/local/lib/libgtsam_points.so.1 (0x00007b905087d000)
	libspdlog.so.1.12 => /usr/lib/x86_64-linux-gnu/libspdlog.so.1.12 (0x00007b90507f6000)
	libopencv_core.so.406 => /usr/lib/x86_64-linux-gnu/libopencv_core.so.406 (0x00007b9050482000)
	libgnss_comm_lib.so => /home/dev/ws_iap/install/gnss_comm/lib/libgnss_comm_lib.so (0x00007b9050000000)
	libgtsam_points_cuda.so.1 => /usr/local/lib/libgtsam_points_cuda.so.1 (0x00007b904fce9000)
	libgomp.so.1 => /usr/lib/x86_64-linux-gnu/libgomp.so.1 (0x00007b905183d000)
	libgtsam.so.4 => /usr/lib/x86_64-linux-gnu/libgtsam.so.4 (0x00007b904f7ec000)
	libboost_serialization.so.1.83.0 => /usr/lib/x86_64-linux-gnu/libboost_serialization.so.1.83.0 (0x00007b905043f000)
	libboost_filesystem.so.1.83.0 => /usr/lib/x86_64-linux-gnu/libboost_filesystem.so.1.83.0 (0x00007b905041c000)
	libcephes-gtsam.so.1 => /usr/lib/x86_64-linux-gnu/libcephes-gtsam.so.1 (0x00007b90503ea000)
	libfmt.so.9 => /usr/lib/x86_64-linux-gnu/libfmt.so.9 (0x00007b90503c9000)
	/lib64/ld-linux-x86-64.so.2 (0x00007b9051a57000)
	libboost_timer.so.1.83.0 => /usr/lib/x86_64-linux-gnu/libboost_timer.so.1.83.0 (0x00007b9051834000)
	libz.so.1 => /usr/lib/x86_64-linux-gnu/libz.so.1 (0x00007b90503ad000)
	libGLX.so.0 => /usr/lib/x86_64-linux-gnu/libGLX.so.0 (0x00007b905037a000)
	liblapack.so.3 => /usr/lib/x86_64-linux-gnu/liblapack.so.3 (0x00007b904f0fc000)
	libblas.so.3 => /usr/lib/x86_64-linux-gnu/libblas.so.3 (0x00007b904f055000)
	libtbb.so.12 => /usr/lib/x86_64-linux-gnu/libtbb.so.12 (0x00007b9050326000)
	libglog.so.1 => /usr/lib/x86_64-linux-gnu/libglog.so.1 (0x00007b904f01f000)
	libcudart.so.12 => /usr/local/cuda/targets/x86_64-linux/lib/libcudart.so.12 (0x00007b904ec00000)
	libmetis.so.5 => /usr/lib/x86_64-linux-gnu/libmetis.so.5 (0x00007b904efb5000)
	libGLdispatch.so.0 => /usr/lib/x86_64-linux-gnu/libGLdispatch.so.0 (0x00007b904eefd000)
	libX11.so.6 => /usr/lib/x86_64-linux-gnu/libX11.so.6 (0x00007b904eac3000)
	libgfortran.so.5 => /usr/lib/x86_64-linux-gnu/libgfortran.so.5 (0x00007b904e7a5000)
	libgflags.so.2.2 => /usr/lib/x86_64-linux-gnu/libgflags.so.2.2 (0x00007b904eedc000)
	libunwind.so.8 => /usr/lib/x86_64-linux-gnu/libunwind.so.8 (0x00007b904eec1000)
	libdl.so.2 => /usr/lib/x86_64-linux-gnu/libdl.so.2 (0x00007b9051829000)
	libpthread.so.0 => /usr/lib/x86_64-linux-gnu/libpthread.so.0 (0x00007b9051824000)
	librt.so.1 => /usr/lib/x86_64-linux-gnu/librt.so.1 (0x00007b905181f000)
	libxcb.so.1 => /usr/lib/x86_64-linux-gnu/libxcb.so.1 (0x00007b904e77c000)
	liblzma.so.5 => /usr/lib/x86_64-linux-gnu/liblzma.so.5 (0x00007b904e74a000)
	libXau.so.6 => /usr/lib/x86_64-linux-gnu/libXau.so.6 (0x00007b904eebb000)
	libXdmcp.so.6 => /usr/lib/x86_64-linux-gnu/libXdmcp.so.6 (0x00007b904eeb3000)
	libbsd.so.0 => /usr/lib/x86_64-linux-gnu/libbsd.so.0 (0x00007b904e734000)
	libmd.so.0 => /usr/lib/x86_64-linux-gnu/libmd.so.0 (0x00007b904e725000)
BINARY=/home/dev/ws_iap/src/iap/results/icra27/icra026/build_path_searching/test_p4_risk_astar
	linux-vdso.so.1 (0x00007d0e1f7d1000)
	libpath_searching.so => /home/dev/ws_iap/src/iap/results/icra27/icra026/install_path_searching/lib/libpath_searching.so (0x00007d0e1f6ff000)
	libiap.so => /home/dev/ws_iap/src/iap/results/icra27/icra031/install/lib/libiap.so (0x00007d0e1ee00000)
	libstdc++.so.6 => /usr/lib/x86_64-linux-gnu/libstdc++.so.6 (0x00007d0e1eb82000)
	libm.so.6 => /usr/lib/x86_64-linux-gnu/libm.so.6 (0x00007d0e1ea99000)
	libgcc_s.so.1 => /usr/lib/x86_64-linux-gnu/libgcc_s.so.1 (0x00007d0e1f6b1000)
	libc.so.6 => /usr/lib/x86_64-linux-gnu/libc.so.6 (0x00007d0e1e887000)
	librclcpp.so => /opt/ros/jazzy/lib/librclcpp.so (0x00007d0e1e629000)
	librcutils.so => /opt/ros/jazzy/lib/librcutils.so (0x00007d0e1f691000)
	libgtsam_points.so.1 => /usr/local/lib/libgtsam_points.so.1 (0x00007d0e1e336000)
	libspdlog.so.1.12 => /usr/lib/x86_64-linux-gnu/libspdlog.so.1.12 (0x00007d0e1e2af000)
	libopencv_core.so.406 => /usr/lib/x86_64-linux-gnu/libopencv_core.so.406 (0x00007d0e1df3b000)
	libgnss_comm_lib.so => /home/dev/ws_iap/install/gnss_comm/lib/libgnss_comm_lib.so (0x00007d0e1dc00000)
	libgtsam_points_cuda.so.1 => /usr/local/lib/libgtsam_points_cuda.so.1 (0x00007d0e1d8e9000)
	libgomp.so.1 => /usr/lib/x86_64-linux-gnu/libgomp.so.1 (0x00007d0e1f637000)
	libgtsam.so.4 => /usr/lib/x86_64-linux-gnu/libgtsam.so.4 (0x00007d0e1d3ec000)
	libboost_serialization.so.1.83.0 => /usr/lib/x86_64-linux-gnu/libboost_serialization.so.1.83.0 (0x00007d0e1d3a9000)
	libboost_filesystem.so.1.83.0 => /usr/lib/x86_64-linux-gnu/libboost_filesystem.so.1.83.0 (0x00007d0e1d386000)
	libcephes-gtsam.so.1 => /usr/lib/x86_64-linux-gnu/libcephes-gtsam.so.1 (0x00007d0e1d354000)
	libfmt.so.9 => /usr/lib/x86_64-linux-gnu/libfmt.so.9 (0x00007d0e1d333000)
	/lib64/ld-linux-x86-64.so.2 (0x00007d0e1f7d3000)
	liblibstatistics_collector.so => /opt/ros/jazzy/lib/liblibstatistics_collector.so (0x00007d0e1f62d000)
	librcl.so => /opt/ros/jazzy/lib/librcl.so (0x00007d0e1d2ec000)
	librcl_interfaces__rosidl_typesupport_cpp.so => /opt/ros/jazzy/lib/librcl_interfaces__rosidl_typesupport_cpp.so (0x00007d0e1d2d1000)
	librcl_yaml_param_parser.so => /opt/ros/jazzy/lib/librcl_yaml_param_parser.so (0x00007d0e1f621000)
	librosgraph_msgs__rosidl_typesupport_cpp.so => /opt/ros/jazzy/lib/librosgraph_msgs__rosidl_typesupport_cpp.so (0x00007d0e1f61c000)
	libstatistics_msgs__rosidl_typesupport_cpp.so => /opt/ros/jazzy/lib/libstatistics_msgs__rosidl_typesupport_cpp.so (0x00007d0e1df33000)
	libtracetools.so => /opt/ros/jazzy/lib/libtracetools.so (0x00007d0e1d2b7000)
	librcl_logging_interface.so => /opt/ros/jazzy/lib/librcl_logging_interface.so (0x00007d0e1df2e000)
	librmw_implementation.so => /opt/ros/jazzy/lib/librmw_implementation.so (0x00007d0e1d2aa000)
	libament_index_cpp.so => /opt/ros/jazzy/lib/libament_index_cpp.so (0x00007d0e1d29e000)
	libtype_description_interfaces__rosidl_typesupport_c.so => /opt/ros/jazzy/lib/libtype_description_interfaces__rosidl_typesupport_c.so (0x00007d0e1d297000)
	librmw.so => /opt/ros/jazzy/lib/librmw.so (0x00007d0e1d28c000)
	librosidl_dynamic_typesupport.so => /opt/ros/jazzy/lib/librosidl_dynamic_typesupport.so (0x00007d0e1d273000)
	librosidl_typesupport_introspection_cpp.so => /opt/ros/jazzy/lib/librosidl_typesupport_introspection_cpp.so (0x00007d0e1df27000)
	librcpputils.so => /opt/ros/jazzy/lib/librcpputils.so (0x00007d0e1d264000)
	librosidl_runtime_c.so => /opt/ros/jazzy/lib/librosidl_runtime_c.so (0x00007d0e1d243000)
	libboost_timer.so.1.83.0 => /usr/lib/x86_64-linux-gnu/libboost_timer.so.1.83.0 (0x00007d0e1d23c000)
	libz.so.1 => /usr/lib/x86_64-linux-gnu/libz.so.1 (0x00007d0e1d220000)
	libGLX.so.0 => /usr/lib/x86_64-linux-gnu/libGLX.so.0 (0x00007d0e1d1ed000)
	liblapack.so.3 => /usr/lib/x86_64-linux-gnu/liblapack.so.3 (0x00007d0e1cafd000)
	libblas.so.3 => /usr/lib/x86_64-linux-gnu/libblas.so.3 (0x00007d0e1ca54000)
	libtbb.so.12 => /usr/lib/x86_64-linux-gnu/libtbb.so.12 (0x00007d0e1ca00000)
	libglog.so.1 => /usr/lib/x86_64-linux-gnu/libglog.so.1 (0x00007d0e1c9ca000)
	libcudart.so.12 => /usr/local/cuda/targets/x86_64-linux/lib/libcudart.so.12 (0x00007d0e1c600000)
	libmetis.so.5 => /usr/lib/x86_64-linux-gnu/libmetis.so.5 (0x00007d0e1c960000)
	librcl_logging_spdlog.so => /opt/ros/jazzy/lib/librcl_logging_spdlog.so (0x00007d0e1c954000)
	librcl_interfaces__rosidl_typesupport_c.so => /opt/ros/jazzy/lib/librcl_interfaces__rosidl_typesupport_c.so (0x00007d0e1c944000)
	libtype_description_interfaces__rosidl_generator_c.so => /opt/ros/jazzy/lib/libtype_description_interfaces__rosidl_generator_c.so (0x00007d0e1c92c000)
	libyaml-0.so.2 => /usr/lib/x86_64-linux-gnu/libyaml-0.so.2 (0x00007d0e1c90b000)
	librcl_interfaces__rosidl_generator_c.so => /opt/ros/jazzy/lib/librcl_interfaces__rosidl_generator_c.so (0x00007d0e1c8bd000)
	librosidl_typesupport_cpp.so => /opt/ros/jazzy/lib/librosidl_typesupport_cpp.so (0x00007d0e1c8b5000)
	librosgraph_msgs__rosidl_generator_c.so => /opt/ros/jazzy/lib/librosgraph_msgs__rosidl_generator_c.so (0x00007d0e1c8b0000)
	libstatistics_msgs__rosidl_generator_c.so => /opt/ros/jazzy/lib/libstatistics_msgs__rosidl_generator_c.so (0x00007d0e1c5f7000)
	liblttng-ust.so.1 => /usr/lib/x86_64-linux-gnu/liblttng-ust.so.1 (0x00007d0e1c574000)
	librosidl_typesupport_c.so => /opt/ros/jazzy/lib/librosidl_typesupport_c.so (0x00007d0e1c56e000)
	libGLdispatch.so.0 => /usr/lib/x86_64-linux-gnu/libGLdispatch.so.0 (0x00007d0e1c4b4000)
	libX11.so.6 => /usr/lib/x86_64-linux-gnu/libX11.so.6 (0x00007d0e1c377000)
	libgfortran.so.5 => /usr/lib/x86_64-linux-gnu/libgfortran.so.5 (0x00007d0e1c059000)
	libgflags.so.2.2 => /usr/lib/x86_64-linux-gnu/libgflags.so.2.2 (0x00007d0e1c038000)
	libunwind.so.8 => /usr/lib/x86_64-linux-gnu/libunwind.so.8 (0x00007d0e1c01d000)
	libdl.so.2 => /usr/lib/x86_64-linux-gnu/libdl.so.2 (0x00007d0e1c016000)
	libpthread.so.0 => /usr/lib/x86_64-linux-gnu/libpthread.so.0 (0x00007d0e1c011000)
	librt.so.1 => /usr/lib/x86_64-linux-gnu/librt.so.1 (0x00007d0e1c00c000)
	libservice_msgs__rosidl_generator_c.so => /opt/ros/jazzy/lib/libservice_msgs__rosidl_generator_c.so (0x00007d0e1c007000)
	libbuiltin_interfaces__rosidl_generator_c.so => /opt/ros/jazzy/lib/libbuiltin_interfaces__rosidl_generator_c.so (0x00007d0e1c000000)
	libnuma.so.1 => /usr/lib/x86_64-linux-gnu/libnuma.so.1 (0x00007d0e1bff0000)
	liblttng-ust-common.so.1 => /usr/lib/x86_64-linux-gnu/liblttng-ust-common.so.1 (0x00007d0e1bfe3000)
	liblttng-ust-tracepoint.so.1 => /usr/lib/x86_64-linux-gnu/liblttng-ust-tracepoint.so.1 (0x00007d0e1bfc6000)
	libxcb.so.1 => /usr/lib/x86_64-linux-gnu/libxcb.so.1 (0x00007d0e1bf9d000)
	liblzma.so.5 => /usr/lib/x86_64-linux-gnu/liblzma.so.5 (0x00007d0e1bf6b000)
	libXau.so.6 => /usr/lib/x86_64-linux-gnu/libXau.so.6 (0x00007d0e1bf63000)
	libXdmcp.so.6 => /usr/lib/x86_64-linux-gnu/libXdmcp.so.6 (0x00007d0e1bf5b000)
	libbsd.so.0 => /usr/lib/x86_64-linux-gnu/libbsd.so.0 (0x00007d0e1bf45000)
	libmd.so.0 => /usr/lib/x86_64-linux-gnu/libmd.so.0 (0x00007d0e1bf36000)
BINARY=/home/dev/ws_iap/src/iap/results/icra27/icra026/build_bspline_opt/test_p1_integrity_cost
	linux-vdso.so.1 (0x00007b80083ea000)
	libiap.so => /home/dev/ws_iap/src/iap/results/icra27/icra031/install/lib/libiap.so (0x00007b8007a00000)
	libcephes-gtsam.so.1 => /usr/lib/x86_64-linux-gnu/libcephes-gtsam.so.1 (0x00007b8008220000)
	librclcpp.so => /opt/ros/jazzy/lib/librclcpp.so (0x00007b80077a2000)
	libplan_env.so => /home/dev/ws_iap/src/iap/results/icra27/icra026/install_plan_env/lib/libplan_env.so (0x00007b8007400000)
	libpath_searching.so => /home/dev/ws_iap/src/iap/results/icra27/icra026/install_path_searching/lib/libpath_searching.so (0x00007b8007778000)
	librcutils.so => /opt/ros/jazzy/lib/librcutils.so (0x00007b8007758000)
	libstdc++.so.6 => /usr/lib/x86_64-linux-gnu/libstdc++.so.6 (0x00007b8007182000)
	libm.so.6 => /usr/lib/x86_64-linux-gnu/libm.so.6 (0x00007b8007099000)
	libgcc_s.so.1 => /usr/lib/x86_64-linux-gnu/libgcc_s.so.1 (0x00007b800772a000)
	libc.so.6 => /usr/lib/x86_64-linux-gnu/libc.so.6 (0x00007b8006e87000)
	libgtsam_points.so.1 => /usr/local/lib/libgtsam_points.so.1 (0x00007b8006b94000)
	libspdlog.so.1.12 => /usr/lib/x86_64-linux-gnu/libspdlog.so.1.12 (0x00007b80076a3000)
	libopencv_core.so.406 => /usr/lib/x86_64-linux-gnu/libopencv_core.so.406 (0x00007b8006820000)
	libgnss_comm_lib.so => /home/dev/ws_iap/install/gnss_comm/lib/libgnss_comm_lib.so (0x00007b8006400000)
	libgtsam_points_cuda.so.1 => /usr/local/lib/libgtsam_points_cuda.so.1 (0x00007b80060e9000)
	libgomp.so.1 => /usr/lib/x86_64-linux-gnu/libgomp.so.1 (0x00007b80067ca000)
	libgtsam.so.4 => /usr/lib/x86_64-linux-gnu/libgtsam.so.4 (0x00007b8005bec000)
	libboost_serialization.so.1.83.0 => /usr/lib/x86_64-linux-gnu/libboost_serialization.so.1.83.0 (0x00007b8006787000)
	libboost_filesystem.so.1.83.0 => /usr/lib/x86_64-linux-gnu/libboost_filesystem.so.1.83.0 (0x00007b8006764000)
	libfmt.so.9 => /usr/lib/x86_64-linux-gnu/libfmt.so.9 (0x00007b8006743000)
	/lib64/ld-linux-x86-64.so.2 (0x00007b80083ec000)
	liblibstatistics_collector.so => /opt/ros/jazzy/lib/liblibstatistics_collector.so (0x00007b8007697000)
	librcl.so => /opt/ros/jazzy/lib/librcl.so (0x00007b8005ba5000)
	librcl_interfaces__rosidl_typesupport_cpp.so => /opt/ros/jazzy/lib/librcl_interfaces__rosidl_typesupport_cpp.so (0x00007b8006728000)
	librcl_yaml_param_parser.so => /opt/ros/jazzy/lib/librcl_yaml_param_parser.so (0x00007b800768b000)
	librosgraph_msgs__rosidl_typesupport_cpp.so => /opt/ros/jazzy/lib/librosgraph_msgs__rosidl_typesupport_cpp.so (0x00007b8007684000)
	libstatistics_msgs__rosidl_typesupport_cpp.so => /opt/ros/jazzy/lib/libstatistics_msgs__rosidl_typesupport_cpp.so (0x00007b8005b9f000)
	libtracetools.so => /opt/ros/jazzy/lib/libtracetools.so (0x00007b8005b85000)
	librcl_logging_interface.so => /opt/ros/jazzy/lib/librcl_logging_interface.so (0x00007b8005b80000)
	librmw_implementation.so => /opt/ros/jazzy/lib/librmw_implementation.so (0x00007b8005b73000)
	libament_index_cpp.so => /opt/ros/jazzy/lib/libament_index_cpp.so (0x00007b8005b67000)
	libtype_description_interfaces__rosidl_typesupport_c.so => /opt/ros/jazzy/lib/libtype_description_interfaces__rosidl_typesupport_c.so (0x00007b8005b60000)
	librmw.so => /opt/ros/jazzy/lib/librmw.so (0x00007b8005b55000)
	librosidl_dynamic_typesupport.so => /opt/ros/jazzy/lib/librosidl_dynamic_typesupport.so (0x00007b8005b3c000)
	librosidl_typesupport_introspection_cpp.so => /opt/ros/jazzy/lib/librosidl_typesupport_introspection_cpp.so (0x00007b8005b37000)
	librcpputils.so => /opt/ros/jazzy/lib/librcpputils.so (0x00007b8005b28000)
	librosidl_runtime_c.so => /opt/ros/jazzy/lib/librosidl_runtime_c.so (0x00007b8005b09000)
	libvisualization_msgs__rosidl_typesupport_cpp.so => /opt/ros/jazzy/lib/libvisualization_msgs__rosidl_typesupport_cpp.so (0x00007b8005afd000)
	libnav_msgs__rosidl_typesupport_cpp.so => /opt/ros/jazzy/lib/libnav_msgs__rosidl_typesupport_cpp.so (0x00007b8005af0000)
	libcv_bridge.so => /opt/ros/jazzy/lib/libcv_bridge.so (0x00007b8005abf000)
	libmessage_filters.so => /opt/ros/jazzy/lib/libmessage_filters.so (0x00007b8005aba000)
	libpcl_common.so.1.14 => /usr/lib/x86_64-linux-gnu/libpcl_common.so.1.14 (0x00007b8005a20000)
	libsensor_msgs__rosidl_typesupport_cpp.so => /opt/ros/jazzy/lib/libsensor_msgs__rosidl_typesupport_cpp.so (0x00007b8005a11000)
	libgeometry_msgs__rosidl_typesupport_cpp.so => /opt/ros/jazzy/lib/libgeometry_msgs__rosidl_typesupport_cpp.so (0x00007b8005a03000)
	libboost_timer.so.1.83.0 => /usr/lib/x86_64-linux-gnu/libboost_timer.so.1.83.0 (0x00007b80059fc000)
	libz.so.1 => /usr/lib/x86_64-linux-gnu/libz.so.1 (0x00007b80059de000)
	libGLX.so.0 => /usr/lib/x86_64-linux-gnu/libGLX.so.0 (0x00007b80059ab000)
	liblapack.so.3 => /usr/lib/x86_64-linux-gnu/liblapack.so.3 (0x00007b80052bb000)
	libblas.so.3 => /usr/lib/x86_64-linux-gnu/libblas.so.3 (0x00007b8005214000)
	libtbb.so.12 => /usr/lib/x86_64-linux-gnu/libtbb.so.12 (0x00007b80051c0000)
	libglog.so.1 => /usr/lib/x86_64-linux-gnu/libglog.so.1 (0x00007b8005188000)
	libcudart.so.12 => /usr/local/cuda/targets/x86_64-linux/lib/libcudart.so.12 (0x00007b8004e00000)
	libmetis.so.5 => /usr/lib/x86_64-linux-gnu/libmetis.so.5 (0x00007b800511e000)
	librcl_logging_spdlog.so => /opt/ros/jazzy/lib/librcl_logging_spdlog.so (0x00007b8005114000)
	librcl_interfaces__rosidl_typesupport_c.so => /opt/ros/jazzy/lib/librcl_interfaces__rosidl_typesupport_c.so (0x00007b8005104000)
	libtype_description_interfaces__rosidl_generator_c.so => /opt/ros/jazzy/lib/libtype_description_interfaces__rosidl_generator_c.so (0x00007b80050ea000)
	libyaml-0.so.2 => /usr/lib/x86_64-linux-gnu/libyaml-0.so.2 (0x00007b80050c9000)
	librcl_interfaces__rosidl_generator_c.so => /opt/ros/jazzy/lib/librcl_interfaces__rosidl_generator_c.so (0x00007b8004db2000)
	librosidl_typesupport_cpp.so => /opt/ros/jazzy/lib/librosidl_typesupport_cpp.so (0x00007b80050c3000)
	librosgraph_msgs__rosidl_generator_c.so => /opt/ros/jazzy/lib/librosgraph_msgs__rosidl_generator_c.so (0x00007b80050be000)
	libstatistics_msgs__rosidl_generator_c.so => /opt/ros/jazzy/lib/libstatistics_msgs__rosidl_generator_c.so (0x00007b80050b3000)
	liblttng-ust.so.1 => /usr/lib/x86_64-linux-gnu/liblttng-ust.so.1 (0x00007b8004d2f000)
	librosidl_typesupport_c.so => /opt/ros/jazzy/lib/librosidl_typesupport_c.so (0x00007b8004d29000)
	libvisualization_msgs__rosidl_generator_c.so => /opt/ros/jazzy/lib/libvisualization_msgs__rosidl_generator_c.so (0x00007b8004cf5000)
	libnav_msgs__rosidl_generator_c.so => /opt/ros/jazzy/lib/libnav_msgs__rosidl_generator_c.so (0x00007b8004cc2000)
	libopencv_imgcodecs.so.406 => /usr/lib/x86_64-linux-gnu/libopencv_imgcodecs.so.406 (0x00007b8004c69000)
	libopencv_imgproc.so.406 => /usr/lib/x86_64-linux-gnu/libopencv_imgproc.so.406 (0x00007b800470f000)
	libsensor_msgs__rosidl_generator_c.so => /opt/ros/jazzy/lib/libsensor_msgs__rosidl_generator_c.so (0x00007b80046cb000)
	libgeometry_msgs__rosidl_generator_c.so => /opt/ros/jazzy/lib/libgeometry_msgs__rosidl_generator_c.so (0x00007b800468d000)
	libGLdispatch.so.0 => /usr/lib/x86_64-linux-gnu/libGLdispatch.so.0 (0x00007b80045d5000)
	libX11.so.6 => /usr/lib/x86_64-linux-gnu/libX11.so.6 (0x00007b8004496000)
	libgfortran.so.5 => /usr/lib/x86_64-linux-gnu/libgfortran.so.5 (0x00007b8004178000)
	libgflags.so.2.2 => /usr/lib/x86_64-linux-gnu/libgflags.so.2.2 (0x00007b8004157000)
	libunwind.so.8 => /usr/lib/x86_64-linux-gnu/libunwind.so.8 (0x00007b800413c000)
	libdl.so.2 => /usr/lib/x86_64-linux-gnu/libdl.so.2 (0x00007b8004137000)
	libpthread.so.0 => /usr/lib/x86_64-linux-gnu/libpthread.so.0 (0x00007b8004130000)
	librt.so.1 => /usr/lib/x86_64-linux-gnu/librt.so.1 (0x00007b800412b000)
	libservice_msgs__rosidl_generator_c.so => /opt/ros/jazzy/lib/libservice_msgs__rosidl_generator_c.so (0x00007b8004126000)
	libbuiltin_interfaces__rosidl_generator_c.so => /opt/ros/jazzy/lib/libbuiltin_interfaces__rosidl_generator_c.so (0x00007b800411f000)
	libnuma.so.1 => /usr/lib/x86_64-linux-gnu/libnuma.so.1 (0x00007b8004111000)
	liblttng-ust-common.so.1 => /usr/lib/x86_64-linux-gnu/liblttng-ust-common.so.1 (0x00007b8004102000)
	liblttng-ust-tracepoint.so.1 => /usr/lib/x86_64-linux-gnu/liblttng-ust-tracepoint.so.1 (0x00007b80040e5000)
	libstd_msgs__rosidl_generator_c.so => /opt/ros/jazzy/lib/libstd_msgs__rosidl_generator_c.so (0x00007b80040b4000)
	libjpeg.so.8 => /usr/lib/x86_64-linux-gnu/libjpeg.so.8 (0x00007b8004031000)
	libwebp.so.7 => /usr/lib/x86_64-linux-gnu/libwebp.so.7 (0x00007b8003fb6000)
	libpng16.so.16 => /usr/lib/x86_64-linux-gnu/libpng16.so.16 (0x00007b8003f7c000)
	libgdcmMSFF.so.3.0 => /usr/lib/x86_64-linux-gnu/libgdcmMSFF.so.3.0 (0x00007b8003d50000)
	libtiff.so.6 => /usr/lib/x86_64-linux-gnu/libtiff.so.6 (0x00007b8003cc3000)
	libopenjp2.so.7 => /usr/lib/x86_64-linux-gnu/libopenjp2.so.7 (0x00007b8003c62000)
	libOpenEXR-3_1.so.30 => /usr/lib/x86_64-linux-gnu/libOpenEXR-3_1.so.30 (0x00007b800395d000)
	libgdal.so.34 => /usr/lib/x86_64-linux-gnu/libgdal.so.34 (0x00007b8002186000)
	libgdcmDSED.so.3.0 => /usr/lib/x86_64-linux-gnu/libgdcmDSED.so.3.0 (0x00007b800208c000)
	libxcb.so.1 => /usr/lib/x86_64-linux-gnu/libxcb.so.1 (0x00007b8002063000)
	liblzma.so.5 => /usr/lib/x86_64-linux-gnu/liblzma.so.5 (0x00007b8002031000)
	libsharpyuv.so.0 => /usr/lib/x86_64-linux-gnu/libsharpyuv.so.0 (0x00007b8002029000)
	libgdcmDICT.so.3.0 => /usr/lib/x86_64-linux-gnu/libgdcmDICT.so.3.0 (0x00007b8001d4f000)
	libgdcmjpeg8.so.3.0 => /usr/lib/x86_64-linux-gnu/libgdcmjpeg8.so.3.0 (0x00007b8001d24000)
	libgdcmjpeg12.so.3.0 => /usr/lib/x86_64-linux-gnu/libgdcmjpeg12.so.3.0 (0x00007b8001cf9000)
	libgdcmjpeg16.so.3.0 => /usr/lib/x86_64-linux-gnu/libgdcmjpeg16.so.3.0 (0x00007b8001cce000)
	libcharls.so.2 => /usr/lib/x86_64-linux-gnu/libcharls.so.2 (0x00007b8001c7a000)
	libuuid.so.1 => /usr/lib/x86_64-linux-gnu/libuuid.so.1 (0x00007b8001c70000)
	libjson-c.so.5 => /usr/lib/x86_64-linux-gnu/libjson-c.so.5 (0x00007b8001c5a000)
	libgdcmIOD.so.3.0 => /usr/lib/x86_64-linux-gnu/libgdcmIOD.so.3.0 (0x00007b8001c44000)
	libgdcmCommon.so.3.0 => /usr/lib/x86_64-linux-gnu/libgdcmCommon.so.3.0 (0x00007b8001c1f000)
	libzstd.so.1 => /usr/lib/x86_64-linux-gnu/libzstd.so.1 (0x00007b8001b65000)
	libLerc.so.4 => /usr/lib/x86_64-linux-gnu/libLerc.so.4 (0x00007b8001ade000)
	libjbig.so.0 => /usr/lib/x86_64-linux-gnu/libjbig.so.0 (0x00007b8001acc000)
	libdeflate.so.0 => /usr/lib/x86_64-linux-gnu/libdeflate.so.0 (0x00007b8001ab9000)
	libImath-3_1.so.29 => /usr/lib/x86_64-linux-gnu/libImath-3_1.so.29 (0x00007b8001a6b000)
	libIlmThread-3_1.so.30 => /usr/lib/x86_64-linux-gnu/libIlmThread-3_1.so.30 (0x00007b8001a61000)
	libIex-3_1.so.30 => /usr/lib/x86_64-linux-gnu/libIex-3_1.so.30 (0x00007b80019de000)
	libcurl.so.4 => /usr/lib/x86_64-linux-gnu/libcurl.so.4 (0x00007b800191b000)
	libodbc.so.2 => /usr/lib/x86_64-linux-gnu/libodbc.so.2 (0x00007b80018ab000)
	libodbcinst.so.2 => /usr/lib/x86_64-linux-gnu/libodbcinst.so.2 (0x00007b8001897000)
	libxml2.so.2 => /usr/lib/x86_64-linux-gnu/libxml2.so.2 (0x00007b80016b5000)
	libcrypto.so.3 => /usr/lib/x86_64-linux-gnu/libcrypto.so.3 (0x00007b80011a1000)
	liblz4.so.1 => /usr/lib/x86_64-linux-gnu/liblz4.so.1 (0x00007b800117f000)
	libblosc.so.1 => /usr/lib/x86_64-linux-gnu/libblosc.so.1 (0x00007b800116d000)
	libarmadillo.so.12 => /lib/libarmadillo.so.12 (0x00007b800115a000)
	libqhull_r.so.8.0 => /usr/lib/x86_64-linux-gnu/libqhull_r.so.8.0 (0x00007b80010ea000)
	libxerces-c-3.2.so => /usr/lib/x86_64-linux-gnu/libxerces-c-3.2.so (0x00007b8000d95000)
	libgeotiff.so.5 => /usr/lib/x86_64-linux-gnu/libgeotiff.so.5 (0x00007b8000d5f000)
	libheif.so.1 => /usr/lib/x86_64-linux-gnu/libheif.so.1 (0x00007b8000c9f000)
	libaec.so.0 => /usr/lib/x86_64-linux-gnu/libaec.so.0 (0x00007b8000c94000)
	libpoppler.so.134 => /usr/lib/x86_64-linux-gnu/libpoppler.so.134 (0x00007b8000920000)
	libgif.so.7 => /usr/lib/x86_64-linux-gnu/libgif.so.7 (0x00007b8000915000)
	libnetcdf.so.19 => /usr/lib/x86_64-linux-gnu/libnetcdf.so.19 (0x00007b800072a000)
	libcfitsio.so.10 => /usr/lib/x86_64-linux-gnu/libcfitsio.so.10 (0x00007b8000422000)
	libhdf5_serial.so.103 => /usr/lib/x86_64-linux-gnu/libhdf5_serial.so.103 (0x00007b80000ae000)
	libsqlite3.so.0 => /usr/lib/x86_64-linux-gnu/libsqlite3.so.0 (0x00007b7ffff44000)
	libpq.so.5 => /usr/lib/x86_64-linux-gnu/libpq.so.5 (0x00007b7fffeed000)
	libkmlbase.so.1 => /usr/lib/x86_64-linux-gnu/libkmlbase.so.1 (0x00007b7fffed0000)
	libkmldom.so.1 => /usr/lib/x86_64-linux-gnu/libkmldom.so.1 (0x00007b7fffe3e000)
	libkmlengine.so.1 => /usr/lib/x86_64-linux-gnu/libkmlengine.so.1 (0x00007b7fffe10000)
	libfyba.so.0 => /usr/lib/x86_64-linux-gnu/libfyba.so.0 (0x00007b7fffdba000)
	libpcre2-8.so.0 => /usr/lib/x86_64-linux-gnu/libpcre2-8.so.0 (0x00007b7fffd1e000)
	libspatialite.so.8 => /usr/lib/x86_64-linux-gnu/libspatialite.so.8 (0x00007b7fff5b3000)
	libmysqlclient.so.21 => /usr/lib/x86_64-linux-gnu/libmysqlclient.so.21 (0x00007b7ffef34000)
	libfreexl.so.1 => /usr/lib/x86_64-linux-gnu/libfreexl.so.1 (0x00007b7ffef23000)
	libogdi.so.4.1 => /usr/lib/x86_64-linux-gnu/libogdi.so.4.1 (0x00007b7ffef08000)
	libexpat.so.1 => /usr/lib/x86_64-linux-gnu/libexpat.so.1 (0x00007b7ffeedc000)
	libgeos_c.so.1 => /usr/lib/x86_64-linux-gnu/libgeos_c.so.1 (0x00007b7ffee91000)
	libproj.so.25 => /usr/lib/x86_64-linux-gnu/libproj.so.25 (0x00007b7ffeacf000)
	libdfalt.so.0 => /usr/lib/x86_64-linux-gnu/libdfalt.so.0 (0x00007b7ffea2b000)
	libmfhdfalt.so.0 => /usr/lib/x86_64-linux-gnu/libmfhdfalt.so.0 (0x00007b7ffea02000)
	libXau.so.6 => /usr/lib/x86_64-linux-gnu/libXau.so.6 (0x00007b7ffe9fc000)
	libXdmcp.so.6 => /usr/lib/x86_64-linux-gnu/libXdmcp.so.6 (0x00007b7ffe9f2000)
	libnghttp2.so.14 => /usr/lib/x86_64-linux-gnu/libnghttp2.so.14 (0x00007b7ffe9c7000)
	libidn2.so.0 => /usr/lib/x86_64-linux-gnu/libidn2.so.0 (0x00007b7ffe9a5000)
	librtmp.so.1 => /usr/lib/x86_64-linux-gnu/librtmp.so.1 (0x00007b7ffe987000)
	libssh.so.4 => /usr/lib/x86_64-linux-gnu/libssh.so.4 (0x00007b7ffe915000)
	libpsl.so.5 => /usr/lib/x86_64-linux-gnu/libpsl.so.5 (0x00007b7ffe8ff000)
	libssl.so.3 => /usr/lib/x86_64-linux-gnu/libssl.so.3 (0x00007b7ffe855000)
	libgssapi_krb5.so.2 => /usr/lib/x86_64-linux-gnu/libgssapi_krb5.so.2 (0x00007b7ffe801000)
	libldap.so.2 => /usr/lib/x86_64-linux-gnu/libldap.so.2 (0x00007b7ffe7a4000)
	liblber.so.2 => /usr/lib/x86_64-linux-gnu/liblber.so.2 (0x00007b7ffe794000)
	libbrotlidec.so.1 => /usr/lib/x86_64-linux-gnu/libbrotlidec.so.1 (0x00007b7ffe786000)
	libltdl.so.7 => /usr/lib/x86_64-linux-gnu/libltdl.so.7 (0x00007b7ffe779000)
	libicuuc.so.74 => /usr/lib/x86_64-linux-gnu/libicuuc.so.74 (0x00007b7ffe56c000)
	libsnappy.so.1 => /usr/lib/x86_64-linux-gnu/libsnappy.so.1 (0x00007b7ffe561000)
	libarpack.so.2 => /usr/lib/x86_64-linux-gnu/libarpack.so.2 (0x00007b7ffe517000)
	libsuperlu.so.6 => /usr/lib/x86_64-linux-gnu/libsuperlu.so.6 (0x00007b7ffe4a7000)
	libcurl-gnutls.so.4 => /usr/lib/x86_64-linux-gnu/libcurl-gnutls.so.4 (0x00007b7ffe3ea000)
	libfreetype.so.6 => /usr/lib/x86_64-linux-gnu/libfreetype.so.6 (0x00007b7ffe31e000)
	libfontconfig.so.1 => /usr/lib/x86_64-linux-gnu/libfontconfig.so.1 (0x00007b7ffe2cd000)
	liblcms2.so.2 => /usr/lib/x86_64-linux-gnu/liblcms2.so.2 (0x00007b7ffe26b000)
	libnss3.so => /usr/lib/x86_64-linux-gnu/libnss3.so (0x00007b7ffe13c000)
	libsmime3.so => /usr/lib/x86_64-linux-gnu/libsmime3.so (0x00007b7ffe111000)
	libplc4.so => /usr/lib/x86_64-linux-gnu/libplc4.so (0x00007b7ffe10a000)
	libnspr4.so => /usr/lib/x86_64-linux-gnu/libnspr4.so (0x00007b7ffe0cb000)
	libhdf5_serial_hl.so.100 => /usr/lib/x86_64-linux-gnu/libhdf5_serial_hl.so.100 (0x00007b7ffe0a6000)
	libbz2.so.1.0 => /usr/lib/x86_64-linux-gnu/libbz2.so.1.0 (0x00007b7ffe092000)
	libsz.so.2 => /usr/lib/x86_64-linux-gnu/libsz.so.2 (0x00007b7ffe08b000)
	libminizip.so.1 => /usr/lib/x86_64-linux-gnu/libminizip.so.1 (0x00007b7ffe07e000)
	liburiparser.so.1 => /usr/lib/x86_64-linux-gnu/liburiparser.so.1 (0x00007b7ffe067000)
	libfyut.so.0 => /usr/lib/x86_64-linux-gnu/libfyut.so.0 (0x00007b7ffe05c000)
	libfygm.so.0 => /usr/lib/x86_64-linux-gnu/libfygm.so.0 (0x00007b7ffe053000)
	librttopo.so.1 => /usr/lib/x86_64-linux-gnu/librttopo.so.1 (0x00007b7ffdfe1000)
	libresolv.so.2 => /usr/lib/x86_64-linux-gnu/libresolv.so.2 (0x00007b7ffdfce000)
	libtirpc.so.3 => /usr/lib/x86_64-linux-gnu/libtirpc.so.3 (0x00007b7ffdfa1000)
	libgeos.so.3.12.1 => /usr/lib/x86_64-linux-gnu/libgeos.so.3.12.1 (0x00007b7ffdd39000)
	libbsd.so.0 => /usr/lib/x86_64-linux-gnu/libbsd.so.0 (0x00007b7ffdd23000)
	libunistring.so.5 => /usr/lib/x86_64-linux-gnu/libunistring.so.5 (0x00007b7ffdb74000)
	libgnutls.so.30 => /usr/lib/x86_64-linux-gnu/libgnutls.so.30 (0x00007b7ffd97a000)
	libhogweed.so.6 => /usr/lib/x86_64-linux-gnu/libhogweed.so.6 (0x00007b7ffd932000)
	libnettle.so.8 => /usr/lib/x86_64-linux-gnu/libnettle.so.8 (0x00007b7ffd8dd000)
	libgmp.so.10 => /usr/lib/x86_64-linux-gnu/libgmp.so.10 (0x00007b7ffd859000)
	libkrb5.so.3 => /usr/lib/x86_64-linux-gnu/libkrb5.so.3 (0x00007b7ffd78e000)
	libk5crypto.so.3 => /usr/lib/x86_64-linux-gnu/libk5crypto.so.3 (0x00007b7ffd762000)
	libcom_err.so.2 => /usr/lib/x86_64-linux-gnu/libcom_err.so.2 (0x00007b7ffd75c000)
	libkrb5support.so.0 => /usr/lib/x86_64-linux-gnu/libkrb5support.so.0 (0x00007b7ffd74f000)
	libsasl2.so.2 => /usr/lib/x86_64-linux-gnu/libsasl2.so.2 (0x00007b7ffd735000)
	libbrotlicommon.so.1 => /usr/lib/x86_64-linux-gnu/libbrotlicommon.so.1 (0x00007b7ffd710000)
	libicudata.so.74 => /usr/lib/x86_64-linux-gnu/libicudata.so.74 (0x00007b7ffb9b0000)
	libnssutil3.so => /usr/lib/x86_64-linux-gnu/libnssutil3.so (0x00007b7ffb97e000)
	libplds4.so => /usr/lib/x86_64-linux-gnu/libplds4.so (0x00007b7ffb979000)
	libmd.so.0 => /usr/lib/x86_64-linux-gnu/libmd.so.0 (0x00007b7ffb968000)
	libp11-kit.so.0 => /usr/lib/x86_64-linux-gnu/libp11-kit.so.0 (0x00007b7ffb7c4000)
	libtasn1.so.6 => /usr/lib/x86_64-linux-gnu/libtasn1.so.6 (0x00007b7ffb7ae000)
	libkeyutils.so.1 => /usr/lib/x86_64-linux-gnu/libkeyutils.so.1 (0x00007b7ffb7a7000)
	libffi.so.8 => /usr/lib/x86_64-linux-gnu/libffi.so.8 (0x00007b7ffb79b000)
BINARY=/home/dev/ws_iap/src/iap/results/icra27/icra026/build_ego/test_planning_risk_context
	linux-vdso.so.1 (0x00007adfab5f7000)
	libvisualization_msgs__rosidl_typesupport_cpp.so => /opt/ros/jazzy/lib/libvisualization_msgs__rosidl_typesupport_cpp.so (0x00007adfab5e3000)
	libtraj_utils__rosidl_typesupport_cpp.so => /home/dev/ws_iap/install/traj_utils/lib/libtraj_utils__rosidl_typesupport_cpp.so (0x00007adfab5dd000)
	libplan_env.so => /home/dev/ws_iap/src/iap/results/icra27/icra026/install_plan_env/lib/libplan_env.so (0x00007adfaac00000)
	libpath_searching.so => /home/dev/ws_iap/src/iap/results/icra27/icra026/install_path_searching/lib/libpath_searching.so (0x00007adfab5b1000)
	libgnss_comm__rosidl_typesupport_cpp.so => /home/dev/ws_iap/install/gnss_comm/lib/libgnss_comm__rosidl_typesupport_cpp.so (0x00007adfab5a5000)
	libgnss_comm_lib.so => /home/dev/ws_iap/install/gnss_comm/lib/libgnss_comm_lib.so (0x00007adfaa800000)
	librclcpp.so => /opt/ros/jazzy/lib/librclcpp.so (0x00007adfaa5a2000)
	librmw.so => /opt/ros/jazzy/lib/librmw.so (0x00007adfab598000)
	librcutils.so => /opt/ros/jazzy/lib/librcutils.so (0x00007adfab578000)
	liblibstatistics_collector.so => /opt/ros/jazzy/lib/liblibstatistics_collector.so (0x00007adfab570000)
	librcl.so => /opt/ros/jazzy/lib/librcl.so (0x00007adfab529000)
	libstatistics_msgs__rosidl_typesupport_cpp.so => /opt/ros/jazzy/lib/libstatistics_msgs__rosidl_typesupport_cpp.so (0x00007adfab523000)
	libtracetools.so => /opt/ros/jazzy/lib/libtracetools.so (0x00007adfab507000)
	libsensor_msgs__rosidl_typesupport_cpp.so => /opt/ros/jazzy/lib/libsensor_msgs__rosidl_typesupport_cpp.so (0x00007adfab4f8000)
	libstd_msgs__rosidl_typesupport_cpp.so => /opt/ros/jazzy/lib/libstd_msgs__rosidl_typesupport_cpp.so (0x00007adfab4ec000)
	libtraj_utils_lib.so => /home/dev/ws_iap/install/traj_utils/lib/libtraj_utils_lib.so (0x00007adfab4a7000)
	libiap.so => /home/dev/ws_iap/src/iap/results/icra27/icra031/install/lib/libiap.so (0x00007adfa9c00000)
	libiap__rosidl_typesupport_cpp.so => /home/dev/ws_iap/src/iap/results/icra27/icra031/install/lib/libiap__rosidl_typesupport_cpp.so (0x00007adfaaffa000)
	libnav_msgs__rosidl_typesupport_cpp.so => /opt/ros/jazzy/lib/libnav_msgs__rosidl_typesupport_cpp.so (0x00007adfaafed000)
	libopencv_core.so.406 => /usr/lib/x86_64-linux-gnu/libopencv_core.so.406 (0x00007adfa988c000)
	libcephes-gtsam.so.1 => /usr/lib/x86_64-linux-gnu/libcephes-gtsam.so.1 (0x00007adfaaf9d000)
	libGL.so.1 => /usr/lib/x86_64-linux-gnu/libGL.so.1 (0x00007adfaaf16000)
	libstdc++.so.6 => /usr/lib/x86_64-linux-gnu/libstdc++.so.6 (0x00007adfa960e000)
	libm.so.6 => /usr/lib/x86_64-linux-gnu/libm.so.6 (0x00007adfaa4b9000)
	libgcc_s.so.1 => /usr/lib/x86_64-linux-gnu/libgcc_s.so.1 (0x00007adfaaee6000)
	libc.so.6 => /usr/lib/x86_64-linux-gnu/libc.so.6 (0x00007adfa93fc000)
	/lib64/ld-linux-x86-64.so.2 (0x00007adfab5f9000)
	libvisualization_msgs__rosidl_generator_c.so => /opt/ros/jazzy/lib/libvisualization_msgs__rosidl_generator_c.so (0x00007adfaaeb2000)
	librosidl_typesupport_cpp.so => /opt/ros/jazzy/lib/librosidl_typesupport_cpp.so (0x00007adfaaeac000)
	libtraj_utils__rosidl_generator_c.so => /home/dev/ws_iap/install/traj_utils/lib/libtraj_utils__rosidl_generator_c.so (0x00007adfaaea3000)
	libcv_bridge.so => /opt/ros/jazzy/lib/libcv_bridge.so (0x00007adfaabcf000)
	libmessage_filters.so => /opt/ros/jazzy/lib/libmessage_filters.so (0x00007adfaae9c000)
	libpcl_common.so.1.14 => /usr/lib/x86_64-linux-gnu/libpcl_common.so.1.14 (0x00007adfaab35000)
	libgeometry_msgs__rosidl_typesupport_cpp.so => /opt/ros/jazzy/lib/libgeometry_msgs__rosidl_typesupport_cpp.so (0x00007adfaae8e000)
	libgnss_comm__rosidl_generator_c.so => /home/dev/ws_iap/install/gnss_comm/lib/libgnss_comm__rosidl_generator_c.so (0x00007adfaa480000)
	libglog.so.1 => /usr/lib/x86_64-linux-gnu/libglog.so.1 (0x00007adfaa44a000)
	librcl_interfaces__rosidl_typesupport_cpp.so => /opt/ros/jazzy/lib/librcl_interfaces__rosidl_typesupport_cpp.so (0x00007adfaa42f000)
	librcl_yaml_param_parser.so => /opt/ros/jazzy/lib/librcl_yaml_param_parser.so (0x00007adfaae80000)
	librosgraph_msgs__rosidl_typesupport_cpp.so => /opt/ros/jazzy/lib/librosgraph_msgs__rosidl_typesupport_cpp.so (0x00007adfaab30000)
	librcl_logging_interface.so => /opt/ros/jazzy/lib/librcl_logging_interface.so (0x00007adfaab2b000)
	librmw_implementation.so => /opt/ros/jazzy/lib/librmw_implementation.so (0x00007adfaa422000)
	libament_index_cpp.so => /opt/ros/jazzy/lib/libament_index_cpp.so (0x00007adfa93f0000)
	libtype_description_interfaces__rosidl_typesupport_c.so => /opt/ros/jazzy/lib/libtype_description_interfaces__rosidl_typesupport_c.so (0x00007adfaa41b000)
	librosidl_dynamic_typesupport.so => /opt/ros/jazzy/lib/librosidl_dynamic_typesupport.so (0x00007adfa93d7000)
	librosidl_typesupport_introspection_cpp.so => /opt/ros/jazzy/lib/librosidl_typesupport_introspection_cpp.so (0x00007adfa93d2000)
	librcpputils.so => /opt/ros/jazzy/lib/librcpputils.so (0x00007adfa93c3000)
	librosidl_runtime_c.so => /opt/ros/jazzy/lib/librosidl_runtime_c.so (0x00007adfa93a4000)
	librcl_logging_spdlog.so => /opt/ros/jazzy/lib/librcl_logging_spdlog.so (0x00007adfa939a000)
	librcl_interfaces__rosidl_typesupport_c.so => /opt/ros/jazzy/lib/librcl_interfaces__rosidl_typesupport_c.so (0x00007adfa938a000)
	libtype_description_interfaces__rosidl_generator_c.so => /opt/ros/jazzy/lib/libtype_description_interfaces__rosidl_generator_c.so (0x00007adfa9372000)
	libyaml-0.so.2 => /usr/lib/x86_64-linux-gnu/libyaml-0.so.2 (0x00007adfa934f000)
	libstatistics_msgs__rosidl_generator_c.so => /opt/ros/jazzy/lib/libstatistics_msgs__rosidl_generator_c.so (0x00007adfa9346000)
	liblttng-ust.so.1 => /usr/lib/x86_64-linux-gnu/liblttng-ust.so.1 (0x00007adfa92c3000)
	libsensor_msgs__rosidl_generator_c.so => /opt/ros/jazzy/lib/libsensor_msgs__rosidl_generator_c.so (0x00007adfa927f000)
	libstd_msgs__rosidl_generator_c.so => /opt/ros/jazzy/lib/libstd_msgs__rosidl_generator_c.so (0x00007adfa924e000)
	libgtsam_points.so.1 => /usr/local/lib/libgtsam_points.so.1 (0x00007adfa8f59000)
	libspdlog.so.1.12 => /usr/lib/x86_64-linux-gnu/libspdlog.so.1.12 (0x00007adfa8ed2000)
	libgtsam_points_cuda.so.1 => /usr/local/lib/libgtsam_points_cuda.so.1 (0x00007adfa8bbb000)
	libgomp.so.1 => /usr/lib/x86_64-linux-gnu/libgomp.so.1 (0x00007adfa8b65000)
	libgtsam.so.4 => /usr/lib/x86_64-linux-gnu/libgtsam.so.4 (0x00007adfa8668000)
	libboost_serialization.so.1.83.0 => /usr/lib/x86_64-linux-gnu/libboost_serialization.so.1.83.0 (0x00007adfa8625000)
	libboost_filesystem.so.1.83.0 => /usr/lib/x86_64-linux-gnu/libboost_filesystem.so.1.83.0 (0x00007adfa8600000)
	libfmt.so.9 => /usr/lib/x86_64-linux-gnu/libfmt.so.9 (0x00007adfa85df000)
	libiap__rosidl_generator_c.so => /home/dev/ws_iap/src/iap/results/icra27/icra031/install/lib/libiap__rosidl_generator_c.so (0x00007adfa85d1000)
	libnav_msgs__rosidl_generator_c.so => /opt/ros/jazzy/lib/libnav_msgs__rosidl_generator_c.so (0x00007adfa859e000)
	libz.so.1 => /usr/lib/x86_64-linux-gnu/libz.so.1 (0x00007adfa8582000)
	libGLX.so.0 => /usr/lib/x86_64-linux-gnu/libGLX.so.0 (0x00007adfa854d000)
	liblapack.so.3 => /usr/lib/x86_64-linux-gnu/liblapack.so.3 (0x00007adfa7e5d000)
	libblas.so.3 => /usr/lib/x86_64-linux-gnu/libblas.so.3 (0x00007adfa7db6000)
	libtbb.so.12 => /usr/lib/x86_64-linux-gnu/libtbb.so.12 (0x00007adfa7d62000)
	libGLdispatch.so.0 => /usr/lib/x86_64-linux-gnu/libGLdispatch.so.0 (0x00007adfa7caa000)
	libservice_msgs__rosidl_generator_c.so => /opt/ros/jazzy/lib/libservice_msgs__rosidl_generator_c.so (0x00007adfa7ca3000)
	libgeometry_msgs__rosidl_generator_c.so => /opt/ros/jazzy/lib/libgeometry_msgs__rosidl_generator_c.so (0x00007adfa7c65000)
	libbuiltin_interfaces__rosidl_generator_c.so => /opt/ros/jazzy/lib/libbuiltin_interfaces__rosidl_generator_c.so (0x00007adfa7c5e000)
	libopencv_imgcodecs.so.406 => /usr/lib/x86_64-linux-gnu/libopencv_imgcodecs.so.406 (0x00007adfa7c05000)
	libopencv_imgproc.so.406 => /usr/lib/x86_64-linux-gnu/libopencv_imgproc.so.406 (0x00007adfa76ab000)
	libgflags.so.2.2 => /usr/lib/x86_64-linux-gnu/libgflags.so.2.2 (0x00007adfa7688000)
	libunwind.so.8 => /usr/lib/x86_64-linux-gnu/libunwind.so.8 (0x00007adfa766d000)
	librcl_interfaces__rosidl_generator_c.so => /opt/ros/jazzy/lib/librcl_interfaces__rosidl_generator_c.so (0x00007adfa761f000)
	librosgraph_msgs__rosidl_generator_c.so => /opt/ros/jazzy/lib/librosgraph_msgs__rosidl_generator_c.so (0x00007adfa761a000)
	librosidl_typesupport_c.so => /opt/ros/jazzy/lib/librosidl_typesupport_c.so (0x00007adfa7614000)
	libnuma.so.1 => /usr/lib/x86_64-linux-gnu/libnuma.so.1 (0x00007adfa7604000)
	liblttng-ust-common.so.1 => /usr/lib/x86_64-linux-gnu/liblttng-ust-common.so.1 (0x00007adfa75f7000)
	liblttng-ust-tracepoint.so.1 => /usr/lib/x86_64-linux-gnu/liblttng-ust-tracepoint.so.1 (0x00007adfa75da000)
	libboost_timer.so.1.83.0 => /usr/lib/x86_64-linux-gnu/libboost_timer.so.1.83.0 (0x00007adfa75d3000)
	libcudart.so.12 => /usr/local/cuda/targets/x86_64-linux/lib/libcudart.so.12 (0x00007adfa7200000)
	libmetis.so.5 => /usr/lib/x86_64-linux-gnu/libmetis.so.5 (0x00007adfa7567000)
	libX11.so.6 => /usr/lib/x86_64-linux-gnu/libX11.so.6 (0x00007adfa70c3000)
	libgfortran.so.5 => /usr/lib/x86_64-linux-gnu/libgfortran.so.5 (0x00007adfa6da5000)
	libjpeg.so.8 => /usr/lib/x86_64-linux-gnu/libjpeg.so.8 (0x00007adfa74e4000)
	libwebp.so.7 => /usr/lib/x86_64-linux-gnu/libwebp.so.7 (0x00007adfa6d2a000)
	libpng16.so.16 => /usr/lib/x86_64-linux-gnu/libpng16.so.16 (0x00007adfa6cf2000)
	libgdcmMSFF.so.3.0 => /usr/lib/x86_64-linux-gnu/libgdcmMSFF.so.3.0 (0x00007adfa6ac6000)
	libtiff.so.6 => /usr/lib/x86_64-linux-gnu/libtiff.so.6 (0x00007adfa6a39000)
	libopenjp2.so.7 => /usr/lib/x86_64-linux-gnu/libopenjp2.so.7 (0x00007adfa69d8000)
	libOpenEXR-3_1.so.30 => /usr/lib/x86_64-linux-gnu/libOpenEXR-3_1.so.30 (0x00007adfa66d3000)
	libgdal.so.34 => /usr/lib/x86_64-linux-gnu/libgdal.so.34 (0x00007adfa4efc000)
	libgdcmDSED.so.3.0 => /usr/lib/x86_64-linux-gnu/libgdcmDSED.so.3.0 (0x00007adfa4e04000)
	liblzma.so.5 => /usr/lib/x86_64-linux-gnu/liblzma.so.5 (0x00007adfa4dd2000)
	libdl.so.2 => /usr/lib/x86_64-linux-gnu/libdl.so.2 (0x00007adfa74db000)
	libpthread.so.0 => /usr/lib/x86_64-linux-gnu/libpthread.so.0 (0x00007adfa74d6000)
	librt.so.1 => /usr/lib/x86_64-linux-gnu/librt.so.1 (0x00007adfa74d1000)
	libxcb.so.1 => /usr/lib/x86_64-linux-gnu/libxcb.so.1 (0x00007adfa4da9000)
	libsharpyuv.so.0 => /usr/lib/x86_64-linux-gnu/libsharpyuv.so.0 (0x00007adfa74c7000)
	libgdcmDICT.so.3.0 => /usr/lib/x86_64-linux-gnu/libgdcmDICT.so.3.0 (0x00007adfa4ad1000)
	libgdcmjpeg8.so.3.0 => /usr/lib/x86_64-linux-gnu/libgdcmjpeg8.so.3.0 (0x00007adfa4aa6000)
	libgdcmjpeg12.so.3.0 => /usr/lib/x86_64-linux-gnu/libgdcmjpeg12.so.3.0 (0x00007adfa4a7b000)
	libgdcmjpeg16.so.3.0 => /usr/lib/x86_64-linux-gnu/libgdcmjpeg16.so.3.0 (0x00007adfa4a50000)
	libcharls.so.2 => /usr/lib/x86_64-linux-gnu/libcharls.so.2 (0x00007adfa49fc000)
	libuuid.so.1 => /usr/lib/x86_64-linux-gnu/libuuid.so.1 (0x00007adfa74bb000)
	libjson-c.so.5 => /usr/lib/x86_64-linux-gnu/libjson-c.so.5 (0x00007adfa49e8000)
	libgdcmIOD.so.3.0 => /usr/lib/x86_64-linux-gnu/libgdcmIOD.so.3.0 (0x00007adfa49d2000)
	libgdcmCommon.so.3.0 => /usr/lib/x86_64-linux-gnu/libgdcmCommon.so.3.0 (0x00007adfa49ad000)
	libzstd.so.1 => /usr/lib/x86_64-linux-gnu/libzstd.so.1 (0x00007adfa48f3000)
	libLerc.so.4 => /usr/lib/x86_64-linux-gnu/libLerc.so.4 (0x00007adfa486c000)
	libjbig.so.0 => /usr/lib/x86_64-linux-gnu/libjbig.so.0 (0x00007adfa485c000)
	libdeflate.so.0 => /usr/lib/x86_64-linux-gnu/libdeflate.so.0 (0x00007adfa4849000)
	libImath-3_1.so.29 => /usr/lib/x86_64-linux-gnu/libImath-3_1.so.29 (0x00007adfa47fb000)
	libIlmThread-3_1.so.30 => /usr/lib/x86_64-linux-gnu/libIlmThread-3_1.so.30 (0x00007adfa47f1000)
	libIex-3_1.so.30 => /usr/lib/x86_64-linux-gnu/libIex-3_1.so.30 (0x00007adfa476e000)
	libcurl.so.4 => /usr/lib/x86_64-linux-gnu/libcurl.so.4 (0x00007adfa46ad000)
	libodbc.so.2 => /usr/lib/x86_64-linux-gnu/libodbc.so.2 (0x00007adfa463d000)
	libodbcinst.so.2 => /usr/lib/x86_64-linux-gnu/libodbcinst.so.2 (0x00007adfa4629000)
	libxml2.so.2 => /usr/lib/x86_64-linux-gnu/libxml2.so.2 (0x00007adfa4447000)
	libcrypto.so.3 => /usr/lib/x86_64-linux-gnu/libcrypto.so.3 (0x00007adfa3f33000)
	liblz4.so.1 => /usr/lib/x86_64-linux-gnu/liblz4.so.1 (0x00007adfa3f11000)
	libblosc.so.1 => /usr/lib/x86_64-linux-gnu/libblosc.so.1 (0x00007adfa3f01000)
	libarmadillo.so.12 => /lib/libarmadillo.so.12 (0x00007adfa3eee000)
	libqhull_r.so.8.0 => /usr/lib/x86_64-linux-gnu/libqhull_r.so.8.0 (0x00007adfa3e7e000)
	libxerces-c-3.2.so => /usr/lib/x86_64-linux-gnu/libxerces-c-3.2.so (0x00007adfa3b29000)
	libgeotiff.so.5 => /usr/lib/x86_64-linux-gnu/libgeotiff.so.5 (0x00007adfa3af3000)
	libheif.so.1 => /usr/lib/x86_64-linux-gnu/libheif.so.1 (0x00007adfa3a33000)
	libaec.so.0 => /usr/lib/x86_64-linux-gnu/libaec.so.0 (0x00007adfa3a2a000)
	libpoppler.so.134 => /usr/lib/x86_64-linux-gnu/libpoppler.so.134 (0x00007adfa36b6000)
	libgif.so.7 => /usr/lib/x86_64-linux-gnu/libgif.so.7 (0x00007adfa36ab000)
	libnetcdf.so.19 => /usr/lib/x86_64-linux-gnu/libnetcdf.so.19 (0x00007adfa34c0000)
	libcfitsio.so.10 => /usr/lib/x86_64-linux-gnu/libcfitsio.so.10 (0x00007adfa31b8000)
	libhdf5_serial.so.103 => /usr/lib/x86_64-linux-gnu/libhdf5_serial.so.103 (0x00007adfa2e44000)
	libsqlite3.so.0 => /usr/lib/x86_64-linux-gnu/libsqlite3.so.0 (0x00007adfa2cdc000)
	libpq.so.5 => /usr/lib/x86_64-linux-gnu/libpq.so.5 (0x00007adfa2c85000)
	libkmlbase.so.1 => /usr/lib/x86_64-linux-gnu/libkmlbase.so.1 (0x00007adfa2c68000)
	libkmldom.so.1 => /usr/lib/x86_64-linux-gnu/libkmldom.so.1 (0x00007adfa2bd4000)
	libkmlengine.so.1 => /usr/lib/x86_64-linux-gnu/libkmlengine.so.1 (0x00007adfa2ba6000)
	libfyba.so.0 => /usr/lib/x86_64-linux-gnu/libfyba.so.0 (0x00007adfa2b50000)
	libpcre2-8.so.0 => /usr/lib/x86_64-linux-gnu/libpcre2-8.so.0 (0x00007adfa2ab6000)
	libspatialite.so.8 => /usr/lib/x86_64-linux-gnu/libspatialite.so.8 (0x00007adfa234b000)
	libmysqlclient.so.21 => /usr/lib/x86_64-linux-gnu/libmysqlclient.so.21 (0x00007adfa1ccc000)
	libfreexl.so.1 => /usr/lib/x86_64-linux-gnu/libfreexl.so.1 (0x00007adfa1cb9000)
	libogdi.so.4.1 => /usr/lib/x86_64-linux-gnu/libogdi.so.4.1 (0x00007adfa1c9e000)
	libexpat.so.1 => /usr/lib/x86_64-linux-gnu/libexpat.so.1 (0x00007adfa1c72000)
	libgeos_c.so.1 => /usr/lib/x86_64-linux-gnu/libgeos_c.so.1 (0x00007adfa1c29000)
	libproj.so.25 => /usr/lib/x86_64-linux-gnu/libproj.so.25 (0x00007adfa1867000)
	libdfalt.so.0 => /usr/lib/x86_64-linux-gnu/libdfalt.so.0 (0x00007adfa17c3000)
	libmfhdfalt.so.0 => /usr/lib/x86_64-linux-gnu/libmfhdfalt.so.0 (0x00007adfa1798000)
	libXau.so.6 => /usr/lib/x86_64-linux-gnu/libXau.so.6 (0x00007adfa1792000)
	libXdmcp.so.6 => /usr/lib/x86_64-linux-gnu/libXdmcp.so.6 (0x00007adfa178a000)
	libnghttp2.so.14 => /usr/lib/x86_64-linux-gnu/libnghttp2.so.14 (0x00007adfa175f000)
	libidn2.so.0 => /usr/lib/x86_64-linux-gnu/libidn2.so.0 (0x00007adfa173b000)
	librtmp.so.1 => /usr/lib/x86_64-linux-gnu/librtmp.so.1 (0x00007adfa171d000)
	libssh.so.4 => /usr/lib/x86_64-linux-gnu/libssh.so.4 (0x00007adfa16ab000)
	libpsl.so.5 => /usr/lib/x86_64-linux-gnu/libpsl.so.5 (0x00007adfa1697000)
	libssl.so.3 => /usr/lib/x86_64-linux-gnu/libssl.so.3 (0x00007adfa15ed000)
	libgssapi_krb5.so.2 => /usr/lib/x86_64-linux-gnu/libgssapi_krb5.so.2 (0x00007adfa1599000)
	libldap.so.2 => /usr/lib/x86_64-linux-gnu/libldap.so.2 (0x00007adfa153a000)
	liblber.so.2 => /usr/lib/x86_64-linux-gnu/liblber.so.2 (0x00007adfa152a000)
	libbrotlidec.so.1 => /usr/lib/x86_64-linux-gnu/libbrotlidec.so.1 (0x00007adfa151c000)
	libltdl.so.7 => /usr/lib/x86_64-linux-gnu/libltdl.so.7 (0x00007adfa1511000)
	libicuuc.so.74 => /usr/lib/x86_64-linux-gnu/libicuuc.so.74 (0x00007adfa1304000)
	libsnappy.so.1 => /usr/lib/x86_64-linux-gnu/libsnappy.so.1 (0x00007adfa12f7000)
	libarpack.so.2 => /usr/lib/x86_64-linux-gnu/libarpack.so.2 (0x00007adfa12ad000)
	libsuperlu.so.6 => /usr/lib/x86_64-linux-gnu/libsuperlu.so.6 (0x00007adfa123d000)
	libcurl-gnutls.so.4 => /usr/lib/x86_64-linux-gnu/libcurl-gnutls.so.4 (0x00007adfa1182000)
	libfreetype.so.6 => /usr/lib/x86_64-linux-gnu/libfreetype.so.6 (0x00007adfa10b6000)
	libfontconfig.so.1 => /usr/lib/x86_64-linux-gnu/libfontconfig.so.1 (0x00007adfa1063000)
	liblcms2.so.2 => /usr/lib/x86_64-linux-gnu/liblcms2.so.2 (0x00007adfa1001000)
	libnss3.so => /usr/lib/x86_64-linux-gnu/libnss3.so (0x00007adfa0ed2000)
	libsmime3.so => /usr/lib/x86_64-linux-gnu/libsmime3.so (0x00007adfa0ea9000)
	libplc4.so => /usr/lib/x86_64-linux-gnu/libplc4.so (0x00007adfa0ea2000)
	libnspr4.so => /usr/lib/x86_64-linux-gnu/libnspr4.so (0x00007adfa0e63000)
	libhdf5_serial_hl.so.100 => /usr/lib/x86_64-linux-gnu/libhdf5_serial_hl.so.100 (0x00007adfa0e3c000)
	libbz2.so.1.0 => /usr/lib/x86_64-linux-gnu/libbz2.so.1.0 (0x00007adfa0e28000)
	libsz.so.2 => /usr/lib/x86_64-linux-gnu/libsz.so.2 (0x00007adfa0e23000)
	libminizip.so.1 => /usr/lib/x86_64-linux-gnu/libminizip.so.1 (0x00007adfa0e16000)
	liburiparser.so.1 => /usr/lib/x86_64-linux-gnu/liburiparser.so.1 (0x00007adfa0dff000)
	libfyut.so.0 => /usr/lib/x86_64-linux-gnu/libfyut.so.0 (0x00007adfa0df2000)
	libfygm.so.0 => /usr/lib/x86_64-linux-gnu/libfygm.so.0 (0x00007adfa0de9000)
	librttopo.so.1 => /usr/lib/x86_64-linux-gnu/librttopo.so.1 (0x00007adfa0d79000)
	libresolv.so.2 => /usr/lib/x86_64-linux-gnu/libresolv.so.2 (0x00007adfa0d66000)
	libtirpc.so.3 => /usr/lib/x86_64-linux-gnu/libtirpc.so.3 (0x00007adfa0d39000)
	libgeos.so.3.12.1 => /usr/lib/x86_64-linux-gnu/libgeos.so.3.12.1 (0x00007adfa0acf000)
	libbsd.so.0 => /usr/lib/x86_64-linux-gnu/libbsd.so.0 (0x00007adfa0ab9000)
	libunistring.so.5 => /usr/lib/x86_64-linux-gnu/libunistring.so.5 (0x00007adfa090c000)
	libgnutls.so.30 => /usr/lib/x86_64-linux-gnu/libgnutls.so.30 (0x00007adfa0712000)
	libhogweed.so.6 => /usr/lib/x86_64-linux-gnu/libhogweed.so.6 (0x00007adfa06ca000)
	libnettle.so.8 => /usr/lib/x86_64-linux-gnu/libnettle.so.8 (0x00007adfa0673000)
	libgmp.so.10 => /usr/lib/x86_64-linux-gnu/libgmp.so.10 (0x00007adfa05ef000)
	libkrb5.so.3 => /usr/lib/x86_64-linux-gnu/libkrb5.so.3 (0x00007adfa0526000)
	libk5crypto.so.3 => /usr/lib/x86_64-linux-gnu/libk5crypto.so.3 (0x00007adfa04fa000)
	libcom_err.so.2 => /usr/lib/x86_64-linux-gnu/libcom_err.so.2 (0x00007adfa04f4000)
	libkrb5support.so.0 => /usr/lib/x86_64-linux-gnu/libkrb5support.so.0 (0x00007adfa04e5000)
	libsasl2.so.2 => /usr/lib/x86_64-linux-gnu/libsasl2.so.2 (0x00007adfa04cb000)
	libbrotlicommon.so.1 => /usr/lib/x86_64-linux-gnu/libbrotlicommon.so.1 (0x00007adfa04a8000)
	libicudata.so.74 => /usr/lib/x86_64-linux-gnu/libicudata.so.74 (0x00007adf9e748000)
	libnssutil3.so => /usr/lib/x86_64-linux-gnu/libnssutil3.so (0x00007adf9e716000)
	libplds4.so => /usr/lib/x86_64-linux-gnu/libplds4.so (0x00007adf9e70f000)
	libmd.so.0 => /usr/lib/x86_64-linux-gnu/libmd.so.0 (0x00007adf9e700000)
	libp11-kit.so.0 => /usr/lib/x86_64-linux-gnu/libp11-kit.so.0 (0x00007adf9e55c000)
	libtasn1.so.6 => /usr/lib/x86_64-linux-gnu/libtasn1.so.6 (0x00007adf9e546000)
	libkeyutils.so.1 => /usr/lib/x86_64-linux-gnu/libkeyutils.so.1 (0x00007adf9e53d000)
	libffi.so.8 => /usr/lib/x86_64-linux-gnu/libffi.so.8 (0x00007adf9e531000)
