	linux-vdso.so.1 (0x0000725a6b83c000)
	librclcpp.so => /opt/ros/jazzy/lib/librclcpp.so (0x0000725a6b52c000)
	libnav_msgs__rosidl_typesupport_cpp.so => /opt/ros/jazzy/lib/libnav_msgs__rosidl_typesupport_cpp.so (0x0000725a6b51f000)
	liblibstatistics_collector.so => /opt/ros/jazzy/lib/liblibstatistics_collector.so (0x0000725a6b515000)
	librcl.so => /opt/ros/jazzy/lib/librcl.so (0x0000725a6b4ce000)
	libstatistics_msgs__rosidl_typesupport_cpp.so => /opt/ros/jazzy/lib/libstatistics_msgs__rosidl_typesupport_cpp.so (0x0000725a6b4c8000)
	libtracetools.so => /opt/ros/jazzy/lib/libtracetools.so (0x0000725a6b4ae000)
	librmw.so => /opt/ros/jazzy/lib/librmw.so (0x0000725a6b4a3000)
	libsensor_msgs__rosidl_typesupport_cpp.so => /opt/ros/jazzy/lib/libsensor_msgs__rosidl_typesupport_cpp.so (0x0000725a6b492000)
	librcutils.so => /opt/ros/jazzy/lib/librcutils.so (0x0000725a6b472000)
	libstdc++.so.6 => /usr/lib/x86_64-linux-gnu/libstdc++.so.6 (0x0000725a6b1d6000)
	libm.so.6 => /usr/lib/x86_64-linux-gnu/libm.so.6 (0x0000725a6b0ed000)
	libgcc_s.so.1 => /usr/lib/x86_64-linux-gnu/libgcc_s.so.1 (0x0000725a6b0bf000)
	libc.so.6 => /usr/lib/x86_64-linux-gnu/libc.so.6 (0x0000725a6aead000)
	librcl_interfaces__rosidl_typesupport_cpp.so => /opt/ros/jazzy/lib/librcl_interfaces__rosidl_typesupport_cpp.so (0x0000725a6ae90000)
	librcl_yaml_param_parser.so => /opt/ros/jazzy/lib/librcl_yaml_param_parser.so (0x0000725a6ae84000)
	librosgraph_msgs__rosidl_typesupport_cpp.so => /opt/ros/jazzy/lib/librosgraph_msgs__rosidl_typesupport_cpp.so (0x0000725a6ae7f000)
	librcl_logging_interface.so => /opt/ros/jazzy/lib/librcl_logging_interface.so (0x0000725a6ae7a000)
	librmw_implementation.so => /opt/ros/jazzy/lib/librmw_implementation.so (0x0000725a6ae6d000)
	libament_index_cpp.so => /opt/ros/jazzy/lib/libament_index_cpp.so (0x0000725a6ae5f000)
	libtype_description_interfaces__rosidl_typesupport_c.so => /opt/ros/jazzy/lib/libtype_description_interfaces__rosidl_typesupport_c.so (0x0000725a6ae58000)
	librosidl_dynamic_typesupport.so => /opt/ros/jazzy/lib/librosidl_dynamic_typesupport.so (0x0000725a6ae3f000)
	librosidl_typesupport_introspection_cpp.so => /opt/ros/jazzy/lib/librosidl_typesupport_introspection_cpp.so (0x0000725a6ae3a000)
	librcpputils.so => /opt/ros/jazzy/lib/librcpputils.so (0x0000725a6ae2b000)
	librosidl_runtime_c.so => /opt/ros/jazzy/lib/librosidl_runtime_c.so (0x0000725a6ae0a000)
	/lib64/ld-linux-x86-64.so.2 (0x0000725a6b83e000)
	libnav_msgs__rosidl_generator_c.so => /opt/ros/jazzy/lib/libnav_msgs__rosidl_generator_c.so (0x0000725a6add7000)
	librosidl_typesupport_cpp.so => /opt/ros/jazzy/lib/librosidl_typesupport_cpp.so (0x0000725a6add1000)
	librcl_logging_spdlog.so => /opt/ros/jazzy/lib/librcl_logging_spdlog.so (0x0000725a6adc7000)
	librcl_interfaces__rosidl_typesupport_c.so => /opt/ros/jazzy/lib/librcl_interfaces__rosidl_typesupport_c.so (0x0000725a6adb7000)
	libtype_description_interfaces__rosidl_generator_c.so => /opt/ros/jazzy/lib/libtype_description_interfaces__rosidl_generator_c.so (0x0000725a6ad9d000)
	libyaml-0.so.2 => /usr/lib/x86_64-linux-gnu/libyaml-0.so.2 (0x0000725a6ad7c000)
	libstatistics_msgs__rosidl_generator_c.so => /opt/ros/jazzy/lib/libstatistics_msgs__rosidl_generator_c.so (0x0000725a6ad73000)
	liblttng-ust.so.1 => /usr/lib/x86_64-linux-gnu/liblttng-ust.so.1 (0x0000725a6acf0000)
	libsensor_msgs__rosidl_generator_c.so => /opt/ros/jazzy/lib/libsensor_msgs__rosidl_generator_c.so (0x0000725a6acac000)
	librcl_interfaces__rosidl_generator_c.so => /opt/ros/jazzy/lib/librcl_interfaces__rosidl_generator_c.so (0x0000725a6ac5c000)
	librosgraph_msgs__rosidl_generator_c.so => /opt/ros/jazzy/lib/librosgraph_msgs__rosidl_generator_c.so (0x0000725a6ac57000)
	librosidl_typesupport_c.so => /opt/ros/jazzy/lib/librosidl_typesupport_c.so (0x0000725a6ac51000)
	libgeometry_msgs__rosidl_generator_c.so => /opt/ros/jazzy/lib/libgeometry_msgs__rosidl_generator_c.so (0x0000725a6ac13000)
	libstd_msgs__rosidl_generator_c.so => /opt/ros/jazzy/lib/libstd_msgs__rosidl_generator_c.so (0x0000725a6abe2000)
	libservice_msgs__rosidl_generator_c.so => /opt/ros/jazzy/lib/libservice_msgs__rosidl_generator_c.so (0x0000725a6abdb000)
	libbuiltin_interfaces__rosidl_generator_c.so => /opt/ros/jazzy/lib/libbuiltin_interfaces__rosidl_generator_c.so (0x0000725a6abd4000)
	libspdlog.so.1.12 => /usr/lib/x86_64-linux-gnu/libspdlog.so.1.12 (0x0000725a6ab4d000)
	libnuma.so.1 => /usr/lib/x86_64-linux-gnu/libnuma.so.1 (0x0000725a6ab3f000)
	liblttng-ust-common.so.1 => /usr/lib/x86_64-linux-gnu/liblttng-ust-common.so.1 (0x0000725a6ab32000)
	liblttng-ust-tracepoint.so.1 => /usr/lib/x86_64-linux-gnu/liblttng-ust-tracepoint.so.1 (0x0000725a6ab13000)
	libfmt.so.9 => /usr/lib/x86_64-linux-gnu/libfmt.so.9 (0x0000725a6aaf2000)
