[INFO] [launch]: All log files can be found below /root/.ros/log/2026-08-21-03-20-28-489196-mint-X-332493
[INFO] [launch]: Default logging verbosity is set to INFO
[INFO] [launch.user]: [test_planner] self-contained planner closed-loop demo
[INFO] [launch.user]: [test_planner] experiment: p0_open_sky
[INFO] [launch.user]: [test_planner] scenario: gnss_open_sky
[INFO] [launch.user]: [test_planner] runtime IAP config: /home/dev/ws_iap/src/iap/results/icra27/icra004/runs/smoke/runtime/iap_sim_demo11_test_planner_332493_1787282428501/sim_demo11
[INFO] [launch.user]: [test_planner] export dir: /home/dev/ws_iap/src/iap/results/icra27/icra004/runs/smoke/exports/test_planner_p0_open_sky_gnss_open_sky_332493_1787282428501
[INFO] [launch.user]: [test_planner] evidence run_id: ce36ae44586f44a4b84604f48033ccea schema: p1_evidence_provenance_v4
[INFO] [launch.user]: [test_planner] planner_safety_profile: off
[INFO] [launch.user]: [test_planner] safety switches: {'p1': False, 'p2': False, 'p3_local': False, 'p3_global': False, 'p4': False, 'p5_runtime': False, 'p5_final': False}, p0=True
[INFO] [launch.user]: [test_planner] GNSS scenario: /home/dev/ws_iap/src/iap/results/icra27/icra004/install_iap/iap/share/iap/config/gnss_sim/demo7_open_sky.yaml
[INFO] [launch.user]: [test_planner] rosbag output: /home/dev/ws_iap/src/iap/results/planner_validation/bags/test_planner_p0_open_sky_gnss_open_sky_20260821T032028Z
[INFO] [launch.user]: [test_planner] delaying EGO planner/traj_server by 10.00s
[INFO] [demo11_corridor_map_publisher-1]: process started with pid [332525]
[INFO] [pcl_render_node-2]: process started with pid [332526]
[INFO] [demo4_lidar_body_bridge-3]: process started with pid [332527]
[INFO] [iap_rosnode-4]: process started with pid [332528]
[INFO] [poscmd_2_odom-5]: process started with pid [332547]
[INFO] [odom_visualization-6]: process started with pid [332550]
[INFO] [odom_visualization-7]: process started with pid [332551]
[INFO] [odom_visualization-8]: process started with pid [332552]
[INFO] [gnss_sim_node-9]: process started with pid [332553]
[INFO] [so3_quadrotor_simulator-10]: process started with pid [332554]
[INFO] [component_container-11]: process started with pid [332555]
[INFO] [planner_evidence_provenance_publisher.py-12]: process started with pid [332556]
[iap_rosnode-4] [INFO] [1787282428.716239096] [test_planner_iap_rosnode]: iap init stage=config path=/home/dev/ws_iap/src/iap/results/icra27/icra004/runs/smoke/runtime/iap_sim_demo11_test_planner_332493_1787282428501/sim_demo11
[demo4_lidar_body_bridge-3] [INFO] [1787282428.718589433] [test_planner_lidar_body_bridge]: demo4 lidar body bridge ready cloud=/sim/drone_0/lidar odom=/sim/drone_0/truth_odom output=/sim/drone_0/lidar_body frame=lidar max_odom_lookup_dt=0.050
[iap_rosnode-4] [INFO] [1787282428.719081290] [test_planner_iap_rosnode]: iap init stage=run_logs ready dir=/home/dev/ws_iap/src/iap/log/20260821T032028Z_716
[iap_rosnode-4] [2026-08-21 03:20:28.719] [glim] [info] config_path: /home/dev/ws_iap/src/iap/results/icra27/icra004/runs/smoke/runtime/iap_sim_demo11_test_planner_332493_1787282428501/sim_demo11
[iap_rosnode-4] [2026-08-21 03:20:28.719] [glim] [info] run_dir: /home/dev/ws_iap/src/iap/log/20260821T032028Z_716
[iap_rosnode-4] [2026-08-21 03:20:28.719] [glim] [info] registered GPU linearization hook
[iap_rosnode-4] [2026-08-21 03:20:28.719] [glim] [info] dump_path: /home/dev/ws_iap/src/iap/log/20260821T032028Z_716/export/dump (legacy config value: /home/dev/ws_iap/src/iap/results/icra27/icra004/runs/smoke/runtime/iap_sim_demo11_test_planner_332493_1787282428501/dump)
[iap_rosnode-4] [INFO] [1787282428.719387686] [test_planner_iap_rosnode]: iap init stage=load_core_modules
[iap_rosnode-4] [2026-08-21 03:20:28.719] [glim] [info] load libodometry_estimation_cpu.so
[iap_rosnode-4] [2026-08-21 03:20:28.719] [glim] [warning] param odometry_estimation/clk_bias_noise not found
[iap_rosnode-4] [2026-08-21 03:20:28.719] [glim] [warning] use default_value=100
[iap_rosnode-4] [2026-08-21 03:20:28.719] [glim] [warning] param odometry_estimation/clk_drift_noise not found
[iap_rosnode-4] [2026-08-21 03:20:28.719] [glim] [warning] use default_value=1
[iap_rosnode-4] [2026-08-21 03:20:28.719] [glim] [warning] param odometry_estimation/clk_bias_relin_thresh not found
[iap_rosnode-4] [2026-08-21 03:20:28.719] [glim] [warning] use default_value=500
[iap_rosnode-4] [2026-08-21 03:20:28.719] [glim] [warning] param odometry_estimation/clk_drift_relin_thresh not found
[iap_rosnode-4] [2026-08-21 03:20:28.719] [glim] [warning] use default_value=5
[iap_rosnode-4] [2026-08-21 03:20:28.719] [glim] [warning] param odometry_estimation/sigma_p_update_scope not found
[iap_rosnode-4] [2026-08-21 03:20:28.719] [glim] [warning] use default_value=current
[iap_rosnode-4] [2026-08-21 03:20:28.719] [glim] [warning] param odometry_estimation/icp_cond_threshold not found
[iap_rosnode-4] [2026-08-21 03:20:28.719] [glim] [warning] use default_value=500
[iap_rosnode-4] [2026-08-21 03:20:28.719] [glim] [warning] param odometry_estimation/gamma_lidar_max not found
[iap_rosnode-4] [2026-08-21 03:20:28.719] [glim] [warning] use default_value=10
[iap_rosnode-4] [2026-08-21 03:20:28.719] [glim] [warning] param odometry_estimation/enable_icp_csv not found
[iap_rosnode-4] [2026-08-21 03:20:28.719] [glim] [warning] use default_value=false
[iap_rosnode-4] [2026-08-21 03:20:28.719] [glim] [warning] param odometry_estimation/icp_csv_path not found
[iap_rosnode-4] [2026-08-21 03:20:28.719] [glim] [warning] use default_value=/tmp/iap_icp.csv
[iap_rosnode-4] [2026-08-21 03:20:28.719] [glim] [info] [odometry_cpu] enable_icp_csv=false icp_csv_path=/home/dev/ws_iap/src/iap/log/20260821T032028Z_716/export/iap_icp.csv
[iap_rosnode-4] [2026-08-21 03:20:28.720] [odom] [info] clock_owner_mode=gnss odometry_owns_clock=false
[iap_rosnode-4] [2026-08-21 03:20:28.720] [odom] [info] relinearization policy {b:dim=6:th=[0.100,0.100,0.100,0.100,0.100,0.100], c:dim=2:th=[500.000,5.000], e:dim=3:th=[0.100,0.100,0.100], l:dim=2:th=[0.100,0.100], r:dim=3:th=[0.100,0.100,0.100], v:dim=3:th=[0.100,0.100,0.100], x:dim=6:th=[0.100,0.100,0.100,0.100,0.100,0.100]}
[demo11_corridor_map_publisher-1] [INFO] [1787282428.720754020] [test_planner_corridor_map_publisher]: Demo11 forest built: area 20.0m x 20.0m split into four 10.0m x 10.0m regions, 4.0m stratified cells, trees LL/LR/UL/UR=9/9/9/9, density LL/LR/UL/UR=0.02/0.02/0.02/0.02 trees/m^2, canopy LL/LR/UL/UR=0/0/0/0, canopy radius 0.50-1.50m, canopy density LL/LR/UL/UR=0.00/0.00/0.00/0.00, height range 0.30-1.15m, 23309 total points, terminal wall enabled at x=12.80m y=0.00m width_y=5.00m z=0.00-3.20m thickness_x=0.20m feature_depth_x=0.35m feature_count=24 feature_seed=11022 wall_points=22313, corridor walls=disabled floor=enabled x=-14.00..13.00m half_width_y=2.00m z=0.00..3.00m corridor_points=11111, p0_6_fixture=disabled name= x=-1.50..1.50 y=-0.75..0.75 z=1.00..2.00 fixture_points=0, resolution 0.10m, seed 11
[gnss_sim_node-9] [INFO] [1787282428.721889148] [test_planner_gnss_sim_node]: Loaded GNSS scenario file: /home/dev/ws_iap/src/iap/results/icra27/icra004/install_iap/iap/share/iap/config/gnss_sim/demo7_open_sky.yaml
[gnss_sim_node-9] [INFO] [1787282428.721987972] [test_planner_gnss_sim_node]: GNSS sim config: scenario_file=/home/dev/ws_iap/src/iap/results/icra27/icra004/install_iap/iap/share/iap/config/gnss_sim/demo7_open_sky.yaml ephemeris_source=rinex enabled_constellations=GPS,BDS,GAL,GLO enable_fault_injection=false fault_count=0
[pcl_render_node-2] [INFO] [1787282428.723748292] [drone_0_pcl_render_node]: pcl_render ready cloud_topic=pcl_render_node/cloud sensing_horizon=10.000 sensing_rate=10.000 map_resolution=0.100
[so3_quadrotor_simulator-10] [INFO] [1787282428.724425056] [drone_0_quadrotor_simulator_so3]: simulation epoch enabled: start_utc=2022-07-06T00:00:00Z unix=1657065600
[so3_quadrotor_simulator-10] [INFO] [1787282428.724657268] [drone_0_quadrotor_simulator_so3]: IAP IMU topic enabled: /sim/drone_0/imu_iap
[gnss_sim_node-9] [INFO] [1787282428.728402181] [test_planner_gnss_sim_node]: gnss_sim_node v2 started: truth_odom_topic=/sim/drone_0/truth_odom time_source=odom_stamp origin_lla=[31.2304000, 121.4737000, 25.00]
[gnss_sim_node-9] [WARN] [1787282428.828716061] [test_planner_gnss_sim_node]: Waiting for truth odometry before publishing GNSS range measurements
[pcl_render_node-2] [INFO] [1787282428.834012422] [pcl_render_node]: first odometry stamp=1657065600.104151 frame_id=map
[iap_rosnode-4] [2026-08-21 03:20:28.852] [glim] [warning] scan-to-multi-scan mode requires registration_type=VGICP (got GICP). Set use_scan_to_map=true or switch to VGICP.
[iap_rosnode-4] [2026-08-21 03:20:28.852] [glim] [info] load libsub_mapping.so
[iap_rosnode-4] [2026-08-21 03:20:28.853] [glim] [warning] param sub_mapping/submap_target_num_points not found
[iap_rosnode-4] [2026-08-21 03:20:28.853] [glim] [warning] use default_value=-1
[iap_rosnode-4] [2026-08-21 03:20:28.853] [glim] [info] load libglobal_mapping.so
[iap_rosnode-4] [2026-08-21 03:20:28.853] [glim] [warning] param global_mapping/submap_voxel_resolution_max not found
[iap_rosnode-4] [2026-08-21 03:20:28.853] [glim] [warning] use default_value=0.5
[iap_rosnode-4] [2026-08-21 03:20:28.853] [glim] [warning] param global_mapping/submap_voxel_resolution_dmin not found
[iap_rosnode-4] [2026-08-21 03:20:28.853] [glim] [warning] use default_value=5
[iap_rosnode-4] [2026-08-21 03:20:28.853] [glim] [warning] param global_mapping/submap_voxel_resolution_dmax not found
[iap_rosnode-4] [2026-08-21 03:20:28.853] [glim] [warning] use default_value=20
[iap_rosnode-4] [2026-08-21 03:20:28.853] [global] [info] multiscan_window=3: global_mapping will only connect submaps within 3 recent neighbors
[iap_rosnode-4] [INFO] [1787282428.854042007] [test_planner_iap_rosnode]: iap init stage=load_extension_modules
[iap_rosnode-4] [2026-08-21 03:20:28.854] [glim] [info] load libgnss_extension.so
[iap_rosnode-4] [2026-08-21 03:20:28.855] [gnss_ext] [info] [gnss_ext] Config loaded: pr_σ=1 dop_σ=0.03 elev_cut=10° canopy=[1,0.5,5,α=2] lever=[0.000,0.000,0.000] clk_q=[1,0.1] σ_E=5 σ_R=0.087
[iap_rosnode-4] [2026-08-21 03:20:28.855] [gnss_ext] [info] [gnss_ext] clock_owner_mode=gnss gnss_owns_clock=true
[iap_rosnode-4] [2026-08-21 03:20:28.855] [gnss_ext] [info] GnssExtensionModule created — waiting for NavSatFix origin
[iap_rosnode-4] [2026-08-21 03:20:28.856] [gnss_ext] [info] [gnss_ext] timing_csv=ENABLED path=/home/dev/ws_iap/src/iap/log/20260821T032028Z_716/profiling/iap_timing.csv
[iap_rosnode-4] [2026-08-21 03:20:28.856] [gnss_ext] [info] [gnss_ext] enable_debug_csv=true
[iap_rosnode-4] [2026-08-21 03:20:28.856] [gnss_ext] [info] [gnss_ext] Debug CSV logging ENABLED → /home/dev/ws_iap/src/iap/log/20260821T032028Z_716/export/iap_gnss_factor_debug.csv
[iap_rosnode-4] [2026-08-21 03:20:28.856] [gnss_ext] [info] GnssExtensionModule: subscriptions created
[iap_rosnode-4] [2026-08-21 03:20:28.858] [glim] [info] load libintegrity_extension.so
[iap_rosnode-4] [2026-08-21 03:20:28.859] [integrity_ext] [info] ━━━━━━━━━━━━━━━━━━━━━━━━━━━━━━━━━━━━━━━━━━━━━━━━━━━
[iap_rosnode-4] [2026-08-21 03:20:28.859] [integrity_ext] [info] [IntegrityExt] ■ Module master:  ENABLED
[iap_rosnode-4] [2026-08-21 03:20:28.859] [integrity_ext] [info] [IntegrityExt] ■ ARAIM:          ENABLED  (needs GNSS epoch)
[iap_rosnode-4] [2026-08-21 03:20:28.859] [integrity_ext] [info] [IntegrityExt] ■ FGO sigma_p:    ENABLED  (smoother marginal cov)
[iap_rosnode-4] [2026-08-21 03:20:28.859] [integrity_ext] [info] [IntegrityExt] ■ Dynamic AL:     ENABLED  (trunk HAL + altitude VAL)
[iap_rosnode-4] [2026-08-21 03:20:28.859] [integrity_ext] [info] [IntegrityExt] ■ Publish topic:  /iap/integrity
[iap_rosnode-4] [2026-08-21 03:20:28.859] [integrity_ext] [info] [IntegrityExt] ■ RViz markers:   disabled  topic=/iap/araim_envelopes
[iap_rosnode-4] [2026-08-21 03:20:28.859] [integrity_ext] [info] [IntegrityExt] ■ P5-5 fixture:   disabled  name=current_integrity_stamp_freeze_v1 start=30.000s duration=12.000s
[iap_rosnode-4] [2026-08-21 03:20:28.859] [integrity_ext] [info] ━━━━━━━━━━━━━━━━━━━━━━━━━━━━━━━━━━━━━━━━━━━━━━━━━━━
[iap_rosnode-4] [2026-08-21 03:20:28.859] [integrity_ext] [info] [IntegrityExt] GNSS ARAIM constellation hypotheses: disabled
[iap_rosnode-4] [2026-08-21 03:20:28.859] [glim] [info] [araim_debug] CSV logging to: /home/dev/ws_iap/src/iap/log/20260821T032028Z_716/export/iap_araim.csv
[iap_rosnode-4] [2026-08-21 03:20:28.859] [integrity_ext] [info] [IntegrityExt] ARAIM CSV: ENABLED → /home/dev/ws_iap/src/iap/log/20260821T032028Z_716/export/iap_araim.csv
[iap_rosnode-4] [2026-08-21 03:20:28.859] [integrity_ext] [info] [IntegrityExt] ARAIM PL decomposition CSV: disabled → /home/dev/ws_iap/src/iap/log/20260821T032028Z_716/export/iap_araim_pl_decomp.csv
[iap_rosnode-4] [2026-08-21 03:20:28.859] [integrity_ext] [info] [IntegrityExt] LiDAR ARAIM Stage0 CSV: disabled → /home/dev/ws_iap/src/iap/log/20260821T032028Z_716/export/iap_lidar_araim_stage0.csv
[iap_rosnode-4] [2026-08-21 03:20:28.859] [integrity_ext] [info] [IntegrityExt] Trajectory CSV: ENABLED → /home/dev/ws_iap/src/iap/log/20260821T032028Z_716/export/traj_with_gnss.csv
[iap_rosnode-4] [2026-08-21 03:20:28.859] [integrity_ext] [info] [IntegrityExt] callbacks registered — waiting for frames
[iap_rosnode-4] [2026-08-21 03:20:28.860] [integrity_ext] [info] [IntegrityExt] publisher created → /iap/integrity
[iap_rosnode-4] [2026-08-21 03:20:28.860] [glim] [info] load libsim_extension.so
[iap_rosnode-4] [2026-08-21 03:20:28.860] [glim] [warning] param glim_ros/sim/ not found
[iap_rosnode-4] [2026-08-21 03:20:28.860] [glim] [warning] use default_value=0.05
[iap_rosnode-4] [2026-08-21 03:20:28.860] [glim] [warning] param glim_ros/sim/ not found
[iap_rosnode-4] [2026-08-21 03:20:28.860] [glim] [warning] use default_value=2
[iap_rosnode-4] [2026-08-21 03:20:28.860] [sim_ext] [info] [sim_ext] truth_odom_topic=/sim/drone_0/truth_odom planner_odom_topic=/drone_0_visual_slam/odom align_to_truth=true alignment_max_dt=0.050s metrics_csv=/home/dev/ws_iap/src/iap/results/icra27/icra004/runs/smoke/exports/test_planner_p0_open_sky_gnss_open_sky_332493_1787282428501/iap_sim_truth_vs_est.csv
[iap_rosnode-4] [2026-08-21 03:20:28.861] [sim_ext] [info] [sim_ext] subscriptions created
[iap_rosnode-4] [INFO] [1787282428.861878339] [test_planner_iap_rosnode]: iap init stage=create_core_subscriptions
[iap_rosnode-4] [INFO] [1787282428.862206431] [test_planner_iap_rosnode]: iap subscribed imu_topic=/sim/drone_0/imu_iap points_topic=/sim/drone_0/lidar_body
[iap_rosnode-4] [INFO] [1787282428.862518116] [test_planner_iap_rosnode]: iap init stage=create_input_status_timer
[iap_rosnode-4] [INFO] [1787282428.862532729] [test_planner_iap_rosnode]: iap init stage=queue_thread_start
[iap_rosnode-4] [INFO] [1787282428.862601055] [test_planner_iap_rosnode]: iap init stage=ready
[gnss_sim_node-9] [INFO] [1787282428.865075597] [test_planner_gnss_sim_node]: Loaded 3017 GPS/BDS/GAL and 1070 GLONASS ephemeris records from RINEX NAV file: /home/dev/ws_iap/src/LIGO./Data/BRDM00DLR_S_20221870000_01D_MN.rnx
[iap_rosnode-4] [2026-08-21 03:20:28.865] [gnss_ext] [info] GnssExtensionModule: ECEF origin set — lat=31.230400° lon=121.473574° ECEF=[-2850075,4655718,3287777]m
[iap_rosnode-4] [2026-08-21 03:20:28.865] [gnss_ext] [info] [gnss_ext] Klobuchar iono params received — ionospheric correction enabled.  alpha=[1.0000e-08,0.0000e+00,0.0000e+00,0.0000e+00] beta=[90000,0,0,0]
[component_container-11] [INFO] [1787282428.929049683] [test_planner_so3_control_container]: Load Library: /home/dev/ws_iap/install/so3_control/lib/libso3_control_component.so
[component_container-11] [INFO] [1787282428.933390634] [test_planner_so3_control_container]: Found class: rclcpp_components::NodeFactoryTemplate<SO3ControlComponent>
[component_container-11] [INFO] [1787282428.933418286] [test_planner_so3_control_container]: Instantiate class: rclcpp_components::NodeFactoryTemplate<SO3ControlComponent>
[iap_rosnode-4] [2026-08-21 03:20:28.937] [gnss_ext] [info] [gnss_ext] first epoch UTC stamp=1657065600.203  (last_frame_stamp=0.000  delta=1657065600.203s)
[iap_rosnode-4] [2026-08-21 03:20:28.937] [gnss_ext] [info] [gnss_ext] Klobuchar iono correction ACTIVE for this epoch — alpha=[1.0000e-08,0.0000e+00,0.0000e+00,0.0000e+00] beta=[90000,0,0,0]
[component_container-11] [INFO] [1787282428.937682128] [test_planner_so3_control_component]: start SO3ControlComponent
[iap_rosnode-4] [2026-08-21 03:20:28.938] [gnss_ext] [info] [gnss_ext] epoch #1 inserted: stamp=1657065600.203 n_sats=41
[INFO] [launch_ros.actions.load_composable_nodes]: Loaded node '/test_planner_so3_control_component' in container '/test_planner_so3_control_container'
[iap_rosnode-4] [INFO] [1787282428.990237188] [test_planner_iap_rosnode]: iap input first imu stamp=1657065600.265280 frame_id=imu
[iap_rosnode-4] [2026-08-21 03:20:28.990] [glim] [info] meta/imu_frame_id=imu
[iap_rosnode-4] [2026-08-21 03:20:28.990] [glim] [info] meta/base_frame_id=imu
[iap_rosnode-4] [2026-08-21 03:20:28.990] [glim] [info] auto-detected acc_scale=1.00000
[pcl_render_node-2] [WARN] [1787282429.234207762] [rcvGlobalPointCloudCallBack]: Global Pointcloud received..
[pcl_render_node-2] [INFO] [1787282429.324603491] [pcl_render_node]: first lidar publish stamp=1657065600.540272 points=3749 frame_id=map
[demo4_lidar_body_bridge-3] [INFO] [1787282429.324837934] [test_planner_lidar_body_bridge]: first body cloud stamp=1657065600.540272 points=3749 frame_id=lidar input_frame=map
[iap_rosnode-4] [INFO] [1787282429.324943386] [test_planner_iap_rosnode]: iap input first points stamp=1657065600.540272 frame_id=lidar width=3749 height=1 fields=3
[iap_rosnode-4] [2026-08-21 03:20:29.324] [glim] [info] meta/lidar_frame_id=lidar
[iap_rosnode-4] [2026-08-21 03:20:29.325] [glim] [warning] per-point timestamps are not given!!
[iap_rosnode-4] [2026-08-21 03:20:29.325] [glim] [warning] use pseudo per-point timestamps based on the order of points
[iap_rosnode-4] [INFO] [1787282429.327185792] [test_planner_iap_rosnode]: iap input first preprocessed frame stamp=1657065600.540272 points=3749 scan_end=1657065600.540272
[iap_rosnode-4] [INFO] [1787282430.862611191] [test_planner_iap_rosnode]: iap input status imu_count=1873 points_count=16 accepted_frames=16 dropped_points=0 imu_publishers=1 points_publishers=1
[iap_rosnode-4] [2026-08-21 03:20:32.430] [odom] [info] estimate initial IMU state
[iap_rosnode-4] Initial error: 1442.69, values: 96
[iap_rosnode-4] iter      cost      cost_change    lambda  success iter_time
[iap_rosnode-4]    0    0.0376441      1.4e+03      1e-05      1          0
[iap_rosnode-4]    1        0.036       0.0017      1e-06      1          0
[iap_rosnode-4]    2        0.036      2.3e-14      1e-07      1          0
[iap_rosnode-4] [2026-08-21 03:20:32.435] [odom] [info] initial IMU state estimation result
[iap_rosnode-4] [2026-08-21 03:20:32.435] [odom] [info] T_world_imu=se3(0.005328,-0.001435,0.086264,-0.000169,0.000117,0.000037,1.000000)
[iap_rosnode-4] [2026-08-21 03:20:32.435] [odom] [info] v_world_imu=vec(0.001411,0.001390,-0.000617)
[iap_rosnode-4] [2026-08-21 03:20:32.435] [odom] [info] imu_bias=vec(-0.000106,-0.000058,-0.000000,0.000031,-0.000046,0.000054)
[iap_rosnode-4] [2026-08-21 03:20:32.437] [odom] [info] update_frames: clock not ready for current frame 0, skip read [count=1]
[iap_rosnode-4] [2026-08-21 03:20:32.437] [odom] [info] [lifecycle] events=10 stamp=1657065603.639 {b:{writes=odometry=1;missing=;expected=odometry;conflicts=0;violations=0}, c:{writes=;missing=;expected=gnss;conflicts=0;violations=0}, e:{writes=;missing=;expected=gnss;conflicts=0;violations=0}, r:{writes=;missing=;expected=gnss;conflicts=0;violations=0}, v:{writes=odometry=1;missing=;expected=odometry;conflicts=0;violations=0}, x:{writes=odometry=1;missing=;expected=odometry;conflicts=0;violations=0}}
[iap_rosnode-4] [2026-08-21 03:20:32.527] [gnss_ext] [info] [gnss_ext] E(0)/R(0) inserted — ECEF=[-2850075,4655718,3287777] σ_E=5m σ_R=0.087rad
[iap_rosnode-4] [2026-08-21 03:20:32.527] [gnss_ext] [info] [gnss_ext] C(1) not in new_values — inserting; warm-start: bias=0m drift=0.00m/s (glim base class does not add clock variable)
[iap_rosnode-4] [2026-08-21 03:20:32.527] [gnss_ext] [info] [gnss_ext] clock chain state: UNSEEDED -> SEEDED (clock_seeded) at 1657065603.739
[iap_rosnode-4] [2026-08-21 03:20:32.527] [gnss_ext] [info] [gnss_ext] injection #1: 82 GNSS factors → frame 1 (stamp=1657065603.739)
[iap_rosnode-4] [2026-08-21 03:20:32.527] [gnss_ext] [info] [gnss_ext] clock summary #1: state=SEEDED prev_missing=0 curr_missing=0 resets=0 stamp=1657065603.739
[iap_rosnode-4] [2026-08-21 03:20:32.529] [gnss_ext] [info] [gnss_ext] diag #1: clk_bias=3.16m  clk_drift=0.0151m/s | PR rms=1.30m (41 sats)  Dop rms=0.0282m/s (41 sats)
[iap_rosnode-4] [2026-08-21 03:20:32.530] [integrity_ext] [info] [IntegrityExt] #1: stamp=1657065603.739 state=SAFE monitor_fused_HPL=5.33m monitor_fused_VPL=14.89m HAL=10.00m monitor_IM=4.67m n_sv=41 n_trunks=0 fgo_valid=true fgo_factors=90 lidar_hyp=0 gnss_certified_HPL=5.33 gnss_certified_VPL=14.89 lidar_certified_HPL=1000000000.00 lidar_certified_VPL=1000000000.00 mode=NONE
[iap_rosnode-4] [2026-08-21 03:20:32.530] [sim_ext] [info] [sim_ext] initialized planner odom SE3 alignment truth_stamp=1657065603.739269 est_stamp=1657065603.739269 dt=0.000000s translation=[-12.005,0.003,1.413] rotation_deg=0.024
[iap_rosnode-4] [2026-08-21 03:20:32.627] [gnss_ext] [info] [gnss_ext] clock chain state: SEEDED -> CHAIN_ACTIVE (clock_between_added) at 1657065603.839
[iap_rosnode-4] [INFO] [1787282432.862595361] [test_planner_iap_rosnode]: iap input status imu_count=3873 points_count=36 accepted_frames=36 dropped_points=0 imu_publishers=1 points_publishers=1
[iap_rosnode-4] [INFO] [1787282434.862596848] [test_planner_iap_rosnode]: iap input status imu_count=5873 points_count=56 accepted_frames=56 dropped_points=0 imu_publishers=1 points_publishers=1
[iap_rosnode-4] [INFO] [1787282436.862594265] [test_planner_iap_rosnode]: iap input status imu_count=7873 points_count=76 accepted_frames=76 dropped_points=0 imu_publishers=1 points_publishers=1
[iap_rosnode-4] [2026-08-21 03:20:37.428] [gnss_ext] [info] [lifecycle] events=212 stamp=1657065608.640 {b:{writes=odometry=51;missing=;expected=odometry;conflicts=0;violations=0}, c:{writes=gnss=50;missing=;expected=gnss;conflicts=0;violations=0}, e:{writes=gnss=1;missing=;expected=gnss;conflicts=0;violations=0}, r:{writes=gnss=1;missing=;expected=gnss;conflicts=0;violations=0}, v:{writes=odometry=51;missing=;expected=odometry;conflicts=0;violations=0}, x:{writes=odometry=51;missing=;expected=odometry;conflicts=0;violations=0}}
[iap_rosnode-4] [2026-08-21 03:20:37.456] [gnss_ext] [info] [gnss_ext] diag #50: clk_bias=-0.05m  clk_drift=-0.0125m/s | PR rms=1.01m (41 sats)  Dop rms=0.0297m/s (41 sats)
[iap_rosnode-4] [2026-08-21 03:20:37.465] [integrity_ext] [info] [IntegrityExt] #50: stamp=1657065608.640 state=SAFE monitor_fused_HPL=5.27m monitor_fused_VPL=14.46m HAL=10.00m monitor_IM=4.73m n_sv=41 n_trunks=0 fgo_valid=true fgo_factors=4300 lidar_hyp=0 gnss_certified_HPL=5.27 gnss_certified_VPL=14.46 lidar_certified_HPL=1000000000.00 lidar_certified_VPL=1000000000.00 mode=NONE
[INFO] [ego_planner_node-13]: process started with pid [334035]
[INFO] [traj_server-14]: process started with pid [334036]
[iap_rosnode-4] [2026-08-21 03:20:38.835] [gnss_ext] [info] [gnss_ext] epoch #100 inserted: stamp=1657065610.103 n_sats=41
[ego_planner_node-13] hit: 0.619039
[ego_planner_node-13] miss: -0.619039
[ego_planner_node-13] min log: -1.99243
[ego_planner_node-13] max: 2.19722
[ego_planner_node-13] thresh log: 1.38629
[iap_rosnode-4] [INFO] [1787282438.862594484] [test_planner_iap_rosnode]: iap input status imu_count=9873 points_count=96 accepted_frames=96 dropped_points=0 imu_publishers=1 points_publishers=1
[ego_planner_node-13] [INFO] [1787282438.899302862] [drone_0_ego_planner_node]: Wait for 1 second.
[ego_planner_node-13] [INFO] [1787282439.398878457] [drone_0_ego_planner_node]: [p0] risk grid ready=0 stale=1 age=inf valid=0.000 unknown=1.000 gen=0 provider_queries=0 occupied_skip=0 provider_stale=0 provider_invalid=0 gnss_used=0 lidar_used=0 prior_used=0 stale_current_prior=0 regularized=0 conservative_max=0 lidar_points=0 lidar_fim_primitives=0 lidar_fim_valid_normals=0 lidar_fim_fallback=not_evaluated dominant_unknown=:0 refresh_stamp=nan grid_stamp=nan elapsed_ms=nan queries=0 reason=not_ready
[traj_server-14] [WARN] [1787282439.774135689] [drone_0_traj_server]: [Traj server]: ready.
[ego_planner_node-13] [FSM]: state: INIT
[ego_planner_node-13] no odom.
[ego_planner_node-13] wait for goal or trigger.
[ego_planner_node-13] [WARN] [1787282440.149235305] [drone_0_ego_planner_node]: Waiting for trigger from [n3ctrl] from RC
[iap_rosnode-4] [INFO] [1787282440.862604596] [test_planner_iap_rosnode]: iap input status imu_count=11873 points_count=116 accepted_frames=116 dropped_points=0 imu_publishers=1 points_publishers=1
[ego_planner_node-13] [FSM]: state: INIT
[ego_planner_node-13] no odom.
[ego_planner_node-13] wait for goal or trigger.
[ego_planner_node-13] [FSM]: from INIT to WAIT_TARGET
[ego_planner_node-13] [FSM]: from WAIT_TARGET to SEQUENTIAL_START
[ego_planner_node-13] [RiskContext] planning_generation_id=0, query_base_time_s=1.65707e+09, snapshot_available=0
[ego_planner_node-13] [47;30m
[ego_planner_node-13] [drone 0 replan 0]==============================================[0m
[ego_planner_node-13] [1;33mmulti-trajs=1[1;0m
[ego_planner_node-13] [32miter(+1)=30,time(ms)=0.076,total_t(ms)=0.109,cost=0.293
[ego_planner_node-13] [0mtraj 1 success.
[ego_planner_node-13] plan_success=1
[ego_planner_node-13] total time:[42m0.00023083[0m,optimize:0.000229109,refine:1.721e-06,avg_time=0.00023083
[ego_planner_node-13] refine_success=1
[ego_planner_node-13] [WARN] [1787282441.432050264] [drone_0_ego_planner_node]: P1 published fresh bspline but could not write accepted-profile evidence
[ego_planner_node-13] [FSM]: from SEQUENTIAL_START to EXEC_TRAJ
[ego_planner_node-13] [INFO] [1787282441.898295898] [drone_0_ego_planner_node]: [p0] risk grid ready=0 stale=1 age=inf valid=0.000 unknown=1.000 gen=0 provider_queries=0 occupied_skip=0 provider_stale=0 provider_invalid=0 gnss_used=0 lidar_used=0 prior_used=0 stale_current_prior=0 regularized=0 conservative_max=0 lidar_points=23309 lidar_fim_primitives=704 lidar_fim_valid_normals=704 lidar_fim_fallback= dominant_unknown=:0 refresh_stamp=1657065613.173219 grid_stamp=nan elapsed_ms=0.002 queries=0 reason=message_stamp_unavailable
[ego_planner_node-13] [FSM]: state: EXEC_TRAJ
[iap_rosnode-4] [2026-08-21 03:20:42.127] [gnss_ext] [info] [lifecycle] events=400 stamp=1657065613.340 {b:{writes=odometry=98;missing=;expected=odometry;conflicts=0;violations=0}, c:{writes=gnss=97;missing=;expected=gnss;conflicts=0;violations=0}, e:{writes=gnss=1;missing=;expected=gnss;conflicts=0;violations=0}, r:{writes=gnss=1;missing=;expected=gnss;conflicts=0;violations=0}, v:{writes=odometry=98;missing=;expected=odometry;conflicts=0;violations=0}, x:{writes=odometry=98;missing=;expected=odometry;conflicts=0;violations=0}}
[iap_rosnode-4] [2026-08-21 03:20:42.132] [odom] [info] [lifecycle] events=400 stamp=1657065613.340 {b:{writes=odometry=98;missing=;expected=odometry;conflicts=0;violations=0}, c:{writes=gnss=97;missing=;expected=gnss;conflicts=0;violations=0}, e:{writes=gnss=1;missing=;expected=gnss;conflicts=0;violations=0}, r:{writes=gnss=1;missing=;expected=gnss;conflicts=0;violations=0}, v:{writes=odometry=98;missing=;expected=odometry;conflicts=0;violations=0}, x:{writes=odometry=98;missing=;expected=odometry;conflicts=0;violations=0}}
[iap_rosnode-4] [2026-08-21 03:20:42.427] [gnss_ext] [info] [gnss_ext] injection #100: 82 GNSS factors → frame 100 (stamp=1657065613.640)
[ego_planner_node-13] [FSM]: from EXEC_TRAJ to REPLAN_TRAJ
[iap_rosnode-4] [2026-08-21 03:20:42.447] [gnss_ext] [info] [gnss_ext] diag #100: clk_bias=-0.19m  clk_drift=-0.0109m/s | PR rms=0.90m (41 sats)  Dop rms=0.0290m/s (41 sats)
[iap_rosnode-4] [2026-08-21 03:20:42.449] [integrity_ext] [info] [IntegrityExt] #100: stamp=1657065613.640 state=SAFE monitor_fused_HPL=4.92m monitor_fused_VPL=14.13m HAL=10.00m monitor_IM=5.08m n_sv=41 n_trunks=0 fgo_valid=true fgo_factors=4387 lidar_hyp=0 gnss_certified_HPL=4.92 gnss_certified_VPL=14.13 lidar_certified_HPL=1000000000.00 lidar_certified_VPL=1000000000.00 mode=NONE
[ego_planner_node-13] [RiskContext] planning_generation_id=0, query_base_time_s=1.65707e+09, snapshot_available=0
[ego_planner_node-13] [47;30m
[ego_planner_node-13] [drone 0 replan 1]==============================================[0m
[ego_planner_node-13] [1;33mmulti-trajs=1[1;0m
[ego_planner_node-13] [32miter(+1)=14,time(ms)=0.039,total_t(ms)=0.065,cost=0.107
[ego_planner_node-13] [0mtraj 1 success.
[ego_planner_node-13] plan_success=1
[ego_planner_node-13] total time:[42m0.000165554[0m,optimize:0.000164129,refine:1.425e-06,avg_time=0.000198192
[ego_planner_node-13] refine_success=1
[ego_planner_node-13] [WARN] [1787282442.451160343] [drone_0_ego_planner_node]: P1 published fresh bspline but could not write accepted-profile evidence
[ego_planner_node-13] [FSM]: from REPLAN_TRAJ to EXEC_TRAJ
[iap_rosnode-4] [INFO] [1787282442.862590575] [test_planner_iap_rosnode]: iap input status imu_count=13873 points_count=136 accepted_frames=136 dropped_points=0 imu_publishers=1 points_publishers=1
[ego_planner_node-13] [FSM]: state: EXEC_TRAJ
[ego_planner_node-13] [FSM]: from EXEC_TRAJ to REPLAN_TRAJ
[ego_planner_node-13] [RiskContext] planning_generation_id=2, query_base_time_s=1.65707e+09, snapshot_available=1
[ego_planner_node-13] [47;30m
[ego_planner_node-13] [drone 0 replan 2]==============================================[0m
[ego_planner_node-13] [1;33mmulti-trajs=1[1;0m
[ego_planner_node-13] [32miter(+1)=9,time(ms)=0.167,total_t(ms)=0.238,cost=0.025
[ego_planner_node-13] [0mtraj 1 success.
[ego_planner_node-13] plan_success=1
[ego_planner_node-13] total time:[42m0.000314864[0m,optimize:0.000313821,refine:1.043e-06,avg_time=0.000237083
[ego_planner_node-13] refine_success=1
[ego_planner_node-13] [WARN] [1787282443.471324790] [drone_0_ego_planner_node]: P1 published fresh bspline but could not write accepted-profile evidence
[ego_planner_node-13] [FSM]: from REPLAN_TRAJ to EXEC_TRAJ
[ego_planner_node-13] [FSM]: state: EXEC_TRAJ
[ego_planner_node-13] [INFO] [1787282444.398270947] [drone_0_ego_planner_node]: [p0] risk grid ready=1 stale=1 age=1.182 valid=1.000 unknown=0.000 gen=3 provider_queries=76800 occupied_skip=0 provider_stale=0 provider_invalid=0 gnss_used=76800 lidar_used=71196 prior_used=76800 stale_current_prior=0 regularized=76800 conservative_max=0 lidar_points=23309 lidar_fim_primitives=704 lidar_fim_valid_normals=704 lidar_fim_fallback= dominant_unknown=:0 refresh_stamp=1657065615.143281 grid_stamp=1657065614.491303 elapsed_ms=651.755 queries=76800 reason=stale_snapshot
[ego_planner_node-13] [FSM]: from EXEC_TRAJ to REPLAN_TRAJ
[ego_planner_node-13] [RiskContext] planning_generation_id=3, query_base_time_s=1.65707e+09, snapshot_available=1
[ego_planner_node-13] [47;30m
[ego_planner_node-13] [drone 0 replan 3]==============================================[0m
[ego_planner_node-13] [1;33mmulti-trajs=1[1;0m
[ego_planner_node-13] [32miter(+1)=12,time(ms)=0.213,total_t(ms)=0.293,cost=0.009
[ego_planner_node-13] [0mtraj 1 success.
[ego_planner_node-13] plan_success=1
[ego_planner_node-13] total time:[42m0.00148545[0m,optimize:0.00148399,refine:1.455e-06,avg_time=0.000549174
[ego_planner_node-13] refine_success=1
[ego_planner_node-13] [WARN] [1787282444.492652252] [drone_0_ego_planner_node]: P1 published fresh bspline but could not write accepted-profile evidence
[ego_planner_node-13] [FSM]: from REPLAN_TRAJ to EXEC_TRAJ
[iap_rosnode-4] [INFO] [1787282444.862591893] [test_planner_iap_rosnode]: iap input status imu_count=15873 points_count=156 accepted_frames=156 dropped_points=0 imu_publishers=1 points_publishers=1
[ego_planner_node-13] [FSM]: state: EXEC_TRAJ
[ego_planner_node-13] [FSM]: from EXEC_TRAJ to REPLAN_TRAJ
[ego_planner_node-13] [RiskContext] planning_generation_id=5, query_base_time_s=1.65707e+09, snapshot_available=1
[ego_planner_node-13] [47;30m
[ego_planner_node-13] [drone 0 replan 4]==============================================[0m
[ego_planner_node-13] [1;33mmulti-trajs=1[1;0m
[ego_planner_node-13] [32miter(+1)=9,time(ms)=0.202,total_t(ms)=0.287,cost=0.003
[ego_planner_node-13] [0mtraj 1 success.
[ego_planner_node-13] plan_success=1
[ego_planner_node-13] total time:[42m0.00114235[0m,optimize:0.00114103,refine:1.32e-06,avg_time=0.000667809
[ego_planner_node-13] refine_success=1
[ego_planner_node-13] [WARN] [1787282445.503289939] [drone_0_ego_planner_node]: P1 published fresh bspline but could not write accepted-profile evidence
[ego_planner_node-13] [FSM]: from REPLAN_TRAJ to EXEC_TRAJ
[ego_planner_node-13] [FSM]: state: EXEC_TRAJ
[ego_planner_node-13] [INFO] [1787282446.419382634] [drone_0_ego_planner_node]: [p0] risk grid ready=1 stale=0 age=0.000 valid=1.000 unknown=0.000 gen=7 provider_queries=76770 occupied_skip=30 provider_stale=0 provider_invalid=0 gnss_used=76770 lidar_used=75414 prior_used=76770 stale_current_prior=0 regularized=76770 conservative_max=0 lidar_points=23309 lidar_fim_primitives=704 lidar_fim_valid_normals=704 lidar_fim_fallback= dominant_unknown=occupied_skip:30 refresh_stamp=1657065617.055225 grid_stamp=1657065617.055225 elapsed_ms=639.102 queries=76800 reason=ok
[ego_planner_node-13] [FSM]: from EXEC_TRAJ to REPLAN_TRAJ
[ego_planner_node-13] [RiskContext] planning_generation_id=7, query_base_time_s=1.65707e+09, snapshot_available=1
[ego_planner_node-13] [47;30m
[ego_planner_node-13] [drone 0 replan 5]==============================================[0m
[ego_planner_node-13] [1;33mmulti-trajs=1[1;0m
[ego_planner_node-13] [32miter(+1)=11,time(ms)=0.208,total_t(ms)=0.285,cost=0.004
[ego_planner_node-13] [0mtraj 1 success.
[ego_planner_node-13] plan_success=1
[ego_planner_node-13] total time:[42m0.00113402[0m,optimize:0.0011325,refine:1.527e-06,avg_time=0.000745511
[ego_planner_node-13] refine_success=1
[ego_planner_node-13] [WARN] [1787282446.523668162] [drone_0_ego_planner_node]: P1 published fresh bspline but could not write accepted-profile evidence
[ego_planner_node-13] [FSM]: from REPLAN_TRAJ to EXEC_TRAJ
[iap_rosnode-4] [INFO] [1787282446.862596520] [test_planner_iap_rosnode]: iap input status imu_count=17873 points_count=176 accepted_frames=176 dropped_points=0 imu_publishers=1 points_publishers=1
[ego_planner_node-13] [FSM]: state: EXEC_TRAJ
[iap_rosnode-4] [2026-08-21 03:20:47.227] [gnss_ext] [info] [lifecycle] events=604 stamp=1657065618.439 {b:{writes=odometry=149;missing=;expected=odometry;conflicts=0;violations=0}, c:{writes=gnss=148;missing=;expected=gnss;conflicts=0;violations=0}, e:{writes=gnss=1;missing=;expected=gnss;conflicts=0;violations=0}, r:{writes=gnss=1;missing=;expected=gnss;conflicts=0;violations=0}, v:{writes=odometry=149;missing=;expected=odometry;conflicts=0;violations=0}, x:{writes=odometry=149;missing=;expected=odometry;conflicts=0;violations=0}}
[iap_rosnode-4] [2026-08-21 03:20:47.429] [gnss_ext] [info] [gnss_ext] diag #150: clk_bias=-0.09m  clk_drift=0.0059m/s | PR rms=0.96m (41 sats)  Dop rms=0.0306m/s (41 sats)
[iap_rosnode-4] [2026-08-21 03:20:47.431] [integrity_ext] [info] [IntegrityExt] #150: stamp=1657065618.639 state=SAFE monitor_fused_HPL=5.14m monitor_fused_VPL=13.79m HAL=10.00m monitor_IM=4.86m n_sv=41 n_trunks=0 fgo_valid=true fgo_factors=4387 lidar_hyp=0 gnss_certified_HPL=5.14 gnss_certified_VPL=13.79 lidar_certified_HPL=1000000000.00 lidar_certified_VPL=1000000000.00 mode=NONE
[ego_planner_node-13] [FSM]: from EXEC_TRAJ to REPLAN_TRAJ
[ego_planner_node-13] [RiskContext] planning_generation_id=8, query_base_time_s=1.65707e+09, snapshot_available=1
[ego_planner_node-13] [47;30m
[ego_planner_node-13] [drone 0 replan 6]==============================================[0m
[ego_planner_node-13] [1;33mmulti-trajs=1[1;0m
[ego_planner_node-13] [32miter(+1)=14,time(ms)=0.167,total_t(ms)=0.231,cost=0.002
[ego_planner_node-13] [0mtraj 1 success.
[ego_planner_node-13] plan_success=1
[ego_planner_node-13] total time:[42m0.00422767[0m,optimize:0.00422669,refine:9.76e-07,avg_time=0.00124296
[ego_planner_node-13] refine_success=1
[ego_planner_node-13] [WARN] [1787282447.537272661] [drone_0_ego_planner_node]: P1 published fresh bspline but could not write accepted-profile evidence
[ego_planner_node-13] [FSM]: from REPLAN_TRAJ to EXEC_TRAJ
[iap_rosnode-4] [2026-08-21 03:20:47.648] [integrity] [warning] NIS gating: sat 108 NIS_pr=7.05 > 6.63 -- downweighted
[ego_planner_node-13] [FSM]: state: EXEC_TRAJ
[WARNING] [launch]: user interrupted with ctrl-c (SIGINT)
[INFO] [traj_server-14]: sending signal 'SIGINT' to process[traj_server-14]
[INFO] [ego_planner_node-13]: sending signal 'SIGINT' to process[ego_planner_node-13]
[INFO] [planner_evidence_provenance_publisher.py-12]: sending signal 'SIGINT' to process[planner_evidence_provenance_publisher.py-12]
[INFO] [component_container-11]: sending signal 'SIGINT' to process[component_container-11]
[INFO] [so3_quadrotor_simulator-10]: sending signal 'SIGINT' to process[so3_quadrotor_simulator-10]
[INFO] [gnss_sim_node-9]: sending signal 'SIGINT' to process[gnss_sim_node-9]
[INFO] [odom_visualization-8]: sending signal 'SIGINT' to process[odom_visualization-8]
[INFO] [odom_visualization-7]: sending signal 'SIGINT' to process[odom_visualization-7]
[INFO] [odom_visualization-6]: sending signal 'SIGINT' to process[odom_visualization-6]
[INFO] [poscmd_2_odom-5]: sending signal 'SIGINT' to process[poscmd_2_odom-5]
[INFO] [iap_rosnode-4]: sending signal 'SIGINT' to process[iap_rosnode-4]
[INFO] [demo4_lidar_body_bridge-3]: sending signal 'SIGINT' to process[demo4_lidar_body_bridge-3]
[INFO] [pcl_render_node-2]: sending signal 'SIGINT' to process[pcl_render_node-2]
[INFO] [demo11_corridor_map_publisher-1]: sending signal 'SIGINT' to process[demo11_corridor_map_publisher-1]
[ego_planner_node-13] [FSM]: from EXEC_TRAJ to REPLAN_TRAJ
[ego_planner_node-13] [RiskContext] planning_generation_id=10, query_base_time_s=1.65707e+09, snapshot_available=1
[ego_planner_node-13] [47;30m
[ego_planner_node-13] [drone 0 replan 7]==============================================[0m
[ego_planner_node-13] [1;33mmulti-trajs=1[1;0m
[ego_planner_node-13] [32miter(+1)=10,time(ms)=0.161,total_t(ms)=0.221,cost=0.002
[ego_planner_node-13] [0mtraj 1 success.
[ego_planner_node-13] plan_success=1
[ego_planner_node-13] total time:[42m0.00146797[0m,optimize:0.00146692,refine:1.046e-06,avg_time=0.00127109
[ego_planner_node-13] refine_success=1
[ego_planner_node-13] [FSM]: from REPLAN_TRAJ to EXEC_TRAJ
[ego_planner_node-13] [WARN] [1787282448.547836399] [drone_0_ego_planner_node]: P1 published fresh bspline but could not write accepted-profile evidence
[ego_planner_node-13] [INFO] [1787282448.898281612] [drone_0_ego_planner_node]: [p0] risk grid ready=1 stale=1 age=1.219 valid=1.000 unknown=0.000 gen=10 provider_queries=76782 occupied_skip=18 provider_stale=0 provider_invalid=0 gnss_used=76782 lidar_used=76764 prior_used=76782 stale_current_prior=0 regularized=76782 conservative_max=0 lidar_points=23309 lidar_fim_primitives=704 lidar_fim_valid_normals=704 lidar_fim_fallback= dominant_unknown=occupied_skip:18 refresh_stamp=1657065619.593285 grid_stamp=1657065618.954281 elapsed_ms=637.949 queries=76800 reason=stale_snapshot
[iap_rosnode-4] [2026-08-21 03:20:48.837] [gnss_ext] [info] [gnss_ext] epoch #200 inserted: stamp=1657065620.103 n_sats=41
[iap_rosnode-4] [INFO] [1787282448.862594660] [test_planner_iap_rosnode]: iap input status imu_count=19873 points_count=196 accepted_frames=196 dropped_points=0 imu_publishers=1 points_publishers=1
[traj_server-14] [INFO] [1787282448.952575744] [rclcpp]: signal_handler(SIGINT/SIGTERM)
[ego_planner_node-13] [INFO] [1787282448.953054248] [rclcpp]: signal_handler(SIGINT/SIGTERM)
[component_container-11] [INFO] [1787282448.953991982] [rclcpp]: signal_handler(SIGINT/SIGTERM)
[so3_quadrotor_simulator-10] [INFO] [1787282448.954476680] [rclcpp]: signal_handler(SIGINT/SIGTERM)
[gnss_sim_node-9] [INFO] [1787282448.954906320] [rclcpp]: signal_handler(SIGINT/SIGTERM)
[odom_visualization-8] [INFO] [1787282448.955348762] [rclcpp]: signal_handler(SIGINT/SIGTERM)
[odom_visualization-7] [INFO] [1787282448.955859206] [rclcpp]: signal_handler(SIGINT/SIGTERM)
[odom_visualization-6] [INFO] [1787282448.956306270] [rclcpp]: signal_handler(SIGINT/SIGTERM)
[poscmd_2_odom-5] [INFO] [1787282448.956787355] [rclcpp]: signal_handler(SIGINT/SIGTERM)
[poscmd_2_odom-5] terminate called after throwing an instance of 'rclcpp::exceptions::RCLError'
[poscmd_2_odom-5]   what():  failed to create guard condition: the given context is not valid, either rcl_init() was not called or rcl_shutdown() was called., at ./src/rcl/guard_condition.c:67
[iap_rosnode-4] [INFO] [1787282448.957241192] [rclcpp]: signal_handler(SIGINT/SIGTERM)
[pcl_render_node-2] [INFO] [1787282448.958060266] [rclcpp]: signal_handler(SIGINT/SIGTERM)
[pcl_render_node-2] terminate called after throwing an instance of 'rclcpp::exceptions::RCLError'
[pcl_render_node-2]   what():  failed to create guard condition: the given context is not valid, either rcl_init() was not called or rcl_shutdown() was called., at ./src/rcl/guard_condition.c:67
[demo11_corridor_map_publisher-1] [INFO] [1787282448.958544572] [rclcpp]: signal_handler(SIGINT/SIGTERM)
[demo4_lidar_body_bridge-3] [INFO] [1787282448.959372099] [rclcpp]: signal_handler(SIGINT/SIGTERM)
[iap_rosnode-4] [2026-08-21 03:20:48.961] [glim] [info] waiting for odometry estimation
[iap_rosnode-4] [2026-08-21 03:20:48.964] [glim] [info] waiting for local mapping
[iap_rosnode-4] [2026-08-21 03:20:48.968] [glim] [info] waiting for global mapping
[iap_rosnode-4] [2026-08-21 03:20:48.969] [global] [info] saving to /home/dev/ws_iap/src/iap/log/20260821T032028Z_716/export/dump...
[iap_rosnode-4] [2026-08-21 03:20:48.969] [global] [info] serializing factor graph to /home/dev/ws_iap/src/iap/log/20260821T032028Z_716/export/dump/graph.bin
[iap_rosnode-4] [2026-08-21 03:20:48.980] [global] [info] saving config snapshot
[iap_rosnode-4] [2026-08-21 03:20:48.982] [global] [info] saved
[ERROR] [pcl_render_node-2]: process has died [pid 332526, exit code -6, cmd '/home/dev/ws_iap/install/local_sensing/lib/local_sensing/pcl_render_node --ros-args -r __node:=drone_0_pcl_render_node --params-file /tmp/launch_params_qkxj0bpg --params-file /tmp/launch_params_ul6d3o8n --params-file /tmp/launch_params_qpia00cc --params-file /tmp/launch_params_hhtb8h_r --params-file /tmp/launch_params_p1gzyd_z --params-file /tmp/launch_params_ycaiox9n --params-file /tmp/launch_params_pyf1xqpo --params-file /home/dev/ws_iap/install/local_sensing/share/local_sensing/config/camera.yaml -r global_map:=/map_generator/global_cloud -r local_map:=/map_generator/local_cloud -r odometry:=/sim/drone_0/truth_odom -r pcl_render_node/cloud:=/sim/drone_0/lidar -r depth:=/sim/drone_0/depth -r camera_pose:=/drone_0_pcl_render_node/camera_pose'].
[ERROR] [poscmd_2_odom-5]: process has died [pid 332547, exit code -6, cmd '/home/dev/ws_iap/install/poscmd_2_odom/lib/poscmd_2_odom/poscmd_2_odom --ros-args -r __node:=test_planner_desired_poscmd_to_odom --params-file /tmp/launch_params_at4yg0qj --params-file /tmp/launch_params_qnmn1x5v --params-file /tmp/launch_params_5rr_208y -r command:=/drone_0_planning/pos_cmd -r odometry:=/test_planner/desired/odom'].
[traj_server-14] terminate called after throwing an instance of 'std::system_error'
[traj_server-14]   what():  Invalid argument
[INFO] [so3_quadrotor_simulator-10]: process has finished cleanly [pid 332554]
[INFO] [demo4_lidar_body_bridge-3]: process has finished cleanly [pid 332527]
[INFO] [demo11_corridor_map_publisher-1]: process has finished cleanly [pid 332525]
[INFO] [gnss_sim_node-9]: process has finished cleanly [pid 332553]
[INFO] [component_container-11]: process has finished cleanly [pid 332555]
[INFO] [planner_evidence_provenance_publisher.py-12]: process has finished cleanly [pid 332556]
[INFO] [ego_planner_node-13]: process has finished cleanly [pid 334035]
[ERROR] [traj_server-14]: process has died [pid 334036, exit code -6, cmd '/home/dev/ws_iap/src/iap/results/icra27/icra003/install_ego/ego_planner/lib/ego_planner/traj_server --ros-args -r __node:=drone_0_traj_server --params-file /tmp/launch_params_766dm4z2 -r planning/bspline:=/drone_0_planning/bspline -r odometry:=/sim/drone_0/truth_odom -r position_cmd:=/drone_0_planning/pos_cmd -r /position_cmd:=/drone_0_planning/pos_cmd'].
[INFO] [iap_rosnode-4]: process has finished cleanly [pid 332528]
[ERROR] [odom_visualization-8]: process[odom_visualization-8] failed to terminate '5' seconds after receiving 'SIGINT', escalating to 'SIGTERM'
[ERROR] [odom_visualization-7]: process[odom_visualization-7] failed to terminate '5' seconds after receiving 'SIGINT', escalating to 'SIGTERM'
[ERROR] [odom_visualization-6]: process[odom_visualization-6] failed to terminate '5' seconds after receiving 'SIGINT', escalating to 'SIGTERM'
[INFO] [odom_visualization-8]: sending signal 'SIGTERM' to process[odom_visualization-8]
[INFO] [odom_visualization-7]: sending signal 'SIGTERM' to process[odom_visualization-7]
[INFO] [odom_visualization-6]: sending signal 'SIGTERM' to process[odom_visualization-6]
[ERROR] [odom_visualization-8]: process has died [pid 332552, exit code -15, cmd '/home/dev/ws_iap/install/odom_visualization/lib/odom_visualization/odom_visualization --ros-args -r __node:=test_planner_desired_odom_visualization --params-file /tmp/launch_params_iwan637d --params-file /tmp/launch_params_e54j9ffi --params-file /tmp/launch_params_vt2vtamd --params-file /tmp/launch_params_k4x8f5_f --params-file /tmp/launch_params_1pmtvku8 --params-file /tmp/launch_params_bvuv299l --params-file /tmp/launch_params_zo_tr4st --params-file /tmp/launch_params_qx9v1xgp --params-file /tmp/launch_params_rz0e3c6o --params-file /tmp/launch_params_mtjgeb8f --params-file /tmp/launch_params_02n498zf --params-file /tmp/launch_params_8oz85aln -r odom:=/test_planner/desired/odom -r cmd:=/drone_0_planning/pos_cmd -r pose:=/test_planner/desired/pose -r path:=/test_planner/desired/path -r robot:=/test_planner/desired/robot -r velocity:=/test_planner/desired/velocity -r sensor:=/test_planner/desired/sensor_status -r time_gap:=/test_planner/desired/time_gap'].
[ERROR] [odom_visualization-7]: process has died [pid 332551, exit code -15, cmd '/home/dev/ws_iap/install/odom_visualization/lib/odom_visualization/odom_visualization --ros-args -r __node:=test_planner_truth_odom_visualization --params-file /tmp/launch_params_16rlj_t1 --params-file /tmp/launch_params_qd5kdgyj --params-file /tmp/launch_params_s2b0ae1q --params-file /tmp/launch_params_jhy8k2e0 --params-file /tmp/launch_params_laakqbu1 --params-file /tmp/launch_params_0t2phdn3 --params-file /tmp/launch_params_ztnr0lq9 --params-file /tmp/launch_params_j0dh41ng --params-file /tmp/launch_params_ao_4yrm_ --params-file /tmp/launch_params_5eh9sd6g --params-file /tmp/launch_params_d_o_jyr1 --params-file /tmp/launch_params_0ubkqn12 -r odom:=/sim/drone_0/truth_odom -r cmd:=/drone_0_planning/pos_cmd -r pose:=/test_planner/truth/pose -r path:=/test_planner/truth/path -r robot:=/test_planner/truth/robot -r velocity:=/test_planner/truth/velocity -r sensor:=/test_planner/truth/sensor_status -r time_gap:=/test_planner/truth/time_gap'].
[ERROR] [odom_visualization-6]: process has died [pid 332550, exit code -15, cmd '/home/dev/ws_iap/install/odom_visualization/lib/odom_visualization/odom_visualization --ros-args -r __node:=test_planner_iap_odom_visualization --params-file /tmp/launch_params_b66hww_j --params-file /tmp/launch_params_z3d1a2td --params-file /tmp/launch_params_hqc67kwa --params-file /tmp/launch_params_92fjrxrf --params-file /tmp/launch_params_0q0a57i7 --params-file /tmp/launch_params_t1cz9d93 --params-file /tmp/launch_params_87vird4c --params-file /tmp/launch_params_zz_jkciq --params-file /tmp/launch_params_n94y_p6q --params-file /tmp/launch_params_jgomnjbd --params-file /tmp/launch_params_mm3exqq9 --params-file /tmp/launch_params_bx752938 -r odom:=/drone_0_visual_slam/odom -r cmd:=/drone_0_planning/pos_cmd -r pose:=/test_planner/drone/pose -r path:=/test_planner/drone/path -r robot:=/test_planner/drone/robot -r velocity:=/test_planner/drone/velocity -r sensor:=/test_planner/drone/sensor_status -r time_gap:=/test_planner/drone/time_gap'].
